77.88.8.8 - - [23/Jun/2025:18:26:42 +0300] "PUT  HTTP/1.1" 503 1143 "-" Mozilla/5.0 (Windows NT 10.0; Win64; x64; rv:115.0) Gecko/20100101 Firefox/115.0
192.168.1.45 - - [23/Jun/2025:18:26:42 +0300] "POST /index.html HTTP/1.1" 200 457 "-" Mozilla/5.0 (compatible; Googlebot/2.1; +http://www.google.com/bot.html)
185.199.108.153 - - [23/Jun/2025:18:26:42 +0300] "DELETE /blog/2025/06/23/article-title HTTP/1.1" 404 1173 "-" Mozilla/5.0 (compatible; Googlebot/2.1; +http://www.google.com/bot.html)
172.16.5.3 - - [23/Jun/2025:18:26:42 +0300] "PATCH /products/item123 HTTP/1.1" 400 2485 "-" Mozilla/5.0 (Linux; Android 10; SM-G975F) AppleWebKit/537.36 (KHTML, like Gecko) Chrome/111.0.0.0 Mobile Safari/537.36
62.217.190.200 - - [23/Jun/2025:18:26:42 +0300] "GET /download/file.zip HTTP/1.1" 501 1968 "-" Mozilla/5.0 (Windows NT 10.0; Win64; x64; rv:115.0) Gecko/20100101 Firefox/115.0
192.168.1.45 - - [23/Jun/2025:18:26:42 +0300] "PUT /index.html HTTP/1.1" 200 597 "-" curl/8.1.2
62.217.190.200 - - [23/Jun/2025:18:26:42 +0300] "POST /download/file.zip HTTP/1.1" 501 471 "-" Mozilla/5.0 (compatible; Googlebot/2.1; +http://www.google.com/bot.html)
10.0.0.12 - - [23/Jun/2025:18:26:42 +0300] "POST /about HTTP/1.1" 201 821 "-" Mozilla/5.0 (Windows NT 10.0; Win64; x64; rv:115.0) Gecko/20100101 Firefox/115.0
216.58.209.78 - - [23/Jun/2025:18:26:42 +0300] "PATCH /search HTTP/1.1" 500 1778 "-" Mozilla/5.0 (Windows NT 10.0; Win64; x64; rv:115.0) Gecko/20100101 Firefox/115.0
142.250.190.14 - - [23/Jun/2025:18:26:42 +0300] "POST /settings HTTP/1.1" 502 1583 "-" Mozilla/5.0 (Windows NT 10.0; Win64; x64) AppleWebKit/537.36 (KHTML, like Gecko) Edge/91.0.864.67 Safari/537.36
192.168.1.45 - - [23/Jun/2025:18:26:42 +0300] "GET /index.html HTTP/1.1" 200 966 "-" Mozilla/5.0 (X11; Linux x86_64) AppleWebKit/537.36 (KHTML, like Gecko) Chrome/117.0.0.0 Safari/537.36
203.0.113.27 - - [23/Jun/2025:18:26:42 +0300] "POST /api/v1/users/images/logo.png HTTP/1.1" 401 2185 "-" Mozilla/5.0 (Linux; Android 10; SM-G975F) AppleWebKit/537.36 (KHTML, like Gecko) Chrome/111.0.0.0 Mobile Safari/537.36
10.0.0.12 - - [23/Jun/2025:18:26:42 +0300] "PATCH /about HTTP/1.1" 201 497 "-" Mozilla/5.0 (Windows NT 6.1; WOW64) AppleWebKit/537.36 (KHTML, like Gecko) Chrome/58.0.3029.110 Safari/537.36
192.168.1.45 - - [23/Jun/2025:18:26:42 +0300] "GET /index.html HTTP/1.1" 200 2273 "-" curl/8.1.2
172.16.5.3 - - [23/Jun/2025:18:26:42 +0300] "GET /products/item123 HTTP/1.1" 400 2140 "-" Opera/9.80 (Windows NT 6.1; WOW64) Presto/2.12.388 Version/12.16
216.58.209.78 - - [23/Jun/2025:18:26:42 +0300] "PATCH /search HTTP/1.1" 500 555 "-" Mozilla/5.0 (Macintosh; Intel Mac OS X 12_4) AppleWebKit/605.1.15 (KHTML, like Gecko) Version/15.5 Safari/605.1.15
62.217.190.200 - - [23/Jun/2025:18:26:42 +0300] "PATCH /download/file.zip HTTP/1.1" 501 2417 "-" Opera/9.80 (Windows NT 6.1; WOW64) Presto/2.12.388 Version/12.16
203.0.113.27 - - [23/Jun/2025:18:26:42 +0300] "POST /api/v1/users/images/logo.png HTTP/1.1" 401 424 "-" Mozilla/5.0 (compatible; Googlebot/2.1; +http://www.google.com/bot.html)
62.217.190.200 - - [23/Jun/2025:18:26:42 +0300] "PATCH /download/file.zip HTTP/1.1" 501 1881 "-" Mozilla/5.0 (Windows NT 10.0; Win64; x64) AppleWebKit/537.36 (KHTML, like Gecko) Edge/91.0.864.67 Safari/537.36
10.0.0.12 - - [23/Jun/2025:18:26:42 +0300] "GET /about HTTP/1.1" 201 1155 "-" Mozilla/5.0 (Windows NT 6.1; WOW64) AppleWebKit/537.36 (KHTML, like Gecko) Chrome/58.0.3029.110 Safari/537.36
192.168.1.45 - - [23/Jun/2025:18:26:42 +0300] "POST /index.html HTTP/1.1" 200 1930 "-" curl/8.1.2
192.168.1.45 - - [23/Jun/2025:18:26:42 +0300] "PATCH /index.html HTTP/1.1" 200 1758 "-" Opera/9.80 (Windows NT 6.1; WOW64) Presto/2.12.388 Version/12.16
62.217.190.200 - - [23/Jun/2025:18:26:42 +0300] "POST /download/file.zip HTTP/1.1" 501 1810 "-" Mozilla/5.0 (X11; Linux x86_64) AppleWebKit/537.36 (KHTML, like Gecko) Chrome/117.0.0.0 Safari/537.36
77.88.8.8 - - [23/Jun/2025:18:26:42 +0300] "GET  HTTP/1.1" 503 2053 "-" curl/8.1.2
203.0.113.27 - - [23/Jun/2025:18:26:42 +0300] "POST /api/v1/users/images/logo.png HTTP/1.1" 401 1941 "-" Mozilla/5.0 (Macintosh; Intel Mac OS X 12_4) AppleWebKit/605.1.15 (KHTML, like Gecko) Version/15.5 Safari/605.1.15
203.0.113.27 - - [23/Jun/2025:18:26:42 +0300] "PUT /api/v1/users/images/logo.png HTTP/1.1" 401 633 "-" Mozilla/5.0 (compatible; Googlebot/2.1; +http://www.google.com/bot.html)
203.0.113.27 - - [23/Jun/2025:18:26:42 +0300] "GET /api/v1/users/images/logo.png HTTP/1.1" 401 2366 "-" Mozilla/5.0 (Linux; Android 10; SM-G975F) AppleWebKit/537.36 (KHTML, like Gecko) Chrome/111.0.0.0 Mobile Safari/537.36
198.51.100.14 - - [23/Jun/2025:18:26:42 +0300] "POST /contact-us HTTP/1.1" 403 509 "-" Mozilla/5.0 (compatible; Googlebot/2.1; +http://www.google.com/bot.html)
172.16.5.3 - - [23/Jun/2025:18:26:42 +0300] "PATCH /products/item123 HTTP/1.1" 400 1881 "-" Mozilla/5.0 (Macintosh; Intel Mac OS X 12_4) AppleWebKit/605.1.15 (KHTML, like Gecko) Version/15.5 Safari/605.1.15
77.88.8.8 - - [23/Jun/2025:18:26:42 +0300] "GET  HTTP/1.1" 503 1814 "-" Mozilla/5.0 (Macintosh; Intel Mac OS X 12_4) AppleWebKit/605.1.15 (KHTML, like Gecko) Version/15.5 Safari/605.1.15
142.250.190.14 - - [23/Jun/2025:18:26:43 +0300] "PATCH /settings HTTP/1.1" 502 538 "-" Mozilla/5.0 (X11; Linux x86_64) AppleWebKit/537.36 (KHTML, like Gecko) Chrome/117.0.0.0 Safari/537.36
172.16.5.3 - - [23/Jun/2025:18:26:43 +0300] "DELETE /products/item123 HTTP/1.1" 400 1839 "-" Mozilla/5.0 (Linux; Android 10; SM-G975F) AppleWebKit/537.36 (KHTML, like Gecko) Chrome/111.0.0.0 Mobile Safari/537.36
62.217.190.200 - - [23/Jun/2025:18:26:43 +0300] "DELETE /download/file.zip HTTP/1.1" 501 2389 "-" Mozilla/5.0 (Windows NT 10.0; Win64; x64; rv:115.0) Gecko/20100101 Firefox/115.0
62.217.190.200 - - [23/Jun/2025:18:26:43 +0300] "PATCH /download/file.zip HTTP/1.1" 501 1196 "-" Mozilla/5.0 (Windows NT 6.1; WOW64) AppleWebKit/537.36 (KHTML, like Gecko) Chrome/58.0.3029.110 Safari/537.36
185.199.108.153 - - [23/Jun/2025:18:26:43 +0300] "PATCH /blog/2025/06/23/article-title HTTP/1.1" 404 1780 "-" Mozilla/5.0 (Windows NT 10.0; Win64; x64; rv:115.0) Gecko/20100101 Firefox/115.0
185.199.108.153 - - [23/Jun/2025:18:26:43 +0300] "POST /blog/2025/06/23/article-title HTTP/1.1" 404 815 "-" Mozilla/5.0 (X11; Linux x86_64) AppleWebKit/537.36 (KHTML, like Gecko) Chrome/117.0.0.0 Safari/537.36
142.250.190.14 - - [23/Jun/2025:18:26:43 +0300] "PUT /settings HTTP/1.1" 502 1446 "-" Mozilla/5.0 (Windows NT 10.0; Win64; x64; rv:115.0) Gecko/20100101 Firefox/115.0
185.199.108.153 - - [23/Jun/2025:18:26:43 +0300] "PATCH /blog/2025/06/23/article-title HTTP/1.1" 404 752 "-" Mozilla/5.0 (X11; Linux x86_64) AppleWebKit/537.36 (KHTML, like Gecko) Chrome/117.0.0.0 Safari/537.36
172.16.5.3 - - [23/Jun/2025:18:26:43 +0300] "POST /products/item123 HTTP/1.1" 400 1276 "-" curl/8.1.2
62.217.190.200 - - [23/Jun/2025:18:26:43 +0300] "PUT /download/file.zip HTTP/1.1" 501 2424 "-" Mozilla/5.0 (Windows NT 10.0; Win64; x64) AppleWebKit/537.36 (KHTML, like Gecko) Edge/91.0.864.67 Safari/537.36
203.0.113.27 - - [23/Jun/2025:18:26:43 +0300] "POST /api/v1/users/images/logo.png HTTP/1.1" 401 2477 "-" Mozilla/5.0 (compatible; Googlebot/2.1; +http://www.google.com/bot.html)
172.16.5.3 - - [23/Jun/2025:18:26:43 +0300] "DELETE /products/item123 HTTP/1.1" 400 1525 "-" Mozilla/5.0 (Windows NT 6.1; WOW64) AppleWebKit/537.36 (KHTML, like Gecko) Chrome/58.0.3029.110 Safari/537.36
62.217.190.200 - - [23/Jun/2025:18:26:43 +0300] "POST /download/file.zip HTTP/1.1" 501 1912 "-" Mozilla/5.0 (Windows NT 10.0; Win64; x64) AppleWebKit/537.36 (KHTML, like Gecko) Edge/91.0.864.67 Safari/537.36
77.88.8.8 - - [23/Jun/2025:18:26:43 +0300] "PATCH  HTTP/1.1" 503 464 "-" Mozilla/5.0 (X11; Linux x86_64) AppleWebKit/537.36 (KHTML, like Gecko) Chrome/117.0.0.0 Safari/537.36
216.58.209.78 - - [23/Jun/2025:18:26:43 +0300] "PUT /search HTTP/1.1" 500 2489 "-" Mozilla/5.0 (Windows NT 6.1; WOW64) AppleWebKit/537.36 (KHTML, like Gecko) Chrome/58.0.3029.110 Safari/537.36
62.217.190.200 - - [23/Jun/2025:18:26:43 +0300] "GET /download/file.zip HTTP/1.1" 501 1948 "-" Mozilla/5.0 (Windows NT 6.1; WOW64) AppleWebKit/537.36 (KHTML, like Gecko) Chrome/58.0.3029.110 Safari/537.36
172.16.5.3 - - [23/Jun/2025:18:26:43 +0300] "GET /products/item123 HTTP/1.1" 400 2314 "-" Mozilla/5.0 (X11; Linux x86_64) AppleWebKit/537.36 (KHTML, like Gecko) Chrome/117.0.0.0 Safari/537.36
77.88.8.8 - - [23/Jun/2025:18:26:43 +0300] "DELETE  HTTP/1.1" 503 842 "-" Opera/9.80 (Windows NT 6.1; WOW64) Presto/2.12.388 Version/12.16
142.250.190.14 - - [23/Jun/2025:18:26:43 +0300] "PUT /settings HTTP/1.1" 502 1805 "-" curl/8.1.2
185.199.108.153 - - [23/Jun/2025:18:26:43 +0300] "PATCH /blog/2025/06/23/article-title HTTP/1.1" 404 626 "-" curl/8.1.2
185.199.108.153 - - [23/Jun/2025:18:26:43 +0300] "PUT /blog/2025/06/23/article-title HTTP/1.1" 404 1075 "-" Mozilla/5.0 (Linux; Android 10; SM-G975F) AppleWebKit/537.36 (KHTML, like Gecko) Chrome/111.0.0.0 Mobile Safari/537.36
185.199.108.153 - - [23/Jun/2025:18:26:43 +0300] "DELETE /blog/2025/06/23/article-title HTTP/1.1" 404 1889 "-" curl/8.1.2
172.16.5.3 - - [23/Jun/2025:18:26:43 +0300] "GET /products/item123 HTTP/1.1" 400 914 "-" Mozilla/5.0 (compatible; Googlebot/2.1; +http://www.google.com/bot.html)
172.16.5.3 - - [23/Jun/2025:18:26:43 +0300] "PUT /products/item123 HTTP/1.1" 400 1914 "-" Mozilla/5.0 (compatible; Googlebot/2.1; +http://www.google.com/bot.html)
142.250.190.14 - - [23/Jun/2025:18:26:43 +0300] "DELETE /settings HTTP/1.1" 502 1057 "-" Mozilla/5.0 (compatible; Googlebot/2.1; +http://www.google.com/bot.html)
62.217.190.200 - - [23/Jun/2025:18:26:43 +0300] "DELETE /download/file.zip HTTP/1.1" 501 865 "-" Mozilla/5.0 (Linux; Android 10; SM-G975F) AppleWebKit/537.36 (KHTML, like Gecko) Chrome/111.0.0.0 Mobile Safari/537.36
185.199.108.153 - - [23/Jun/2025:18:26:43 +0300] "PUT /blog/2025/06/23/article-title HTTP/1.1" 404 335 "-" Opera/9.80 (Windows NT 6.1; WOW64) Presto/2.12.388 Version/12.16
198.51.100.14 - - [23/Jun/2025:18:26:43 +0300] "DELETE /contact-us HTTP/1.1" 403 445 "-" Mozilla/5.0 (Windows NT 6.1; WOW64) AppleWebKit/537.36 (KHTML, like Gecko) Chrome/58.0.3029.110 Safari/537.36
198.51.100.14 - - [23/Jun/2025:18:26:43 +0300] "PUT /contact-us HTTP/1.1" 403 737 "-" Mozilla/5.0 (Windows NT 6.1; WOW64) AppleWebKit/537.36 (KHTML, like Gecko) Chrome/58.0.3029.110 Safari/537.36
192.168.1.45 - - [23/Jun/2025:18:26:43 +0300] "PATCH /index.html HTTP/1.1" 200 2018 "-" Mozilla/5.0 (compatible; Googlebot/2.1; +http://www.google.com/bot.html)
62.217.190.200 - - [23/Jun/2025:18:26:43 +0300] "GET /download/file.zip HTTP/1.1" 501 1318 "-" Mozilla/5.0 (compatible; MSIE 10.0; Windows NT 6.1; Trident/6.0)
203.0.113.27 - - [23/Jun/2025:18:26:43 +0300] "PUT /api/v1/users/images/logo.png HTTP/1.1" 401 1100 "-" curl/8.1.2
203.0.113.27 - - [23/Jun/2025:18:26:43 +0300] "PUT /api/v1/users/images/logo.png HTTP/1.1" 401 2485 "-" Mozilla/5.0 (Windows NT 6.1; WOW64) AppleWebKit/537.36 (KHTML, like Gecko) Chrome/58.0.3029.110 Safari/537.36
172.16.5.3 - - [23/Jun/2025:18:26:43 +0300] "PUT /products/item123 HTTP/1.1" 400 1802 "-" Mozilla/5.0 (X11; Linux x86_64) AppleWebKit/537.36 (KHTML, like Gecko) Chrome/117.0.0.0 Safari/537.36
142.250.190.14 - - [23/Jun/2025:18:26:43 +0300] "PATCH /settings HTTP/1.1" 502 448 "-" Mozilla/5.0 (Windows NT 10.0; Win64; x64; rv:115.0) Gecko/20100101 Firefox/115.0
62.217.190.200 - - [23/Jun/2025:18:26:43 +0300] "DELETE /download/file.zip HTTP/1.1" 501 1460 "-" Mozilla/5.0 (Windows NT 10.0; Win64; x64; rv:115.0) Gecko/20100101 Firefox/115.0
192.168.1.45 - - [23/Jun/2025:18:26:43 +0300] "DELETE /index.html HTTP/1.1" 200 1053 "-" Mozilla/5.0 (compatible; Googlebot/2.1; +http://www.google.com/bot.html)
203.0.113.27 - - [23/Jun/2025:18:26:43 +0300] "PATCH /api/v1/users/images/logo.png HTTP/1.1" 401 348 "-" Mozilla/5.0 (compatible; Googlebot/2.1; +http://www.google.com/bot.html)
172.16.5.3 - - [23/Jun/2025:18:26:43 +0300] "PUT /products/item123 HTTP/1.1" 400 1309 "-" Mozilla/5.0 (Linux; Android 10; SM-G975F) AppleWebKit/537.36 (KHTML, like Gecko) Chrome/111.0.0.0 Mobile Safari/537.36
216.58.209.78 - - [23/Jun/2025:18:26:43 +0300] "PATCH /search HTTP/1.1" 500 1245 "-" Mozilla/5.0 (Linux; Android 10; SM-G975F) AppleWebKit/537.36 (KHTML, like Gecko) Chrome/111.0.0.0 Mobile Safari/537.36
203.0.113.27 - - [23/Jun/2025:18:26:43 +0300] "GET /api/v1/users/images/logo.png HTTP/1.1" 401 733 "-" Mozilla/5.0 (compatible; Googlebot/2.1; +http://www.google.com/bot.html)
77.88.8.8 - - [23/Jun/2025:18:26:43 +0300] "GET  HTTP/1.1" 503 1760 "-" curl/8.1.2
203.0.113.27 - - [23/Jun/2025:18:26:43 +0300] "GET /api/v1/users/images/logo.png HTTP/1.1" 401 2171 "-" Mozilla/5.0 (compatible; MSIE 10.0; Windows NT 6.1; Trident/6.0)
185.199.108.153 - - [23/Jun/2025:18:26:43 +0300] "GET /blog/2025/06/23/article-title HTTP/1.1" 404 2190 "-" Mozilla/5.0 (compatible; Googlebot/2.1; +http://www.google.com/bot.html)
198.51.100.14 - - [23/Jun/2025:18:26:43 +0300] "PUT /contact-us HTTP/1.1" 403 1646 "-" Mozilla/5.0 (X11; Linux x86_64) AppleWebKit/537.36 (KHTML, like Gecko) Chrome/117.0.0.0 Safari/537.36
10.0.0.12 - - [23/Jun/2025:18:26:43 +0300] "GET /about HTTP/1.1" 201 1054 "-" Mozilla/5.0 (compatible; Googlebot/2.1; +http://www.google.com/bot.html)
172.16.5.3 - - [23/Jun/2025:18:26:43 +0300] "PUT /products/item123 HTTP/1.1" 400 1955 "-" Mozilla/5.0 (compatible; MSIE 10.0; Windows NT 6.1; Trident/6.0)
10.0.0.12 - - [23/Jun/2025:18:26:44 +0300] "GET /about HTTP/1.1" 201 568 "-" Mozilla/5.0 (Windows NT 10.0; Win64; x64; rv:115.0) Gecko/20100101 Firefox/115.0
216.58.209.78 - - [23/Jun/2025:18:26:44 +0300] "DELETE /search HTTP/1.1" 500 1019 "-" Opera/9.80 (Windows NT 6.1; WOW64) Presto/2.12.388 Version/12.16
203.0.113.27 - - [23/Jun/2025:18:26:44 +0300] "GET /api/v1/users/images/logo.png HTTP/1.1" 401 1238 "-" Mozilla/5.0 (compatible; Googlebot/2.1; +http://www.google.com/bot.html)
216.58.209.78 - - [23/Jun/2025:18:26:44 +0300] "PATCH /search HTTP/1.1" 500 1257 "-" Mozilla/5.0 (X11; Linux x86_64) AppleWebKit/537.36 (KHTML, like Gecko) Chrome/117.0.0.0 Safari/537.36
172.16.5.3 - - [23/Jun/2025:18:26:44 +0300] "GET /products/item123 HTTP/1.1" 400 453 "-" Mozilla/5.0 (compatible; Googlebot/2.1; +http://www.google.com/bot.html)
10.0.0.12 - - [23/Jun/2025:18:26:44 +0300] "DELETE /about HTTP/1.1" 201 2156 "-" Mozilla/5.0 (Macintosh; Intel Mac OS X 12_4) AppleWebKit/605.1.15 (KHTML, like Gecko) Version/15.5 Safari/605.1.15
185.199.108.153 - - [23/Jun/2025:18:26:44 +0300] "DELETE /blog/2025/06/23/article-title HTTP/1.1" 404 1078 "-" Mozilla/5.0 (Linux; Android 10; SM-G975F) AppleWebKit/537.36 (KHTML, like Gecko) Chrome/111.0.0.0 Mobile Safari/537.36
203.0.113.27 - - [23/Jun/2025:18:26:44 +0300] "DELETE /api/v1/users/images/logo.png HTTP/1.1" 401 2465 "-" Mozilla/5.0 (Linux; Android 10; SM-G975F) AppleWebKit/537.36 (KHTML, like Gecko) Chrome/111.0.0.0 Mobile Safari/537.36
172.16.5.3 - - [23/Jun/2025:18:26:44 +0300] "POST /products/item123 HTTP/1.1" 400 598 "-" Mozilla/5.0 (compatible; MSIE 10.0; Windows NT 6.1; Trident/6.0)
203.0.113.27 - - [23/Jun/2025:18:26:44 +0300] "POST /api/v1/users/images/logo.png HTTP/1.1" 401 1426 "-" Mozilla/5.0 (compatible; MSIE 10.0; Windows NT 6.1; Trident/6.0)
77.88.8.8 - - [23/Jun/2025:18:26:44 +0300] "POST  HTTP/1.1" 503 1074 "-" Mozilla/5.0 (Windows NT 10.0; Win64; x64) AppleWebKit/537.36 (KHTML, like Gecko) Edge/91.0.864.67 Safari/537.36
77.88.8.8 - - [23/Jun/2025:18:26:44 +0300] "PATCH  HTTP/1.1" 503 1767 "-" Mozilla/5.0 (Windows NT 6.1; WOW64) AppleWebKit/537.36 (KHTML, like Gecko) Chrome/58.0.3029.110 Safari/537.36
142.250.190.14 - - [23/Jun/2025:18:26:44 +0300] "PATCH /settings HTTP/1.1" 502 2015 "-" Opera/9.80 (Windows NT 6.1; WOW64) Presto/2.12.388 Version/12.16
62.217.190.200 - - [23/Jun/2025:18:26:44 +0300] "DELETE /download/file.zip HTTP/1.1" 501 1905 "-" Opera/9.80 (Windows NT 6.1; WOW64) Presto/2.12.388 Version/12.16
62.217.190.200 - - [23/Jun/2025:18:26:44 +0300] "PUT /download/file.zip HTTP/1.1" 501 2104 "-" Mozilla/5.0 (Windows NT 10.0; Win64; x64; rv:115.0) Gecko/20100101 Firefox/115.0
203.0.113.27 - - [23/Jun/2025:18:26:44 +0300] "GET /api/v1/users/images/logo.png HTTP/1.1" 401 1714 "-" Mozilla/5.0 (X11; Linux x86_64) AppleWebKit/537.36 (KHTML, like Gecko) Chrome/117.0.0.0 Safari/537.36
192.168.1.45 - - [23/Jun/2025:18:26:44 +0300] "PATCH /index.html HTTP/1.1" 200 2393 "-" Mozilla/5.0 (compatible; Googlebot/2.1; +http://www.google.com/bot.html)
142.250.190.14 - - [23/Jun/2025:18:26:44 +0300] "PUT /settings HTTP/1.1" 502 1854 "-" Mozilla/5.0 (Windows NT 10.0; Win64; x64; rv:115.0) Gecko/20100101 Firefox/115.0
172.16.5.3 - - [23/Jun/2025:18:26:44 +0300] "POST /products/item123 HTTP/1.1" 400 723 "-" Opera/9.80 (Windows NT 6.1; WOW64) Presto/2.12.388 Version/12.16
10.0.0.12 - - [23/Jun/2025:18:26:44 +0300] "GET /about HTTP/1.1" 201 1961 "-" Mozilla/5.0 (X11; Linux x86_64) AppleWebKit/537.36 (KHTML, like Gecko) Chrome/117.0.0.0 Safari/537.36
142.250.190.14 - - [23/Jun/2025:18:26:44 +0300] "PATCH /settings HTTP/1.1" 502 2088 "-" Opera/9.80 (Windows NT 6.1; WOW64) Presto/2.12.388 Version/12.16
185.199.108.153 - - [23/Jun/2025:18:26:44 +0300] "PUT /blog/2025/06/23/article-title HTTP/1.1" 404 1283 "-" curl/8.1.2
77.88.8.8 - - [23/Jun/2025:18:26:44 +0300] "GET  HTTP/1.1" 503 978 "-" curl/8.1.2
198.51.100.14 - - [23/Jun/2025:18:26:44 +0300] "PUT /contact-us HTTP/1.1" 403 1522 "-" Mozilla/5.0 (Linux; Android 10; SM-G975F) AppleWebKit/537.36 (KHTML, like Gecko) Chrome/111.0.0.0 Mobile Safari/537.36
172.16.5.3 - - [23/Jun/2025:18:26:44 +0300] "DELETE /products/item123 HTTP/1.1" 400 1998 "-" Mozilla/5.0 (compatible; Googlebot/2.1; +http://www.google.com/bot.html)
185.199.108.153 - - [23/Jun/2025:18:26:44 +0300] "PATCH /blog/2025/06/23/article-title HTTP/1.1" 404 2266 "-" Mozilla/5.0 (Windows NT 6.1; WOW64) AppleWebKit/537.36 (KHTML, like Gecko) Chrome/58.0.3029.110 Safari/537.36
142.250.190.14 - - [23/Jun/2025:18:26:44 +0300] "GET /settings HTTP/1.1" 502 1278 "-" Mozilla/5.0 (Windows NT 6.1; WOW64) AppleWebKit/537.36 (KHTML, like Gecko) Chrome/58.0.3029.110 Safari/537.36
62.217.190.200 - - [23/Jun/2025:18:26:44 +0300] "PATCH /download/file.zip HTTP/1.1" 501 409 "-" Mozilla/5.0 (Macintosh; Intel Mac OS X 12_4) AppleWebKit/605.1.15 (KHTML, like Gecko) Version/15.5 Safari/605.1.15
185.199.108.153 - - [23/Jun/2025:18:26:44 +0300] "PUT /blog/2025/06/23/article-title HTTP/1.1" 404 1546 "-" Mozilla/5.0 (X11; Linux x86_64) AppleWebKit/537.36 (KHTML, like Gecko) Chrome/117.0.0.0 Safari/537.36
185.199.108.153 - - [23/Jun/2025:18:26:44 +0300] "POST /blog/2025/06/23/article-title HTTP/1.1" 404 1864 "-" Mozilla/5.0 (Windows NT 10.0; Win64; x64; rv:115.0) Gecko/20100101 Firefox/115.0
185.199.108.153 - - [23/Jun/2025:18:26:44 +0300] "PATCH /blog/2025/06/23/article-title HTTP/1.1" 404 2001 "-" Mozilla/5.0 (compatible; Googlebot/2.1; +http://www.google.com/bot.html)
203.0.113.27 - - [23/Jun/2025:18:26:44 +0300] "DELETE /api/v1/users/images/logo.png HTTP/1.1" 401 370 "-" Mozilla/5.0 (Windows NT 6.1; WOW64) AppleWebKit/537.36 (KHTML, like Gecko) Chrome/58.0.3029.110 Safari/537.36
172.16.5.3 - - [23/Jun/2025:18:26:44 +0300] "PUT /products/item123 HTTP/1.1" 400 2082 "-" curl/8.1.2
198.51.100.14 - - [23/Jun/2025:18:26:44 +0300] "DELETE /contact-us HTTP/1.1" 403 600 "-" Opera/9.80 (Windows NT 6.1; WOW64) Presto/2.12.388 Version/12.16
198.51.100.14 - - [23/Jun/2025:18:26:44 +0300] "PUT /contact-us HTTP/1.1" 403 1745 "-" Mozilla/5.0 (compatible; MSIE 10.0; Windows NT 6.1; Trident/6.0)
142.250.190.14 - - [23/Jun/2025:18:26:44 +0300] "PUT /settings HTTP/1.1" 502 1353 "-" Mozilla/5.0 (Windows NT 10.0; Win64; x64; rv:115.0) Gecko/20100101 Firefox/115.0
172.16.5.3 - - [23/Jun/2025:18:26:44 +0300] "PATCH /products/item123 HTTP/1.1" 400 2294 "-" Mozilla/5.0 (X11; Linux x86_64) AppleWebKit/537.36 (KHTML, like Gecko) Chrome/117.0.0.0 Safari/537.36
185.199.108.153 - - [23/Jun/2025:18:26:44 +0300] "PUT /blog/2025/06/23/article-title HTTP/1.1" 404 1591 "-" Mozilla/5.0 (Linux; Android 10; SM-G975F) AppleWebKit/537.36 (KHTML, like Gecko) Chrome/111.0.0.0 Mobile Safari/537.36
10.0.0.12 - - [23/Jun/2025:18:26:44 +0300] "POST /about HTTP/1.1" 201 706 "-" Mozilla/5.0 (compatible; MSIE 10.0; Windows NT 6.1; Trident/6.0)
203.0.113.27 - - [23/Jun/2025:18:26:44 +0300] "PATCH /api/v1/users/images/logo.png HTTP/1.1" 401 1202 "-" Mozilla/5.0 (Windows NT 10.0; Win64; x64) AppleWebKit/537.36 (KHTML, like Gecko) Edge/91.0.864.67 Safari/537.36
185.199.108.153 - - [23/Jun/2025:18:26:44 +0300] "DELETE /blog/2025/06/23/article-title HTTP/1.1" 404 2360 "-" Mozilla/5.0 (Windows NT 6.1; WOW64) AppleWebKit/537.36 (KHTML, like Gecko) Chrome/58.0.3029.110 Safari/537.36
10.0.0.12 - - [23/Jun/2025:18:26:44 +0300] "PATCH /about HTTP/1.1" 201 1291 "-" Mozilla/5.0 (Linux; Android 10; SM-G975F) AppleWebKit/537.36 (KHTML, like Gecko) Chrome/111.0.0.0 Mobile Safari/537.36
185.199.108.153 - - [23/Jun/2025:18:26:44 +0300] "DELETE /blog/2025/06/23/article-title HTTP/1.1" 404 1138 "-" Mozilla/5.0 (Windows NT 6.1; WOW64) AppleWebKit/537.36 (KHTML, like Gecko) Chrome/58.0.3029.110 Safari/537.36
216.58.209.78 - - [23/Jun/2025:18:26:44 +0300] "GET /search HTTP/1.1" 500 2204 "-" Mozilla/5.0 (compatible; MSIE 10.0; Windows NT 6.1; Trident/6.0)
172.16.5.3 - - [23/Jun/2025:18:26:44 +0300] "DELETE /products/item123 HTTP/1.1" 400 980 "-" Mozilla/5.0 (compatible; Googlebot/2.1; +http://www.google.com/bot.html)
142.250.190.14 - - [23/Jun/2025:18:26:44 +0300] "PATCH /settings HTTP/1.1" 502 430 "-" Mozilla/5.0 (Windows NT 6.1; WOW64) AppleWebKit/537.36 (KHTML, like Gecko) Chrome/58.0.3029.110 Safari/537.36
172.16.5.3 - - [23/Jun/2025:18:26:45 +0300] "DELETE /products/item123 HTTP/1.1" 400 1425 "-" Mozilla/5.0 (Linux; Android 10; SM-G975F) AppleWebKit/537.36 (KHTML, like Gecko) Chrome/111.0.0.0 Mobile Safari/537.36
216.58.209.78 - - [23/Jun/2025:18:26:45 +0300] "GET /search HTTP/1.1" 500 2070 "-" curl/8.1.2
172.16.5.3 - - [23/Jun/2025:18:26:45 +0300] "DELETE /products/item123 HTTP/1.1" 400 943 "-" Mozilla/5.0 (Windows NT 6.1; WOW64) AppleWebKit/537.36 (KHTML, like Gecko) Chrome/58.0.3029.110 Safari/537.36
172.16.5.3 - - [23/Jun/2025:18:26:45 +0300] "PATCH /products/item123 HTTP/1.1" 400 490 "-" Mozilla/5.0 (Macintosh; Intel Mac OS X 12_4) AppleWebKit/605.1.15 (KHTML, like Gecko) Version/15.5 Safari/605.1.15
77.88.8.8 - - [23/Jun/2025:18:26:45 +0300] "DELETE  HTTP/1.1" 503 1964 "-" Mozilla/5.0 (compatible; Googlebot/2.1; +http://www.google.com/bot.html)
203.0.113.27 - - [23/Jun/2025:18:26:45 +0300] "GET /api/v1/users/images/logo.png HTTP/1.1" 401 1401 "-" Mozilla/5.0 (compatible; Googlebot/2.1; +http://www.google.com/bot.html)
185.199.108.153 - - [23/Jun/2025:18:26:45 +0300] "POST /blog/2025/06/23/article-title HTTP/1.1" 404 1385 "-" Mozilla/5.0 (Linux; Android 10; SM-G975F) AppleWebKit/537.36 (KHTML, like Gecko) Chrome/111.0.0.0 Mobile Safari/537.36
216.58.209.78 - - [23/Jun/2025:18:26:45 +0300] "POST /search HTTP/1.1" 500 1742 "-" Mozilla/5.0 (Linux; Android 10; SM-G975F) AppleWebKit/537.36 (KHTML, like Gecko) Chrome/111.0.0.0 Mobile Safari/537.36
198.51.100.14 - - [23/Jun/2025:18:26:45 +0300] "PUT /contact-us HTTP/1.1" 403 768 "-" Mozilla/5.0 (Windows NT 10.0; Win64; x64; rv:115.0) Gecko/20100101 Firefox/115.0
192.168.1.45 - - [23/Jun/2025:18:26:45 +0300] "DELETE /index.html HTTP/1.1" 200 903 "-" Mozilla/5.0 (Windows NT 6.1; WOW64) AppleWebKit/537.36 (KHTML, like Gecko) Chrome/58.0.3029.110 Safari/537.36
10.0.0.12 - - [23/Jun/2025:18:26:45 +0300] "PATCH /about HTTP/1.1" 201 618 "-" Mozilla/5.0 (Linux; Android 10; SM-G975F) AppleWebKit/537.36 (KHTML, like Gecko) Chrome/111.0.0.0 Mobile Safari/537.36
62.217.190.200 - - [23/Jun/2025:18:26:45 +0300] "PUT /download/file.zip HTTP/1.1" 501 801 "-" Mozilla/5.0 (Linux; Android 10; SM-G975F) AppleWebKit/537.36 (KHTML, like Gecko) Chrome/111.0.0.0 Mobile Safari/537.36
142.250.190.14 - - [23/Jun/2025:18:26:45 +0300] "PUT /settings HTTP/1.1" 502 2384 "-" Mozilla/5.0 (Windows NT 10.0; Win64; x64) AppleWebKit/537.36 (KHTML, like Gecko) Edge/91.0.864.67 Safari/537.36
172.16.5.3 - - [23/Jun/2025:18:26:45 +0300] "DELETE /products/item123 HTTP/1.1" 400 1388 "-" Opera/9.80 (Windows NT 6.1; WOW64) Presto/2.12.388 Version/12.16
172.16.5.3 - - [23/Jun/2025:18:26:45 +0300] "DELETE /products/item123 HTTP/1.1" 400 891 "-" Mozilla/5.0 (Windows NT 6.1; WOW64) AppleWebKit/537.36 (KHTML, like Gecko) Chrome/58.0.3029.110 Safari/537.36
192.168.1.45 - - [23/Jun/2025:18:26:45 +0300] "GET /index.html HTTP/1.1" 200 1160 "-" Mozilla/5.0 (Linux; Android 10; SM-G975F) AppleWebKit/537.36 (KHTML, like Gecko) Chrome/111.0.0.0 Mobile Safari/537.36
192.168.1.45 - - [23/Jun/2025:18:26:45 +0300] "PUT /index.html HTTP/1.1" 200 765 "-" Mozilla/5.0 (compatible; MSIE 10.0; Windows NT 6.1; Trident/6.0)
185.199.108.153 - - [23/Jun/2025:18:26:45 +0300] "POST /blog/2025/06/23/article-title HTTP/1.1" 404 2477 "-" Mozilla/5.0 (compatible; MSIE 10.0; Windows NT 6.1; Trident/6.0)
203.0.113.27 - - [23/Jun/2025:18:26:45 +0300] "DELETE /api/v1/users/images/logo.png HTTP/1.1" 401 2365 "-" Mozilla/5.0 (Windows NT 10.0; Win64; x64) AppleWebKit/537.36 (KHTML, like Gecko) Edge/91.0.864.67 Safari/537.36
172.16.5.3 - - [23/Jun/2025:18:26:45 +0300] "DELETE /products/item123 HTTP/1.1" 400 304 "-" Mozilla/5.0 (X11; Linux x86_64) AppleWebKit/537.36 (KHTML, like Gecko) Chrome/117.0.0.0 Safari/537.36
142.250.190.14 - - [23/Jun/2025:18:26:45 +0300] "PATCH /settings HTTP/1.1" 502 704 "-" Mozilla/5.0 (Linux; Android 10; SM-G975F) AppleWebKit/537.36 (KHTML, like Gecko) Chrome/111.0.0.0 Mobile Safari/537.36
10.0.0.12 - - [23/Jun/2025:18:26:45 +0300] "DELETE /about HTTP/1.1" 201 1586 "-" Mozilla/5.0 (X11; Linux x86_64) AppleWebKit/537.36 (KHTML, like Gecko) Chrome/117.0.0.0 Safari/537.36
62.217.190.200 - - [23/Jun/2025:18:26:45 +0300] "PUT /download/file.zip HTTP/1.1" 501 667 "-" Mozilla/5.0 (Windows NT 10.0; Win64; x64; rv:115.0) Gecko/20100101 Firefox/115.0
185.199.108.153 - - [23/Jun/2025:18:26:45 +0300] "PATCH /blog/2025/06/23/article-title HTTP/1.1" 404 494 "-" Mozilla/5.0 (Windows NT 10.0; Win64; x64; rv:115.0) Gecko/20100101 Firefox/115.0
172.16.5.3 - - [23/Jun/2025:18:26:45 +0300] "PATCH /products/item123 HTTP/1.1" 400 975 "-" curl/8.1.2
142.250.190.14 - - [23/Jun/2025:18:26:45 +0300] "DELETE /settings HTTP/1.1" 502 444 "-" Opera/9.80 (Windows NT 6.1; WOW64) Presto/2.12.388 Version/12.16
10.0.0.12 - - [23/Jun/2025:18:26:45 +0300] "DELETE /about HTTP/1.1" 201 370 "-" curl/8.1.2
62.217.190.200 - - [23/Jun/2025:18:26:45 +0300] "DELETE /download/file.zip HTTP/1.1" 501 629 "-" Mozilla/5.0 (compatible; Googlebot/2.1; +http://www.google.com/bot.html)
216.58.209.78 - - [23/Jun/2025:18:26:45 +0300] "POST /search HTTP/1.1" 500 1161 "-" Mozilla/5.0 (X11; Linux x86_64) AppleWebKit/537.36 (KHTML, like Gecko) Chrome/117.0.0.0 Safari/537.36
142.250.190.14 - - [23/Jun/2025:18:26:45 +0300] "POST /settings HTTP/1.1" 502 975 "-" Mozilla/5.0 (X11; Linux x86_64) AppleWebKit/537.36 (KHTML, like Gecko) Chrome/117.0.0.0 Safari/537.36
185.199.108.153 - - [23/Jun/2025:18:26:45 +0300] "POST /blog/2025/06/23/article-title HTTP/1.1" 404 2484 "-" Mozilla/5.0 (X11; Linux x86_64) AppleWebKit/537.36 (KHTML, like Gecko) Chrome/117.0.0.0 Safari/537.36
142.250.190.14 - - [23/Jun/2025:18:26:45 +0300] "GET /settings HTTP/1.1" 502 1999 "-" Mozilla/5.0 (compatible; Googlebot/2.1; +http://www.google.com/bot.html)
77.88.8.8 - - [23/Jun/2025:18:26:45 +0300] "GET  HTTP/1.1" 503 2157 "-" Mozilla/5.0 (Macintosh; Intel Mac OS X 12_4) AppleWebKit/605.1.15 (KHTML, like Gecko) Version/15.5 Safari/605.1.15
192.168.1.45 - - [23/Jun/2025:18:26:45 +0300] "PATCH /index.html HTTP/1.1" 200 2306 "-" curl/8.1.2
203.0.113.27 - - [23/Jun/2025:18:26:45 +0300] "DELETE /api/v1/users/images/logo.png HTTP/1.1" 401 1802 "-" Mozilla/5.0 (compatible; Googlebot/2.1; +http://www.google.com/bot.html)
77.88.8.8 - - [23/Jun/2025:18:26:45 +0300] "GET  HTTP/1.1" 503 403 "-" Mozilla/5.0 (Windows NT 10.0; Win64; x64; rv:115.0) Gecko/20100101 Firefox/115.0
192.168.1.45 - - [23/Jun/2025:18:26:45 +0300] "PUT /index.html HTTP/1.1" 200 858 "-" Mozilla/5.0 (Windows NT 6.1; WOW64) AppleWebKit/537.36 (KHTML, like Gecko) Chrome/58.0.3029.110 Safari/537.36
77.88.8.8 - - [23/Jun/2025:18:26:45 +0300] "POST  HTTP/1.1" 503 898 "-" Mozilla/5.0 (compatible; Googlebot/2.1; +http://www.google.com/bot.html)
172.16.5.3 - - [23/Jun/2025:18:26:45 +0300] "PUT /products/item123 HTTP/1.1" 400 629 "-" Mozilla/5.0 (Windows NT 10.0; Win64; x64) AppleWebKit/537.36 (KHTML, like Gecko) Edge/91.0.864.67 Safari/537.36
198.51.100.14 - - [23/Jun/2025:18:26:45 +0300] "DELETE /contact-us HTTP/1.1" 403 1106 "-" Mozilla/5.0 (Linux; Android 10; SM-G975F) AppleWebKit/537.36 (KHTML, like Gecko) Chrome/111.0.0.0 Mobile Safari/537.36
172.16.5.3 - - [23/Jun/2025:18:26:45 +0300] "POST /products/item123 HTTP/1.1" 400 1794 "-" Mozilla/5.0 (compatible; MSIE 10.0; Windows NT 6.1; Trident/6.0)
172.16.5.3 - - [23/Jun/2025:18:26:45 +0300] "GET /products/item123 HTTP/1.1" 400 472 "-" Opera/9.80 (Windows NT 6.1; WOW64) Presto/2.12.388 Version/12.16
77.88.8.8 - - [23/Jun/2025:18:26:45 +0300] "POST  HTTP/1.1" 503 856 "-" Mozilla/5.0 (Windows NT 6.1; WOW64) AppleWebKit/537.36 (KHTML, like Gecko) Chrome/58.0.3029.110 Safari/537.36
203.0.113.27 - - [23/Jun/2025:18:26:45 +0300] "DELETE /api/v1/users/images/logo.png HTTP/1.1" 401 555 "-" Mozilla/5.0 (Windows NT 6.1; WOW64) AppleWebKit/537.36 (KHTML, like Gecko) Chrome/58.0.3029.110 Safari/537.36
142.250.190.14 - - [23/Jun/2025:18:26:45 +0300] "DELETE /settings HTTP/1.1" 502 499 "-" Mozilla/5.0 (Windows NT 10.0; Win64; x64; rv:115.0) Gecko/20100101 Firefox/115.0
192.168.1.45 - - [23/Jun/2025:18:26:45 +0300] "PATCH /index.html HTTP/1.1" 200 2369 "-" Mozilla/5.0 (Macintosh; Intel Mac OS X 12_4) AppleWebKit/605.1.15 (KHTML, like Gecko) Version/15.5 Safari/605.1.15
185.199.108.153 - - [23/Jun/2025:18:26:46 +0300] "GET /blog/2025/06/23/article-title HTTP/1.1" 404 1939 "-" Opera/9.80 (Windows NT 6.1; WOW64) Presto/2.12.388 Version/12.16
203.0.113.27 - - [23/Jun/2025:18:26:46 +0300] "GET /api/v1/users/images/logo.png HTTP/1.1" 401 1809 "-" Mozilla/5.0 (Macintosh; Intel Mac OS X 12_4) AppleWebKit/605.1.15 (KHTML, like Gecko) Version/15.5 Safari/605.1.15
198.51.100.14 - - [23/Jun/2025:18:26:46 +0300] "PATCH /contact-us HTTP/1.1" 403 870 "-" Mozilla/5.0 (Windows NT 10.0; Win64; x64; rv:115.0) Gecko/20100101 Firefox/115.0
198.51.100.14 - - [23/Jun/2025:18:26:46 +0300] "POST /contact-us HTTP/1.1" 403 2045 "-" Mozilla/5.0 (Windows NT 6.1; WOW64) AppleWebKit/537.36 (KHTML, like Gecko) Chrome/58.0.3029.110 Safari/537.36
198.51.100.14 - - [23/Jun/2025:18:26:46 +0300] "GET /contact-us HTTP/1.1" 403 420 "-" Mozilla/5.0 (X11; Linux x86_64) AppleWebKit/537.36 (KHTML, like Gecko) Chrome/117.0.0.0 Safari/537.36
198.51.100.14 - - [23/Jun/2025:18:26:46 +0300] "PUT /contact-us HTTP/1.1" 403 386 "-" Mozilla/5.0 (Windows NT 6.1; WOW64) AppleWebKit/537.36 (KHTML, like Gecko) Chrome/58.0.3029.110 Safari/537.36
172.16.5.3 - - [23/Jun/2025:18:26:46 +0300] "PUT /products/item123 HTTP/1.1" 400 1796 "-" Mozilla/5.0 (Windows NT 6.1; WOW64) AppleWebKit/537.36 (KHTML, like Gecko) Chrome/58.0.3029.110 Safari/537.36
185.199.108.153 - - [23/Jun/2025:18:26:46 +0300] "DELETE /blog/2025/06/23/article-title HTTP/1.1" 404 921 "-" Mozilla/5.0 (Linux; Android 10; SM-G975F) AppleWebKit/537.36 (KHTML, like Gecko) Chrome/111.0.0.0 Mobile Safari/537.36
142.250.190.14 - - [23/Jun/2025:18:26:46 +0300] "PATCH /settings HTTP/1.1" 502 1825 "-" Mozilla/5.0 (Windows NT 10.0; Win64; x64) AppleWebKit/537.36 (KHTML, like Gecko) Edge/91.0.864.67 Safari/537.36
185.199.108.153 - - [23/Jun/2025:18:26:46 +0300] "PATCH /blog/2025/06/23/article-title HTTP/1.1" 404 1295 "-" Mozilla/5.0 (Windows NT 6.1; WOW64) AppleWebKit/537.36 (KHTML, like Gecko) Chrome/58.0.3029.110 Safari/537.36
77.88.8.8 - - [23/Jun/2025:18:26:46 +0300] "PATCH  HTTP/1.1" 503 1711 "-" Opera/9.80 (Windows NT 6.1; WOW64) Presto/2.12.388 Version/12.16
216.58.209.78 - - [23/Jun/2025:18:26:46 +0300] "PUT /search HTTP/1.1" 500 2453 "-" Mozilla/5.0 (Linux; Android 10; SM-G975F) AppleWebKit/537.36 (KHTML, like Gecko) Chrome/111.0.0.0 Mobile Safari/537.36
203.0.113.27 - - [23/Jun/2025:18:26:46 +0300] "POST /api/v1/users/images/logo.png HTTP/1.1" 401 1012 "-" curl/8.1.2
77.88.8.8 - - [23/Jun/2025:18:26:46 +0300] "GET  HTTP/1.1" 503 2191 "-" Mozilla/5.0 (compatible; Googlebot/2.1; +http://www.google.com/bot.html)
203.0.113.27 - - [23/Jun/2025:18:26:46 +0300] "PATCH /api/v1/users/images/logo.png HTTP/1.1" 401 1455 "-" Mozilla/5.0 (Windows NT 10.0; Win64; x64) AppleWebKit/537.36 (KHTML, like Gecko) Edge/91.0.864.67 Safari/537.36
216.58.209.78 - - [23/Jun/2025:18:26:46 +0300] "POST /search HTTP/1.1" 500 835 "-" Mozilla/5.0 (Linux; Android 10; SM-G975F) AppleWebKit/537.36 (KHTML, like Gecko) Chrome/111.0.0.0 Mobile Safari/537.36
198.51.100.14 - - [23/Jun/2025:18:26:46 +0300] "PATCH /contact-us HTTP/1.1" 403 1244 "-" Mozilla/5.0 (Linux; Android 10; SM-G975F) AppleWebKit/537.36 (KHTML, like Gecko) Chrome/111.0.0.0 Mobile Safari/537.36
198.51.100.14 - - [23/Jun/2025:18:26:46 +0300] "PUT /contact-us HTTP/1.1" 403 1053 "-" Mozilla/5.0 (Macintosh; Intel Mac OS X 12_4) AppleWebKit/605.1.15 (KHTML, like Gecko) Version/15.5 Safari/605.1.15
185.199.108.153 - - [23/Jun/2025:18:26:46 +0300] "GET /blog/2025/06/23/article-title HTTP/1.1" 404 1810 "-" Mozilla/5.0 (X11; Linux x86_64) AppleWebKit/537.36 (KHTML, like Gecko) Chrome/117.0.0.0 Safari/537.36
198.51.100.14 - - [23/Jun/2025:18:26:46 +0300] "POST /contact-us HTTP/1.1" 403 943 "-" Mozilla/5.0 (X11; Linux x86_64) AppleWebKit/537.36 (KHTML, like Gecko) Chrome/117.0.0.0 Safari/537.36
172.16.5.3 - - [23/Jun/2025:18:26:46 +0300] "GET /products/item123 HTTP/1.1" 400 2055 "-" Mozilla/5.0 (X11; Linux x86_64) AppleWebKit/537.36 (KHTML, like Gecko) Chrome/117.0.0.0 Safari/537.36
10.0.0.12 - - [23/Jun/2025:18:26:46 +0300] "POST /about HTTP/1.1" 201 1307 "-" Mozilla/5.0 (X11; Linux x86_64) AppleWebKit/537.36 (KHTML, like Gecko) Chrome/117.0.0.0 Safari/537.36
192.168.1.45 - - [23/Jun/2025:18:26:46 +0300] "PATCH /index.html HTTP/1.1" 200 1183 "-" Opera/9.80 (Windows NT 6.1; WOW64) Presto/2.12.388 Version/12.16
62.217.190.200 - - [23/Jun/2025:18:26:46 +0300] "PUT /download/file.zip HTTP/1.1" 501 2187 "-" Mozilla/5.0 (compatible; MSIE 10.0; Windows NT 6.1; Trident/6.0)
77.88.8.8 - - [23/Jun/2025:18:26:46 +0300] "GET  HTTP/1.1" 503 820 "-" Mozilla/5.0 (Windows NT 10.0; Win64; x64) AppleWebKit/537.36 (KHTML, like Gecko) Edge/91.0.864.67 Safari/537.36
216.58.209.78 - - [23/Jun/2025:18:26:46 +0300] "PATCH /search HTTP/1.1" 500 1199 "-" Mozilla/5.0 (compatible; Googlebot/2.1; +http://www.google.com/bot.html)
142.250.190.14 - - [23/Jun/2025:18:26:46 +0300] "PATCH /settings HTTP/1.1" 502 1813 "-" curl/8.1.2
77.88.8.8 - - [23/Jun/2025:18:26:46 +0300] "GET  HTTP/1.1" 503 2435 "-" Mozilla/5.0 (Windows NT 10.0; Win64; x64; rv:115.0) Gecko/20100101 Firefox/115.0
198.51.100.14 - - [23/Jun/2025:18:26:46 +0300] "PUT /contact-us HTTP/1.1" 403 1880 "-" Mozilla/5.0 (Macintosh; Intel Mac OS X 12_4) AppleWebKit/605.1.15 (KHTML, like Gecko) Version/15.5 Safari/605.1.15
77.88.8.8 - - [23/Jun/2025:18:26:46 +0300] "DELETE  HTTP/1.1" 503 719 "-" Mozilla/5.0 (Windows NT 10.0; Win64; x64) AppleWebKit/537.36 (KHTML, like Gecko) Edge/91.0.864.67 Safari/537.36
172.16.5.3 - - [23/Jun/2025:18:26:46 +0300] "DELETE /products/item123 HTTP/1.1" 400 327 "-" Mozilla/5.0 (Windows NT 6.1; WOW64) AppleWebKit/537.36 (KHTML, like Gecko) Chrome/58.0.3029.110 Safari/537.36
172.16.5.3 - - [23/Jun/2025:18:26:46 +0300] "DELETE /products/item123 HTTP/1.1" 400 1941 "-" Mozilla/5.0 (Macintosh; Intel Mac OS X 12_4) AppleWebKit/605.1.15 (KHTML, like Gecko) Version/15.5 Safari/605.1.15
185.199.108.153 - - [23/Jun/2025:18:26:46 +0300] "POST /blog/2025/06/23/article-title HTTP/1.1" 404 1955 "-" Mozilla/5.0 (Windows NT 10.0; Win64; x64) AppleWebKit/537.36 (KHTML, like Gecko) Edge/91.0.864.67 Safari/537.36
142.250.190.14 - - [23/Jun/2025:18:26:46 +0300] "DELETE /settings HTTP/1.1" 502 2210 "-" Mozilla/5.0 (Windows NT 10.0; Win64; x64; rv:115.0) Gecko/20100101 Firefox/115.0
203.0.113.27 - - [23/Jun/2025:18:26:46 +0300] "PUT /api/v1/users/images/logo.png HTTP/1.1" 401 1047 "-" Mozilla/5.0 (Macintosh; Intel Mac OS X 12_4) AppleWebKit/605.1.15 (KHTML, like Gecko) Version/15.5 Safari/605.1.15
192.168.1.45 - - [23/Jun/2025:18:26:46 +0300] "GET /index.html HTTP/1.1" 200 459 "-" Opera/9.80 (Windows NT 6.1; WOW64) Presto/2.12.388 Version/12.16
142.250.190.14 - - [23/Jun/2025:18:26:46 +0300] "PATCH /settings HTTP/1.1" 502 1828 "-" Mozilla/5.0 (compatible; Googlebot/2.1; +http://www.google.com/bot.html)
216.58.209.78 - - [23/Jun/2025:18:26:46 +0300] "PUT /search HTTP/1.1" 500 1007 "-" curl/8.1.2
62.217.190.200 - - [23/Jun/2025:18:26:46 +0300] "PUT /download/file.zip HTTP/1.1" 501 1346 "-" Mozilla/5.0 (Windows NT 10.0; Win64; x64; rv:115.0) Gecko/20100101 Firefox/115.0
185.199.108.153 - - [23/Jun/2025:18:26:46 +0300] "PUT /blog/2025/06/23/article-title HTTP/1.1" 404 718 "-" Mozilla/5.0 (X11; Linux x86_64) AppleWebKit/537.36 (KHTML, like Gecko) Chrome/117.0.0.0 Safari/537.36
172.16.5.3 - - [23/Jun/2025:18:26:46 +0300] "POST /products/item123 HTTP/1.1" 400 2334 "-" Mozilla/5.0 (compatible; MSIE 10.0; Windows NT 6.1; Trident/6.0)
10.0.0.12 - - [23/Jun/2025:18:26:46 +0300] "DELETE /about HTTP/1.1" 201 1821 "-" Mozilla/5.0 (Windows NT 10.0; Win64; x64) AppleWebKit/537.36 (KHTML, like Gecko) Edge/91.0.864.67 Safari/537.36
203.0.113.27 - - [23/Jun/2025:18:26:46 +0300] "PATCH /api/v1/users/images/logo.png HTTP/1.1" 401 1341 "-" Mozilla/5.0 (Windows NT 6.1; WOW64) AppleWebKit/537.36 (KHTML, like Gecko) Chrome/58.0.3029.110 Safari/537.36
10.0.0.12 - - [23/Jun/2025:18:26:46 +0300] "PUT /about HTTP/1.1" 201 2322 "-" Mozilla/5.0 (Macintosh; Intel Mac OS X 12_4) AppleWebKit/605.1.15 (KHTML, like Gecko) Version/15.5 Safari/605.1.15
203.0.113.27 - - [23/Jun/2025:18:26:46 +0300] "PUT /api/v1/users/images/logo.png HTTP/1.1" 401 2150 "-" Mozilla/5.0 (compatible; MSIE 10.0; Windows NT 6.1; Trident/6.0)
198.51.100.14 - - [23/Jun/2025:18:26:46 +0300] "GET /contact-us HTTP/1.1" 403 1171 "-" Mozilla/5.0 (X11; Linux x86_64) AppleWebKit/537.36 (KHTML, like Gecko) Chrome/117.0.0.0 Safari/537.36
203.0.113.27 - - [23/Jun/2025:18:26:46 +0300] "PUT /api/v1/users/images/logo.png HTTP/1.1" 401 831 "-" Mozilla/5.0 (Linux; Android 10; SM-G975F) AppleWebKit/537.36 (KHTML, like Gecko) Chrome/111.0.0.0 Mobile Safari/537.36
10.0.0.12 - - [23/Jun/2025:18:26:47 +0300] "DELETE /about HTTP/1.1" 201 1071 "-" Mozilla/5.0 (Macintosh; Intel Mac OS X 12_4) AppleWebKit/605.1.15 (KHTML, like Gecko) Version/15.5 Safari/605.1.15
172.16.5.3 - - [23/Jun/2025:18:26:47 +0300] "DELETE /products/item123 HTTP/1.1" 400 750 "-" curl/8.1.2
185.199.108.153 - - [23/Jun/2025:18:26:47 +0300] "DELETE /blog/2025/06/23/article-title HTTP/1.1" 404 635 "-" Mozilla/5.0 (Linux; Android 10; SM-G975F) AppleWebKit/537.36 (KHTML, like Gecko) Chrome/111.0.0.0 Mobile Safari/537.36
185.199.108.153 - - [23/Jun/2025:18:26:47 +0300] "PATCH /blog/2025/06/23/article-title HTTP/1.1" 404 563 "-" Mozilla/5.0 (Macintosh; Intel Mac OS X 12_4) AppleWebKit/605.1.15 (KHTML, like Gecko) Version/15.5 Safari/605.1.15
10.0.0.12 - - [23/Jun/2025:18:26:47 +0300] "GET /about HTTP/1.1" 201 1710 "-" Mozilla/5.0 (compatible; Googlebot/2.1; +http://www.google.com/bot.html)
198.51.100.14 - - [23/Jun/2025:18:26:47 +0300] "PUT /contact-us HTTP/1.1" 403 2108 "-" Opera/9.80 (Windows NT 6.1; WOW64) Presto/2.12.388 Version/12.16
142.250.190.14 - - [23/Jun/2025:18:26:47 +0300] "PATCH /settings HTTP/1.1" 502 1561 "-" Mozilla/5.0 (Windows NT 10.0; Win64; x64) AppleWebKit/537.36 (KHTML, like Gecko) Edge/91.0.864.67 Safari/537.36
10.0.0.12 - - [23/Jun/2025:18:26:47 +0300] "PATCH /about HTTP/1.1" 201 2331 "-" Mozilla/5.0 (compatible; Googlebot/2.1; +http://www.google.com/bot.html)
62.217.190.200 - - [23/Jun/2025:18:26:47 +0300] "PATCH /download/file.zip HTTP/1.1" 501 1805 "-" Mozilla/5.0 (Windows NT 10.0; Win64; x64; rv:115.0) Gecko/20100101 Firefox/115.0
192.168.1.45 - - [23/Jun/2025:18:26:47 +0300] "POST /index.html HTTP/1.1" 200 1191 "-" Mozilla/5.0 (Linux; Android 10; SM-G975F) AppleWebKit/537.36 (KHTML, like Gecko) Chrome/111.0.0.0 Mobile Safari/537.36
216.58.209.78 - - [23/Jun/2025:18:26:47 +0300] "PUT /search HTTP/1.1" 500 1025 "-" Mozilla/5.0 (Windows NT 10.0; Win64; x64) AppleWebKit/537.36 (KHTML, like Gecko) Edge/91.0.864.67 Safari/537.36
192.168.1.45 - - [23/Jun/2025:18:26:47 +0300] "POST /index.html HTTP/1.1" 200 502 "-" Mozilla/5.0 (Linux; Android 10; SM-G975F) AppleWebKit/537.36 (KHTML, like Gecko) Chrome/111.0.0.0 Mobile Safari/537.36
198.51.100.14 - - [23/Jun/2025:18:26:47 +0300] "DELETE /contact-us HTTP/1.1" 403 882 "-" Mozilla/5.0 (Windows NT 10.0; Win64; x64) AppleWebKit/537.36 (KHTML, like Gecko) Edge/91.0.864.67 Safari/537.36
185.199.108.153 - - [23/Jun/2025:18:26:47 +0300] "GET /blog/2025/06/23/article-title HTTP/1.1" 404 600 "-" Mozilla/5.0 (compatible; MSIE 10.0; Windows NT 6.1; Trident/6.0)
62.217.190.200 - - [23/Jun/2025:18:26:47 +0300] "DELETE /download/file.zip HTTP/1.1" 501 1030 "-" Mozilla/5.0 (Macintosh; Intel Mac OS X 12_4) AppleWebKit/605.1.15 (KHTML, like Gecko) Version/15.5 Safari/605.1.15
10.0.0.12 - - [23/Jun/2025:18:26:47 +0300] "DELETE /about HTTP/1.1" 201 2274 "-" Mozilla/5.0 (Macintosh; Intel Mac OS X 12_4) AppleWebKit/605.1.15 (KHTML, like Gecko) Version/15.5 Safari/605.1.15
192.168.1.45 - - [23/Jun/2025:18:26:47 +0300] "GET /index.html HTTP/1.1" 200 400 "-" Mozilla/5.0 (compatible; MSIE 10.0; Windows NT 6.1; Trident/6.0)
10.0.0.12 - - [23/Jun/2025:18:26:47 +0300] "DELETE /about HTTP/1.1" 201 612 "-" Mozilla/5.0 (Macintosh; Intel Mac OS X 12_4) AppleWebKit/605.1.15 (KHTML, like Gecko) Version/15.5 Safari/605.1.15
10.0.0.12 - - [23/Jun/2025:18:26:47 +0300] "PUT /about HTTP/1.1" 201 657 "-" Mozilla/5.0 (compatible; Googlebot/2.1; +http://www.google.com/bot.html)
62.217.190.200 - - [23/Jun/2025:18:26:47 +0300] "PATCH /download/file.zip HTTP/1.1" 501 2479 "-" Mozilla/5.0 (Windows NT 6.1; WOW64) AppleWebKit/537.36 (KHTML, like Gecko) Chrome/58.0.3029.110 Safari/537.36
203.0.113.27 - - [23/Jun/2025:18:26:47 +0300] "POST /api/v1/users/images/logo.png HTTP/1.1" 401 2071 "-" curl/8.1.2
203.0.113.27 - - [23/Jun/2025:18:26:47 +0300] "DELETE /api/v1/users/images/logo.png HTTP/1.1" 401 1373 "-" Mozilla/5.0 (compatible; MSIE 10.0; Windows NT 6.1; Trident/6.0)
172.16.5.3 - - [23/Jun/2025:18:26:47 +0300] "PUT /products/item123 HTTP/1.1" 400 1885 "-" Mozilla/5.0 (compatible; MSIE 10.0; Windows NT 6.1; Trident/6.0)
62.217.190.200 - - [23/Jun/2025:18:26:47 +0300] "POST /download/file.zip HTTP/1.1" 501 2369 "-" curl/8.1.2
10.0.0.12 - - [23/Jun/2025:18:26:47 +0300] "DELETE /about HTTP/1.1" 201 1668 "-" Mozilla/5.0 (compatible; MSIE 10.0; Windows NT 6.1; Trident/6.0)
203.0.113.27 - - [23/Jun/2025:18:26:47 +0300] "GET /api/v1/users/images/logo.png HTTP/1.1" 401 1499 "-" Mozilla/5.0 (compatible; MSIE 10.0; Windows NT 6.1; Trident/6.0)
172.16.5.3 - - [23/Jun/2025:18:26:47 +0300] "GET /products/item123 HTTP/1.1" 400 1656 "-" curl/8.1.2
142.250.190.14 - - [23/Jun/2025:18:26:47 +0300] "PUT /settings HTTP/1.1" 502 2449 "-" Mozilla/5.0 (Windows NT 10.0; Win64; x64; rv:115.0) Gecko/20100101 Firefox/115.0
185.199.108.153 - - [23/Jun/2025:18:26:47 +0300] "PUT /blog/2025/06/23/article-title HTTP/1.1" 404 1701 "-" Mozilla/5.0 (X11; Linux x86_64) AppleWebKit/537.36 (KHTML, like Gecko) Chrome/117.0.0.0 Safari/537.36
216.58.209.78 - - [23/Jun/2025:18:26:47 +0300] "POST /search HTTP/1.1" 500 900 "-" Mozilla/5.0 (X11; Linux x86_64) AppleWebKit/537.36 (KHTML, like Gecko) Chrome/117.0.0.0 Safari/537.36
203.0.113.27 - - [23/Jun/2025:18:26:47 +0300] "PATCH /api/v1/users/images/logo.png HTTP/1.1" 401 371 "-" Mozilla/5.0 (Linux; Android 10; SM-G975F) AppleWebKit/537.36 (KHTML, like Gecko) Chrome/111.0.0.0 Mobile Safari/537.36
77.88.8.8 - - [23/Jun/2025:18:26:47 +0300] "DELETE  HTTP/1.1" 503 2244 "-" Mozilla/5.0 (Macintosh; Intel Mac OS X 12_4) AppleWebKit/605.1.15 (KHTML, like Gecko) Version/15.5 Safari/605.1.15
77.88.8.8 - - [23/Jun/2025:18:26:47 +0300] "DELETE  HTTP/1.1" 503 610 "-" Mozilla/5.0 (Linux; Android 10; SM-G975F) AppleWebKit/537.36 (KHTML, like Gecko) Chrome/111.0.0.0 Mobile Safari/537.36
198.51.100.14 - - [23/Jun/2025:18:26:47 +0300] "DELETE /contact-us HTTP/1.1" 403 376 "-" Mozilla/5.0 (Linux; Android 10; SM-G975F) AppleWebKit/537.36 (KHTML, like Gecko) Chrome/111.0.0.0 Mobile Safari/537.36
185.199.108.153 - - [23/Jun/2025:18:26:47 +0300] "PUT /blog/2025/06/23/article-title HTTP/1.1" 404 2257 "-" Mozilla/5.0 (Windows NT 6.1; WOW64) AppleWebKit/537.36 (KHTML, like Gecko) Chrome/58.0.3029.110 Safari/537.36
216.58.209.78 - - [23/Jun/2025:18:26:47 +0300] "PATCH /search HTTP/1.1" 500 393 "-" Mozilla/5.0 (Windows NT 6.1; WOW64) AppleWebKit/537.36 (KHTML, like Gecko) Chrome/58.0.3029.110 Safari/537.36
198.51.100.14 - - [23/Jun/2025:18:26:47 +0300] "DELETE /contact-us HTTP/1.1" 403 1843 "-" Mozilla/5.0 (X11; Linux x86_64) AppleWebKit/537.36 (KHTML, like Gecko) Chrome/117.0.0.0 Safari/537.36
10.0.0.12 - - [23/Jun/2025:18:26:47 +0300] "POST /about HTTP/1.1" 201 1263 "-" Mozilla/5.0 (Windows NT 10.0; Win64; x64; rv:115.0) Gecko/20100101 Firefox/115.0
216.58.209.78 - - [23/Jun/2025:18:26:47 +0300] "GET /search HTTP/1.1" 500 2259 "-" Mozilla/5.0 (Macintosh; Intel Mac OS X 12_4) AppleWebKit/605.1.15 (KHTML, like Gecko) Version/15.5 Safari/605.1.15
77.88.8.8 - - [23/Jun/2025:18:26:47 +0300] "PATCH  HTTP/1.1" 503 2194 "-" Mozilla/5.0 (compatible; MSIE 10.0; Windows NT 6.1; Trident/6.0)
192.168.1.45 - - [23/Jun/2025:18:26:47 +0300] "DELETE /index.html HTTP/1.1" 200 645 "-" Mozilla/5.0 (Windows NT 10.0; Win64; x64) AppleWebKit/537.36 (KHTML, like Gecko) Edge/91.0.864.67 Safari/537.36
142.250.190.14 - - [23/Jun/2025:18:26:47 +0300] "POST /settings HTTP/1.1" 502 1282 "-" Mozilla/5.0 (Linux; Android 10; SM-G975F) AppleWebKit/537.36 (KHTML, like Gecko) Chrome/111.0.0.0 Mobile Safari/537.36
185.199.108.153 - - [23/Jun/2025:18:26:47 +0300] "POST /blog/2025/06/23/article-title HTTP/1.1" 404 1312 "-" Mozilla/5.0 (X11; Linux x86_64) AppleWebKit/537.36 (KHTML, like Gecko) Chrome/117.0.0.0 Safari/537.36
185.199.108.153 - - [23/Jun/2025:18:26:47 +0300] "GET /blog/2025/06/23/article-title HTTP/1.1" 404 2236 "-" Opera/9.80 (Windows NT 6.1; WOW64) Presto/2.12.388 Version/12.16
77.88.8.8 - - [23/Jun/2025:18:26:47 +0300] "PATCH  HTTP/1.1" 503 2215 "-" Mozilla/5.0 (X11; Linux x86_64) AppleWebKit/537.36 (KHTML, like Gecko) Chrome/117.0.0.0 Safari/537.36
172.16.5.3 - - [23/Jun/2025:18:26:47 +0300] "POST /products/item123 HTTP/1.1" 400 1781 "-" Mozilla/5.0 (compatible; MSIE 10.0; Windows NT 6.1; Trident/6.0)
142.250.190.14 - - [23/Jun/2025:18:26:47 +0300] "PATCH /settings HTTP/1.1" 502 2085 "-" Mozilla/5.0 (X11; Linux x86_64) AppleWebKit/537.36 (KHTML, like Gecko) Chrome/117.0.0.0 Safari/537.36
142.250.190.14 - - [23/Jun/2025:18:26:48 +0300] "PATCH /settings HTTP/1.1" 502 1561 "-" Mozilla/5.0 (compatible; Googlebot/2.1; +http://www.google.com/bot.html)
10.0.0.12 - - [23/Jun/2025:18:26:48 +0300] "DELETE /about HTTP/1.1" 201 1287 "-" Mozilla/5.0 (Windows NT 10.0; Win64; x64) AppleWebKit/537.36 (KHTML, like Gecko) Edge/91.0.864.67 Safari/537.36
192.168.1.45 - - [23/Jun/2025:18:26:48 +0300] "GET /index.html HTTP/1.1" 200 792 "-" Mozilla/5.0 (Windows NT 6.1; WOW64) AppleWebKit/537.36 (KHTML, like Gecko) Chrome/58.0.3029.110 Safari/537.36
62.217.190.200 - - [23/Jun/2025:18:26:48 +0300] "PUT /download/file.zip HTTP/1.1" 501 1559 "-" Mozilla/5.0 (Windows NT 10.0; Win64; x64) AppleWebKit/537.36 (KHTML, like Gecko) Edge/91.0.864.67 Safari/537.36
10.0.0.12 - - [23/Jun/2025:18:26:48 +0300] "GET /about HTTP/1.1" 201 1578 "-" Mozilla/5.0 (X11; Linux x86_64) AppleWebKit/537.36 (KHTML, like Gecko) Chrome/117.0.0.0 Safari/537.36
62.217.190.200 - - [23/Jun/2025:18:26:48 +0300] "PATCH /download/file.zip HTTP/1.1" 501 1890 "-" Mozilla/5.0 (Windows NT 6.1; WOW64) AppleWebKit/537.36 (KHTML, like Gecko) Chrome/58.0.3029.110 Safari/537.36
142.250.190.14 - - [23/Jun/2025:18:26:48 +0300] "PUT /settings HTTP/1.1" 502 1552 "-" Mozilla/5.0 (X11; Linux x86_64) AppleWebKit/537.36 (KHTML, like Gecko) Chrome/117.0.0.0 Safari/537.36
62.217.190.200 - - [23/Jun/2025:18:26:48 +0300] "PATCH /download/file.zip HTTP/1.1" 501 1375 "-" Mozilla/5.0 (X11; Linux x86_64) AppleWebKit/537.36 (KHTML, like Gecko) Chrome/117.0.0.0 Safari/537.36
203.0.113.27 - - [23/Jun/2025:18:26:48 +0300] "PATCH /api/v1/users/images/logo.png HTTP/1.1" 401 1772 "-" Mozilla/5.0 (Windows NT 10.0; Win64; x64; rv:115.0) Gecko/20100101 Firefox/115.0
77.88.8.8 - - [23/Jun/2025:18:26:48 +0300] "POST  HTTP/1.1" 503 1592 "-" Mozilla/5.0 (compatible; MSIE 10.0; Windows NT 6.1; Trident/6.0)
172.16.5.3 - - [23/Jun/2025:18:26:48 +0300] "DELETE /products/item123 HTTP/1.1" 400 1419 "-" Mozilla/5.0 (compatible; MSIE 10.0; Windows NT 6.1; Trident/6.0)
203.0.113.27 - - [23/Jun/2025:18:26:48 +0300] "PUT /api/v1/users/images/logo.png HTTP/1.1" 401 1850 "-" Mozilla/5.0 (X11; Linux x86_64) AppleWebKit/537.36 (KHTML, like Gecko) Chrome/117.0.0.0 Safari/537.36
203.0.113.27 - - [23/Jun/2025:18:26:48 +0300] "POST /api/v1/users/images/logo.png HTTP/1.1" 401 1446 "-" Mozilla/5.0 (Windows NT 10.0; Win64; x64; rv:115.0) Gecko/20100101 Firefox/115.0
62.217.190.200 - - [23/Jun/2025:18:26:48 +0300] "GET /download/file.zip HTTP/1.1" 501 1896 "-" Mozilla/5.0 (Windows NT 10.0; Win64; x64; rv:115.0) Gecko/20100101 Firefox/115.0
10.0.0.12 - - [23/Jun/2025:18:26:48 +0300] "GET /about HTTP/1.1" 201 1251 "-" Mozilla/5.0 (Windows NT 10.0; Win64; x64) AppleWebKit/537.36 (KHTML, like Gecko) Edge/91.0.864.67 Safari/537.36
10.0.0.12 - - [23/Jun/2025:18:26:48 +0300] "DELETE /about HTTP/1.1" 201 1354 "-" Mozilla/5.0 (compatible; MSIE 10.0; Windows NT 6.1; Trident/6.0)
198.51.100.14 - - [23/Jun/2025:18:26:48 +0300] "GET /contact-us HTTP/1.1" 403 455 "-" Mozilla/5.0 (Windows NT 10.0; Win64; x64; rv:115.0) Gecko/20100101 Firefox/115.0
