216.58.209.78 - - [23/Jun/2025:18:27:02 +0300] "POST /search HTTP/1.1" 500 1607 "-" Mozilla/5.0 (compatible; MSIE 10.0; Windows NT 6.1; Trident/6.0)
198.51.100.14 - - [23/Jun/2025:18:27:02 +0300] "PUT /contact-us HTTP/1.1" 403 921 "-" Mozilla/5.0 (Windows NT 10.0; Win64; x64; rv:115.0) Gecko/20100101 Firefox/115.0
216.58.209.78 - - [23/Jun/2025:18:27:02 +0300] "GET /search HTTP/1.1" 500 2479 "-" Mozilla/5.0 (X11; Linux x86_64) AppleWebKit/537.36 (KHTML, like Gecko) Chrome/117.0.0.0 Safari/537.36
216.58.209.78 - - [23/Jun/2025:18:27:02 +0300] "PATCH /search HTTP/1.1" 500 1185 "-" Mozilla/5.0 (compatible; Googlebot/2.1; +http://www.google.com/bot.html)
77.88.8.8 - - [23/Jun/2025:18:27:02 +0300] "DELETE  HTTP/1.1" 503 1762 "-" Mozilla/5.0 (Windows NT 10.0; Win64; x64; rv:115.0) Gecko/20100101 Firefox/115.0
216.58.209.78 - - [23/Jun/2025:18:27:02 +0300] "PUT /search HTTP/1.1" 500 746 "-" Mozilla/5.0 (compatible; Googlebot/2.1; +http://www.google.com/bot.html)
62.217.190.200 - - [23/Jun/2025:18:27:02 +0300] "POST /download/file.zip HTTP/1.1" 501 1350 "-" Mozilla/5.0 (Windows NT 10.0; Win64; x64; rv:115.0) Gecko/20100101 Firefox/115.0
203.0.113.27 - - [23/Jun/2025:18:27:02 +0300] "PATCH /api/v1/users/images/logo.png HTTP/1.1" 401 1785 "-" Mozilla/5.0 (X11; Linux x86_64) AppleWebKit/537.36 (KHTML, like Gecko) Chrome/117.0.0.0 Safari/537.36
203.0.113.27 - - [23/Jun/2025:18:27:02 +0300] "GET /api/v1/users/images/logo.png HTTP/1.1" 401 1348 "-" Mozilla/5.0 (Windows NT 10.0; Win64; x64) AppleWebKit/537.36 (KHTML, like Gecko) Edge/91.0.864.67 Safari/537.36
192.168.1.45 - - [23/Jun/2025:18:27:02 +0300] "PUT /index.html HTTP/1.1" 200 781 "-" Mozilla/5.0 (Windows NT 6.1; WOW64) AppleWebKit/537.36 (KHTML, like Gecko) Chrome/58.0.3029.110 Safari/537.36
62.217.190.200 - - [23/Jun/2025:18:27:02 +0300] "PATCH /download/file.zip HTTP/1.1" 501 2263 "-" Mozilla/5.0 (Windows NT 10.0; Win64; x64; rv:115.0) Gecko/20100101 Firefox/115.0
172.16.5.3 - - [23/Jun/2025:18:27:02 +0300] "PUT /products/item123 HTTP/1.1" 400 1492 "-" Mozilla/5.0 (Macintosh; Intel Mac OS X 12_4) AppleWebKit/605.1.15 (KHTML, like Gecko) Version/15.5 Safari/605.1.15
203.0.113.27 - - [23/Jun/2025:18:27:02 +0300] "POST /api/v1/users/images/logo.png HTTP/1.1" 401 1597 "-" Mozilla/5.0 (compatible; Googlebot/2.1; +http://www.google.com/bot.html)
10.0.0.12 - - [23/Jun/2025:18:27:02 +0300] "GET /about HTTP/1.1" 201 1010 "-" Mozilla/5.0 (Windows NT 10.0; Win64; x64) AppleWebKit/537.36 (KHTML, like Gecko) Edge/91.0.864.67 Safari/537.36
203.0.113.27 - - [23/Jun/2025:18:27:02 +0300] "GET /api/v1/users/images/logo.png HTTP/1.1" 401 1504 "-" Mozilla/5.0 (Windows NT 10.0; Win64; x64; rv:115.0) Gecko/20100101 Firefox/115.0
198.51.100.14 - - [23/Jun/2025:18:27:02 +0300] "GET /contact-us HTTP/1.1" 403 2438 "-" Mozilla/5.0 (compatible; Googlebot/2.1; +http://www.google.com/bot.html)
203.0.113.27 - - [23/Jun/2025:18:27:02 +0300] "GET /api/v1/users/images/logo.png HTTP/1.1" 401 773 "-" curl/8.1.2
216.58.209.78 - - [23/Jun/2025:18:27:02 +0300] "POST /search HTTP/1.1" 500 2489 "-" Mozilla/5.0 (compatible; MSIE 10.0; Windows NT 6.1; Trident/6.0)
185.199.108.153 - - [23/Jun/2025:18:27:02 +0300] "PATCH /blog/2025/06/23/article-title HTTP/1.1" 404 1452 "-" Mozilla/5.0 (X11; Linux x86_64) AppleWebKit/537.36 (KHTML, like Gecko) Chrome/117.0.0.0 Safari/537.36
185.199.108.153 - - [23/Jun/2025:18:27:02 +0300] "POST /blog/2025/06/23/article-title HTTP/1.1" 404 1441 "-" Mozilla/5.0 (Windows NT 6.1; WOW64) AppleWebKit/537.36 (KHTML, like Gecko) Chrome/58.0.3029.110 Safari/537.36
62.217.190.200 - - [23/Jun/2025:18:27:02 +0300] "PUT /download/file.zip HTTP/1.1" 501 2099 "-" Opera/9.80 (Windows NT 6.1; WOW64) Presto/2.12.388 Version/12.16
216.58.209.78 - - [23/Jun/2025:18:27:02 +0300] "PUT /search HTTP/1.1" 500 1272 "-" Mozilla/5.0 (Windows NT 6.1; WOW64) AppleWebKit/537.36 (KHTML, like Gecko) Chrome/58.0.3029.110 Safari/537.36
62.217.190.200 - - [23/Jun/2025:18:27:02 +0300] "PUT /download/file.zip HTTP/1.1" 501 1551 "-" Opera/9.80 (Windows NT 6.1; WOW64) Presto/2.12.388 Version/12.16
10.0.0.12 - - [23/Jun/2025:18:27:02 +0300] "GET /about HTTP/1.1" 201 1156 "-" curl/8.1.2
10.0.0.12 - - [23/Jun/2025:18:27:02 +0300] "POST /about HTTP/1.1" 201 2028 "-" Mozilla/5.0 (X11; Linux x86_64) AppleWebKit/537.36 (KHTML, like Gecko) Chrome/117.0.0.0 Safari/537.36
216.58.209.78 - - [23/Jun/2025:18:27:02 +0300] "GET /search HTTP/1.1" 500 1187 "-" Mozilla/5.0 (Windows NT 6.1; WOW64) AppleWebKit/537.36 (KHTML, like Gecko) Chrome/58.0.3029.110 Safari/537.36
216.58.209.78 - - [23/Jun/2025:18:27:02 +0300] "DELETE /search HTTP/1.1" 500 1214 "-" Mozilla/5.0 (compatible; MSIE 10.0; Windows NT 6.1; Trident/6.0)
203.0.113.27 - - [23/Jun/2025:18:27:02 +0300] "PATCH /api/v1/users/images/logo.png HTTP/1.1" 401 1591 "-" Mozilla/5.0 (Linux; Android 10; SM-G975F) AppleWebKit/537.36 (KHTML, like Gecko) Chrome/111.0.0.0 Mobile Safari/537.36
62.217.190.200 - - [23/Jun/2025:18:27:02 +0300] "POST /download/file.zip HTTP/1.1" 501 2185 "-" Mozilla/5.0 (Linux; Android 10; SM-G975F) AppleWebKit/537.36 (KHTML, like Gecko) Chrome/111.0.0.0 Mobile Safari/537.36
10.0.0.12 - - [23/Jun/2025:18:27:02 +0300] "PUT /about HTTP/1.1" 201 2185 "-" Mozilla/5.0 (Windows NT 6.1; WOW64) AppleWebKit/537.36 (KHTML, like Gecko) Chrome/58.0.3029.110 Safari/537.36
77.88.8.8 - - [23/Jun/2025:18:27:02 +0300] "POST  HTTP/1.1" 503 1160 "-" Mozilla/5.0 (compatible; Googlebot/2.1; +http://www.google.com/bot.html)
142.250.190.14 - - [23/Jun/2025:18:27:02 +0300] "PUT /settings HTTP/1.1" 502 2019 "-" Mozilla/5.0 (Linux; Android 10; SM-G975F) AppleWebKit/537.36 (KHTML, like Gecko) Chrome/111.0.0.0 Mobile Safari/537.36
216.58.209.78 - - [23/Jun/2025:18:27:02 +0300] "POST /search HTTP/1.1" 500 838 "-" curl/8.1.2
142.250.190.14 - - [23/Jun/2025:18:27:02 +0300] "PATCH /settings HTTP/1.1" 502 2178 "-" Mozilla/5.0 (Windows NT 6.1; WOW64) AppleWebKit/537.36 (KHTML, like Gecko) Chrome/58.0.3029.110 Safari/537.36
185.199.108.153 - - [23/Jun/2025:18:27:02 +0300] "PATCH /blog/2025/06/23/article-title HTTP/1.1" 404 1873 "-" Mozilla/5.0 (Windows NT 6.1; WOW64) AppleWebKit/537.36 (KHTML, like Gecko) Chrome/58.0.3029.110 Safari/537.36
10.0.0.12 - - [23/Jun/2025:18:27:02 +0300] "DELETE /about HTTP/1.1" 201 1825 "-" Mozilla/5.0 (Linux; Android 10; SM-G975F) AppleWebKit/537.36 (KHTML, like Gecko) Chrome/111.0.0.0 Mobile Safari/537.36
192.168.1.45 - - [23/Jun/2025:18:27:02 +0300] "DELETE /index.html HTTP/1.1" 200 1631 "-" Mozilla/5.0 (X11; Linux x86_64) AppleWebKit/537.36 (KHTML, like Gecko) Chrome/117.0.0.0 Safari/537.36
62.217.190.200 - - [23/Jun/2025:18:27:02 +0300] "GET /download/file.zip HTTP/1.1" 501 2430 "-" Mozilla/5.0 (Linux; Android 10; SM-G975F) AppleWebKit/537.36 (KHTML, like Gecko) Chrome/111.0.0.0 Mobile Safari/537.36
198.51.100.14 - - [23/Jun/2025:18:27:03 +0300] "PUT /contact-us HTTP/1.1" 403 2181 "-" Mozilla/5.0 (compatible; MSIE 10.0; Windows NT 6.1; Trident/6.0)
192.168.1.45 - - [23/Jun/2025:18:27:03 +0300] "DELETE /index.html HTTP/1.1" 200 2274 "-" Mozilla/5.0 (Macintosh; Intel Mac OS X 12_4) AppleWebKit/605.1.15 (KHTML, like Gecko) Version/15.5 Safari/605.1.15
185.199.108.153 - - [23/Jun/2025:18:27:03 +0300] "PATCH /blog/2025/06/23/article-title HTTP/1.1" 404 460 "-" Mozilla/5.0 (Linux; Android 10; SM-G975F) AppleWebKit/537.36 (KHTML, like Gecko) Chrome/111.0.0.0 Mobile Safari/537.36
77.88.8.8 - - [23/Jun/2025:18:27:03 +0300] "PATCH  HTTP/1.1" 503 1379 "-" Mozilla/5.0 (compatible; Googlebot/2.1; +http://www.google.com/bot.html)
216.58.209.78 - - [23/Jun/2025:18:27:03 +0300] "PATCH /search HTTP/1.1" 500 2050 "-" Mozilla/5.0 (X11; Linux x86_64) AppleWebKit/537.36 (KHTML, like Gecko) Chrome/117.0.0.0 Safari/537.36
203.0.113.27 - - [23/Jun/2025:18:27:03 +0300] "POST /api/v1/users/images/logo.png HTTP/1.1" 401 660 "-" Mozilla/5.0 (compatible; Googlebot/2.1; +http://www.google.com/bot.html)
203.0.113.27 - - [23/Jun/2025:18:27:03 +0300] "PUT /api/v1/users/images/logo.png HTTP/1.1" 401 2057 "-" Mozilla/5.0 (compatible; Googlebot/2.1; +http://www.google.com/bot.html)
62.217.190.200 - - [23/Jun/2025:18:27:03 +0300] "POST /download/file.zip HTTP/1.1" 501 1596 "-" Opera/9.80 (Windows NT 6.1; WOW64) Presto/2.12.388 Version/12.16
77.88.8.8 - - [23/Jun/2025:18:27:03 +0300] "DELETE  HTTP/1.1" 503 2310 "-" Mozilla/5.0 (compatible; MSIE 10.0; Windows NT 6.1; Trident/6.0)
185.199.108.153 - - [23/Jun/2025:18:27:03 +0300] "POST /blog/2025/06/23/article-title HTTP/1.1" 404 1456 "-" Opera/9.80 (Windows NT 6.1; WOW64) Presto/2.12.388 Version/12.16
77.88.8.8 - - [23/Jun/2025:18:27:03 +0300] "PUT  HTTP/1.1" 503 1835 "-" curl/8.1.2
185.199.108.153 - - [23/Jun/2025:18:27:03 +0300] "GET /blog/2025/06/23/article-title HTTP/1.1" 404 427 "-" Mozilla/5.0 (Windows NT 6.1; WOW64) AppleWebKit/537.36 (KHTML, like Gecko) Chrome/58.0.3029.110 Safari/537.36
192.168.1.45 - - [23/Jun/2025:18:27:03 +0300] "GET /index.html HTTP/1.1" 200 693 "-" Mozilla/5.0 (Windows NT 10.0; Win64; x64; rv:115.0) Gecko/20100101 Firefox/115.0
185.199.108.153 - - [23/Jun/2025:18:27:03 +0300] "PATCH /blog/2025/06/23/article-title HTTP/1.1" 404 1540 "-" Mozilla/5.0 (compatible; MSIE 10.0; Windows NT 6.1; Trident/6.0)
203.0.113.27 - - [23/Jun/2025:18:27:03 +0300] "POST /api/v1/users/images/logo.png HTTP/1.1" 401 2255 "-" Mozilla/5.0 (Windows NT 6.1; WOW64) AppleWebKit/537.36 (KHTML, like Gecko) Chrome/58.0.3029.110 Safari/537.36
198.51.100.14 - - [23/Jun/2025:18:27:03 +0300] "PATCH /contact-us HTTP/1.1" 403 2276 "-" curl/8.1.2
142.250.190.14 - - [23/Jun/2025:18:27:03 +0300] "POST /settings HTTP/1.1" 502 1106 "-" Opera/9.80 (Windows NT 6.1; WOW64) Presto/2.12.388 Version/12.16
77.88.8.8 - - [23/Jun/2025:18:27:03 +0300] "DELETE  HTTP/1.1" 503 2497 "-" Mozilla/5.0 (Windows NT 10.0; Win64; x64; rv:115.0) Gecko/20100101 Firefox/115.0
203.0.113.27 - - [23/Jun/2025:18:27:03 +0300] "GET /api/v1/users/images/logo.png HTTP/1.1" 401 1415 "-" Mozilla/5.0 (Macintosh; Intel Mac OS X 12_4) AppleWebKit/605.1.15 (KHTML, like Gecko) Version/15.5 Safari/605.1.15
203.0.113.27 - - [23/Jun/2025:18:27:03 +0300] "DELETE /api/v1/users/images/logo.png HTTP/1.1" 401 1365 "-" Mozilla/5.0 (Windows NT 10.0; Win64; x64; rv:115.0) Gecko/20100101 Firefox/115.0
192.168.1.45 - - [23/Jun/2025:18:27:03 +0300] "DELETE /index.html HTTP/1.1" 200 527 "-" Opera/9.80 (Windows NT 6.1; WOW64) Presto/2.12.388 Version/12.16
10.0.0.12 - - [23/Jun/2025:18:27:03 +0300] "POST /about HTTP/1.1" 201 1446 "-" Mozilla/5.0 (Macintosh; Intel Mac OS X 12_4) AppleWebKit/605.1.15 (KHTML, like Gecko) Version/15.5 Safari/605.1.15
172.16.5.3 - - [23/Jun/2025:18:27:03 +0300] "GET /products/item123 HTTP/1.1" 400 1046 "-" curl/8.1.2
198.51.100.14 - - [23/Jun/2025:18:27:03 +0300] "PUT /contact-us HTTP/1.1" 403 974 "-" Mozilla/5.0 (Macintosh; Intel Mac OS X 12_4) AppleWebKit/605.1.15 (KHTML, like Gecko) Version/15.5 Safari/605.1.15
198.51.100.14 - - [23/Jun/2025:18:27:03 +0300] "GET /contact-us HTTP/1.1" 403 1677 "-" Mozilla/5.0 (compatible; Googlebot/2.1; +http://www.google.com/bot.html)
216.58.209.78 - - [23/Jun/2025:18:27:03 +0300] "POST /search HTTP/1.1" 500 1294 "-" Mozilla/5.0 (Windows NT 6.1; WOW64) AppleWebKit/537.36 (KHTML, like Gecko) Chrome/58.0.3029.110 Safari/537.36
172.16.5.3 - - [23/Jun/2025:18:27:03 +0300] "POST /products/item123 HTTP/1.1" 400 1464 "-" Mozilla/5.0 (compatible; MSIE 10.0; Windows NT 6.1; Trident/6.0)
185.199.108.153 - - [23/Jun/2025:18:27:03 +0300] "POST /blog/2025/06/23/article-title HTTP/1.1" 404 2423 "-" Mozilla/5.0 (Windows NT 10.0; Win64; x64; rv:115.0) Gecko/20100101 Firefox/115.0
62.217.190.200 - - [23/Jun/2025:18:27:03 +0300] "GET /download/file.zip HTTP/1.1" 501 755 "-" Mozilla/5.0 (X11; Linux x86_64) AppleWebKit/537.36 (KHTML, like Gecko) Chrome/117.0.0.0 Safari/537.36
203.0.113.27 - - [23/Jun/2025:18:27:03 +0300] "DELETE /api/v1/users/images/logo.png HTTP/1.1" 401 2232 "-" Opera/9.80 (Windows NT 6.1; WOW64) Presto/2.12.388 Version/12.16
185.199.108.153 - - [23/Jun/2025:18:27:03 +0300] "GET /blog/2025/06/23/article-title HTTP/1.1" 404 1090 "-" Opera/9.80 (Windows NT 6.1; WOW64) Presto/2.12.388 Version/12.16
172.16.5.3 - - [23/Jun/2025:18:27:03 +0300] "PUT /products/item123 HTTP/1.1" 400 2493 "-" Mozilla/5.0 (X11; Linux x86_64) AppleWebKit/537.36 (KHTML, like Gecko) Chrome/117.0.0.0 Safari/537.36
142.250.190.14 - - [23/Jun/2025:18:27:03 +0300] "DELETE /settings HTTP/1.1" 502 307 "-" Mozilla/5.0 (Windows NT 10.0; Win64; x64; rv:115.0) Gecko/20100101 Firefox/115.0
192.168.1.45 - - [23/Jun/2025:18:27:03 +0300] "PUT /index.html HTTP/1.1" 200 1800 "-" Mozilla/5.0 (compatible; Googlebot/2.1; +http://www.google.com/bot.html)
192.168.1.45 - - [23/Jun/2025:18:27:03 +0300] "DELETE /index.html HTTP/1.1" 200 1208 "-" Mozilla/5.0 (compatible; Googlebot/2.1; +http://www.google.com/bot.html)
62.217.190.200 - - [23/Jun/2025:18:27:03 +0300] "GET /download/file.zip HTTP/1.1" 501 1785 "-" Opera/9.80 (Windows NT 6.1; WOW64) Presto/2.12.388 Version/12.16
172.16.5.3 - - [23/Jun/2025:18:27:03 +0300] "PATCH /products/item123 HTTP/1.1" 400 1776 "-" curl/8.1.2
142.250.190.14 - - [23/Jun/2025:18:27:03 +0300] "PATCH /settings HTTP/1.1" 502 1783 "-" Mozilla/5.0 (Linux; Android 10; SM-G975F) AppleWebKit/537.36 (KHTML, like Gecko) Chrome/111.0.0.0 Mobile Safari/537.36
142.250.190.14 - - [23/Jun/2025:18:27:03 +0300] "DELETE /settings HTTP/1.1" 502 487 "-" Mozilla/5.0 (Windows NT 6.1; WOW64) AppleWebKit/537.36 (KHTML, like Gecko) Chrome/58.0.3029.110 Safari/537.36
77.88.8.8 - - [23/Jun/2025:18:27:03 +0300] "PATCH  HTTP/1.1" 503 2450 "-" curl/8.1.2
216.58.209.78 - - [23/Jun/2025:18:27:03 +0300] "PATCH /search HTTP/1.1" 500 1612 "-" Mozilla/5.0 (Windows NT 10.0; Win64; x64) AppleWebKit/537.36 (KHTML, like Gecko) Edge/91.0.864.67 Safari/537.36
185.199.108.153 - - [23/Jun/2025:18:27:03 +0300] "DELETE /blog/2025/06/23/article-title HTTP/1.1" 404 557 "-" Mozilla/5.0 (X11; Linux x86_64) AppleWebKit/537.36 (KHTML, like Gecko) Chrome/117.0.0.0 Safari/537.36
142.250.190.14 - - [23/Jun/2025:18:27:03 +0300] "POST /settings HTTP/1.1" 502 680 "-" Mozilla/5.0 (Windows NT 10.0; Win64; x64; rv:115.0) Gecko/20100101 Firefox/115.0
192.168.1.45 - - [23/Jun/2025:18:27:04 +0300] "PATCH /index.html HTTP/1.1" 200 1524 "-" Mozilla/5.0 (compatible; Googlebot/2.1; +http://www.google.com/bot.html)
216.58.209.78 - - [23/Jun/2025:18:27:04 +0300] "PATCH /search HTTP/1.1" 500 1432 "-" Mozilla/5.0 (Windows NT 10.0; Win64; x64) AppleWebKit/537.36 (KHTML, like Gecko) Edge/91.0.864.67 Safari/537.36
77.88.8.8 - - [23/Jun/2025:18:27:04 +0300] "GET  HTTP/1.1" 503 1686 "-" Mozilla/5.0 (Windows NT 6.1; WOW64) AppleWebKit/537.36 (KHTML, like Gecko) Chrome/58.0.3029.110 Safari/537.36
203.0.113.27 - - [23/Jun/2025:18:27:04 +0300] "PATCH /api/v1/users/images/logo.png HTTP/1.1" 401 1125 "-" Mozilla/5.0 (Windows NT 10.0; Win64; x64; rv:115.0) Gecko/20100101 Firefox/115.0
172.16.5.3 - - [23/Jun/2025:18:27:04 +0300] "POST /products/item123 HTTP/1.1" 400 1082 "-" Opera/9.80 (Windows NT 6.1; WOW64) Presto/2.12.388 Version/12.16
172.16.5.3 - - [23/Jun/2025:18:27:04 +0300] "GET /products/item123 HTTP/1.1" 400 1163 "-" Mozilla/5.0 (compatible; MSIE 10.0; Windows NT 6.1; Trident/6.0)
