185.199.108.153 - - [23/Jun/2025:18:27:19 +0300] "POST /blog/2025/06/23/article-title HTTP/1.1" 404 1577 "-" Mozilla/5.0 (Macintosh; Intel Mac OS X 12_4) AppleWebKit/605.1.15 (KHTML, like Gecko) Version/15.5 Safari/605.1.15
77.88.8.8 - - [23/Jun/2025:18:27:19 +0300] "DELETE  HTTP/1.1" 503 1338 "-" Mozilla/5.0 (Macintosh; Intel Mac OS X 12_4) AppleWebKit/605.1.15 (KHTML, like Gecko) Version/15.5 Safari/605.1.15
62.217.190.200 - - [23/Jun/2025:18:27:19 +0300] "POST /download/file.zip HTTP/1.1" 501 414 "-" Mozilla/5.0 (Macintosh; Intel Mac OS X 12_4) AppleWebKit/605.1.15 (KHTML, like Gecko) Version/15.5 Safari/605.1.15
142.250.190.14 - - [23/Jun/2025:18:27:19 +0300] "PUT /settings HTTP/1.1" 502 2461 "-" Mozilla/5.0 (Linux; Android 10; SM-G975F) AppleWebKit/537.36 (KHTML, like Gecko) Chrome/111.0.0.0 Mobile Safari/537.36
203.0.113.27 - - [23/Jun/2025:18:27:19 +0300] "GET /api/v1/users/images/logo.png HTTP/1.1" 401 656 "-" Mozilla/5.0 (Windows NT 10.0; Win64; x64; rv:115.0) Gecko/20100101 Firefox/115.0
77.88.8.8 - - [23/Jun/2025:18:27:19 +0300] "PUT  HTTP/1.1" 503 2088 "-" Mozilla/5.0 (Windows NT 10.0; Win64; x64; rv:115.0) Gecko/20100101 Firefox/115.0
185.199.108.153 - - [23/Jun/2025:18:27:19 +0300] "GET /blog/2025/06/23/article-title HTTP/1.1" 404 2040 "-" Mozilla/5.0 (Windows NT 10.0; Win64; x64; rv:115.0) Gecko/20100101 Firefox/115.0
62.217.190.200 - - [23/Jun/2025:18:27:19 +0300] "PATCH /download/file.zip HTTP/1.1" 501 1011 "-" Mozilla/5.0 (Windows NT 10.0; Win64; x64) AppleWebKit/537.36 (KHTML, like Gecko) Edge/91.0.864.67 Safari/537.36
216.58.209.78 - - [23/Jun/2025:18:27:20 +0300] "DELETE /search HTTP/1.1" 500 1570 "-" Mozilla/5.0 (Macintosh; Intel Mac OS X 12_4) AppleWebKit/605.1.15 (KHTML, like Gecko) Version/15.5 Safari/605.1.15
216.58.209.78 - - [23/Jun/2025:18:27:20 +0300] "PUT /search HTTP/1.1" 500 1456 "-" Mozilla/5.0 (compatible; Googlebot/2.1; +http://www.google.com/bot.html)
10.0.0.12 - - [23/Jun/2025:18:27:20 +0300] "GET /about HTTP/1.1" 201 2208 "-" Mozilla/5.0 (compatible; MSIE 10.0; Windows NT 6.1; Trident/6.0)
192.168.1.45 - - [23/Jun/2025:18:27:20 +0300] "DELETE /index.html HTTP/1.1" 200 600 "-" Mozilla/5.0 (Windows NT 10.0; Win64; x64) AppleWebKit/537.36 (KHTML, like Gecko) Edge/91.0.864.67 Safari/537.36
198.51.100.14 - - [23/Jun/2025:18:27:20 +0300] "GET /contact-us HTTP/1.1" 403 330 "-" Mozilla/5.0 (Windows NT 10.0; Win64; x64) AppleWebKit/537.36 (KHTML, like Gecko) Edge/91.0.864.67 Safari/537.36
142.250.190.14 - - [23/Jun/2025:18:27:20 +0300] "PATCH /settings HTTP/1.1" 502 2039 "-" Mozilla/5.0 (Macintosh; Intel Mac OS X 12_4) AppleWebKit/605.1.15 (KHTML, like Gecko) Version/15.5 Safari/605.1.15
203.0.113.27 - - [23/Jun/2025:18:27:20 +0300] "PATCH /api/v1/users/images/logo.png HTTP/1.1" 401 1062 "-" Mozilla/5.0 (Linux; Android 10; SM-G975F) AppleWebKit/537.36 (KHTML, like Gecko) Chrome/111.0.0.0 Mobile Safari/537.36
185.199.108.153 - - [23/Jun/2025:18:27:20 +0300] "DELETE /blog/2025/06/23/article-title HTTP/1.1" 404 625 "-" Mozilla/5.0 (Macintosh; Intel Mac OS X 12_4) AppleWebKit/605.1.15 (KHTML, like Gecko) Version/15.5 Safari/605.1.15
77.88.8.8 - - [23/Jun/2025:18:27:20 +0300] "DELETE  HTTP/1.1" 503 1476 "-" Mozilla/5.0 (compatible; Googlebot/2.1; +http://www.google.com/bot.html)
192.168.1.45 - - [23/Jun/2025:18:27:20 +0300] "DELETE /index.html HTTP/1.1" 200 1352 "-" Mozilla/5.0 (compatible; MSIE 10.0; Windows NT 6.1; Trident/6.0)
185.199.108.153 - - [23/Jun/2025:18:27:20 +0300] "PATCH /blog/2025/06/23/article-title HTTP/1.1" 404 385 "-" Opera/9.80 (Windows NT 6.1; WOW64) Presto/2.12.388 Version/12.16
185.199.108.153 - - [23/Jun/2025:18:27:20 +0300] "DELETE /blog/2025/06/23/article-title HTTP/1.1" 404 478 "-" Mozilla/5.0 (compatible; Googlebot/2.1; +http://www.google.com/bot.html)
198.51.100.14 - - [23/Jun/2025:18:27:20 +0300] "PATCH /contact-us HTTP/1.1" 403 719 "-" curl/8.1.2
62.217.190.200 - - [23/Jun/2025:18:27:20 +0300] "PUT /download/file.zip HTTP/1.1" 501 592 "-" Mozilla/5.0 (Windows NT 10.0; Win64; x64) AppleWebKit/537.36 (KHTML, like Gecko) Edge/91.0.864.67 Safari/537.36
203.0.113.27 - - [23/Jun/2025:18:27:20 +0300] "GET /api/v1/users/images/logo.png HTTP/1.1" 401 1582 "-" Mozilla/5.0 (Windows NT 10.0; Win64; x64) AppleWebKit/537.36 (KHTML, like Gecko) Edge/91.0.864.67 Safari/537.36
198.51.100.14 - - [23/Jun/2025:18:27:20 +0300] "PATCH /contact-us HTTP/1.1" 403 608 "-" Mozilla/5.0 (Windows NT 6.1; WOW64) AppleWebKit/537.36 (KHTML, like Gecko) Chrome/58.0.3029.110 Safari/537.36
203.0.113.27 - - [23/Jun/2025:18:27:20 +0300] "POST /api/v1/users/images/logo.png HTTP/1.1" 401 1676 "-" Mozilla/5.0 (compatible; MSIE 10.0; Windows NT 6.1; Trident/6.0)
77.88.8.8 - - [23/Jun/2025:18:27:20 +0300] "PUT  HTTP/1.1" 503 670 "-" Mozilla/5.0 (Linux; Android 10; SM-G975F) AppleWebKit/537.36 (KHTML, like Gecko) Chrome/111.0.0.0 Mobile Safari/537.36
216.58.209.78 - - [23/Jun/2025:18:27:20 +0300] "PUT /search HTTP/1.1" 500 984 "-" Mozilla/5.0 (Macintosh; Intel Mac OS X 12_4) AppleWebKit/605.1.15 (KHTML, like Gecko) Version/15.5 Safari/605.1.15
142.250.190.14 - - [23/Jun/2025:18:27:20 +0300] "PUT /settings HTTP/1.1" 502 2037 "-" Mozilla/5.0 (compatible; Googlebot/2.1; +http://www.google.com/bot.html)
10.0.0.12 - - [23/Jun/2025:18:27:20 +0300] "DELETE /about HTTP/1.1" 201 1215 "-" Mozilla/5.0 (X11; Linux x86_64) AppleWebKit/537.36 (KHTML, like Gecko) Chrome/117.0.0.0 Safari/537.36
198.51.100.14 - - [23/Jun/2025:18:27:20 +0300] "POST /contact-us HTTP/1.1" 403 1417 "-" Mozilla/5.0 (Windows NT 6.1; WOW64) AppleWebKit/537.36 (KHTML, like Gecko) Chrome/58.0.3029.110 Safari/537.36
198.51.100.14 - - [23/Jun/2025:18:27:20 +0300] "POST /contact-us HTTP/1.1" 403 553 "-" Opera/9.80 (Windows NT 6.1; WOW64) Presto/2.12.388 Version/12.16
172.16.5.3 - - [23/Jun/2025:18:27:20 +0300] "PATCH /products/item123 HTTP/1.1" 400 1935 "-" curl/8.1.2
216.58.209.78 - - [23/Jun/2025:18:27:20 +0300] "PATCH /search HTTP/1.1" 500 1122 "-" curl/8.1.2
10.0.0.12 - - [23/Jun/2025:18:27:20 +0300] "DELETE /about HTTP/1.1" 201 1667 "-" Mozilla/5.0 (X11; Linux x86_64) AppleWebKit/537.36 (KHTML, like Gecko) Chrome/117.0.0.0 Safari/537.36
216.58.209.78 - - [23/Jun/2025:18:27:20 +0300] "POST /search HTTP/1.1" 500 1117 "-" Mozilla/5.0 (Linux; Android 10; SM-G975F) AppleWebKit/537.36 (KHTML, like Gecko) Chrome/111.0.0.0 Mobile Safari/537.36
77.88.8.8 - - [23/Jun/2025:18:27:20 +0300] "PATCH  HTTP/1.1" 503 1591 "-" Mozilla/5.0 (Windows NT 10.0; Win64; x64; rv:115.0) Gecko/20100101 Firefox/115.0
203.0.113.27 - - [23/Jun/2025:18:27:20 +0300] "PUT /api/v1/users/images/logo.png HTTP/1.1" 401 457 "-" Mozilla/5.0 (Windows NT 6.1; WOW64) AppleWebKit/537.36 (KHTML, like Gecko) Chrome/58.0.3029.110 Safari/537.36
192.168.1.45 - - [23/Jun/2025:18:27:20 +0300] "DELETE /index.html HTTP/1.1" 200 665 "-" Mozilla/5.0 (Windows NT 6.1; WOW64) AppleWebKit/537.36 (KHTML, like Gecko) Chrome/58.0.3029.110 Safari/537.36
10.0.0.12 - - [23/Jun/2025:18:27:20 +0300] "PUT /about HTTP/1.1" 201 702 "-" Mozilla/5.0 (X11; Linux x86_64) AppleWebKit/537.36 (KHTML, like Gecko) Chrome/117.0.0.0 Safari/537.36
185.199.108.153 - - [23/Jun/2025:18:27:20 +0300] "POST /blog/2025/06/23/article-title HTTP/1.1" 404 1180 "-" Opera/9.80 (Windows NT 6.1; WOW64) Presto/2.12.388 Version/12.16
10.0.0.12 - - [23/Jun/2025:18:27:20 +0300] "PUT /about HTTP/1.1" 201 568 "-" Mozilla/5.0 (compatible; MSIE 10.0; Windows NT 6.1; Trident/6.0)
62.217.190.200 - - [23/Jun/2025:18:27:20 +0300] "POST /download/file.zip HTTP/1.1" 501 1787 "-" Mozilla/5.0 (Macintosh; Intel Mac OS X 12_4) AppleWebKit/605.1.15 (KHTML, like Gecko) Version/15.5 Safari/605.1.15
172.16.5.3 - - [23/Jun/2025:18:27:20 +0300] "GET /products/item123 HTTP/1.1" 400 1101 "-" curl/8.1.2
216.58.209.78 - - [23/Jun/2025:18:27:20 +0300] "DELETE /search HTTP/1.1" 500 915 "-" Mozilla/5.0 (compatible; Googlebot/2.1; +http://www.google.com/bot.html)
62.217.190.200 - - [23/Jun/2025:18:27:20 +0300] "PATCH /download/file.zip HTTP/1.1" 501 455 "-" Mozilla/5.0 (compatible; MSIE 10.0; Windows NT 6.1; Trident/6.0)
216.58.209.78 - - [23/Jun/2025:18:27:20 +0300] "GET /search HTTP/1.1" 500 2303 "-" Mozilla/5.0 (Windows NT 10.0; Win64; x64) AppleWebKit/537.36 (KHTML, like Gecko) Edge/91.0.864.67 Safari/537.36
10.0.0.12 - - [23/Jun/2025:18:27:20 +0300] "GET /about HTTP/1.1" 201 1642 "-" Mozilla/5.0 (Macintosh; Intel Mac OS X 12_4) AppleWebKit/605.1.15 (KHTML, like Gecko) Version/15.5 Safari/605.1.15
10.0.0.12 - - [23/Jun/2025:18:27:20 +0300] "DELETE /about HTTP/1.1" 201 1488 "-" curl/8.1.2
203.0.113.27 - - [23/Jun/2025:18:27:20 +0300] "DELETE /api/v1/users/images/logo.png HTTP/1.1" 401 1565 "-" Mozilla/5.0 (Windows NT 10.0; Win64; x64; rv:115.0) Gecko/20100101 Firefox/115.0
185.199.108.153 - - [23/Jun/2025:18:27:20 +0300] "POST /blog/2025/06/23/article-title HTTP/1.1" 404 1763 "-" Mozilla/5.0 (Windows NT 10.0; Win64; x64; rv:115.0) Gecko/20100101 Firefox/115.0
198.51.100.14 - - [23/Jun/2025:18:27:20 +0300] "PUT /contact-us HTTP/1.1" 403 857 "-" Mozilla/5.0 (Linux; Android 10; SM-G975F) AppleWebKit/537.36 (KHTML, like Gecko) Chrome/111.0.0.0 Mobile Safari/537.36
192.168.1.45 - - [23/Jun/2025:18:27:20 +0300] "POST /index.html HTTP/1.1" 200 400 "-" Mozilla/5.0 (X11; Linux x86_64) AppleWebKit/537.36 (KHTML, like Gecko) Chrome/117.0.0.0 Safari/537.36
62.217.190.200 - - [23/Jun/2025:18:27:20 +0300] "GET /download/file.zip HTTP/1.1" 501 2106 "-" Mozilla/5.0 (Windows NT 10.0; Win64; x64; rv:115.0) Gecko/20100101 Firefox/115.0
203.0.113.27 - - [23/Jun/2025:18:27:20 +0300] "PUT /api/v1/users/images/logo.png HTTP/1.1" 401 347 "-" Mozilla/5.0 (Linux; Android 10; SM-G975F) AppleWebKit/537.36 (KHTML, like Gecko) Chrome/111.0.0.0 Mobile Safari/537.36
10.0.0.12 - - [23/Jun/2025:18:27:21 +0300] "DELETE /about HTTP/1.1" 201 561 "-" curl/8.1.2
216.58.209.78 - - [23/Jun/2025:18:27:21 +0300] "DELETE /search HTTP/1.1" 500 1115 "-" Mozilla/5.0 (Windows NT 6.1; WOW64) AppleWebKit/537.36 (KHTML, like Gecko) Chrome/58.0.3029.110 Safari/537.36
192.168.1.45 - - [23/Jun/2025:18:27:21 +0300] "POST /index.html HTTP/1.1" 200 1700 "-" Mozilla/5.0 (Windows NT 10.0; Win64; x64) AppleWebKit/537.36 (KHTML, like Gecko) Edge/91.0.864.67 Safari/537.36
172.16.5.3 - - [23/Jun/2025:18:27:21 +0300] "GET /products/item123 HTTP/1.1" 400 2286 "-" Mozilla/5.0 (X11; Linux x86_64) AppleWebKit/537.36 (KHTML, like Gecko) Chrome/117.0.0.0 Safari/537.36
62.217.190.200 - - [23/Jun/2025:18:27:21 +0300] "PUT /download/file.zip HTTP/1.1" 501 1409 "-" Mozilla/5.0 (Macintosh; Intel Mac OS X 12_4) AppleWebKit/605.1.15 (KHTML, like Gecko) Version/15.5 Safari/605.1.15
203.0.113.27 - - [23/Jun/2025:18:27:21 +0300] "PATCH /api/v1/users/images/logo.png HTTP/1.1" 401 907 "-" Mozilla/5.0 (Windows NT 10.0; Win64; x64; rv:115.0) Gecko/20100101 Firefox/115.0
216.58.209.78 - - [23/Jun/2025:18:27:21 +0300] "DELETE /search HTTP/1.1" 500 783 "-" Opera/9.80 (Windows NT 6.1; WOW64) Presto/2.12.388 Version/12.16
216.58.209.78 - - [23/Jun/2025:18:27:21 +0300] "DELETE /search HTTP/1.1" 500 2039 "-" curl/8.1.2
142.250.190.14 - - [23/Jun/2025:18:27:21 +0300] "PUT /settings HTTP/1.1" 502 604 "-" Mozilla/5.0 (Macintosh; Intel Mac OS X 12_4) AppleWebKit/605.1.15 (KHTML, like Gecko) Version/15.5 Safari/605.1.15
198.51.100.14 - - [23/Jun/2025:18:27:21 +0300] "PUT /contact-us HTTP/1.1" 403 703 "-" Mozilla/5.0 (Windows NT 10.0; Win64; x64; rv:115.0) Gecko/20100101 Firefox/115.0
62.217.190.200 - - [23/Jun/2025:18:27:21 +0300] "GET /download/file.zip HTTP/1.1" 501 319 "-" Mozilla/5.0 (Macintosh; Intel Mac OS X 12_4) AppleWebKit/605.1.15 (KHTML, like Gecko) Version/15.5 Safari/605.1.15
216.58.209.78 - - [23/Jun/2025:18:27:21 +0300] "GET /search HTTP/1.1" 500 892 "-" Mozilla/5.0 (Windows NT 6.1; WOW64) AppleWebKit/537.36 (KHTML, like Gecko) Chrome/58.0.3029.110 Safari/537.36
77.88.8.8 - - [23/Jun/2025:18:27:21 +0300] "DELETE  HTTP/1.1" 503 743 "-" Mozilla/5.0 (compatible; MSIE 10.0; Windows NT 6.1; Trident/6.0)
192.168.1.45 - - [23/Jun/2025:18:27:21 +0300] "PUT /index.html HTTP/1.1" 200 2010 "-" curl/8.1.2
172.16.5.3 - - [23/Jun/2025:18:27:21 +0300] "GET /products/item123 HTTP/1.1" 400 2092 "-" Opera/9.80 (Windows NT 6.1; WOW64) Presto/2.12.388 Version/12.16
203.0.113.27 - - [23/Jun/2025:18:27:21 +0300] "GET /api/v1/users/images/logo.png HTTP/1.1" 401 2392 "-" Mozilla/5.0 (Windows NT 10.0; Win64; x64) AppleWebKit/537.36 (KHTML, like Gecko) Edge/91.0.864.67 Safari/537.36
203.0.113.27 - - [23/Jun/2025:18:27:21 +0300] "PUT /api/v1/users/images/logo.png HTTP/1.1" 401 523 "-" Mozilla/5.0 (compatible; Googlebot/2.1; +http://www.google.com/bot.html)
185.199.108.153 - - [23/Jun/2025:18:27:21 +0300] "POST /blog/2025/06/23/article-title HTTP/1.1" 404 896 "-" Mozilla/5.0 (compatible; Googlebot/2.1; +http://www.google.com/bot.html)
185.199.108.153 - - [23/Jun/2025:18:27:21 +0300] "GET /blog/2025/06/23/article-title HTTP/1.1" 404 2395 "-" Mozilla/5.0 (Windows NT 10.0; Win64; x64; rv:115.0) Gecko/20100101 Firefox/115.0
10.0.0.12 - - [23/Jun/2025:18:27:21 +0300] "PATCH /about HTTP/1.1" 201 1054 "-" curl/8.1.2
192.168.1.45 - - [23/Jun/2025:18:27:21 +0300] "GET /index.html HTTP/1.1" 200 2009 "-" Mozilla/5.0 (Windows NT 10.0; Win64; x64; rv:115.0) Gecko/20100101 Firefox/115.0
203.0.113.27 - - [23/Jun/2025:18:27:21 +0300] "POST /api/v1/users/images/logo.png HTTP/1.1" 401 2048 "-" curl/8.1.2
172.16.5.3 - - [23/Jun/2025:18:27:21 +0300] "GET /products/item123 HTTP/1.1" 400 2013 "-" Mozilla/5.0 (compatible; Googlebot/2.1; +http://www.google.com/bot.html)
77.88.8.8 - - [23/Jun/2025:18:27:21 +0300] "POST  HTTP/1.1" 503 2139 "-" Mozilla/5.0 (Windows NT 10.0; Win64; x64; rv:115.0) Gecko/20100101 Firefox/115.0
192.168.1.45 - - [23/Jun/2025:18:27:21 +0300] "GET /index.html HTTP/1.1" 200 2191 "-" Mozilla/5.0 (Windows NT 6.1; WOW64) AppleWebKit/537.36 (KHTML, like Gecko) Chrome/58.0.3029.110 Safari/537.36
198.51.100.14 - - [23/Jun/2025:18:27:21 +0300] "GET /contact-us HTTP/1.1" 403 719 "-" Opera/9.80 (Windows NT 6.1; WOW64) Presto/2.12.388 Version/12.16
192.168.1.45 - - [23/Jun/2025:18:27:21 +0300] "PATCH /index.html HTTP/1.1" 200 1407 "-" Mozilla/5.0 (compatible; MSIE 10.0; Windows NT 6.1; Trident/6.0)
185.199.108.153 - - [23/Jun/2025:18:27:21 +0300] "PUT /blog/2025/06/23/article-title HTTP/1.1" 404 738 "-" Mozilla/5.0 (Windows NT 6.1; WOW64) AppleWebKit/537.36 (KHTML, like Gecko) Chrome/58.0.3029.110 Safari/537.36
77.88.8.8 - - [23/Jun/2025:18:27:21 +0300] "PATCH  HTTP/1.1" 503 1534 "-" Mozilla/5.0 (Linux; Android 10; SM-G975F) AppleWebKit/537.36 (KHTML, like Gecko) Chrome/111.0.0.0 Mobile Safari/537.36
62.217.190.200 - - [23/Jun/2025:18:27:21 +0300] "PATCH /download/file.zip HTTP/1.1" 501 2084 "-" Mozilla/5.0 (X11; Linux x86_64) AppleWebKit/537.36 (KHTML, like Gecko) Chrome/117.0.0.0 Safari/537.36
172.16.5.3 - - [23/Jun/2025:18:27:21 +0300] "PUT /products/item123 HTTP/1.1" 400 673 "-" Mozilla/5.0 (X11; Linux x86_64) AppleWebKit/537.36 (KHTML, like Gecko) Chrome/117.0.0.0 Safari/537.36
198.51.100.14 - - [23/Jun/2025:18:27:21 +0300] "POST /contact-us HTTP/1.1" 403 510 "-" Mozilla/5.0 (Macintosh; Intel Mac OS X 12_4) AppleWebKit/605.1.15 (KHTML, like Gecko) Version/15.5 Safari/605.1.15
77.88.8.8 - - [23/Jun/2025:18:27:21 +0300] "GET  HTTP/1.1" 503 1224 "-" Opera/9.80 (Windows NT 6.1; WOW64) Presto/2.12.388 Version/12.16
203.0.113.27 - - [23/Jun/2025:18:27:21 +0300] "PUT /api/v1/users/images/logo.png HTTP/1.1" 401 1633 "-" Mozilla/5.0 (Macintosh; Intel Mac OS X 12_4) AppleWebKit/605.1.15 (KHTML, like Gecko) Version/15.5 Safari/605.1.15
185.199.108.153 - - [23/Jun/2025:18:27:21 +0300] "PUT /blog/2025/06/23/article-title HTTP/1.1" 404 566 "-" Opera/9.80 (Windows NT 6.1; WOW64) Presto/2.12.388 Version/12.16
185.199.108.153 - - [23/Jun/2025:18:27:21 +0300] "POST /blog/2025/06/23/article-title HTTP/1.1" 404 1411 "-" Mozilla/5.0 (Windows NT 10.0; Win64; x64) AppleWebKit/537.36 (KHTML, like Gecko) Edge/91.0.864.67 Safari/537.36
172.16.5.3 - - [23/Jun/2025:18:27:21 +0300] "GET /products/item123 HTTP/1.1" 400 659 "-" Mozilla/5.0 (Windows NT 6.1; WOW64) AppleWebKit/537.36 (KHTML, like Gecko) Chrome/58.0.3029.110 Safari/537.36
172.16.5.3 - - [23/Jun/2025:18:27:21 +0300] "DELETE /products/item123 HTTP/1.1" 400 2414 "-" Mozilla/5.0 (Windows NT 10.0; Win64; x64; rv:115.0) Gecko/20100101 Firefox/115.0
203.0.113.27 - - [23/Jun/2025:18:27:21 +0300] "PATCH /api/v1/users/images/logo.png HTTP/1.1" 401 1405 "-" Mozilla/5.0 (Macintosh; Intel Mac OS X 12_4) AppleWebKit/605.1.15 (KHTML, like Gecko) Version/15.5 Safari/605.1.15
185.199.108.153 - - [23/Jun/2025:18:27:21 +0300] "POST /blog/2025/06/23/article-title HTTP/1.1" 404 1130 "-" Mozilla/5.0 (Windows NT 10.0; Win64; x64) AppleWebKit/537.36 (KHTML, like Gecko) Edge/91.0.864.67 Safari/537.36
192.168.1.45 - - [23/Jun/2025:18:27:21 +0300] "DELETE /index.html HTTP/1.1" 200 1538 "-" Mozilla/5.0 (Linux; Android 10; SM-G975F) AppleWebKit/537.36 (KHTML, like Gecko) Chrome/111.0.0.0 Mobile Safari/537.36
198.51.100.14 - - [23/Jun/2025:18:27:21 +0300] "DELETE /contact-us HTTP/1.1" 403 1193 "-" Opera/9.80 (Windows NT 6.1; WOW64) Presto/2.12.388 Version/12.16
185.199.108.153 - - [23/Jun/2025:18:27:21 +0300] "GET /blog/2025/06/23/article-title HTTP/1.1" 404 2160 "-" Mozilla/5.0 (X11; Linux x86_64) AppleWebKit/537.36 (KHTML, like Gecko) Chrome/117.0.0.0 Safari/537.36
198.51.100.14 - - [23/Jun/2025:18:27:21 +0300] "POST /contact-us HTTP/1.1" 403 1169 "-" Mozilla/5.0 (Macintosh; Intel Mac OS X 12_4) AppleWebKit/605.1.15 (KHTML, like Gecko) Version/15.5 Safari/605.1.15
10.0.0.12 - - [23/Jun/2025:18:27:22 +0300] "POST /about HTTP/1.1" 201 1533 "-" Mozilla/5.0 (compatible; MSIE 10.0; Windows NT 6.1; Trident/6.0)
198.51.100.14 - - [23/Jun/2025:18:27:22 +0300] "POST /contact-us HTTP/1.1" 403 931 "-" Mozilla/5.0 (Macintosh; Intel Mac OS X 12_4) AppleWebKit/605.1.15 (KHTML, like Gecko) Version/15.5 Safari/605.1.15
142.250.190.14 - - [23/Jun/2025:18:27:22 +0300] "DELETE /settings HTTP/1.1" 502 354 "-" curl/8.1.2
185.199.108.153 - - [23/Jun/2025:18:27:22 +0300] "GET /blog/2025/06/23/article-title HTTP/1.1" 404 994 "-" Mozilla/5.0 (Windows NT 10.0; Win64; x64) AppleWebKit/537.36 (KHTML, like Gecko) Edge/91.0.864.67 Safari/537.36
216.58.209.78 - - [23/Jun/2025:18:27:22 +0300] "DELETE /search HTTP/1.1" 500 369 "-" Mozilla/5.0 (Windows NT 10.0; Win64; x64) AppleWebKit/537.36 (KHTML, like Gecko) Edge/91.0.864.67 Safari/537.36
10.0.0.12 - - [23/Jun/2025:18:27:22 +0300] "PATCH /about HTTP/1.1" 201 2123 "-" Mozilla/5.0 (Windows NT 6.1; WOW64) AppleWebKit/537.36 (KHTML, like Gecko) Chrome/58.0.3029.110 Safari/537.36
192.168.1.45 - - [23/Jun/2025:18:27:22 +0300] "GET /index.html HTTP/1.1" 200 1630 "-" Mozilla/5.0 (Windows NT 6.1; WOW64) AppleWebKit/537.36 (KHTML, like Gecko) Chrome/58.0.3029.110 Safari/537.36
62.217.190.200 - - [23/Jun/2025:18:27:22 +0300] "DELETE /download/file.zip HTTP/1.1" 501 1436 "-" Mozilla/5.0 (X11; Linux x86_64) AppleWebKit/537.36 (KHTML, like Gecko) Chrome/117.0.0.0 Safari/537.36
62.217.190.200 - - [23/Jun/2025:18:27:22 +0300] "DELETE /download/file.zip HTTP/1.1" 501 1928 "-" Mozilla/5.0 (Windows NT 10.0; Win64; x64) AppleWebKit/537.36 (KHTML, like Gecko) Edge/91.0.864.67 Safari/537.36
62.217.190.200 - - [23/Jun/2025:18:27:22 +0300] "PATCH /download/file.zip HTTP/1.1" 501 1395 "-" Mozilla/5.0 (Windows NT 6.1; WOW64) AppleWebKit/537.36 (KHTML, like Gecko) Chrome/58.0.3029.110 Safari/537.36
185.199.108.153 - - [23/Jun/2025:18:27:22 +0300] "PATCH /blog/2025/06/23/article-title HTTP/1.1" 404 2255 "-" Opera/9.80 (Windows NT 6.1; WOW64) Presto/2.12.388 Version/12.16
62.217.190.200 - - [23/Jun/2025:18:27:22 +0300] "PUT /download/file.zip HTTP/1.1" 501 1311 "-" Mozilla/5.0 (Windows NT 10.0; Win64; x64; rv:115.0) Gecko/20100101 Firefox/115.0
77.88.8.8 - - [23/Jun/2025:18:27:22 +0300] "PATCH  HTTP/1.1" 503 1640 "-" curl/8.1.2
192.168.1.45 - - [23/Jun/2025:18:27:22 +0300] "PATCH /index.html HTTP/1.1" 200 2127 "-" Mozilla/5.0 (compatible; Googlebot/2.1; +http://www.google.com/bot.html)
142.250.190.14 - - [23/Jun/2025:18:27:22 +0300] "PUT /settings HTTP/1.1" 502 1381 "-" Mozilla/5.0 (Windows NT 10.0; Win64; x64) AppleWebKit/537.36 (KHTML, like Gecko) Edge/91.0.864.67 Safari/537.36
198.51.100.14 - - [23/Jun/2025:18:27:22 +0300] "GET /contact-us HTTP/1.1" 403 2013 "-" Mozilla/5.0 (Windows NT 10.0; Win64; x64) AppleWebKit/537.36 (KHTML, like Gecko) Edge/91.0.864.67 Safari/537.36
62.217.190.200 - - [23/Jun/2025:18:27:22 +0300] "DELETE /download/file.zip HTTP/1.1" 501 2023 "-" Mozilla/5.0 (Macintosh; Intel Mac OS X 12_4) AppleWebKit/605.1.15 (KHTML, like Gecko) Version/15.5 Safari/605.1.15
62.217.190.200 - - [23/Jun/2025:18:27:22 +0300] "PATCH /download/file.zip HTTP/1.1" 501 433 "-" Mozilla/5.0 (X11; Linux x86_64) AppleWebKit/537.36 (KHTML, like Gecko) Chrome/117.0.0.0 Safari/537.36
192.168.1.45 - - [23/Jun/2025:18:27:22 +0300] "PUT /index.html HTTP/1.1" 200 1517 "-" Mozilla/5.0 (Linux; Android 10; SM-G975F) AppleWebKit/537.36 (KHTML, like Gecko) Chrome/111.0.0.0 Mobile Safari/537.36
185.199.108.153 - - [23/Jun/2025:18:27:22 +0300] "PATCH /blog/2025/06/23/article-title HTTP/1.1" 404 1053 "-" Mozilla/5.0 (compatible; Googlebot/2.1; +http://www.google.com/bot.html)
172.16.5.3 - - [23/Jun/2025:18:27:22 +0300] "POST /products/item123 HTTP/1.1" 400 1847 "-" Mozilla/5.0 (Windows NT 10.0; Win64; x64) AppleWebKit/537.36 (KHTML, like Gecko) Edge/91.0.864.67 Safari/537.36
77.88.8.8 - - [23/Jun/2025:18:27:22 +0300] "POST  HTTP/1.1" 503 1171 "-" Mozilla/5.0 (Windows NT 10.0; Win64; x64) AppleWebKit/537.36 (KHTML, like Gecko) Edge/91.0.864.67 Safari/537.36
77.88.8.8 - - [23/Jun/2025:18:27:22 +0300] "PATCH  HTTP/1.1" 503 1498 "-" Mozilla/5.0 (Macintosh; Intel Mac OS X 12_4) AppleWebKit/605.1.15 (KHTML, like Gecko) Version/15.5 Safari/605.1.15
142.250.190.14 - - [23/Jun/2025:18:27:22 +0300] "PUT /settings HTTP/1.1" 502 2483 "-" Mozilla/5.0 (Windows NT 10.0; Win64; x64; rv:115.0) Gecko/20100101 Firefox/115.0
142.250.190.14 - - [23/Jun/2025:18:27:22 +0300] "GET /settings HTTP/1.1" 502 645 "-" Mozilla/5.0 (X11; Linux x86_64) AppleWebKit/537.36 (KHTML, like Gecko) Chrome/117.0.0.0 Safari/537.36
62.217.190.200 - - [23/Jun/2025:18:27:22 +0300] "PATCH /download/file.zip HTTP/1.1" 501 1309 "-" Mozilla/5.0 (Windows NT 10.0; Win64; x64) AppleWebKit/537.36 (KHTML, like Gecko) Edge/91.0.864.67 Safari/537.36
62.217.190.200 - - [23/Jun/2025:18:27:22 +0300] "PATCH /download/file.zip HTTP/1.1" 501 436 "-" Mozilla/5.0 (compatible; Googlebot/2.1; +http://www.google.com/bot.html)
216.58.209.78 - - [23/Jun/2025:18:27:22 +0300] "POST /search HTTP/1.1" 500 1396 "-" Mozilla/5.0 (Macintosh; Intel Mac OS X 12_4) AppleWebKit/605.1.15 (KHTML, like Gecko) Version/15.5 Safari/605.1.15
62.217.190.200 - - [23/Jun/2025:18:27:22 +0300] "POST /download/file.zip HTTP/1.1" 501 2044 "-" Opera/9.80 (Windows NT 6.1; WOW64) Presto/2.12.388 Version/12.16
185.199.108.153 - - [23/Jun/2025:18:27:22 +0300] "DELETE /blog/2025/06/23/article-title HTTP/1.1" 404 2045 "-" Mozilla/5.0 (Macintosh; Intel Mac OS X 12_4) AppleWebKit/605.1.15 (KHTML, like Gecko) Version/15.5 Safari/605.1.15
185.199.108.153 - - [23/Jun/2025:18:27:22 +0300] "GET /blog/2025/06/23/article-title HTTP/1.1" 404 1003 "-" Mozilla/5.0 (Macintosh; Intel Mac OS X 12_4) AppleWebKit/605.1.15 (KHTML, like Gecko) Version/15.5 Safari/605.1.15
192.168.1.45 - - [23/Jun/2025:18:27:22 +0300] "POST /index.html HTTP/1.1" 200 1196 "-" Mozilla/5.0 (Linux; Android 10; SM-G975F) AppleWebKit/537.36 (KHTML, like Gecko) Chrome/111.0.0.0 Mobile Safari/537.36
77.88.8.8 - - [23/Jun/2025:18:27:22 +0300] "PUT  HTTP/1.1" 503 1795 "-" Mozilla/5.0 (X11; Linux x86_64) AppleWebKit/537.36 (KHTML, like Gecko) Chrome/117.0.0.0 Safari/537.36
185.199.108.153 - - [23/Jun/2025:18:27:22 +0300] "PUT /blog/2025/06/23/article-title HTTP/1.1" 404 1640 "-" Mozilla/5.0 (compatible; MSIE 10.0; Windows NT 6.1; Trident/6.0)
77.88.8.8 - - [23/Jun/2025:18:27:22 +0300] "DELETE  HTTP/1.1" 503 500 "-" Mozilla/5.0 (Macintosh; Intel Mac OS X 12_4) AppleWebKit/605.1.15 (KHTML, like Gecko) Version/15.5 Safari/605.1.15
198.51.100.14 - - [23/Jun/2025:18:27:22 +0300] "POST /contact-us HTTP/1.1" 403 2134 "-" curl/8.1.2
216.58.209.78 - - [23/Jun/2025:18:27:22 +0300] "POST /search HTTP/1.1" 500 1225 "-" Mozilla/5.0 (Windows NT 10.0; Win64; x64; rv:115.0) Gecko/20100101 Firefox/115.0
77.88.8.8 - - [23/Jun/2025:18:27:22 +0300] "PATCH  HTTP/1.1" 503 2157 "-" Opera/9.80 (Windows NT 6.1; WOW64) Presto/2.12.388 Version/12.16
203.0.113.27 - - [23/Jun/2025:18:27:22 +0300] "GET /api/v1/users/images/logo.png HTTP/1.1" 401 2291 "-" Mozilla/5.0 (compatible; Googlebot/2.1; +http://www.google.com/bot.html)
198.51.100.14 - - [23/Jun/2025:18:27:22 +0300] "PATCH /contact-us HTTP/1.1" 403 352 "-" Mozilla/5.0 (Windows NT 10.0; Win64; x64; rv:115.0) Gecko/20100101 Firefox/115.0
10.0.0.12 - - [23/Jun/2025:18:27:22 +0300] "PUT /about HTTP/1.1" 201 2302 "-" Mozilla/5.0 (Windows NT 6.1; WOW64) AppleWebKit/537.36 (KHTML, like Gecko) Chrome/58.0.3029.110 Safari/537.36
10.0.0.12 - - [23/Jun/2025:18:27:22 +0300] "DELETE /about HTTP/1.1" 201 2020 "-" Opera/9.80 (Windows NT 6.1; WOW64) Presto/2.12.388 Version/12.16
142.250.190.14 - - [23/Jun/2025:18:27:22 +0300] "POST /settings HTTP/1.1" 502 1630 "-" Mozilla/5.0 (Windows NT 10.0; Win64; x64) AppleWebKit/537.36 (KHTML, like Gecko) Edge/91.0.864.67 Safari/537.36
192.168.1.45 - - [23/Jun/2025:18:27:22 +0300] "DELETE /index.html HTTP/1.1" 200 410 "-" Mozilla/5.0 (X11; Linux x86_64) AppleWebKit/537.36 (KHTML, like Gecko) Chrome/117.0.0.0 Safari/537.36
192.168.1.45 - - [23/Jun/2025:18:27:22 +0300] "DELETE /index.html HTTP/1.1" 200 1554 "-" Mozilla/5.0 (Windows NT 10.0; Win64; x64; rv:115.0) Gecko/20100101 Firefox/115.0
198.51.100.14 - - [23/Jun/2025:18:27:22 +0300] "POST /contact-us HTTP/1.1" 403 1108 "-" Mozilla/5.0 (compatible; Googlebot/2.1; +http://www.google.com/bot.html)
62.217.190.200 - - [23/Jun/2025:18:27:23 +0300] "PATCH /download/file.zip HTTP/1.1" 501 2412 "-" Mozilla/5.0 (Windows NT 10.0; Win64; x64; rv:115.0) Gecko/20100101 Firefox/115.0
216.58.209.78 - - [23/Jun/2025:18:27:23 +0300] "POST /search HTTP/1.1" 500 1280 "-" curl/8.1.2
192.168.1.45 - - [23/Jun/2025:18:27:23 +0300] "GET /index.html HTTP/1.1" 200 1841 "-" Mozilla/5.0 (Macintosh; Intel Mac OS X 12_4) AppleWebKit/605.1.15 (KHTML, like Gecko) Version/15.5 Safari/605.1.15
172.16.5.3 - - [23/Jun/2025:18:27:23 +0300] "GET /products/item123 HTTP/1.1" 400 2427 "-" Mozilla/5.0 (Macintosh; Intel Mac OS X 12_4) AppleWebKit/605.1.15 (KHTML, like Gecko) Version/15.5 Safari/605.1.15
203.0.113.27 - - [23/Jun/2025:18:27:23 +0300] "PATCH /api/v1/users/images/logo.png HTTP/1.1" 401 830 "-" Mozilla/5.0 (compatible; Googlebot/2.1; +http://www.google.com/bot.html)
142.250.190.14 - - [23/Jun/2025:18:27:23 +0300] "POST /settings HTTP/1.1" 502 1826 "-" Mozilla/5.0 (compatible; Googlebot/2.1; +http://www.google.com/bot.html)
216.58.209.78 - - [23/Jun/2025:18:27:23 +0300] "POST /search HTTP/1.1" 500 2426 "-" Mozilla/5.0 (Macintosh; Intel Mac OS X 12_4) AppleWebKit/605.1.15 (KHTML, like Gecko) Version/15.5 Safari/605.1.15
62.217.190.200 - - [23/Jun/2025:18:27:23 +0300] "PUT /download/file.zip HTTP/1.1" 501 944 "-" curl/8.1.2
192.168.1.45 - - [23/Jun/2025:18:27:23 +0300] "GET /index.html HTTP/1.1" 200 2037 "-" Mozilla/5.0 (X11; Linux x86_64) AppleWebKit/537.36 (KHTML, like Gecko) Chrome/117.0.0.0 Safari/537.36
192.168.1.45 - - [23/Jun/2025:18:27:23 +0300] "DELETE /index.html HTTP/1.1" 200 1185 "-" Mozilla/5.0 (Linux; Android 10; SM-G975F) AppleWebKit/537.36 (KHTML, like Gecko) Chrome/111.0.0.0 Mobile Safari/537.36
10.0.0.12 - - [23/Jun/2025:18:27:23 +0300] "PUT /about HTTP/1.1" 201 1138 "-" Mozilla/5.0 (Windows NT 10.0; Win64; x64; rv:115.0) Gecko/20100101 Firefox/115.0
62.217.190.200 - - [23/Jun/2025:18:27:23 +0300] "PUT /download/file.zip HTTP/1.1" 501 2250 "-" Mozilla/5.0 (X11; Linux x86_64) AppleWebKit/537.36 (KHTML, like Gecko) Chrome/117.0.0.0 Safari/537.36
198.51.100.14 - - [23/Jun/2025:18:27:23 +0300] "PUT /contact-us HTTP/1.1" 403 739 "-" Opera/9.80 (Windows NT 6.1; WOW64) Presto/2.12.388 Version/12.16
77.88.8.8 - - [23/Jun/2025:18:27:23 +0300] "DELETE  HTTP/1.1" 503 1916 "-" Mozilla/5.0 (Linux; Android 10; SM-G975F) AppleWebKit/537.36 (KHTML, like Gecko) Chrome/111.0.0.0 Mobile Safari/537.36
198.51.100.14 - - [23/Jun/2025:18:27:23 +0300] "GET /contact-us HTTP/1.1" 403 1362 "-" Mozilla/5.0 (compatible; MSIE 10.0; Windows NT 6.1; Trident/6.0)
192.168.1.45 - - [23/Jun/2025:18:27:23 +0300] "GET /index.html HTTP/1.1" 200 2412 "-" Mozilla/5.0 (Linux; Android 10; SM-G975F) AppleWebKit/537.36 (KHTML, like Gecko) Chrome/111.0.0.0 Mobile Safari/537.36
203.0.113.27 - - [23/Jun/2025:18:27:23 +0300] "PATCH /api/v1/users/images/logo.png HTTP/1.1" 401 2126 "-" Mozilla/5.0 (Linux; Android 10; SM-G975F) AppleWebKit/537.36 (KHTML, like Gecko) Chrome/111.0.0.0 Mobile Safari/537.36
192.168.1.45 - - [23/Jun/2025:18:27:23 +0300] "DELETE /index.html HTTP/1.1" 200 1257 "-" curl/8.1.2
77.88.8.8 - - [23/Jun/2025:18:27:23 +0300] "PUT  HTTP/1.1" 503 534 "-" Mozilla/5.0 (Windows NT 6.1; WOW64) AppleWebKit/537.36 (KHTML, like Gecko) Chrome/58.0.3029.110 Safari/537.36
198.51.100.14 - - [23/Jun/2025:18:27:23 +0300] "POST /contact-us HTTP/1.1" 403 395 "-" Mozilla/5.0 (Macintosh; Intel Mac OS X 12_4) AppleWebKit/605.1.15 (KHTML, like Gecko) Version/15.5 Safari/605.1.15
172.16.5.3 - - [23/Jun/2025:18:27:23 +0300] "PUT /products/item123 HTTP/1.1" 400 1701 "-" Mozilla/5.0 (Windows NT 10.0; Win64; x64) AppleWebKit/537.36 (KHTML, like Gecko) Edge/91.0.864.67 Safari/537.36
62.217.190.200 - - [23/Jun/2025:18:27:23 +0300] "POST /download/file.zip HTTP/1.1" 501 1809 "-" Mozilla/5.0 (X11; Linux x86_64) AppleWebKit/537.36 (KHTML, like Gecko) Chrome/117.0.0.0 Safari/537.36
77.88.8.8 - - [23/Jun/2025:18:27:23 +0300] "DELETE  HTTP/1.1" 503 2033 "-" curl/8.1.2
77.88.8.8 - - [23/Jun/2025:18:27:23 +0300] "PUT  HTTP/1.1" 503 508 "-" Mozilla/5.0 (Macintosh; Intel Mac OS X 12_4) AppleWebKit/605.1.15 (KHTML, like Gecko) Version/15.5 Safari/605.1.15
172.16.5.3 - - [23/Jun/2025:18:27:23 +0300] "PATCH /products/item123 HTTP/1.1" 400 1831 "-" curl/8.1.2
10.0.0.12 - - [23/Jun/2025:18:27:23 +0300] "GET /about HTTP/1.1" 201 2383 "-" Mozilla/5.0 (Linux; Android 10; SM-G975F) AppleWebKit/537.36 (KHTML, like Gecko) Chrome/111.0.0.0 Mobile Safari/537.36
172.16.5.3 - - [23/Jun/2025:18:27:23 +0300] "PUT /products/item123 HTTP/1.1" 400 1299 "-" Mozilla/5.0 (Windows NT 10.0; Win64; x64; rv:115.0) Gecko/20100101 Firefox/115.0
10.0.0.12 - - [23/Jun/2025:18:27:23 +0300] "DELETE /about HTTP/1.1" 201 449 "-" Mozilla/5.0 (compatible; MSIE 10.0; Windows NT 6.1; Trident/6.0)
172.16.5.3 - - [23/Jun/2025:18:27:23 +0300] "DELETE /products/item123 HTTP/1.1" 400 426 "-" Opera/9.80 (Windows NT 6.1; WOW64) Presto/2.12.388 Version/12.16
172.16.5.3 - - [23/Jun/2025:18:27:23 +0300] "POST /products/item123 HTTP/1.1" 400 2007 "-" Mozilla/5.0 (Linux; Android 10; SM-G975F) AppleWebKit/537.36 (KHTML, like Gecko) Chrome/111.0.0.0 Mobile Safari/537.36
77.88.8.8 - - [23/Jun/2025:18:27:23 +0300] "DELETE  HTTP/1.1" 503 763 "-" Mozilla/5.0 (compatible; MSIE 10.0; Windows NT 6.1; Trident/6.0)
142.250.190.14 - - [23/Jun/2025:18:27:23 +0300] "PUT /settings HTTP/1.1" 502 1359 "-" Mozilla/5.0 (Linux; Android 10; SM-G975F) AppleWebKit/537.36 (KHTML, like Gecko) Chrome/111.0.0.0 Mobile Safari/537.36
203.0.113.27 - - [23/Jun/2025:18:27:23 +0300] "POST /api/v1/users/images/logo.png HTTP/1.1" 401 619 "-" Mozilla/5.0 (X11; Linux x86_64) AppleWebKit/537.36 (KHTML, like Gecko) Chrome/117.0.0.0 Safari/537.36
62.217.190.200 - - [23/Jun/2025:18:27:23 +0300] "DELETE /download/file.zip HTTP/1.1" 501 2223 "-" Mozilla/5.0 (Windows NT 10.0; Win64; x64) AppleWebKit/537.36 (KHTML, like Gecko) Edge/91.0.864.67 Safari/537.36
203.0.113.27 - - [23/Jun/2025:18:27:23 +0300] "DELETE /api/v1/users/images/logo.png HTTP/1.1" 401 2320 "-" Mozilla/5.0 (Windows NT 6.1; WOW64) AppleWebKit/537.36 (KHTML, like Gecko) Chrome/58.0.3029.110 Safari/537.36
62.217.190.200 - - [23/Jun/2025:18:27:23 +0300] "PUT /download/file.zip HTTP/1.1" 501 1186 "-" Mozilla/5.0 (compatible; MSIE 10.0; Windows NT 6.1; Trident/6.0)
142.250.190.14 - - [23/Jun/2025:18:27:23 +0300] "GET /settings HTTP/1.1" 502 617 "-" Mozilla/5.0 (compatible; MSIE 10.0; Windows NT 6.1; Trident/6.0)
185.199.108.153 - - [23/Jun/2025:18:27:23 +0300] "POST /blog/2025/06/23/article-title HTTP/1.1" 404 1450 "-" Mozilla/5.0 (Windows NT 10.0; Win64; x64) AppleWebKit/537.36 (KHTML, like Gecko) Edge/91.0.864.67 Safari/537.36
198.51.100.14 - - [23/Jun/2025:18:27:23 +0300] "POST /contact-us HTTP/1.1" 403 1006 "-" Mozilla/5.0 (Windows NT 10.0; Win64; x64) AppleWebKit/537.36 (KHTML, like Gecko) Edge/91.0.864.67 Safari/537.36
10.0.0.12 - - [23/Jun/2025:18:27:23 +0300] "DELETE /about HTTP/1.1" 201 1164 "-" Mozilla/5.0 (compatible; Googlebot/2.1; +http://www.google.com/bot.html)
62.217.190.200 - - [23/Jun/2025:18:27:23 +0300] "PUT /download/file.zip HTTP/1.1" 501 1672 "-" Mozilla/5.0 (Windows NT 6.1; WOW64) AppleWebKit/537.36 (KHTML, like Gecko) Chrome/58.0.3029.110 Safari/537.36
172.16.5.3 - - [23/Jun/2025:18:27:23 +0300] "POST /products/item123 HTTP/1.1" 400 992 "-" Mozilla/5.0 (Windows NT 10.0; Win64; x64; rv:115.0) Gecko/20100101 Firefox/115.0
198.51.100.14 - - [23/Jun/2025:18:27:23 +0300] "GET /contact-us HTTP/1.1" 403 1796 "-" Mozilla/5.0 (Windows NT 10.0; Win64; x64; rv:115.0) Gecko/20100101 Firefox/115.0
216.58.209.78 - - [23/Jun/2025:18:27:23 +0300] "PATCH /search HTTP/1.1" 500 1647 "-" Mozilla/5.0 (Macintosh; Intel Mac OS X 12_4) AppleWebKit/605.1.15 (KHTML, like Gecko) Version/15.5 Safari/605.1.15
185.199.108.153 - - [23/Jun/2025:18:27:23 +0300] "PATCH /blog/2025/06/23/article-title HTTP/1.1" 404 1996 "-" Mozilla/5.0 (Windows NT 10.0; Win64; x64; rv:115.0) Gecko/20100101 Firefox/115.0
185.199.108.153 - - [23/Jun/2025:18:27:24 +0300] "DELETE /blog/2025/06/23/article-title HTTP/1.1" 404 650 "-" Mozilla/5.0 (compatible; Googlebot/2.1; +http://www.google.com/bot.html)
203.0.113.27 - - [23/Jun/2025:18:27:24 +0300] "PUT /api/v1/users/images/logo.png HTTP/1.1" 401 1377 "-" Mozilla/5.0 (Windows NT 10.0; Win64; x64) AppleWebKit/537.36 (KHTML, like Gecko) Edge/91.0.864.67 Safari/537.36
142.250.190.14 - - [23/Jun/2025:18:27:24 +0300] "PATCH /settings HTTP/1.1" 502 528 "-" Mozilla/5.0 (Windows NT 10.0; Win64; x64; rv:115.0) Gecko/20100101 Firefox/115.0
172.16.5.3 - - [23/Jun/2025:18:27:24 +0300] "PUT /products/item123 HTTP/1.1" 400 2491 "-" Mozilla/5.0 (Macintosh; Intel Mac OS X 12_4) AppleWebKit/605.1.15 (KHTML, like Gecko) Version/15.5 Safari/605.1.15
203.0.113.27 - - [23/Jun/2025:18:27:24 +0300] "GET /api/v1/users/images/logo.png HTTP/1.1" 401 2429 "-" curl/8.1.2
203.0.113.27 - - [23/Jun/2025:18:27:24 +0300] "DELETE /api/v1/users/images/logo.png HTTP/1.1" 401 462 "-" Mozilla/5.0 (Linux; Android 10; SM-G975F) AppleWebKit/537.36 (KHTML, like Gecko) Chrome/111.0.0.0 Mobile Safari/537.36
62.217.190.200 - - [23/Jun/2025:18:27:24 +0300] "PUT /download/file.zip HTTP/1.1" 501 828 "-" Opera/9.80 (Windows NT 6.1; WOW64) Presto/2.12.388 Version/12.16
77.88.8.8 - - [23/Jun/2025:18:27:24 +0300] "PUT  HTTP/1.1" 503 1872 "-" Mozilla/5.0 (Windows NT 10.0; Win64; x64; rv:115.0) Gecko/20100101 Firefox/115.0
203.0.113.27 - - [23/Jun/2025:18:27:24 +0300] "PATCH /api/v1/users/images/logo.png HTTP/1.1" 401 1800 "-" Mozilla/5.0 (compatible; Googlebot/2.1; +http://www.google.com/bot.html)
62.217.190.200 - - [23/Jun/2025:18:27:24 +0300] "DELETE /download/file.zip HTTP/1.1" 501 1617 "-" Mozilla/5.0 (X11; Linux x86_64) AppleWebKit/537.36 (KHTML, like Gecko) Chrome/117.0.0.0 Safari/537.36
185.199.108.153 - - [23/Jun/2025:18:27:24 +0300] "POST /blog/2025/06/23/article-title HTTP/1.1" 404 1490 "-" Mozilla/5.0 (compatible; MSIE 10.0; Windows NT 6.1; Trident/6.0)
172.16.5.3 - - [23/Jun/2025:18:27:24 +0300] "PUT /products/item123 HTTP/1.1" 400 734 "-" Mozilla/5.0 (Windows NT 10.0; Win64; x64; rv:115.0) Gecko/20100101 Firefox/115.0
192.168.1.45 - - [23/Jun/2025:18:27:24 +0300] "PUT /index.html HTTP/1.1" 200 1838 "-" Mozilla/5.0 (X11; Linux x86_64) AppleWebKit/537.36 (KHTML, like Gecko) Chrome/117.0.0.0 Safari/537.36
203.0.113.27 - - [23/Jun/2025:18:27:24 +0300] "PATCH /api/v1/users/images/logo.png HTTP/1.1" 401 2357 "-" Mozilla/5.0 (Linux; Android 10; SM-G975F) AppleWebKit/537.36 (KHTML, like Gecko) Chrome/111.0.0.0 Mobile Safari/537.36
77.88.8.8 - - [23/Jun/2025:18:27:24 +0300] "GET  HTTP/1.1" 503 1190 "-" Mozilla/5.0 (Windows NT 6.1; WOW64) AppleWebKit/537.36 (KHTML, like Gecko) Chrome/58.0.3029.110 Safari/537.36
62.217.190.200 - - [23/Jun/2025:18:27:24 +0300] "DELETE /download/file.zip HTTP/1.1" 501 1549 "-" curl/8.1.2
10.0.0.12 - - [23/Jun/2025:18:27:24 +0300] "POST /about HTTP/1.1" 201 2448 "-" Opera/9.80 (Windows NT 6.1; WOW64) Presto/2.12.388 Version/12.16
10.0.0.12 - - [23/Jun/2025:18:27:24 +0300] "POST /about HTTP/1.1" 201 411 "-" Mozilla/5.0 (Windows NT 10.0; Win64; x64; rv:115.0) Gecko/20100101 Firefox/115.0
185.199.108.153 - - [23/Jun/2025:18:27:24 +0300] "POST /blog/2025/06/23/article-title HTTP/1.1" 404 1595 "-" curl/8.1.2
62.217.190.200 - - [23/Jun/2025:18:27:24 +0300] "PUT /download/file.zip HTTP/1.1" 501 1324 "-" Mozilla/5.0 (Linux; Android 10; SM-G975F) AppleWebKit/537.36 (KHTML, like Gecko) Chrome/111.0.0.0 Mobile Safari/537.36
10.0.0.12 - - [23/Jun/2025:18:27:24 +0300] "POST /about HTTP/1.1" 201 805 "-" Mozilla/5.0 (X11; Linux x86_64) AppleWebKit/537.36 (KHTML, like Gecko) Chrome/117.0.0.0 Safari/537.36
10.0.0.12 - - [23/Jun/2025:18:27:24 +0300] "DELETE /about HTTP/1.1" 201 1822 "-" Mozilla/5.0 (Windows NT 10.0; Win64; x64; rv:115.0) Gecko/20100101 Firefox/115.0
185.199.108.153 - - [23/Jun/2025:18:27:24 +0300] "GET /blog/2025/06/23/article-title HTTP/1.1" 404 460 "-" Mozilla/5.0 (Windows NT 6.1; WOW64) AppleWebKit/537.36 (KHTML, like Gecko) Chrome/58.0.3029.110 Safari/537.36
216.58.209.78 - - [23/Jun/2025:18:27:24 +0300] "GET /search HTTP/1.1" 500 509 "-" Mozilla/5.0 (X11; Linux x86_64) AppleWebKit/537.36 (KHTML, like Gecko) Chrome/117.0.0.0 Safari/537.36
172.16.5.3 - - [23/Jun/2025:18:27:24 +0300] "PATCH /products/item123 HTTP/1.1" 400 1011 "-" Mozilla/5.0 (Windows NT 10.0; Win64; x64) AppleWebKit/537.36 (KHTML, like Gecko) Edge/91.0.864.67 Safari/537.36
192.168.1.45 - - [23/Jun/2025:18:27:24 +0300] "PATCH /index.html HTTP/1.1" 200 2037 "-" curl/8.1.2
62.217.190.200 - - [23/Jun/2025:18:27:24 +0300] "PATCH /download/file.zip HTTP/1.1" 501 1071 "-" Opera/9.80 (Windows NT 6.1; WOW64) Presto/2.12.388 Version/12.16
185.199.108.153 - - [23/Jun/2025:18:27:24 +0300] "PUT /blog/2025/06/23/article-title HTTP/1.1" 404 404 "-" curl/8.1.2
203.0.113.27 - - [23/Jun/2025:18:27:24 +0300] "GET /api/v1/users/images/logo.png HTTP/1.1" 401 1895 "-" Opera/9.80 (Windows NT 6.1; WOW64) Presto/2.12.388 Version/12.16
192.168.1.45 - - [23/Jun/2025:18:27:24 +0300] "GET /index.html HTTP/1.1" 200 568 "-" Mozilla/5.0 (X11; Linux x86_64) AppleWebKit/537.36 (KHTML, like Gecko) Chrome/117.0.0.0 Safari/537.36
198.51.100.14 - - [23/Jun/2025:18:27:24 +0300] "DELETE /contact-us HTTP/1.1" 403 757 "-" Mozilla/5.0 (compatible; MSIE 10.0; Windows NT 6.1; Trident/6.0)
142.250.190.14 - - [23/Jun/2025:18:27:24 +0300] "PUT /settings HTTP/1.1" 502 1740 "-" Mozilla/5.0 (compatible; MSIE 10.0; Windows NT 6.1; Trident/6.0)
203.0.113.27 - - [23/Jun/2025:18:27:24 +0300] "PATCH /api/v1/users/images/logo.png HTTP/1.1" 401 1818 "-" Mozilla/5.0 (compatible; MSIE 10.0; Windows NT 6.1; Trident/6.0)
172.16.5.3 - - [23/Jun/2025:18:27:24 +0300] "POST /products/item123 HTTP/1.1" 400 1147 "-" Mozilla/5.0 (Windows NT 10.0; Win64; x64) AppleWebKit/537.36 (KHTML, like Gecko) Edge/91.0.864.67 Safari/537.36
203.0.113.27 - - [23/Jun/2025:18:27:24 +0300] "GET /api/v1/users/images/logo.png HTTP/1.1" 401 1953 "-" curl/8.1.2
192.168.1.45 - - [23/Jun/2025:18:27:24 +0300] "DELETE /index.html HTTP/1.1" 200 677 "-" Mozilla/5.0 (compatible; MSIE 10.0; Windows NT 6.1; Trident/6.0)
142.250.190.14 - - [23/Jun/2025:18:27:24 +0300] "PUT /settings HTTP/1.1" 502 555 "-" Mozilla/5.0 (X11; Linux x86_64) AppleWebKit/537.36 (KHTML, like Gecko) Chrome/117.0.0.0 Safari/537.36
77.88.8.8 - - [23/Jun/2025:18:27:24 +0300] "PUT  HTTP/1.1" 503 1703 "-" Mozilla/5.0 (compatible; Googlebot/2.1; +http://www.google.com/bot.html)
77.88.8.8 - - [23/Jun/2025:18:27:24 +0300] "DELETE  HTTP/1.1" 503 2322 "-" Mozilla/5.0 (Windows NT 10.0; Win64; x64) AppleWebKit/537.36 (KHTML, like Gecko) Edge/91.0.864.67 Safari/537.36
172.16.5.3 - - [23/Jun/2025:18:27:24 +0300] "DELETE /products/item123 HTTP/1.1" 400 1334 "-" Mozilla/5.0 (Linux; Android 10; SM-G975F) AppleWebKit/537.36 (KHTML, like Gecko) Chrome/111.0.0.0 Mobile Safari/537.36
185.199.108.153 - - [23/Jun/2025:18:27:24 +0300] "PATCH /blog/2025/06/23/article-title HTTP/1.1" 404 1390 "-" Mozilla/5.0 (Windows NT 10.0; Win64; x64; rv:115.0) Gecko/20100101 Firefox/115.0
142.250.190.14 - - [23/Jun/2025:18:27:24 +0300] "PATCH /settings HTTP/1.1" 502 774 "-" curl/8.1.2
142.250.190.14 - - [23/Jun/2025:18:27:24 +0300] "PUT /settings HTTP/1.1" 502 407 "-" Mozilla/5.0 (Windows NT 10.0; Win64; x64; rv:115.0) Gecko/20100101 Firefox/115.0
192.168.1.45 - - [23/Jun/2025:18:27:24 +0300] "PATCH /index.html HTTP/1.1" 200 579 "-" Mozilla/5.0 (Windows NT 10.0; Win64; x64) AppleWebKit/537.36 (KHTML, like Gecko) Edge/91.0.864.67 Safari/537.36
172.16.5.3 - - [23/Jun/2025:18:27:24 +0300] "DELETE /products/item123 HTTP/1.1" 400 827 "-" Mozilla/5.0 (compatible; Googlebot/2.1; +http://www.google.com/bot.html)
172.16.5.3 - - [23/Jun/2025:18:27:25 +0300] "GET /products/item123 HTTP/1.1" 400 1873 "-" Mozilla/5.0 (Linux; Android 10; SM-G975F) AppleWebKit/537.36 (KHTML, like Gecko) Chrome/111.0.0.0 Mobile Safari/537.36
192.168.1.45 - - [23/Jun/2025:18:27:25 +0300] "POST /index.html HTTP/1.1" 200 1067 "-" Mozilla/5.0 (X11; Linux x86_64) AppleWebKit/537.36 (KHTML, like Gecko) Chrome/117.0.0.0 Safari/537.36
216.58.209.78 - - [23/Jun/2025:18:27:25 +0300] "DELETE /search HTTP/1.1" 500 2500 "-" Mozilla/5.0 (Windows NT 10.0; Win64; x64; rv:115.0) Gecko/20100101 Firefox/115.0
10.0.0.12 - - [23/Jun/2025:18:27:25 +0300] "PATCH /about HTTP/1.1" 201 1952 "-" Mozilla/5.0 (Windows NT 10.0; Win64; x64; rv:115.0) Gecko/20100101 Firefox/115.0
216.58.209.78 - - [23/Jun/2025:18:27:25 +0300] "GET /search HTTP/1.1" 500 805 "-" Mozilla/5.0 (Macintosh; Intel Mac OS X 12_4) AppleWebKit/605.1.15 (KHTML, like Gecko) Version/15.5 Safari/605.1.15
203.0.113.27 - - [23/Jun/2025:18:27:25 +0300] "POST /api/v1/users/images/logo.png HTTP/1.1" 401 595 "-" Mozilla/5.0 (Windows NT 10.0; Win64; x64; rv:115.0) Gecko/20100101 Firefox/115.0
203.0.113.27 - - [23/Jun/2025:18:27:25 +0300] "GET /api/v1/users/images/logo.png HTTP/1.1" 401 869 "-" Opera/9.80 (Windows NT 6.1; WOW64) Presto/2.12.388 Version/12.16
142.250.190.14 - - [23/Jun/2025:18:27:25 +0300] "PUT /settings HTTP/1.1" 502 2248 "-" Opera/9.80 (Windows NT 6.1; WOW64) Presto/2.12.388 Version/12.16
77.88.8.8 - - [23/Jun/2025:18:27:25 +0300] "DELETE  HTTP/1.1" 503 714 "-" Mozilla/5.0 (compatible; Googlebot/2.1; +http://www.google.com/bot.html)
198.51.100.14 - - [23/Jun/2025:18:27:25 +0300] "POST /contact-us HTTP/1.1" 403 1357 "-" curl/8.1.2
185.199.108.153 - - [23/Jun/2025:18:27:25 +0300] "DELETE /blog/2025/06/23/article-title HTTP/1.1" 404 1338 "-" Mozilla/5.0 (compatible; Googlebot/2.1; +http://www.google.com/bot.html)
216.58.209.78 - - [23/Jun/2025:18:27:25 +0300] "DELETE /search HTTP/1.1" 500 370 "-" Mozilla/5.0 (Windows NT 10.0; Win64; x64) AppleWebKit/537.36 (KHTML, like Gecko) Edge/91.0.864.67 Safari/537.36
62.217.190.200 - - [23/Jun/2025:18:27:25 +0300] "GET /download/file.zip HTTP/1.1" 501 2469 "-" Mozilla/5.0 (Windows NT 6.1; WOW64) AppleWebKit/537.36 (KHTML, like Gecko) Chrome/58.0.3029.110 Safari/537.36
172.16.5.3 - - [23/Jun/2025:18:27:25 +0300] "PUT /products/item123 HTTP/1.1" 400 1356 "-" Mozilla/5.0 (Windows NT 10.0; Win64; x64; rv:115.0) Gecko/20100101 Firefox/115.0
77.88.8.8 - - [23/Jun/2025:18:27:25 +0300] "DELETE  HTTP/1.1" 503 946 "-" curl/8.1.2
185.199.108.153 - - [23/Jun/2025:18:27:25 +0300] "POST /blog/2025/06/23/article-title HTTP/1.1" 404 557 "-" Mozilla/5.0 (Windows NT 10.0; Win64; x64; rv:115.0) Gecko/20100101 Firefox/115.0
198.51.100.14 - - [23/Jun/2025:18:27:25 +0300] "GET /contact-us HTTP/1.1" 403 595 "-" Mozilla/5.0 (Linux; Android 10; SM-G975F) AppleWebKit/537.36 (KHTML, like Gecko) Chrome/111.0.0.0 Mobile Safari/537.36
203.0.113.27 - - [23/Jun/2025:18:27:25 +0300] "DELETE /api/v1/users/images/logo.png HTTP/1.1" 401 1573 "-" Mozilla/5.0 (Windows NT 10.0; Win64; x64) AppleWebKit/537.36 (KHTML, like Gecko) Edge/91.0.864.67 Safari/537.36
62.217.190.200 - - [23/Jun/2025:18:27:25 +0300] "PATCH /download/file.zip HTTP/1.1" 501 2061 "-" Mozilla/5.0 (X11; Linux x86_64) AppleWebKit/537.36 (KHTML, like Gecko) Chrome/117.0.0.0 Safari/537.36
172.16.5.3 - - [23/Jun/2025:18:27:25 +0300] "DELETE /products/item123 HTTP/1.1" 400 335 "-" Mozilla/5.0 (Windows NT 10.0; Win64; x64; rv:115.0) Gecko/20100101 Firefox/115.0
185.199.108.153 - - [23/Jun/2025:18:27:25 +0300] "PATCH /blog/2025/06/23/article-title HTTP/1.1" 404 1549 "-" Mozilla/5.0 (compatible; MSIE 10.0; Windows NT 6.1; Trident/6.0)
10.0.0.12 - - [23/Jun/2025:18:27:25 +0300] "GET /about HTTP/1.1" 201 2213 "-" Mozilla/5.0 (compatible; Googlebot/2.1; +http://www.google.com/bot.html)
198.51.100.14 - - [23/Jun/2025:18:27:25 +0300] "PATCH /contact-us HTTP/1.1" 403 660 "-" Mozilla/5.0 (Windows NT 10.0; Win64; x64; rv:115.0) Gecko/20100101 Firefox/115.0
203.0.113.27 - - [23/Jun/2025:18:27:25 +0300] "PUT /api/v1/users/images/logo.png HTTP/1.1" 401 2352 "-" Mozilla/5.0 (Macintosh; Intel Mac OS X 12_4) AppleWebKit/605.1.15 (KHTML, like Gecko) Version/15.5 Safari/605.1.15
198.51.100.14 - - [23/Jun/2025:18:27:25 +0300] "DELETE /contact-us HTTP/1.1" 403 2389 "-" Mozilla/5.0 (Linux; Android 10; SM-G975F) AppleWebKit/537.36 (KHTML, like Gecko) Chrome/111.0.0.0 Mobile Safari/537.36
185.199.108.153 - - [23/Jun/2025:18:27:25 +0300] "PUT /blog/2025/06/23/article-title HTTP/1.1" 404 2128 "-" Mozilla/5.0 (Windows NT 10.0; Win64; x64; rv:115.0) Gecko/20100101 Firefox/115.0
77.88.8.8 - - [23/Jun/2025:18:27:25 +0300] "POST  HTTP/1.1" 503 1580 "-" Opera/9.80 (Windows NT 6.1; WOW64) Presto/2.12.388 Version/12.16
