77.88.8.8 - - [23/Jun/2025:18:27:10 +0300] "GET  HTTP/1.1" 503 1078 "-" Mozilla/5.0 (compatible; Googlebot/2.1; +http://www.google.com/bot.html)
203.0.113.27 - - [23/Jun/2025:18:27:10 +0300] "PATCH /api/v1/users/images/logo.png HTTP/1.1" 401 1915 "-" Opera/9.80 (Windows NT 6.1; WOW64) Presto/2.12.388 Version/12.16
198.51.100.14 - - [23/Jun/2025:18:27:10 +0300] "PUT /contact-us HTTP/1.1" 403 839 "-" Mozilla/5.0 (Linux; Android 10; SM-G975F) AppleWebKit/537.36 (KHTML, like Gecko) Chrome/111.0.0.0 Mobile Safari/537.36
198.51.100.14 - - [23/Jun/2025:18:27:10 +0300] "GET /contact-us HTTP/1.1" 403 2017 "-" Mozilla/5.0 (Windows NT 10.0; Win64; x64) AppleWebKit/537.36 (KHTML, like Gecko) Edge/91.0.864.67 Safari/537.36
77.88.8.8 - - [23/Jun/2025:18:27:10 +0300] "PUT  HTTP/1.1" 503 2488 "-" Mozilla/5.0 (Linux; Android 10; SM-G975F) AppleWebKit/537.36 (KHTML, like Gecko) Chrome/111.0.0.0 Mobile Safari/537.36
203.0.113.27 - - [23/Jun/2025:18:27:10 +0300] "PATCH /api/v1/users/images/logo.png HTTP/1.1" 401 1712 "-" Mozilla/5.0 (Windows NT 10.0; Win64; x64) AppleWebKit/537.36 (KHTML, like Gecko) Edge/91.0.864.67 Safari/537.36
198.51.100.14 - - [23/Jun/2025:18:27:10 +0300] "PUT /contact-us HTTP/1.1" 403 1205 "-" Mozilla/5.0 (Macintosh; Intel Mac OS X 12_4) AppleWebKit/605.1.15 (KHTML, like Gecko) Version/15.5 Safari/605.1.15
192.168.1.45 - - [23/Jun/2025:18:27:10 +0300] "GET /index.html HTTP/1.1" 200 1512 "-" Mozilla/5.0 (Windows NT 6.1; WOW64) AppleWebKit/537.36 (KHTML, like Gecko) Chrome/58.0.3029.110 Safari/537.36
172.16.5.3 - - [23/Jun/2025:18:27:10 +0300] "PUT /products/item123 HTTP/1.1" 400 2202 "-" Mozilla/5.0 (Macintosh; Intel Mac OS X 12_4) AppleWebKit/605.1.15 (KHTML, like Gecko) Version/15.5 Safari/605.1.15
10.0.0.12 - - [23/Jun/2025:18:27:10 +0300] "POST /about HTTP/1.1" 201 907 "-" Mozilla/5.0 (compatible; Googlebot/2.1; +http://www.google.com/bot.html)
142.250.190.14 - - [23/Jun/2025:18:27:10 +0300] "PUT /settings HTTP/1.1" 502 1850 "-" Mozilla/5.0 (Macintosh; Intel Mac OS X 12_4) AppleWebKit/605.1.15 (KHTML, like Gecko) Version/15.5 Safari/605.1.15
62.217.190.200 - - [23/Jun/2025:18:27:10 +0300] "PATCH /download/file.zip HTTP/1.1" 501 1496 "-" Mozilla/5.0 (Linux; Android 10; SM-G975F) AppleWebKit/537.36 (KHTML, like Gecko) Chrome/111.0.0.0 Mobile Safari/537.36
203.0.113.27 - - [23/Jun/2025:18:27:10 +0300] "DELETE /api/v1/users/images/logo.png HTTP/1.1" 401 1232 "-" Mozilla/5.0 (Linux; Android 10; SM-G975F) AppleWebKit/537.36 (KHTML, like Gecko) Chrome/111.0.0.0 Mobile Safari/537.36
10.0.0.12 - - [23/Jun/2025:18:27:10 +0300] "PATCH /about HTTP/1.1" 201 348 "-" Opera/9.80 (Windows NT 6.1; WOW64) Presto/2.12.388 Version/12.16
203.0.113.27 - - [23/Jun/2025:18:27:10 +0300] "PATCH /api/v1/users/images/logo.png HTTP/1.1" 401 1991 "-" Mozilla/5.0 (Linux; Android 10; SM-G975F) AppleWebKit/537.36 (KHTML, like Gecko) Chrome/111.0.0.0 Mobile Safari/537.36
203.0.113.27 - - [23/Jun/2025:18:27:10 +0300] "POST /api/v1/users/images/logo.png HTTP/1.1" 401 906 "-" Mozilla/5.0 (Macintosh; Intel Mac OS X 12_4) AppleWebKit/605.1.15 (KHTML, like Gecko) Version/15.5 Safari/605.1.15
172.16.5.3 - - [23/Jun/2025:18:27:10 +0300] "POST /products/item123 HTTP/1.1" 400 924 "-" Mozilla/5.0 (Linux; Android 10; SM-G975F) AppleWebKit/537.36 (KHTML, like Gecko) Chrome/111.0.0.0 Mobile Safari/537.36
216.58.209.78 - - [23/Jun/2025:18:27:10 +0300] "POST /search HTTP/1.1" 500 916 "-" Mozilla/5.0 (compatible; Googlebot/2.1; +http://www.google.com/bot.html)
142.250.190.14 - - [23/Jun/2025:18:27:10 +0300] "GET /settings HTTP/1.1" 502 1787 "-" Mozilla/5.0 (compatible; Googlebot/2.1; +http://www.google.com/bot.html)
172.16.5.3 - - [23/Jun/2025:18:27:10 +0300] "POST /products/item123 HTTP/1.1" 400 578 "-" Mozilla/5.0 (compatible; MSIE 10.0; Windows NT 6.1; Trident/6.0)
216.58.209.78 - - [23/Jun/2025:18:27:10 +0300] "DELETE /search HTTP/1.1" 500 1100 "-" Opera/9.80 (Windows NT 6.1; WOW64) Presto/2.12.388 Version/12.16
77.88.8.8 - - [23/Jun/2025:18:27:10 +0300] "POST  HTTP/1.1" 503 1289 "-" Mozilla/5.0 (Macintosh; Intel Mac OS X 12_4) AppleWebKit/605.1.15 (KHTML, like Gecko) Version/15.5 Safari/605.1.15
172.16.5.3 - - [23/Jun/2025:18:27:10 +0300] "POST /products/item123 HTTP/1.1" 400 1829 "-" Mozilla/5.0 (Windows NT 10.0; Win64; x64) AppleWebKit/537.36 (KHTML, like Gecko) Edge/91.0.864.67 Safari/537.36
10.0.0.12 - - [23/Jun/2025:18:27:10 +0300] "DELETE /about HTTP/1.1" 201 2341 "-" Mozilla/5.0 (Windows NT 10.0; Win64; x64; rv:115.0) Gecko/20100101 Firefox/115.0
62.217.190.200 - - [23/Jun/2025:18:27:10 +0300] "GET /download/file.zip HTTP/1.1" 501 2357 "-" Mozilla/5.0 (Macintosh; Intel Mac OS X 12_4) AppleWebKit/605.1.15 (KHTML, like Gecko) Version/15.5 Safari/605.1.15
10.0.0.12 - - [23/Jun/2025:18:27:10 +0300] "DELETE /about HTTP/1.1" 201 2489 "-" Mozilla/5.0 (compatible; Googlebot/2.1; +http://www.google.com/bot.html)
216.58.209.78 - - [23/Jun/2025:18:27:10 +0300] "POST /search HTTP/1.1" 500 921 "-" curl/8.1.2
198.51.100.14 - - [23/Jun/2025:18:27:10 +0300] "PUT /contact-us HTTP/1.1" 403 1500 "-" Mozilla/5.0 (Windows NT 10.0; Win64; x64) AppleWebKit/537.36 (KHTML, like Gecko) Edge/91.0.864.67 Safari/537.36
185.199.108.153 - - [23/Jun/2025:18:27:10 +0300] "GET /blog/2025/06/23/article-title HTTP/1.1" 404 563 "-" Mozilla/5.0 (Windows NT 10.0; Win64; x64) AppleWebKit/537.36 (KHTML, like Gecko) Edge/91.0.864.67 Safari/537.36
216.58.209.78 - - [23/Jun/2025:18:27:10 +0300] "GET /search HTTP/1.1" 500 2372 "-" Mozilla/5.0 (Windows NT 10.0; Win64; x64) AppleWebKit/537.36 (KHTML, like Gecko) Edge/91.0.864.67 Safari/537.36
172.16.5.3 - - [23/Jun/2025:18:27:10 +0300] "PATCH /products/item123 HTTP/1.1" 400 587 "-" Mozilla/5.0 (Macintosh; Intel Mac OS X 12_4) AppleWebKit/605.1.15 (KHTML, like Gecko) Version/15.5 Safari/605.1.15
62.217.190.200 - - [23/Jun/2025:18:27:10 +0300] "DELETE /download/file.zip HTTP/1.1" 501 498 "-" Mozilla/5.0 (Windows NT 10.0; Win64; x64) AppleWebKit/537.36 (KHTML, like Gecko) Edge/91.0.864.67 Safari/537.36
192.168.1.45 - - [23/Jun/2025:18:27:10 +0300] "PUT /index.html HTTP/1.1" 200 1252 "-" Mozilla/5.0 (Linux; Android 10; SM-G975F) AppleWebKit/537.36 (KHTML, like Gecko) Chrome/111.0.0.0 Mobile Safari/537.36
198.51.100.14 - - [23/Jun/2025:18:27:10 +0300] "PUT /contact-us HTTP/1.1" 403 1192 "-" curl/8.1.2
203.0.113.27 - - [23/Jun/2025:18:27:10 +0300] "PUT /api/v1/users/images/logo.png HTTP/1.1" 401 927 "-" Mozilla/5.0 (Linux; Android 10; SM-G975F) AppleWebKit/537.36 (KHTML, like Gecko) Chrome/111.0.0.0 Mobile Safari/537.36
10.0.0.12 - - [23/Jun/2025:18:27:11 +0300] "PATCH /about HTTP/1.1" 201 1413 "-" Mozilla/5.0 (Macintosh; Intel Mac OS X 12_4) AppleWebKit/605.1.15 (KHTML, like Gecko) Version/15.5 Safari/605.1.15
142.250.190.14 - - [23/Jun/2025:18:27:11 +0300] "POST /settings HTTP/1.1" 502 1518 "-" Mozilla/5.0 (Linux; Android 10; SM-G975F) AppleWebKit/537.36 (KHTML, like Gecko) Chrome/111.0.0.0 Mobile Safari/537.36
216.58.209.78 - - [23/Jun/2025:18:27:11 +0300] "POST /search HTTP/1.1" 500 2139 "-" Mozilla/5.0 (Windows NT 6.1; WOW64) AppleWebKit/537.36 (KHTML, like Gecko) Chrome/58.0.3029.110 Safari/537.36
203.0.113.27 - - [23/Jun/2025:18:27:11 +0300] "PUT /api/v1/users/images/logo.png HTTP/1.1" 401 2488 "-" Mozilla/5.0 (Windows NT 10.0; Win64; x64) AppleWebKit/537.36 (KHTML, like Gecko) Edge/91.0.864.67 Safari/537.36
185.199.108.153 - - [23/Jun/2025:18:27:11 +0300] "PUT /blog/2025/06/23/article-title HTTP/1.1" 404 2268 "-" Mozilla/5.0 (Linux; Android 10; SM-G975F) AppleWebKit/537.36 (KHTML, like Gecko) Chrome/111.0.0.0 Mobile Safari/537.36
192.168.1.45 - - [23/Jun/2025:18:27:11 +0300] "GET /index.html HTTP/1.1" 200 446 "-" Mozilla/5.0 (Windows NT 10.0; Win64; x64; rv:115.0) Gecko/20100101 Firefox/115.0
10.0.0.12 - - [23/Jun/2025:18:27:11 +0300] "DELETE /about HTTP/1.1" 201 896 "-" curl/8.1.2
198.51.100.14 - - [23/Jun/2025:18:27:11 +0300] "POST /contact-us HTTP/1.1" 403 456 "-" Mozilla/5.0 (X11; Linux x86_64) AppleWebKit/537.36 (KHTML, like Gecko) Chrome/117.0.0.0 Safari/537.36
62.217.190.200 - - [23/Jun/2025:18:27:11 +0300] "GET /download/file.zip HTTP/1.1" 501 600 "-" Opera/9.80 (Windows NT 6.1; WOW64) Presto/2.12.388 Version/12.16
192.168.1.45 - - [23/Jun/2025:18:27:11 +0300] "POST /index.html HTTP/1.1" 200 2093 "-" Mozilla/5.0 (Windows NT 10.0; Win64; x64) AppleWebKit/537.36 (KHTML, like Gecko) Edge/91.0.864.67 Safari/537.36
172.16.5.3 - - [23/Jun/2025:18:27:11 +0300] "POST /products/item123 HTTP/1.1" 400 860 "-" curl/8.1.2
62.217.190.200 - - [23/Jun/2025:18:27:11 +0300] "POST /download/file.zip HTTP/1.1" 501 1934 "-" Mozilla/5.0 (X11; Linux x86_64) AppleWebKit/537.36 (KHTML, like Gecko) Chrome/117.0.0.0 Safari/537.36
10.0.0.12 - - [23/Jun/2025:18:27:11 +0300] "PUT /about HTTP/1.1" 201 2140 "-" Mozilla/5.0 (Windows NT 10.0; Win64; x64; rv:115.0) Gecko/20100101 Firefox/115.0
185.199.108.153 - - [23/Jun/2025:18:27:11 +0300] "PATCH /blog/2025/06/23/article-title HTTP/1.1" 404 1393 "-" Mozilla/5.0 (Windows NT 6.1; WOW64) AppleWebKit/537.36 (KHTML, like Gecko) Chrome/58.0.3029.110 Safari/537.36
203.0.113.27 - - [23/Jun/2025:18:27:11 +0300] "GET /api/v1/users/images/logo.png HTTP/1.1" 401 1274 "-" Mozilla/5.0 (compatible; Googlebot/2.1; +http://www.google.com/bot.html)
62.217.190.200 - - [23/Jun/2025:18:27:11 +0300] "DELETE /download/file.zip HTTP/1.1" 501 1946 "-" Mozilla/5.0 (Macintosh; Intel Mac OS X 12_4) AppleWebKit/605.1.15 (KHTML, like Gecko) Version/15.5 Safari/605.1.15
192.168.1.45 - - [23/Jun/2025:18:27:11 +0300] "POST /index.html HTTP/1.1" 200 648 "-" Mozilla/5.0 (Windows NT 10.0; Win64; x64; rv:115.0) Gecko/20100101 Firefox/115.0
172.16.5.3 - - [23/Jun/2025:18:27:11 +0300] "PUT /products/item123 HTTP/1.1" 400 1757 "-" Mozilla/5.0 (Macintosh; Intel Mac OS X 12_4) AppleWebKit/605.1.15 (KHTML, like Gecko) Version/15.5 Safari/605.1.15
192.168.1.45 - - [23/Jun/2025:18:27:11 +0300] "POST /index.html HTTP/1.1" 200 1050 "-" Mozilla/5.0 (Windows NT 10.0; Win64; x64) AppleWebKit/537.36 (KHTML, like Gecko) Edge/91.0.864.67 Safari/537.36
62.217.190.200 - - [23/Jun/2025:18:27:11 +0300] "POST /download/file.zip HTTP/1.1" 501 2157 "-" Mozilla/5.0 (X11; Linux x86_64) AppleWebKit/537.36 (KHTML, like Gecko) Chrome/117.0.0.0 Safari/537.36
62.217.190.200 - - [23/Jun/2025:18:27:11 +0300] "PATCH /download/file.zip HTTP/1.1" 501 2142 "-" Mozilla/5.0 (Linux; Android 10; SM-G975F) AppleWebKit/537.36 (KHTML, like Gecko) Chrome/111.0.0.0 Mobile Safari/537.36
198.51.100.14 - - [23/Jun/2025:18:27:11 +0300] "PATCH /contact-us HTTP/1.1" 403 640 "-" Mozilla/5.0 (Macintosh; Intel Mac OS X 12_4) AppleWebKit/605.1.15 (KHTML, like Gecko) Version/15.5 Safari/605.1.15
10.0.0.12 - - [23/Jun/2025:18:27:11 +0300] "DELETE /about HTTP/1.1" 201 2233 "-" Mozilla/5.0 (X11; Linux x86_64) AppleWebKit/537.36 (KHTML, like Gecko) Chrome/117.0.0.0 Safari/537.36
185.199.108.153 - - [23/Jun/2025:18:27:11 +0300] "POST /blog/2025/06/23/article-title HTTP/1.1" 404 604 "-" curl/8.1.2
62.217.190.200 - - [23/Jun/2025:18:27:11 +0300] "DELETE /download/file.zip HTTP/1.1" 501 2198 "-" Mozilla/5.0 (Linux; Android 10; SM-G975F) AppleWebKit/537.36 (KHTML, like Gecko) Chrome/111.0.0.0 Mobile Safari/537.36
172.16.5.3 - - [23/Jun/2025:18:27:11 +0300] "PUT /products/item123 HTTP/1.1" 400 1551 "-" Mozilla/5.0 (Windows NT 6.1; WOW64) AppleWebKit/537.36 (KHTML, like Gecko) Chrome/58.0.3029.110 Safari/537.36
192.168.1.45 - - [23/Jun/2025:18:27:11 +0300] "GET /index.html HTTP/1.1" 200 958 "-" Mozilla/5.0 (Macintosh; Intel Mac OS X 12_4) AppleWebKit/605.1.15 (KHTML, like Gecko) Version/15.5 Safari/605.1.15
172.16.5.3 - - [23/Jun/2025:18:27:11 +0300] "PUT /products/item123 HTTP/1.1" 400 1228 "-" curl/8.1.2
198.51.100.14 - - [23/Jun/2025:18:27:11 +0300] "POST /contact-us HTTP/1.1" 403 831 "-" Mozilla/5.0 (Windows NT 10.0; Win64; x64; rv:115.0) Gecko/20100101 Firefox/115.0
216.58.209.78 - - [23/Jun/2025:18:27:11 +0300] "PATCH /search HTTP/1.1" 500 620 "-" Mozilla/5.0 (X11; Linux x86_64) AppleWebKit/537.36 (KHTML, like Gecko) Chrome/117.0.0.0 Safari/537.36
62.217.190.200 - - [23/Jun/2025:18:27:11 +0300] "PUT /download/file.zip HTTP/1.1" 501 1272 "-" Mozilla/5.0 (X11; Linux x86_64) AppleWebKit/537.36 (KHTML, like Gecko) Chrome/117.0.0.0 Safari/537.36
142.250.190.14 - - [23/Jun/2025:18:27:11 +0300] "GET /settings HTTP/1.1" 502 2056 "-" Mozilla/5.0 (compatible; MSIE 10.0; Windows NT 6.1; Trident/6.0)
142.250.190.14 - - [23/Jun/2025:18:27:11 +0300] "PUT /settings HTTP/1.1" 502 2250 "-" Mozilla/5.0 (Macintosh; Intel Mac OS X 12_4) AppleWebKit/605.1.15 (KHTML, like Gecko) Version/15.5 Safari/605.1.15
198.51.100.14 - - [23/Jun/2025:18:27:11 +0300] "PUT /contact-us HTTP/1.1" 403 1324 "-" Mozilla/5.0 (Macintosh; Intel Mac OS X 12_4) AppleWebKit/605.1.15 (KHTML, like Gecko) Version/15.5 Safari/605.1.15
198.51.100.14 - - [23/Jun/2025:18:27:11 +0300] "PUT /contact-us HTTP/1.1" 403 1214 "-" Opera/9.80 (Windows NT 6.1; WOW64) Presto/2.12.388 Version/12.16
142.250.190.14 - - [23/Jun/2025:18:27:11 +0300] "POST /settings HTTP/1.1" 502 746 "-" Mozilla/5.0 (Linux; Android 10; SM-G975F) AppleWebKit/537.36 (KHTML, like Gecko) Chrome/111.0.0.0 Mobile Safari/537.36
142.250.190.14 - - [23/Jun/2025:18:27:11 +0300] "DELETE /settings HTTP/1.1" 502 651 "-" Mozilla/5.0 (compatible; Googlebot/2.1; +http://www.google.com/bot.html)
62.217.190.200 - - [23/Jun/2025:18:27:11 +0300] "GET /download/file.zip HTTP/1.1" 501 2000 "-" Mozilla/5.0 (compatible; Googlebot/2.1; +http://www.google.com/bot.html)
77.88.8.8 - - [23/Jun/2025:18:27:11 +0300] "DELETE  HTTP/1.1" 503 578 "-" Mozilla/5.0 (Windows NT 10.0; Win64; x64; rv:115.0) Gecko/20100101 Firefox/115.0
192.168.1.45 - - [23/Jun/2025:18:27:11 +0300] "GET /index.html HTTP/1.1" 200 326 "-" Mozilla/5.0 (X11; Linux x86_64) AppleWebKit/537.36 (KHTML, like Gecko) Chrome/117.0.0.0 Safari/537.36
62.217.190.200 - - [23/Jun/2025:18:27:11 +0300] "POST /download/file.zip HTTP/1.1" 501 2345 "-" Mozilla/5.0 (X11; Linux x86_64) AppleWebKit/537.36 (KHTML, like Gecko) Chrome/117.0.0.0 Safari/537.36
203.0.113.27 - - [23/Jun/2025:18:27:11 +0300] "DELETE /api/v1/users/images/logo.png HTTP/1.1" 401 2345 "-" Opera/9.80 (Windows NT 6.1; WOW64) Presto/2.12.388 Version/12.16
142.250.190.14 - - [23/Jun/2025:18:27:11 +0300] "POST /settings HTTP/1.1" 502 1178 "-" Mozilla/5.0 (compatible; MSIE 10.0; Windows NT 6.1; Trident/6.0)
203.0.113.27 - - [23/Jun/2025:18:27:11 +0300] "POST /api/v1/users/images/logo.png HTTP/1.1" 401 1207 "-" Mozilla/5.0 (Linux; Android 10; SM-G975F) AppleWebKit/537.36 (KHTML, like Gecko) Chrome/111.0.0.0 Mobile Safari/537.36
62.217.190.200 - - [23/Jun/2025:18:27:11 +0300] "PUT /download/file.zip HTTP/1.1" 501 669 "-" Opera/9.80 (Windows NT 6.1; WOW64) Presto/2.12.388 Version/12.16
198.51.100.14 - - [23/Jun/2025:18:27:12 +0300] "PATCH /contact-us HTTP/1.1" 403 2317 "-" Mozilla/5.0 (compatible; Googlebot/2.1; +http://www.google.com/bot.html)
216.58.209.78 - - [23/Jun/2025:18:27:12 +0300] "GET /search HTTP/1.1" 500 337 "-" Mozilla/5.0 (X11; Linux x86_64) AppleWebKit/537.36 (KHTML, like Gecko) Chrome/117.0.0.0 Safari/537.36
198.51.100.14 - - [23/Jun/2025:18:27:12 +0300] "PATCH /contact-us HTTP/1.1" 403 965 "-" Mozilla/5.0 (compatible; MSIE 10.0; Windows NT 6.1; Trident/6.0)
10.0.0.12 - - [23/Jun/2025:18:27:12 +0300] "PATCH /about HTTP/1.1" 201 876 "-" Mozilla/5.0 (Macintosh; Intel Mac OS X 12_4) AppleWebKit/605.1.15 (KHTML, like Gecko) Version/15.5 Safari/605.1.15
77.88.8.8 - - [23/Jun/2025:18:27:12 +0300] "POST  HTTP/1.1" 503 1783 "-" Mozilla/5.0 (compatible; Googlebot/2.1; +http://www.google.com/bot.html)
216.58.209.78 - - [23/Jun/2025:18:27:12 +0300] "PATCH /search HTTP/1.1" 500 1499 "-" Mozilla/5.0 (compatible; MSIE 10.0; Windows NT 6.1; Trident/6.0)
10.0.0.12 - - [23/Jun/2025:18:27:12 +0300] "GET /about HTTP/1.1" 201 894 "-" Opera/9.80 (Windows NT 6.1; WOW64) Presto/2.12.388 Version/12.16
62.217.190.200 - - [23/Jun/2025:18:27:12 +0300] "GET /download/file.zip HTTP/1.1" 501 2322 "-" Opera/9.80 (Windows NT 6.1; WOW64) Presto/2.12.388 Version/12.16
62.217.190.200 - - [23/Jun/2025:18:27:12 +0300] "PUT /download/file.zip HTTP/1.1" 501 2420 "-" curl/8.1.2
10.0.0.12 - - [23/Jun/2025:18:27:12 +0300] "PUT /about HTTP/1.1" 201 1995 "-" Mozilla/5.0 (compatible; Googlebot/2.1; +http://www.google.com/bot.html)
10.0.0.12 - - [23/Jun/2025:18:27:12 +0300] "PUT /about HTTP/1.1" 201 2156 "-" Opera/9.80 (Windows NT 6.1; WOW64) Presto/2.12.388 Version/12.16
10.0.0.12 - - [23/Jun/2025:18:27:12 +0300] "DELETE /about HTTP/1.1" 201 661 "-" Mozilla/5.0 (Macintosh; Intel Mac OS X 12_4) AppleWebKit/605.1.15 (KHTML, like Gecko) Version/15.5 Safari/605.1.15
10.0.0.12 - - [23/Jun/2025:18:27:12 +0300] "GET /about HTTP/1.1" 201 434 "-" Mozilla/5.0 (compatible; Googlebot/2.1; +http://www.google.com/bot.html)
185.199.108.153 - - [23/Jun/2025:18:27:12 +0300] "PUT /blog/2025/06/23/article-title HTTP/1.1" 404 327 "-" Mozilla/5.0 (Windows NT 10.0; Win64; x64) AppleWebKit/537.36 (KHTML, like Gecko) Edge/91.0.864.67 Safari/537.36
62.217.190.200 - - [23/Jun/2025:18:27:12 +0300] "PUT /download/file.zip HTTP/1.1" 501 446 "-" Mozilla/5.0 (Linux; Android 10; SM-G975F) AppleWebKit/537.36 (KHTML, like Gecko) Chrome/111.0.0.0 Mobile Safari/537.36
203.0.113.27 - - [23/Jun/2025:18:27:12 +0300] "GET /api/v1/users/images/logo.png HTTP/1.1" 401 2123 "-" Mozilla/5.0 (compatible; Googlebot/2.1; +http://www.google.com/bot.html)
62.217.190.200 - - [23/Jun/2025:18:27:12 +0300] "GET /download/file.zip HTTP/1.1" 501 1479 "-" Opera/9.80 (Windows NT 6.1; WOW64) Presto/2.12.388 Version/12.16
203.0.113.27 - - [23/Jun/2025:18:27:12 +0300] "PATCH /api/v1/users/images/logo.png HTTP/1.1" 401 1597 "-" Mozilla/5.0 (Windows NT 10.0; Win64; x64) AppleWebKit/537.36 (KHTML, like Gecko) Edge/91.0.864.67 Safari/537.36
62.217.190.200 - - [23/Jun/2025:18:27:12 +0300] "DELETE /download/file.zip HTTP/1.1" 501 1802 "-" Mozilla/5.0 (Linux; Android 10; SM-G975F) AppleWebKit/537.36 (KHTML, like Gecko) Chrome/111.0.0.0 Mobile Safari/537.36
62.217.190.200 - - [23/Jun/2025:18:27:12 +0300] "PATCH /download/file.zip HTTP/1.1" 501 901 "-" Mozilla/5.0 (Windows NT 10.0; Win64; x64; rv:115.0) Gecko/20100101 Firefox/115.0
198.51.100.14 - - [23/Jun/2025:18:27:12 +0300] "POST /contact-us HTTP/1.1" 403 691 "-" Mozilla/5.0 (compatible; Googlebot/2.1; +http://www.google.com/bot.html)
192.168.1.45 - - [23/Jun/2025:18:27:12 +0300] "PATCH /index.html HTTP/1.1" 200 931 "-" Mozilla/5.0 (Windows NT 10.0; Win64; x64; rv:115.0) Gecko/20100101 Firefox/115.0
77.88.8.8 - - [23/Jun/2025:18:27:12 +0300] "PUT  HTTP/1.1" 503 1442 "-" Mozilla/5.0 (Windows NT 10.0; Win64; x64) AppleWebKit/537.36 (KHTML, like Gecko) Edge/91.0.864.67 Safari/537.36
192.168.1.45 - - [23/Jun/2025:18:27:12 +0300] "POST /index.html HTTP/1.1" 200 1174 "-" Mozilla/5.0 (Linux; Android 10; SM-G975F) AppleWebKit/537.36 (KHTML, like Gecko) Chrome/111.0.0.0 Mobile Safari/537.36
192.168.1.45 - - [23/Jun/2025:18:27:12 +0300] "DELETE /index.html HTTP/1.1" 200 2383 "-" Mozilla/5.0 (Windows NT 6.1; WOW64) AppleWebKit/537.36 (KHTML, like Gecko) Chrome/58.0.3029.110 Safari/537.36
172.16.5.3 - - [23/Jun/2025:18:27:12 +0300] "PUT /products/item123 HTTP/1.1" 400 1100 "-" Mozilla/5.0 (Macintosh; Intel Mac OS X 12_4) AppleWebKit/605.1.15 (KHTML, like Gecko) Version/15.5 Safari/605.1.15
192.168.1.45 - - [23/Jun/2025:18:27:12 +0300] "PATCH /index.html HTTP/1.1" 200 1034 "-" Mozilla/5.0 (X11; Linux x86_64) AppleWebKit/537.36 (KHTML, like Gecko) Chrome/117.0.0.0 Safari/537.36
10.0.0.12 - - [23/Jun/2025:18:27:12 +0300] "DELETE /about HTTP/1.1" 201 450 "-" curl/8.1.2
203.0.113.27 - - [23/Jun/2025:18:27:12 +0300] "POST /api/v1/users/images/logo.png HTTP/1.1" 401 1929 "-" Mozilla/5.0 (Windows NT 10.0; Win64; x64; rv:115.0) Gecko/20100101 Firefox/115.0
198.51.100.14 - - [23/Jun/2025:18:27:12 +0300] "DELETE /contact-us HTTP/1.1" 403 2158 "-" Mozilla/5.0 (X11; Linux x86_64) AppleWebKit/537.36 (KHTML, like Gecko) Chrome/117.0.0.0 Safari/537.36
198.51.100.14 - - [23/Jun/2025:18:27:12 +0300] "PATCH /contact-us HTTP/1.1" 403 996 "-" Mozilla/5.0 (compatible; MSIE 10.0; Windows NT 6.1; Trident/6.0)
142.250.190.14 - - [23/Jun/2025:18:27:12 +0300] "POST /settings HTTP/1.1" 502 1925 "-" Mozilla/5.0 (Windows NT 10.0; Win64; x64; rv:115.0) Gecko/20100101 Firefox/115.0
62.217.190.200 - - [23/Jun/2025:18:27:12 +0300] "PUT /download/file.zip HTTP/1.1" 501 358 "-" Mozilla/5.0 (Macintosh; Intel Mac OS X 12_4) AppleWebKit/605.1.15 (KHTML, like Gecko) Version/15.5 Safari/605.1.15
77.88.8.8 - - [23/Jun/2025:18:27:12 +0300] "PATCH  HTTP/1.1" 503 2056 "-" Mozilla/5.0 (Windows NT 10.0; Win64; x64; rv:115.0) Gecko/20100101 Firefox/115.0
216.58.209.78 - - [23/Jun/2025:18:27:12 +0300] "PUT /search HTTP/1.1" 500 1651 "-" Mozilla/5.0 (compatible; Googlebot/2.1; +http://www.google.com/bot.html)
216.58.209.78 - - [23/Jun/2025:18:27:12 +0300] "POST /search HTTP/1.1" 500 1083 "-" Mozilla/5.0 (Macintosh; Intel Mac OS X 12_4) AppleWebKit/605.1.15 (KHTML, like Gecko) Version/15.5 Safari/605.1.15
77.88.8.8 - - [23/Jun/2025:18:27:12 +0300] "PUT  HTTP/1.1" 503 1379 "-" Mozilla/5.0 (compatible; Googlebot/2.1; +http://www.google.com/bot.html)
216.58.209.78 - - [23/Jun/2025:18:27:12 +0300] "DELETE /search HTTP/1.1" 500 703 "-" Mozilla/5.0 (Windows NT 6.1; WOW64) AppleWebKit/537.36 (KHTML, like Gecko) Chrome/58.0.3029.110 Safari/537.36
203.0.113.27 - - [23/Jun/2025:18:27:12 +0300] "POST /api/v1/users/images/logo.png HTTP/1.1" 401 567 "-" Opera/9.80 (Windows NT 6.1; WOW64) Presto/2.12.388 Version/12.16
192.168.1.45 - - [23/Jun/2025:18:27:12 +0300] "PUT /index.html HTTP/1.1" 200 1808 "-" Mozilla/5.0 (Linux; Android 10; SM-G975F) AppleWebKit/537.36 (KHTML, like Gecko) Chrome/111.0.0.0 Mobile Safari/537.36
62.217.190.200 - - [23/Jun/2025:18:27:12 +0300] "PUT /download/file.zip HTTP/1.1" 501 2328 "-" Opera/9.80 (Windows NT 6.1; WOW64) Presto/2.12.388 Version/12.16
216.58.209.78 - - [23/Jun/2025:18:27:12 +0300] "PATCH /search HTTP/1.1" 500 1686 "-" Mozilla/5.0 (X11; Linux x86_64) AppleWebKit/537.36 (KHTML, like Gecko) Chrome/117.0.0.0 Safari/537.36
142.250.190.14 - - [23/Jun/2025:18:27:12 +0300] "PATCH /settings HTTP/1.1" 502 2426 "-" Mozilla/5.0 (Macintosh; Intel Mac OS X 12_4) AppleWebKit/605.1.15 (KHTML, like Gecko) Version/15.5 Safari/605.1.15
10.0.0.12 - - [23/Jun/2025:18:27:12 +0300] "POST /about HTTP/1.1" 201 518 "-" Mozilla/5.0 (Linux; Android 10; SM-G975F) AppleWebKit/537.36 (KHTML, like Gecko) Chrome/111.0.0.0 Mobile Safari/537.36
10.0.0.12 - - [23/Jun/2025:18:27:13 +0300] "GET /about HTTP/1.1" 201 1872 "-" Mozilla/5.0 (X11; Linux x86_64) AppleWebKit/537.36 (KHTML, like Gecko) Chrome/117.0.0.0 Safari/537.36
62.217.190.200 - - [23/Jun/2025:18:27:13 +0300] "POST /download/file.zip HTTP/1.1" 501 1855 "-" Mozilla/5.0 (compatible; MSIE 10.0; Windows NT 6.1; Trident/6.0)
172.16.5.3 - - [23/Jun/2025:18:27:13 +0300] "PATCH /products/item123 HTTP/1.1" 400 1226 "-" Mozilla/5.0 (Windows NT 6.1; WOW64) AppleWebKit/537.36 (KHTML, like Gecko) Chrome/58.0.3029.110 Safari/537.36
192.168.1.45 - - [23/Jun/2025:18:27:13 +0300] "GET /index.html HTTP/1.1" 200 1527 "-" Mozilla/5.0 (Windows NT 10.0; Win64; x64) AppleWebKit/537.36 (KHTML, like Gecko) Edge/91.0.864.67 Safari/537.36
192.168.1.45 - - [23/Jun/2025:18:27:13 +0300] "PATCH /index.html HTTP/1.1" 200 1244 "-" Mozilla/5.0 (compatible; Googlebot/2.1; +http://www.google.com/bot.html)
203.0.113.27 - - [23/Jun/2025:18:27:13 +0300] "POST /api/v1/users/images/logo.png HTTP/1.1" 401 805 "-" Mozilla/5.0 (Windows NT 10.0; Win64; x64; rv:115.0) Gecko/20100101 Firefox/115.0
142.250.190.14 - - [23/Jun/2025:18:27:13 +0300] "PATCH /settings HTTP/1.1" 502 1126 "-" Mozilla/5.0 (compatible; MSIE 10.0; Windows NT 6.1; Trident/6.0)
185.199.108.153 - - [23/Jun/2025:18:27:13 +0300] "PATCH /blog/2025/06/23/article-title HTTP/1.1" 404 1815 "-" Opera/9.80 (Windows NT 6.1; WOW64) Presto/2.12.388 Version/12.16
77.88.8.8 - - [23/Jun/2025:18:27:13 +0300] "PATCH  HTTP/1.1" 503 2419 "-" curl/8.1.2
77.88.8.8 - - [23/Jun/2025:18:27:13 +0300] "PATCH  HTTP/1.1" 503 1089 "-" Mozilla/5.0 (compatible; Googlebot/2.1; +http://www.google.com/bot.html)
185.199.108.153 - - [23/Jun/2025:18:27:13 +0300] "PATCH /blog/2025/06/23/article-title HTTP/1.1" 404 1573 "-" Mozilla/5.0 (Windows NT 6.1; WOW64) AppleWebKit/537.36 (KHTML, like Gecko) Chrome/58.0.3029.110 Safari/537.36
192.168.1.45 - - [23/Jun/2025:18:27:13 +0300] "PATCH /index.html HTTP/1.1" 200 2012 "-" Mozilla/5.0 (compatible; Googlebot/2.1; +http://www.google.com/bot.html)
172.16.5.3 - - [23/Jun/2025:18:27:13 +0300] "DELETE /products/item123 HTTP/1.1" 400 605 "-" Mozilla/5.0 (Windows NT 6.1; WOW64) AppleWebKit/537.36 (KHTML, like Gecko) Chrome/58.0.3029.110 Safari/537.36
10.0.0.12 - - [23/Jun/2025:18:27:13 +0300] "PUT /about HTTP/1.1" 201 561 "-" Mozilla/5.0 (Windows NT 10.0; Win64; x64) AppleWebKit/537.36 (KHTML, like Gecko) Edge/91.0.864.67 Safari/537.36
198.51.100.14 - - [23/Jun/2025:18:27:13 +0300] "DELETE /contact-us HTTP/1.1" 403 1138 "-" Mozilla/5.0 (Linux; Android 10; SM-G975F) AppleWebKit/537.36 (KHTML, like Gecko) Chrome/111.0.0.0 Mobile Safari/537.36
216.58.209.78 - - [23/Jun/2025:18:27:13 +0300] "PUT /search HTTP/1.1" 500 1983 "-" Mozilla/5.0 (Macintosh; Intel Mac OS X 12_4) AppleWebKit/605.1.15 (KHTML, like Gecko) Version/15.5 Safari/605.1.15
198.51.100.14 - - [23/Jun/2025:18:27:13 +0300] "DELETE /contact-us HTTP/1.1" 403 1758 "-" Mozilla/5.0 (Windows NT 10.0; Win64; x64) AppleWebKit/537.36 (KHTML, like Gecko) Edge/91.0.864.67 Safari/537.36
185.199.108.153 - - [23/Jun/2025:18:27:13 +0300] "PUT /blog/2025/06/23/article-title HTTP/1.1" 404 2237 "-" Mozilla/5.0 (Linux; Android 10; SM-G975F) AppleWebKit/537.36 (KHTML, like Gecko) Chrome/111.0.0.0 Mobile Safari/537.36
10.0.0.12 - - [23/Jun/2025:18:27:13 +0300] "PUT /about HTTP/1.1" 201 658 "-" Mozilla/5.0 (Macintosh; Intel Mac OS X 12_4) AppleWebKit/605.1.15 (KHTML, like Gecko) Version/15.5 Safari/605.1.15
198.51.100.14 - - [23/Jun/2025:18:27:13 +0300] "PATCH /contact-us HTTP/1.1" 403 2255 "-" Mozilla/5.0 (Windows NT 6.1; WOW64) AppleWebKit/537.36 (KHTML, like Gecko) Chrome/58.0.3029.110 Safari/537.36
10.0.0.12 - - [23/Jun/2025:18:27:13 +0300] "GET /about HTTP/1.1" 201 724 "-" Opera/9.80 (Windows NT 6.1; WOW64) Presto/2.12.388 Version/12.16
198.51.100.14 - - [23/Jun/2025:18:27:13 +0300] "PATCH /contact-us HTTP/1.1" 403 1281 "-" Opera/9.80 (Windows NT 6.1; WOW64) Presto/2.12.388 Version/12.16
142.250.190.14 - - [23/Jun/2025:18:27:13 +0300] "DELETE /settings HTTP/1.1" 502 901 "-" Mozilla/5.0 (Windows NT 6.1; WOW64) AppleWebKit/537.36 (KHTML, like Gecko) Chrome/58.0.3029.110 Safari/537.36
142.250.190.14 - - [23/Jun/2025:18:27:13 +0300] "DELETE /settings HTTP/1.1" 502 734 "-" Mozilla/5.0 (Linux; Android 10; SM-G975F) AppleWebKit/537.36 (KHTML, like Gecko) Chrome/111.0.0.0 Mobile Safari/537.36
172.16.5.3 - - [23/Jun/2025:18:27:13 +0300] "POST /products/item123 HTTP/1.1" 400 1545 "-" Mozilla/5.0 (Windows NT 10.0; Win64; x64) AppleWebKit/537.36 (KHTML, like Gecko) Edge/91.0.864.67 Safari/537.36
198.51.100.14 - - [23/Jun/2025:18:27:13 +0300] "PATCH /contact-us HTTP/1.1" 403 1709 "-" Mozilla/5.0 (X11; Linux x86_64) AppleWebKit/537.36 (KHTML, like Gecko) Chrome/117.0.0.0 Safari/537.36
198.51.100.14 - - [23/Jun/2025:18:27:13 +0300] "POST /contact-us HTTP/1.1" 403 2249 "-" Mozilla/5.0 (Linux; Android 10; SM-G975F) AppleWebKit/537.36 (KHTML, like Gecko) Chrome/111.0.0.0 Mobile Safari/537.36
172.16.5.3 - - [23/Jun/2025:18:27:13 +0300] "GET /products/item123 HTTP/1.1" 400 785 "-" Mozilla/5.0 (Windows NT 6.1; WOW64) AppleWebKit/537.36 (KHTML, like Gecko) Chrome/58.0.3029.110 Safari/537.36
77.88.8.8 - - [23/Jun/2025:18:27:13 +0300] "PUT  HTTP/1.1" 503 1600 "-" Mozilla/5.0 (X11; Linux x86_64) AppleWebKit/537.36 (KHTML, like Gecko) Chrome/117.0.0.0 Safari/537.36
77.88.8.8 - - [23/Jun/2025:18:27:13 +0300] "PUT  HTTP/1.1" 503 1322 "-" curl/8.1.2
185.199.108.153 - - [23/Jun/2025:18:27:13 +0300] "DELETE /blog/2025/06/23/article-title HTTP/1.1" 404 1577 "-" Mozilla/5.0 (Linux; Android 10; SM-G975F) AppleWebKit/537.36 (KHTML, like Gecko) Chrome/111.0.0.0 Mobile Safari/537.36
