62.217.190.200 - - [23/Jun/2025:18:26:55 +0300] "PATCH /download/file.zip HTTP/1.1" 501 1596 "-" curl/8.1.2
192.168.1.45 - - [23/Jun/2025:18:26:55 +0300] "DELETE /index.html HTTP/1.1" 200 1104 "-" Opera/9.80 (Windows NT 6.1; WOW64) Presto/2.12.388 Version/12.16
198.51.100.14 - - [23/Jun/2025:18:26:55 +0300] "GET /contact-us HTTP/1.1" 403 1791 "-" Mozilla/5.0 (compatible; Googlebot/2.1; +http://www.google.com/bot.html)
62.217.190.200 - - [23/Jun/2025:18:26:55 +0300] "PUT /download/file.zip HTTP/1.1" 501 2362 "-" Opera/9.80 (Windows NT 6.1; WOW64) Presto/2.12.388 Version/12.16
198.51.100.14 - - [23/Jun/2025:18:26:55 +0300] "PUT /contact-us HTTP/1.1" 403 2437 "-" curl/8.1.2
198.51.100.14 - - [23/Jun/2025:18:26:55 +0300] "PUT /contact-us HTTP/1.1" 403 463 "-" Mozilla/5.0 (X11; Linux x86_64) AppleWebKit/537.36 (KHTML, like Gecko) Chrome/117.0.0.0 Safari/537.36
216.58.209.78 - - [23/Jun/2025:18:26:55 +0300] "PUT /search HTTP/1.1" 500 1788 "-" Mozilla/5.0 (compatible; Googlebot/2.1; +http://www.google.com/bot.html)
142.250.190.14 - - [23/Jun/2025:18:26:55 +0300] "POST /settings HTTP/1.1" 502 2407 "-" Mozilla/5.0 (compatible; MSIE 10.0; Windows NT 6.1; Trident/6.0)
216.58.209.78 - - [23/Jun/2025:18:26:55 +0300] "PUT /search HTTP/1.1" 500 728 "-" Mozilla/5.0 (compatible; Googlebot/2.1; +http://www.google.com/bot.html)
142.250.190.14 - - [23/Jun/2025:18:26:55 +0300] "POST /settings HTTP/1.1" 502 2340 "-" Mozilla/5.0 (Windows NT 10.0; Win64; x64) AppleWebKit/537.36 (KHTML, like Gecko) Edge/91.0.864.67 Safari/537.36
192.168.1.45 - - [23/Jun/2025:18:26:55 +0300] "PUT /index.html HTTP/1.1" 200 1591 "-" Mozilla/5.0 (Windows NT 10.0; Win64; x64) AppleWebKit/537.36 (KHTML, like Gecko) Edge/91.0.864.67 Safari/537.36
10.0.0.12 - - [23/Jun/2025:18:26:55 +0300] "PATCH /about HTTP/1.1" 201 1402 "-" curl/8.1.2
172.16.5.3 - - [23/Jun/2025:18:26:55 +0300] "DELETE /products/item123 HTTP/1.1" 400 340 "-" Mozilla/5.0 (compatible; Googlebot/2.1; +http://www.google.com/bot.html)
172.16.5.3 - - [23/Jun/2025:18:26:55 +0300] "DELETE /products/item123 HTTP/1.1" 400 2349 "-" Mozilla/5.0 (Macintosh; Intel Mac OS X 12_4) AppleWebKit/605.1.15 (KHTML, like Gecko) Version/15.5 Safari/605.1.15
185.199.108.153 - - [23/Jun/2025:18:26:55 +0300] "GET /blog/2025/06/23/article-title HTTP/1.1" 404 1569 "-" Mozilla/5.0 (compatible; Googlebot/2.1; +http://www.google.com/bot.html)
185.199.108.153 - - [23/Jun/2025:18:26:55 +0300] "PATCH /blog/2025/06/23/article-title HTTP/1.1" 404 2178 "-" Mozilla/5.0 (Windows NT 10.0; Win64; x64) AppleWebKit/537.36 (KHTML, like Gecko) Edge/91.0.864.67 Safari/537.36
62.217.190.200 - - [23/Jun/2025:18:26:55 +0300] "PATCH /download/file.zip HTTP/1.1" 501 900 "-" Mozilla/5.0 (compatible; MSIE 10.0; Windows NT 6.1; Trident/6.0)
216.58.209.78 - - [23/Jun/2025:18:26:55 +0300] "GET /search HTTP/1.1" 500 469 "-" curl/8.1.2
192.168.1.45 - - [23/Jun/2025:18:26:56 +0300] "POST /index.html HTTP/1.1" 200 1115 "-" Mozilla/5.0 (Windows NT 10.0; Win64; x64) AppleWebKit/537.36 (KHTML, like Gecko) Edge/91.0.864.67 Safari/537.36
192.168.1.45 - - [23/Jun/2025:18:26:56 +0300] "POST /index.html HTTP/1.1" 200 2198 "-" Mozilla/5.0 (compatible; Googlebot/2.1; +http://www.google.com/bot.html)
185.199.108.153 - - [23/Jun/2025:18:26:56 +0300] "PUT /blog/2025/06/23/article-title HTTP/1.1" 404 708 "-" Mozilla/5.0 (Linux; Android 10; SM-G975F) AppleWebKit/537.36 (KHTML, like Gecko) Chrome/111.0.0.0 Mobile Safari/537.36
216.58.209.78 - - [23/Jun/2025:18:26:56 +0300] "GET /search HTTP/1.1" 500 1627 "-" Mozilla/5.0 (compatible; MSIE 10.0; Windows NT 6.1; Trident/6.0)
198.51.100.14 - - [23/Jun/2025:18:26:56 +0300] "PUT /contact-us HTTP/1.1" 403 612 "-" Mozilla/5.0 (Macintosh; Intel Mac OS X 12_4) AppleWebKit/605.1.15 (KHTML, like Gecko) Version/15.5 Safari/605.1.15
142.250.190.14 - - [23/Jun/2025:18:26:56 +0300] "GET /settings HTTP/1.1" 502 2218 "-" curl/8.1.2
198.51.100.14 - - [23/Jun/2025:18:26:56 +0300] "GET /contact-us HTTP/1.1" 403 2378 "-" Mozilla/5.0 (Windows NT 10.0; Win64; x64) AppleWebKit/537.36 (KHTML, like Gecko) Edge/91.0.864.67 Safari/537.36
185.199.108.153 - - [23/Jun/2025:18:26:56 +0300] "DELETE /blog/2025/06/23/article-title HTTP/1.1" 404 1529 "-" Mozilla/5.0 (Macintosh; Intel Mac OS X 12_4) AppleWebKit/605.1.15 (KHTML, like Gecko) Version/15.5 Safari/605.1.15
62.217.190.200 - - [23/Jun/2025:18:26:56 +0300] "POST /download/file.zip HTTP/1.1" 501 1843 "-" Mozilla/5.0 (compatible; MSIE 10.0; Windows NT 6.1; Trident/6.0)
10.0.0.12 - - [23/Jun/2025:18:26:56 +0300] "PUT /about HTTP/1.1" 201 1014 "-" Opera/9.80 (Windows NT 6.1; WOW64) Presto/2.12.388 Version/12.16
142.250.190.14 - - [23/Jun/2025:18:26:56 +0300] "PATCH /settings HTTP/1.1" 502 2237 "-" Mozilla/5.0 (Macintosh; Intel Mac OS X 12_4) AppleWebKit/605.1.15 (KHTML, like Gecko) Version/15.5 Safari/605.1.15
203.0.113.27 - - [23/Jun/2025:18:26:56 +0300] "GET /api/v1/users/images/logo.png HTTP/1.1" 401 1686 "-" Mozilla/5.0 (Windows NT 10.0; Win64; x64) AppleWebKit/537.36 (KHTML, like Gecko) Edge/91.0.864.67 Safari/537.36
198.51.100.14 - - [23/Jun/2025:18:26:56 +0300] "GET /contact-us HTTP/1.1" 403 2224 "-" Mozilla/5.0 (X11; Linux x86_64) AppleWebKit/537.36 (KHTML, like Gecko) Chrome/117.0.0.0 Safari/537.36
198.51.100.14 - - [23/Jun/2025:18:26:56 +0300] "PUT /contact-us HTTP/1.1" 403 1693 "-" Mozilla/5.0 (compatible; MSIE 10.0; Windows NT 6.1; Trident/6.0)
172.16.5.3 - - [23/Jun/2025:18:26:56 +0300] "DELETE /products/item123 HTTP/1.1" 400 1792 "-" Mozilla/5.0 (compatible; Googlebot/2.1; +http://www.google.com/bot.html)
62.217.190.200 - - [23/Jun/2025:18:26:56 +0300] "GET /download/file.zip HTTP/1.1" 501 1966 "-" Mozilla/5.0 (compatible; Googlebot/2.1; +http://www.google.com/bot.html)
77.88.8.8 - - [23/Jun/2025:18:26:56 +0300] "DELETE  HTTP/1.1" 503 2366 "-" Mozilla/5.0 (Windows NT 10.0; Win64; x64; rv:115.0) Gecko/20100101 Firefox/115.0
185.199.108.153 - - [23/Jun/2025:18:26:56 +0300] "PATCH /blog/2025/06/23/article-title HTTP/1.1" 404 714 "-" curl/8.1.2
216.58.209.78 - - [23/Jun/2025:18:26:56 +0300] "PATCH /search HTTP/1.1" 500 517 "-" Opera/9.80 (Windows NT 6.1; WOW64) Presto/2.12.388 Version/12.16
142.250.190.14 - - [23/Jun/2025:18:26:56 +0300] "PUT /settings HTTP/1.1" 502 2046 "-" Mozilla/5.0 (Macintosh; Intel Mac OS X 12_4) AppleWebKit/605.1.15 (KHTML, like Gecko) Version/15.5 Safari/605.1.15
77.88.8.8 - - [23/Jun/2025:18:26:56 +0300] "PATCH  HTTP/1.1" 503 1335 "-" Mozilla/5.0 (Windows NT 10.0; Win64; x64; rv:115.0) Gecko/20100101 Firefox/115.0
203.0.113.27 - - [23/Jun/2025:18:26:56 +0300] "GET /api/v1/users/images/logo.png HTTP/1.1" 401 1107 "-" Mozilla/5.0 (compatible; MSIE 10.0; Windows NT 6.1; Trident/6.0)
203.0.113.27 - - [23/Jun/2025:18:26:56 +0300] "POST /api/v1/users/images/logo.png HTTP/1.1" 401 1878 "-" Mozilla/5.0 (Windows NT 6.1; WOW64) AppleWebKit/537.36 (KHTML, like Gecko) Chrome/58.0.3029.110 Safari/537.36
172.16.5.3 - - [23/Jun/2025:18:26:56 +0300] "POST /products/item123 HTTP/1.1" 400 743 "-" Mozilla/5.0 (Macintosh; Intel Mac OS X 12_4) AppleWebKit/605.1.15 (KHTML, like Gecko) Version/15.5 Safari/605.1.15
10.0.0.12 - - [23/Jun/2025:18:26:56 +0300] "POST /about HTTP/1.1" 201 1281 "-" Mozilla/5.0 (Macintosh; Intel Mac OS X 12_4) AppleWebKit/605.1.15 (KHTML, like Gecko) Version/15.5 Safari/605.1.15
10.0.0.12 - - [23/Jun/2025:18:26:56 +0300] "GET /about HTTP/1.1" 201 725 "-" Mozilla/5.0 (Windows NT 10.0; Win64; x64) AppleWebKit/537.36 (KHTML, like Gecko) Edge/91.0.864.67 Safari/537.36
172.16.5.3 - - [23/Jun/2025:18:26:56 +0300] "PATCH /products/item123 HTTP/1.1" 400 2039 "-" Opera/9.80 (Windows NT 6.1; WOW64) Presto/2.12.388 Version/12.16
216.58.209.78 - - [23/Jun/2025:18:26:56 +0300] "PATCH /search HTTP/1.1" 500 1320 "-" Mozilla/5.0 (Macintosh; Intel Mac OS X 12_4) AppleWebKit/605.1.15 (KHTML, like Gecko) Version/15.5 Safari/605.1.15
192.168.1.45 - - [23/Jun/2025:18:26:56 +0300] "GET /index.html HTTP/1.1" 200 2079 "-" Mozilla/5.0 (Macintosh; Intel Mac OS X 12_4) AppleWebKit/605.1.15 (KHTML, like Gecko) Version/15.5 Safari/605.1.15
62.217.190.200 - - [23/Jun/2025:18:26:56 +0300] "PATCH /download/file.zip HTTP/1.1" 501 1501 "-" Mozilla/5.0 (Linux; Android 10; SM-G975F) AppleWebKit/537.36 (KHTML, like Gecko) Chrome/111.0.0.0 Mobile Safari/537.36
192.168.1.45 - - [23/Jun/2025:18:26:56 +0300] "GET /index.html HTTP/1.1" 200 398 "-" Mozilla/5.0 (Windows NT 6.1; WOW64) AppleWebKit/537.36 (KHTML, like Gecko) Chrome/58.0.3029.110 Safari/537.36
10.0.0.12 - - [23/Jun/2025:18:26:56 +0300] "GET /about HTTP/1.1" 201 1123 "-" Mozilla/5.0 (Windows NT 6.1; WOW64) AppleWebKit/537.36 (KHTML, like Gecko) Chrome/58.0.3029.110 Safari/537.36
185.199.108.153 - - [23/Jun/2025:18:26:56 +0300] "PUT /blog/2025/06/23/article-title HTTP/1.1" 404 1523 "-" Mozilla/5.0 (compatible; Googlebot/2.1; +http://www.google.com/bot.html)
185.199.108.153 - - [23/Jun/2025:18:26:56 +0300] "PUT /blog/2025/06/23/article-title HTTP/1.1" 404 1591 "-" Mozilla/5.0 (Windows NT 6.1; WOW64) AppleWebKit/537.36 (KHTML, like Gecko) Chrome/58.0.3029.110 Safari/537.36
77.88.8.8 - - [23/Jun/2025:18:26:56 +0300] "DELETE  HTTP/1.1" 503 1547 "-" Mozilla/5.0 (Macintosh; Intel Mac OS X 12_4) AppleWebKit/605.1.15 (KHTML, like Gecko) Version/15.5 Safari/605.1.15
10.0.0.12 - - [23/Jun/2025:18:26:56 +0300] "GET /about HTTP/1.1" 201 926 "-" Mozilla/5.0 (compatible; Googlebot/2.1; +http://www.google.com/bot.html)
198.51.100.14 - - [23/Jun/2025:18:26:56 +0300] "GET /contact-us HTTP/1.1" 403 1301 "-" Mozilla/5.0 (X11; Linux x86_64) AppleWebKit/537.36 (KHTML, like Gecko) Chrome/117.0.0.0 Safari/537.36
142.250.190.14 - - [23/Jun/2025:18:26:56 +0300] "GET /settings HTTP/1.1" 502 1653 "-" Mozilla/5.0 (Windows NT 10.0; Win64; x64) AppleWebKit/537.36 (KHTML, like Gecko) Edge/91.0.864.67 Safari/537.36
216.58.209.78 - - [23/Jun/2025:18:26:56 +0300] "GET /search HTTP/1.1" 500 1917 "-" Mozilla/5.0 (Windows NT 10.0; Win64; x64; rv:115.0) Gecko/20100101 Firefox/115.0
62.217.190.200 - - [23/Jun/2025:18:26:56 +0300] "PUT /download/file.zip HTTP/1.1" 501 992 "-" Mozilla/5.0 (compatible; Googlebot/2.1; +http://www.google.com/bot.html)
142.250.190.14 - - [23/Jun/2025:18:26:56 +0300] "GET /settings HTTP/1.1" 502 1602 "-" Mozilla/5.0 (Windows NT 10.0; Win64; x64) AppleWebKit/537.36 (KHTML, like Gecko) Edge/91.0.864.67 Safari/537.36
216.58.209.78 - - [23/Jun/2025:18:26:56 +0300] "DELETE /search HTTP/1.1" 500 2309 "-" Mozilla/5.0 (Windows NT 6.1; WOW64) AppleWebKit/537.36 (KHTML, like Gecko) Chrome/58.0.3029.110 Safari/537.36
198.51.100.14 - - [23/Jun/2025:18:26:56 +0300] "POST /contact-us HTTP/1.1" 403 2068 "-" Mozilla/5.0 (Windows NT 10.0; Win64; x64) AppleWebKit/537.36 (KHTML, like Gecko) Edge/91.0.864.67 Safari/537.36
203.0.113.27 - - [23/Jun/2025:18:26:56 +0300] "DELETE /api/v1/users/images/logo.png HTTP/1.1" 401 714 "-" curl/8.1.2
10.0.0.12 - - [23/Jun/2025:18:26:56 +0300] "POST /about HTTP/1.1" 201 723 "-" Opera/9.80 (Windows NT 6.1; WOW64) Presto/2.12.388 Version/12.16
198.51.100.14 - - [23/Jun/2025:18:26:57 +0300] "PATCH /contact-us HTTP/1.1" 403 2392 "-" Mozilla/5.0 (compatible; MSIE 10.0; Windows NT 6.1; Trident/6.0)
203.0.113.27 - - [23/Jun/2025:18:26:57 +0300] "GET /api/v1/users/images/logo.png HTTP/1.1" 401 543 "-" Mozilla/5.0 (compatible; MSIE 10.0; Windows NT 6.1; Trident/6.0)
192.168.1.45 - - [23/Jun/2025:18:26:57 +0300] "PUT /index.html HTTP/1.1" 200 771 "-" Mozilla/5.0 (Windows NT 10.0; Win64; x64; rv:115.0) Gecko/20100101 Firefox/115.0
198.51.100.14 - - [23/Jun/2025:18:26:57 +0300] "PUT /contact-us HTTP/1.1" 403 2495 "-" curl/8.1.2
203.0.113.27 - - [23/Jun/2025:18:26:57 +0300] "DELETE /api/v1/users/images/logo.png HTTP/1.1" 401 1772 "-" Mozilla/5.0 (Linux; Android 10; SM-G975F) AppleWebKit/537.36 (KHTML, like Gecko) Chrome/111.0.0.0 Mobile Safari/537.36
172.16.5.3 - - [23/Jun/2025:18:26:57 +0300] "POST /products/item123 HTTP/1.1" 400 2224 "-" curl/8.1.2
172.16.5.3 - - [23/Jun/2025:18:26:57 +0300] "GET /products/item123 HTTP/1.1" 400 779 "-" Mozilla/5.0 (compatible; MSIE 10.0; Windows NT 6.1; Trident/6.0)
185.199.108.153 - - [23/Jun/2025:18:26:57 +0300] "PATCH /blog/2025/06/23/article-title HTTP/1.1" 404 1842 "-" curl/8.1.2
198.51.100.14 - - [23/Jun/2025:18:26:57 +0300] "POST /contact-us HTTP/1.1" 403 919 "-" Mozilla/5.0 (compatible; Googlebot/2.1; +http://www.google.com/bot.html)
192.168.1.45 - - [23/Jun/2025:18:26:57 +0300] "PATCH /index.html HTTP/1.1" 200 946 "-" curl/8.1.2
192.168.1.45 - - [23/Jun/2025:18:26:57 +0300] "PUT /index.html HTTP/1.1" 200 1440 "-" Mozilla/5.0 (Windows NT 10.0; Win64; x64) AppleWebKit/537.36 (KHTML, like Gecko) Edge/91.0.864.67 Safari/537.36
172.16.5.3 - - [23/Jun/2025:18:26:57 +0300] "DELETE /products/item123 HTTP/1.1" 400 567 "-" Mozilla/5.0 (X11; Linux x86_64) AppleWebKit/537.36 (KHTML, like Gecko) Chrome/117.0.0.0 Safari/537.36
142.250.190.14 - - [23/Jun/2025:18:26:57 +0300] "POST /settings HTTP/1.1" 502 874 "-" Mozilla/5.0 (Macintosh; Intel Mac OS X 12_4) AppleWebKit/605.1.15 (KHTML, like Gecko) Version/15.5 Safari/605.1.15
172.16.5.3 - - [23/Jun/2025:18:26:57 +0300] "DELETE /products/item123 HTTP/1.1" 400 808 "-" Mozilla/5.0 (Linux; Android 10; SM-G975F) AppleWebKit/537.36 (KHTML, like Gecko) Chrome/111.0.0.0 Mobile Safari/537.36
203.0.113.27 - - [23/Jun/2025:18:26:57 +0300] "DELETE /api/v1/users/images/logo.png HTTP/1.1" 401 883 "-" Opera/9.80 (Windows NT 6.1; WOW64) Presto/2.12.388 Version/12.16
77.88.8.8 - - [23/Jun/2025:18:26:57 +0300] "PATCH  HTTP/1.1" 503 928 "-" Mozilla/5.0 (Windows NT 10.0; Win64; x64) AppleWebKit/537.36 (KHTML, like Gecko) Edge/91.0.864.67 Safari/537.36
198.51.100.14 - - [23/Jun/2025:18:26:57 +0300] "PUT /contact-us HTTP/1.1" 403 2168 "-" Opera/9.80 (Windows NT 6.1; WOW64) Presto/2.12.388 Version/12.16
172.16.5.3 - - [23/Jun/2025:18:26:57 +0300] "GET /products/item123 HTTP/1.1" 400 1176 "-" Mozilla/5.0 (X11; Linux x86_64) AppleWebKit/537.36 (KHTML, like Gecko) Chrome/117.0.0.0 Safari/537.36
142.250.190.14 - - [23/Jun/2025:18:26:57 +0300] "PUT /settings HTTP/1.1" 502 1228 "-" Mozilla/5.0 (compatible; Googlebot/2.1; +http://www.google.com/bot.html)
172.16.5.3 - - [23/Jun/2025:18:26:57 +0300] "DELETE /products/item123 HTTP/1.1" 400 886 "-" Opera/9.80 (Windows NT 6.1; WOW64) Presto/2.12.388 Version/12.16
203.0.113.27 - - [23/Jun/2025:18:26:57 +0300] "DELETE /api/v1/users/images/logo.png HTTP/1.1" 401 1592 "-" Mozilla/5.0 (compatible; Googlebot/2.1; +http://www.google.com/bot.html)
172.16.5.3 - - [23/Jun/2025:18:26:57 +0300] "PATCH /products/item123 HTTP/1.1" 400 1867 "-" Mozilla/5.0 (compatible; MSIE 10.0; Windows NT 6.1; Trident/6.0)
216.58.209.78 - - [23/Jun/2025:18:26:57 +0300] "POST /search HTTP/1.1" 500 2439 "-" Opera/9.80 (Windows NT 6.1; WOW64) Presto/2.12.388 Version/12.16
77.88.8.8 - - [23/Jun/2025:18:26:57 +0300] "DELETE  HTTP/1.1" 503 2315 "-" Opera/9.80 (Windows NT 6.1; WOW64) Presto/2.12.388 Version/12.16
62.217.190.200 - - [23/Jun/2025:18:26:57 +0300] "GET /download/file.zip HTTP/1.1" 501 1017 "-" Mozilla/5.0 (compatible; Googlebot/2.1; +http://www.google.com/bot.html)
62.217.190.200 - - [23/Jun/2025:18:26:57 +0300] "PATCH /download/file.zip HTTP/1.1" 501 2124 "-" Mozilla/5.0 (compatible; Googlebot/2.1; +http://www.google.com/bot.html)
62.217.190.200 - - [23/Jun/2025:18:26:57 +0300] "POST /download/file.zip HTTP/1.1" 501 885 "-" Opera/9.80 (Windows NT 6.1; WOW64) Presto/2.12.388 Version/12.16
185.199.108.153 - - [23/Jun/2025:18:26:57 +0300] "DELETE /blog/2025/06/23/article-title HTTP/1.1" 404 692 "-" Mozilla/5.0 (compatible; MSIE 10.0; Windows NT 6.1; Trident/6.0)
185.199.108.153 - - [23/Jun/2025:18:26:57 +0300] "PATCH /blog/2025/06/23/article-title HTTP/1.1" 404 1041 "-" Mozilla/5.0 (Windows NT 10.0; Win64; x64; rv:115.0) Gecko/20100101 Firefox/115.0
216.58.209.78 - - [23/Jun/2025:18:26:57 +0300] "GET /search HTTP/1.1" 500 801 "-" Mozilla/5.0 (compatible; Googlebot/2.1; +http://www.google.com/bot.html)
77.88.8.8 - - [23/Jun/2025:18:26:57 +0300] "GET  HTTP/1.1" 503 1298 "-" Opera/9.80 (Windows NT 6.1; WOW64) Presto/2.12.388 Version/12.16
185.199.108.153 - - [23/Jun/2025:18:26:57 +0300] "DELETE /blog/2025/06/23/article-title HTTP/1.1" 404 924 "-" Mozilla/5.0 (compatible; MSIE 10.0; Windows NT 6.1; Trident/6.0)
185.199.108.153 - - [23/Jun/2025:18:26:57 +0300] "POST /blog/2025/06/23/article-title HTTP/1.1" 404 461 "-" Mozilla/5.0 (Windows NT 10.0; Win64; x64) AppleWebKit/537.36 (KHTML, like Gecko) Edge/91.0.864.67 Safari/537.36
77.88.8.8 - - [23/Jun/2025:18:26:57 +0300] "GET  HTTP/1.1" 503 1867 "-" Mozilla/5.0 (compatible; MSIE 10.0; Windows NT 6.1; Trident/6.0)
62.217.190.200 - - [23/Jun/2025:18:26:57 +0300] "PATCH /download/file.zip HTTP/1.1" 501 328 "-" Mozilla/5.0 (X11; Linux x86_64) AppleWebKit/537.36 (KHTML, like Gecko) Chrome/117.0.0.0 Safari/537.36
172.16.5.3 - - [23/Jun/2025:18:26:57 +0300] "PATCH /products/item123 HTTP/1.1" 400 1194 "-" Mozilla/5.0 (Windows NT 10.0; Win64; x64) AppleWebKit/537.36 (KHTML, like Gecko) Edge/91.0.864.67 Safari/537.36
192.168.1.45 - - [23/Jun/2025:18:26:57 +0300] "POST /index.html HTTP/1.1" 200 1445 "-" Mozilla/5.0 (Windows NT 10.0; Win64; x64; rv:115.0) Gecko/20100101 Firefox/115.0
203.0.113.27 - - [23/Jun/2025:18:26:57 +0300] "GET /api/v1/users/images/logo.png HTTP/1.1" 401 937 "-" Mozilla/5.0 (compatible; MSIE 10.0; Windows NT 6.1; Trident/6.0)
172.16.5.3 - - [23/Jun/2025:18:26:57 +0300] "POST /products/item123 HTTP/1.1" 400 2400 "-" Mozilla/5.0 (Windows NT 10.0; Win64; x64; rv:115.0) Gecko/20100101 Firefox/115.0
172.16.5.3 - - [23/Jun/2025:18:26:57 +0300] "PATCH /products/item123 HTTP/1.1" 400 2054 "-" Mozilla/5.0 (Windows NT 10.0; Win64; x64; rv:115.0) Gecko/20100101 Firefox/115.0
77.88.8.8 - - [23/Jun/2025:18:26:57 +0300] "POST  HTTP/1.1" 503 2172 "-" Mozilla/5.0 (Windows NT 10.0; Win64; x64; rv:115.0) Gecko/20100101 Firefox/115.0
216.58.209.78 - - [23/Jun/2025:18:26:57 +0300] "PUT /search HTTP/1.1" 500 2267 "-" Mozilla/5.0 (Macintosh; Intel Mac OS X 12_4) AppleWebKit/605.1.15 (KHTML, like Gecko) Version/15.5 Safari/605.1.15
216.58.209.78 - - [23/Jun/2025:18:26:57 +0300] "PATCH /search HTTP/1.1" 500 1882 "-" Opera/9.80 (Windows NT 6.1; WOW64) Presto/2.12.388 Version/12.16
172.16.5.3 - - [23/Jun/2025:18:26:57 +0300] "DELETE /products/item123 HTTP/1.1" 400 521 "-" Opera/9.80 (Windows NT 6.1; WOW64) Presto/2.12.388 Version/12.16
62.217.190.200 - - [23/Jun/2025:18:26:58 +0300] "GET /download/file.zip HTTP/1.1" 501 1501 "-" Mozilla/5.0 (Macintosh; Intel Mac OS X 12_4) AppleWebKit/605.1.15 (KHTML, like Gecko) Version/15.5 Safari/605.1.15
62.217.190.200 - - [23/Jun/2025:18:26:58 +0300] "PUT /download/file.zip HTTP/1.1" 501 2130 "-" Mozilla/5.0 (compatible; MSIE 10.0; Windows NT 6.1; Trident/6.0)
216.58.209.78 - - [23/Jun/2025:18:26:58 +0300] "PUT /search HTTP/1.1" 500 1580 "-" Mozilla/5.0 (Windows NT 6.1; WOW64) AppleWebKit/537.36 (KHTML, like Gecko) Chrome/58.0.3029.110 Safari/537.36
142.250.190.14 - - [23/Jun/2025:18:26:58 +0300] "PATCH /settings HTTP/1.1" 502 915 "-" Mozilla/5.0 (compatible; Googlebot/2.1; +http://www.google.com/bot.html)
216.58.209.78 - - [23/Jun/2025:18:26:58 +0300] "DELETE /search HTTP/1.1" 500 1638 "-" Mozilla/5.0 (X11; Linux x86_64) AppleWebKit/537.36 (KHTML, like Gecko) Chrome/117.0.0.0 Safari/537.36
10.0.0.12 - - [23/Jun/2025:18:26:58 +0300] "PATCH /about HTTP/1.1" 201 1822 "-" Mozilla/5.0 (Windows NT 10.0; Win64; x64) AppleWebKit/537.36 (KHTML, like Gecko) Edge/91.0.864.67 Safari/537.36
203.0.113.27 - - [23/Jun/2025:18:26:58 +0300] "GET /api/v1/users/images/logo.png HTTP/1.1" 401 1834 "-" Mozilla/5.0 (compatible; Googlebot/2.1; +http://www.google.com/bot.html)
77.88.8.8 - - [23/Jun/2025:18:26:58 +0300] "PATCH  HTTP/1.1" 503 869 "-" Mozilla/5.0 (compatible; MSIE 10.0; Windows NT 6.1; Trident/6.0)
203.0.113.27 - - [23/Jun/2025:18:26:58 +0300] "PATCH /api/v1/users/images/logo.png HTTP/1.1" 401 2267 "-" Mozilla/5.0 (compatible; Googlebot/2.1; +http://www.google.com/bot.html)
142.250.190.14 - - [23/Jun/2025:18:26:58 +0300] "GET /settings HTTP/1.1" 502 2087 "-" Opera/9.80 (Windows NT 6.1; WOW64) Presto/2.12.388 Version/12.16
216.58.209.78 - - [23/Jun/2025:18:26:58 +0300] "DELETE /search HTTP/1.1" 500 1968 "-" Mozilla/5.0 (Windows NT 10.0; Win64; x64; rv:115.0) Gecko/20100101 Firefox/115.0
192.168.1.45 - - [23/Jun/2025:18:26:58 +0300] "DELETE /index.html HTTP/1.1" 200 1212 "-" curl/8.1.2
192.168.1.45 - - [23/Jun/2025:18:26:58 +0300] "POST /index.html HTTP/1.1" 200 2259 "-" Mozilla/5.0 (compatible; MSIE 10.0; Windows NT 6.1; Trident/6.0)
216.58.209.78 - - [23/Jun/2025:18:26:58 +0300] "PATCH /search HTTP/1.1" 500 342 "-" Mozilla/5.0 (Windows NT 10.0; Win64; x64; rv:115.0) Gecko/20100101 Firefox/115.0
185.199.108.153 - - [23/Jun/2025:18:26:58 +0300] "PATCH /blog/2025/06/23/article-title HTTP/1.1" 404 946 "-" Mozilla/5.0 (X11; Linux x86_64) AppleWebKit/537.36 (KHTML, like Gecko) Chrome/117.0.0.0 Safari/537.36
203.0.113.27 - - [23/Jun/2025:18:26:58 +0300] "GET /api/v1/users/images/logo.png HTTP/1.1" 401 421 "-" Mozilla/5.0 (Macintosh; Intel Mac OS X 12_4) AppleWebKit/605.1.15 (KHTML, like Gecko) Version/15.5 Safari/605.1.15
192.168.1.45 - - [23/Jun/2025:18:26:58 +0300] "POST /index.html HTTP/1.1" 200 2262 "-" Mozilla/5.0 (Windows NT 6.1; WOW64) AppleWebKit/537.36 (KHTML, like Gecko) Chrome/58.0.3029.110 Safari/537.36
77.88.8.8 - - [23/Jun/2025:18:26:58 +0300] "PATCH  HTTP/1.1" 503 575 "-" Mozilla/5.0 (Windows NT 6.1; WOW64) AppleWebKit/537.36 (KHTML, like Gecko) Chrome/58.0.3029.110 Safari/537.36
172.16.5.3 - - [23/Jun/2025:18:26:58 +0300] "DELETE /products/item123 HTTP/1.1" 400 1509 "-" Mozilla/5.0 (Macintosh; Intel Mac OS X 12_4) AppleWebKit/605.1.15 (KHTML, like Gecko) Version/15.5 Safari/605.1.15
142.250.190.14 - - [23/Jun/2025:18:26:58 +0300] "POST /settings HTTP/1.1" 502 407 "-" curl/8.1.2
142.250.190.14 - - [23/Jun/2025:18:26:58 +0300] "PATCH /settings HTTP/1.1" 502 1313 "-" Mozilla/5.0 (Linux; Android 10; SM-G975F) AppleWebKit/537.36 (KHTML, like Gecko) Chrome/111.0.0.0 Mobile Safari/537.36
62.217.190.200 - - [23/Jun/2025:18:26:58 +0300] "GET /download/file.zip HTTP/1.1" 501 1109 "-" Mozilla/5.0 (Macintosh; Intel Mac OS X 12_4) AppleWebKit/605.1.15 (KHTML, like Gecko) Version/15.5 Safari/605.1.15
192.168.1.45 - - [23/Jun/2025:18:26:58 +0300] "GET /index.html HTTP/1.1" 200 1323 "-" Mozilla/5.0 (Windows NT 6.1; WOW64) AppleWebKit/537.36 (KHTML, like Gecko) Chrome/58.0.3029.110 Safari/537.36
172.16.5.3 - - [23/Jun/2025:18:26:58 +0300] "POST /products/item123 HTTP/1.1" 400 397 "-" Mozilla/5.0 (Windows NT 10.0; Win64; x64) AppleWebKit/537.36 (KHTML, like Gecko) Edge/91.0.864.67 Safari/537.36
203.0.113.27 - - [23/Jun/2025:18:26:58 +0300] "PUT /api/v1/users/images/logo.png HTTP/1.1" 401 1333 "-" Mozilla/5.0 (compatible; MSIE 10.0; Windows NT 6.1; Trident/6.0)
198.51.100.14 - - [23/Jun/2025:18:26:58 +0300] "PATCH /contact-us HTTP/1.1" 403 1968 "-" Mozilla/5.0 (Windows NT 6.1; WOW64) AppleWebKit/537.36 (KHTML, like Gecko) Chrome/58.0.3029.110 Safari/537.36
62.217.190.200 - - [23/Jun/2025:18:26:58 +0300] "PATCH /download/file.zip HTTP/1.1" 501 789 "-" Mozilla/5.0 (Windows NT 10.0; Win64; x64) AppleWebKit/537.36 (KHTML, like Gecko) Edge/91.0.864.67 Safari/537.36
77.88.8.8 - - [23/Jun/2025:18:26:58 +0300] "PUT  HTTP/1.1" 503 314 "-" Mozilla/5.0 (Windows NT 6.1; WOW64) AppleWebKit/537.36 (KHTML, like Gecko) Chrome/58.0.3029.110 Safari/537.36
192.168.1.45 - - [23/Jun/2025:18:26:58 +0300] "POST /index.html HTTP/1.1" 200 650 "-" curl/8.1.2
142.250.190.14 - - [23/Jun/2025:18:26:58 +0300] "DELETE /settings HTTP/1.1" 502 713 "-" Mozilla/5.0 (compatible; MSIE 10.0; Windows NT 6.1; Trident/6.0)
172.16.5.3 - - [23/Jun/2025:18:26:58 +0300] "PUT /products/item123 HTTP/1.1" 400 2318 "-" Mozilla/5.0 (Windows NT 6.1; WOW64) AppleWebKit/537.36 (KHTML, like Gecko) Chrome/58.0.3029.110 Safari/537.36
142.250.190.14 - - [23/Jun/2025:18:26:58 +0300] "POST /settings HTTP/1.1" 502 1106 "-" Mozilla/5.0 (Linux; Android 10; SM-G975F) AppleWebKit/537.36 (KHTML, like Gecko) Chrome/111.0.0.0 Mobile Safari/537.36
77.88.8.8 - - [23/Jun/2025:18:26:58 +0300] "GET  HTTP/1.1" 503 789 "-" Opera/9.80 (Windows NT 6.1; WOW64) Presto/2.12.388 Version/12.16
203.0.113.27 - - [23/Jun/2025:18:26:58 +0300] "GET /api/v1/users/images/logo.png HTTP/1.1" 401 2372 "-" Mozilla/5.0 (Windows NT 10.0; Win64; x64; rv:115.0) Gecko/20100101 Firefox/115.0
185.199.108.153 - - [23/Jun/2025:18:26:58 +0300] "PATCH /blog/2025/06/23/article-title HTTP/1.1" 404 2310 "-" Opera/9.80 (Windows NT 6.1; WOW64) Presto/2.12.388 Version/12.16
62.217.190.200 - - [23/Jun/2025:18:26:58 +0300] "POST /download/file.zip HTTP/1.1" 501 1505 "-" Mozilla/5.0 (X11; Linux x86_64) AppleWebKit/537.36 (KHTML, like Gecko) Chrome/117.0.0.0 Safari/537.36
172.16.5.3 - - [23/Jun/2025:18:26:58 +0300] "PATCH /products/item123 HTTP/1.1" 400 1350 "-" Mozilla/5.0 (Linux; Android 10; SM-G975F) AppleWebKit/537.36 (KHTML, like Gecko) Chrome/111.0.0.0 Mobile Safari/537.36
185.199.108.153 - - [23/Jun/2025:18:26:58 +0300] "GET /blog/2025/06/23/article-title HTTP/1.1" 404 527 "-" Mozilla/5.0 (Macintosh; Intel Mac OS X 12_4) AppleWebKit/605.1.15 (KHTML, like Gecko) Version/15.5 Safari/605.1.15
192.168.1.45 - - [23/Jun/2025:18:26:58 +0300] "GET /index.html HTTP/1.1" 200 878 "-" Mozilla/5.0 (Linux; Android 10; SM-G975F) AppleWebKit/537.36 (KHTML, like Gecko) Chrome/111.0.0.0 Mobile Safari/537.36
185.199.108.153 - - [23/Jun/2025:18:26:58 +0300] "POST /blog/2025/06/23/article-title HTTP/1.1" 404 2177 "-" Mozilla/5.0 (Windows NT 6.1; WOW64) AppleWebKit/537.36 (KHTML, like Gecko) Chrome/58.0.3029.110 Safari/537.36
77.88.8.8 - - [23/Jun/2025:18:26:58 +0300] "DELETE  HTTP/1.1" 503 1560 "-" Mozilla/5.0 (Windows NT 6.1; WOW64) AppleWebKit/537.36 (KHTML, like Gecko) Chrome/58.0.3029.110 Safari/537.36
10.0.0.12 - - [23/Jun/2025:18:26:58 +0300] "PUT /about HTTP/1.1" 201 1158 "-" Mozilla/5.0 (Windows NT 10.0; Win64; x64) AppleWebKit/537.36 (KHTML, like Gecko) Edge/91.0.864.67 Safari/537.36
185.199.108.153 - - [23/Jun/2025:18:26:58 +0300] "PUT /blog/2025/06/23/article-title HTTP/1.1" 404 1366 "-" Mozilla/5.0 (Windows NT 10.0; Win64; x64) AppleWebKit/537.36 (KHTML, like Gecko) Edge/91.0.864.67 Safari/537.36
198.51.100.14 - - [23/Jun/2025:18:26:59 +0300] "GET /contact-us HTTP/1.1" 403 2202 "-" Mozilla/5.0 (Windows NT 10.0; Win64; x64; rv:115.0) Gecko/20100101 Firefox/115.0
192.168.1.45 - - [23/Jun/2025:18:26:59 +0300] "DELETE /index.html HTTP/1.1" 200 1346 "-" Mozilla/5.0 (compatible; MSIE 10.0; Windows NT 6.1; Trident/6.0)
62.217.190.200 - - [23/Jun/2025:18:26:59 +0300] "PUT /download/file.zip HTTP/1.1" 501 658 "-" Mozilla/5.0 (Windows NT 10.0; Win64; x64) AppleWebKit/537.36 (KHTML, like Gecko) Edge/91.0.864.67 Safari/537.36
192.168.1.45 - - [23/Jun/2025:18:26:59 +0300] "PATCH /index.html HTTP/1.1" 200 912 "-" Mozilla/5.0 (Macintosh; Intel Mac OS X 12_4) AppleWebKit/605.1.15 (KHTML, like Gecko) Version/15.5 Safari/605.1.15
10.0.0.12 - - [23/Jun/2025:18:26:59 +0300] "GET /about HTTP/1.1" 201 1649 "-" curl/8.1.2
172.16.5.3 - - [23/Jun/2025:18:26:59 +0300] "DELETE /products/item123 HTTP/1.1" 400 1095 "-" Mozilla/5.0 (Windows NT 10.0; Win64; x64) AppleWebKit/537.36 (KHTML, like Gecko) Edge/91.0.864.67 Safari/537.36
62.217.190.200 - - [23/Jun/2025:18:26:59 +0300] "POST /download/file.zip HTTP/1.1" 501 1985 "-" Mozilla/5.0 (Linux; Android 10; SM-G975F) AppleWebKit/537.36 (KHTML, like Gecko) Chrome/111.0.0.0 Mobile Safari/537.36
77.88.8.8 - - [23/Jun/2025:18:26:59 +0300] "GET  HTTP/1.1" 503 606 "-" Mozilla/5.0 (Windows NT 6.1; WOW64) AppleWebKit/537.36 (KHTML, like Gecko) Chrome/58.0.3029.110 Safari/537.36
192.168.1.45 - - [23/Jun/2025:18:26:59 +0300] "POST /index.html HTTP/1.1" 200 2079 "-" Mozilla/5.0 (Macintosh; Intel Mac OS X 12_4) AppleWebKit/605.1.15 (KHTML, like Gecko) Version/15.5 Safari/605.1.15
203.0.113.27 - - [23/Jun/2025:18:26:59 +0300] "PUT /api/v1/users/images/logo.png HTTP/1.1" 401 1390 "-" Mozilla/5.0 (Macintosh; Intel Mac OS X 12_4) AppleWebKit/605.1.15 (KHTML, like Gecko) Version/15.5 Safari/605.1.15
62.217.190.200 - - [23/Jun/2025:18:26:59 +0300] "DELETE /download/file.zip HTTP/1.1" 501 1144 "-" Mozilla/5.0 (Macintosh; Intel Mac OS X 12_4) AppleWebKit/605.1.15 (KHTML, like Gecko) Version/15.5 Safari/605.1.15
77.88.8.8 - - [23/Jun/2025:18:26:59 +0300] "POST  HTTP/1.1" 503 1995 "-" Mozilla/5.0 (Macintosh; Intel Mac OS X 12_4) AppleWebKit/605.1.15 (KHTML, like Gecko) Version/15.5 Safari/605.1.15
172.16.5.3 - - [23/Jun/2025:18:26:59 +0300] "DELETE /products/item123 HTTP/1.1" 400 1367 "-" Mozilla/5.0 (Windows NT 10.0; Win64; x64; rv:115.0) Gecko/20100101 Firefox/115.0
192.168.1.45 - - [23/Jun/2025:18:26:59 +0300] "POST /index.html HTTP/1.1" 200 1082 "-" Opera/9.80 (Windows NT 6.1; WOW64) Presto/2.12.388 Version/12.16
62.217.190.200 - - [23/Jun/2025:18:26:59 +0300] "POST /download/file.zip HTTP/1.1" 501 1122 "-" Mozilla/5.0 (compatible; MSIE 10.0; Windows NT 6.1; Trident/6.0)
77.88.8.8 - - [23/Jun/2025:18:26:59 +0300] "PUT  HTTP/1.1" 503 1541 "-" Mozilla/5.0 (Windows NT 10.0; Win64; x64; rv:115.0) Gecko/20100101 Firefox/115.0
142.250.190.14 - - [23/Jun/2025:18:26:59 +0300] "PATCH /settings HTTP/1.1" 502 1448 "-" Mozilla/5.0 (Linux; Android 10; SM-G975F) AppleWebKit/537.36 (KHTML, like Gecko) Chrome/111.0.0.0 Mobile Safari/537.36
172.16.5.3 - - [23/Jun/2025:18:26:59 +0300] "POST /products/item123 HTTP/1.1" 400 2371 "-" Mozilla/5.0 (Windows NT 6.1; WOW64) AppleWebKit/537.36 (KHTML, like Gecko) Chrome/58.0.3029.110 Safari/537.36
198.51.100.14 - - [23/Jun/2025:18:26:59 +0300] "PUT /contact-us HTTP/1.1" 403 2442 "-" Mozilla/5.0 (Linux; Android 10; SM-G975F) AppleWebKit/537.36 (KHTML, like Gecko) Chrome/111.0.0.0 Mobile Safari/537.36
203.0.113.27 - - [23/Jun/2025:18:26:59 +0300] "DELETE /api/v1/users/images/logo.png HTTP/1.1" 401 979 "-" Mozilla/5.0 (Windows NT 10.0; Win64; x64) AppleWebKit/537.36 (KHTML, like Gecko) Edge/91.0.864.67 Safari/537.36
62.217.190.200 - - [23/Jun/2025:18:26:59 +0300] "POST /download/file.zip HTTP/1.1" 501 1338 "-" Mozilla/5.0 (Windows NT 10.0; Win64; x64; rv:115.0) Gecko/20100101 Firefox/115.0
185.199.108.153 - - [23/Jun/2025:18:26:59 +0300] "GET /blog/2025/06/23/article-title HTTP/1.1" 404 1637 "-" Mozilla/5.0 (Windows NT 6.1; WOW64) AppleWebKit/537.36 (KHTML, like Gecko) Chrome/58.0.3029.110 Safari/537.36
198.51.100.14 - - [23/Jun/2025:18:26:59 +0300] "PATCH /contact-us HTTP/1.1" 403 793 "-" Mozilla/5.0 (Windows NT 10.0; Win64; x64; rv:115.0) Gecko/20100101 Firefox/115.0
192.168.1.45 - - [23/Jun/2025:18:26:59 +0300] "POST /index.html HTTP/1.1" 200 2221 "-" Mozilla/5.0 (Windows NT 6.1; WOW64) AppleWebKit/537.36 (KHTML, like Gecko) Chrome/58.0.3029.110 Safari/537.36
77.88.8.8 - - [23/Jun/2025:18:26:59 +0300] "DELETE  HTTP/1.1" 503 1090 "-" Mozilla/5.0 (Linux; Android 10; SM-G975F) AppleWebKit/537.36 (KHTML, like Gecko) Chrome/111.0.0.0 Mobile Safari/537.36
198.51.100.14 - - [23/Jun/2025:18:26:59 +0300] "PUT /contact-us HTTP/1.1" 403 2208 "-" Mozilla/5.0 (Windows NT 10.0; Win64; x64; rv:115.0) Gecko/20100101 Firefox/115.0
142.250.190.14 - - [23/Jun/2025:18:26:59 +0300] "GET /settings HTTP/1.1" 502 2157 "-" Mozilla/5.0 (compatible; Googlebot/2.1; +http://www.google.com/bot.html)
62.217.190.200 - - [23/Jun/2025:18:26:59 +0300] "GET /download/file.zip HTTP/1.1" 501 1049 "-" Mozilla/5.0 (Linux; Android 10; SM-G975F) AppleWebKit/537.36 (KHTML, like Gecko) Chrome/111.0.0.0 Mobile Safari/537.36
142.250.190.14 - - [23/Jun/2025:18:26:59 +0300] "PATCH /settings HTTP/1.1" 502 2441 "-" Mozilla/5.0 (Macintosh; Intel Mac OS X 12_4) AppleWebKit/605.1.15 (KHTML, like Gecko) Version/15.5 Safari/605.1.15
10.0.0.12 - - [23/Jun/2025:18:26:59 +0300] "PUT /about HTTP/1.1" 201 364 "-" Opera/9.80 (Windows NT 6.1; WOW64) Presto/2.12.388 Version/12.16
216.58.209.78 - - [23/Jun/2025:18:26:59 +0300] "PUT /search HTTP/1.1" 500 1125 "-" Mozilla/5.0 (compatible; MSIE 10.0; Windows NT 6.1; Trident/6.0)
10.0.0.12 - - [23/Jun/2025:18:26:59 +0300] "DELETE /about HTTP/1.1" 201 1877 "-" curl/8.1.2
216.58.209.78 - - [23/Jun/2025:18:26:59 +0300] "GET /search HTTP/1.1" 500 1724 "-" Mozilla/5.0 (Windows NT 10.0; Win64; x64; rv:115.0) Gecko/20100101 Firefox/115.0
10.0.0.12 - - [23/Jun/2025:18:26:59 +0300] "GET /about HTTP/1.1" 201 2164 "-" Mozilla/5.0 (Windows NT 6.1; WOW64) AppleWebKit/537.36 (KHTML, like Gecko) Chrome/58.0.3029.110 Safari/537.36
62.217.190.200 - - [23/Jun/2025:18:26:59 +0300] "PATCH /download/file.zip HTTP/1.1" 501 1480 "-" curl/8.1.2
142.250.190.14 - - [23/Jun/2025:18:26:59 +0300] "PUT /settings HTTP/1.1" 502 1292 "-" curl/8.1.2
77.88.8.8 - - [23/Jun/2025:18:26:59 +0300] "DELETE  HTTP/1.1" 503 2471 "-" curl/8.1.2
142.250.190.14 - - [23/Jun/2025:18:26:59 +0300] "GET /settings HTTP/1.1" 502 986 "-" Mozilla/5.0 (Windows NT 10.0; Win64; x64) AppleWebKit/537.36 (KHTML, like Gecko) Edge/91.0.864.67 Safari/537.36
192.168.1.45 - - [23/Jun/2025:18:26:59 +0300] "PUT /index.html HTTP/1.1" 200 985 "-" Mozilla/5.0 (Linux; Android 10; SM-G975F) AppleWebKit/537.36 (KHTML, like Gecko) Chrome/111.0.0.0 Mobile Safari/537.36
10.0.0.12 - - [23/Jun/2025:18:26:59 +0300] "GET /about HTTP/1.1" 201 795 "-" Mozilla/5.0 (Windows NT 10.0; Win64; x64) AppleWebKit/537.36 (KHTML, like Gecko) Edge/91.0.864.67 Safari/537.36
192.168.1.45 - - [23/Jun/2025:18:26:59 +0300] "POST /index.html HTTP/1.1" 200 2322 "-" curl/8.1.2
192.168.1.45 - - [23/Jun/2025:18:26:59 +0300] "PATCH /index.html HTTP/1.1" 200 1253 "-" Mozilla/5.0 (Windows NT 10.0; Win64; x64; rv:115.0) Gecko/20100101 Firefox/115.0
216.58.209.78 - - [23/Jun/2025:18:26:59 +0300] "POST /search HTTP/1.1" 500 1968 "-" Mozilla/5.0 (Windows NT 6.1; WOW64) AppleWebKit/537.36 (KHTML, like Gecko) Chrome/58.0.3029.110 Safari/537.36
77.88.8.8 - - [23/Jun/2025:18:26:59 +0300] "PUT  HTTP/1.1" 503 342 "-" Mozilla/5.0 (Windows NT 10.0; Win64; x64) AppleWebKit/537.36 (KHTML, like Gecko) Edge/91.0.864.67 Safari/537.36
198.51.100.14 - - [23/Jun/2025:18:27:00 +0300] "PUT /contact-us HTTP/1.1" 403 1547 "-" Mozilla/5.0 (Linux; Android 10; SM-G975F) AppleWebKit/537.36 (KHTML, like Gecko) Chrome/111.0.0.0 Mobile Safari/537.36
192.168.1.45 - - [23/Jun/2025:18:27:00 +0300] "POST /index.html HTTP/1.1" 200 2118 "-" Mozilla/5.0 (Linux; Android 10; SM-G975F) AppleWebKit/537.36 (KHTML, like Gecko) Chrome/111.0.0.0 Mobile Safari/537.36
203.0.113.27 - - [23/Jun/2025:18:27:00 +0300] "DELETE /api/v1/users/images/logo.png HTTP/1.1" 401 506 "-" Mozilla/5.0 (Macintosh; Intel Mac OS X 12_4) AppleWebKit/605.1.15 (KHTML, like Gecko) Version/15.5 Safari/605.1.15
203.0.113.27 - - [23/Jun/2025:18:27:00 +0300] "GET /api/v1/users/images/logo.png HTTP/1.1" 401 1104 "-" Mozilla/5.0 (Windows NT 6.1; WOW64) AppleWebKit/537.36 (KHTML, like Gecko) Chrome/58.0.3029.110 Safari/537.36
142.250.190.14 - - [23/Jun/2025:18:27:00 +0300] "PUT /settings HTTP/1.1" 502 1499 "-" Mozilla/5.0 (Windows NT 6.1; WOW64) AppleWebKit/537.36 (KHTML, like Gecko) Chrome/58.0.3029.110 Safari/537.36
203.0.113.27 - - [23/Jun/2025:18:27:00 +0300] "POST /api/v1/users/images/logo.png HTTP/1.1" 401 2137 "-" curl/8.1.2
203.0.113.27 - - [23/Jun/2025:18:27:00 +0300] "GET /api/v1/users/images/logo.png HTTP/1.1" 401 354 "-" Mozilla/5.0 (Windows NT 10.0; Win64; x64) AppleWebKit/537.36 (KHTML, like Gecko) Edge/91.0.864.67 Safari/537.36
192.168.1.45 - - [23/Jun/2025:18:27:00 +0300] "POST /index.html HTTP/1.1" 200 505 "-" Mozilla/5.0 (compatible; Googlebot/2.1; +http://www.google.com/bot.html)
10.0.0.12 - - [23/Jun/2025:18:27:00 +0300] "POST /about HTTP/1.1" 201 523 "-" Mozilla/5.0 (Windows NT 10.0; Win64; x64) AppleWebKit/537.36 (KHTML, like Gecko) Edge/91.0.864.67 Safari/537.36
172.16.5.3 - - [23/Jun/2025:18:27:00 +0300] "PATCH /products/item123 HTTP/1.1" 400 1506 "-" Mozilla/5.0 (Windows NT 10.0; Win64; x64; rv:115.0) Gecko/20100101 Firefox/115.0
185.199.108.153 - - [23/Jun/2025:18:27:00 +0300] "POST /blog/2025/06/23/article-title HTTP/1.1" 404 1707 "-" Mozilla/5.0 (compatible; MSIE 10.0; Windows NT 6.1; Trident/6.0)
142.250.190.14 - - [23/Jun/2025:18:27:00 +0300] "DELETE /settings HTTP/1.1" 502 1377 "-" Mozilla/5.0 (Linux; Android 10; SM-G975F) AppleWebKit/537.36 (KHTML, like Gecko) Chrome/111.0.0.0 Mobile Safari/537.36
203.0.113.27 - - [23/Jun/2025:18:27:00 +0300] "PUT /api/v1/users/images/logo.png HTTP/1.1" 401 1695 "-" Opera/9.80 (Windows NT 6.1; WOW64) Presto/2.12.388 Version/12.16
62.217.190.200 - - [23/Jun/2025:18:27:00 +0300] "POST /download/file.zip HTTP/1.1" 501 2112 "-" Opera/9.80 (Windows NT 6.1; WOW64) Presto/2.12.388 Version/12.16
185.199.108.153 - - [23/Jun/2025:18:27:00 +0300] "DELETE /blog/2025/06/23/article-title HTTP/1.1" 404 1392 "-" Mozilla/5.0 (Windows NT 10.0; Win64; x64) AppleWebKit/537.36 (KHTML, like Gecko) Edge/91.0.864.67 Safari/537.36
172.16.5.3 - - [23/Jun/2025:18:27:00 +0300] "DELETE /products/item123 HTTP/1.1" 400 2120 "-" Mozilla/5.0 (Windows NT 10.0; Win64; x64) AppleWebKit/537.36 (KHTML, like Gecko) Edge/91.0.864.67 Safari/537.36
192.168.1.45 - - [23/Jun/2025:18:27:00 +0300] "POST /index.html HTTP/1.1" 200 487 "-" Mozilla/5.0 (compatible; MSIE 10.0; Windows NT 6.1; Trident/6.0)
198.51.100.14 - - [23/Jun/2025:18:27:00 +0300] "POST /contact-us HTTP/1.1" 403 1529 "-" Mozilla/5.0 (Linux; Android 10; SM-G975F) AppleWebKit/537.36 (KHTML, like Gecko) Chrome/111.0.0.0 Mobile Safari/537.36
10.0.0.12 - - [23/Jun/2025:18:27:00 +0300] "PATCH /about HTTP/1.1" 201 469 "-" Mozilla/5.0 (Windows NT 10.0; Win64; x64; rv:115.0) Gecko/20100101 Firefox/115.0
172.16.5.3 - - [23/Jun/2025:18:27:00 +0300] "DELETE /products/item123 HTTP/1.1" 400 1868 "-" Mozilla/5.0 (Linux; Android 10; SM-G975F) AppleWebKit/537.36 (KHTML, like Gecko) Chrome/111.0.0.0 Mobile Safari/537.36
77.88.8.8 - - [23/Jun/2025:18:27:00 +0300] "GET  HTTP/1.1" 503 480 "-" Mozilla/5.0 (Macintosh; Intel Mac OS X 12_4) AppleWebKit/605.1.15 (KHTML, like Gecko) Version/15.5 Safari/605.1.15
198.51.100.14 - - [23/Jun/2025:18:27:00 +0300] "PATCH /contact-us HTTP/1.1" 403 1018 "-" Mozilla/5.0 (Windows NT 6.1; WOW64) AppleWebKit/537.36 (KHTML, like Gecko) Chrome/58.0.3029.110 Safari/537.36
185.199.108.153 - - [23/Jun/2025:18:27:00 +0300] "PUT /blog/2025/06/23/article-title HTTP/1.1" 404 841 "-" Opera/9.80 (Windows NT 6.1; WOW64) Presto/2.12.388 Version/12.16
216.58.209.78 - - [23/Jun/2025:18:27:00 +0300] "DELETE /search HTTP/1.1" 500 2343 "-" Mozilla/5.0 (Windows NT 10.0; Win64; x64; rv:115.0) Gecko/20100101 Firefox/115.0
185.199.108.153 - - [23/Jun/2025:18:27:00 +0300] "DELETE /blog/2025/06/23/article-title HTTP/1.1" 404 1588 "-" Mozilla/5.0 (X11; Linux x86_64) AppleWebKit/537.36 (KHTML, like Gecko) Chrome/117.0.0.0 Safari/537.36
203.0.113.27 - - [23/Jun/2025:18:27:00 +0300] "PUT /api/v1/users/images/logo.png HTTP/1.1" 401 1319 "-" Mozilla/5.0 (X11; Linux x86_64) AppleWebKit/537.36 (KHTML, like Gecko) Chrome/117.0.0.0 Safari/537.36
77.88.8.8 - - [23/Jun/2025:18:27:00 +0300] "PATCH  HTTP/1.1" 503 522 "-" Opera/9.80 (Windows NT 6.1; WOW64) Presto/2.12.388 Version/12.16
172.16.5.3 - - [23/Jun/2025:18:27:00 +0300] "PUT /products/item123 HTTP/1.1" 400 547 "-" Mozilla/5.0 (Linux; Android 10; SM-G975F) AppleWebKit/537.36 (KHTML, like Gecko) Chrome/111.0.0.0 Mobile Safari/537.36
198.51.100.14 - - [23/Jun/2025:18:27:00 +0300] "POST /contact-us HTTP/1.1" 403 2324 "-" Mozilla/5.0 (Windows NT 10.0; Win64; x64; rv:115.0) Gecko/20100101 Firefox/115.0
10.0.0.12 - - [23/Jun/2025:18:27:00 +0300] "POST /about HTTP/1.1" 201 415 "-" Mozilla/5.0 (Windows NT 6.1; WOW64) AppleWebKit/537.36 (KHTML, like Gecko) Chrome/58.0.3029.110 Safari/537.36
203.0.113.27 - - [23/Jun/2025:18:27:00 +0300] "GET /api/v1/users/images/logo.png HTTP/1.1" 401 2272 "-" curl/8.1.2
192.168.1.45 - - [23/Jun/2025:18:27:00 +0300] "DELETE /index.html HTTP/1.1" 200 1327 "-" Mozilla/5.0 (Windows NT 10.0; Win64; x64; rv:115.0) Gecko/20100101 Firefox/115.0
198.51.100.14 - - [23/Jun/2025:18:27:00 +0300] "POST /contact-us HTTP/1.1" 403 2000 "-" Mozilla/5.0 (compatible; MSIE 10.0; Windows NT 6.1; Trident/6.0)
185.199.108.153 - - [23/Jun/2025:18:27:00 +0300] "PUT /blog/2025/06/23/article-title HTTP/1.1" 404 884 "-" Mozilla/5.0 (compatible; Googlebot/2.1; +http://www.google.com/bot.html)
172.16.5.3 - - [23/Jun/2025:18:27:00 +0300] "GET /products/item123 HTTP/1.1" 400 937 "-" Mozilla/5.0 (compatible; Googlebot/2.1; +http://www.google.com/bot.html)
77.88.8.8 - - [23/Jun/2025:18:27:00 +0300] "DELETE  HTTP/1.1" 503 1830 "-" Mozilla/5.0 (Windows NT 10.0; Win64; x64) AppleWebKit/537.36 (KHTML, like Gecko) Edge/91.0.864.67 Safari/537.36
185.199.108.153 - - [23/Jun/2025:18:27:00 +0300] "DELETE /blog/2025/06/23/article-title HTTP/1.1" 404 1291 "-" Mozilla/5.0 (Windows NT 10.0; Win64; x64) AppleWebKit/537.36 (KHTML, like Gecko) Edge/91.0.864.67 Safari/537.36
198.51.100.14 - - [23/Jun/2025:18:27:00 +0300] "DELETE /contact-us HTTP/1.1" 403 1476 "-" Mozilla/5.0 (Windows NT 10.0; Win64; x64) AppleWebKit/537.36 (KHTML, like Gecko) Edge/91.0.864.67 Safari/537.36
198.51.100.14 - - [23/Jun/2025:18:27:00 +0300] "POST /contact-us HTTP/1.1" 403 966 "-" Mozilla/5.0 (compatible; Googlebot/2.1; +http://www.google.com/bot.html)
203.0.113.27 - - [23/Jun/2025:18:27:00 +0300] "GET /api/v1/users/images/logo.png HTTP/1.1" 401 1103 "-" Mozilla/5.0 (compatible; Googlebot/2.1; +http://www.google.com/bot.html)
172.16.5.3 - - [23/Jun/2025:18:27:00 +0300] "GET /products/item123 HTTP/1.1" 400 1245 "-" curl/8.1.2
62.217.190.200 - - [23/Jun/2025:18:27:00 +0300] "GET /download/file.zip HTTP/1.1" 501 1659 "-" Mozilla/5.0 (Windows NT 6.1; WOW64) AppleWebKit/537.36 (KHTML, like Gecko) Chrome/58.0.3029.110 Safari/537.36
172.16.5.3 - - [23/Jun/2025:18:27:00 +0300] "POST /products/item123 HTTP/1.1" 400 2227 "-" Mozilla/5.0 (X11; Linux x86_64) AppleWebKit/537.36 (KHTML, like Gecko) Chrome/117.0.0.0 Safari/537.36
142.250.190.14 - - [23/Jun/2025:18:27:00 +0300] "POST /settings HTTP/1.1" 502 1387 "-" Mozilla/5.0 (Linux; Android 10; SM-G975F) AppleWebKit/537.36 (KHTML, like Gecko) Chrome/111.0.0.0 Mobile Safari/537.36
62.217.190.200 - - [23/Jun/2025:18:27:01 +0300] "POST /download/file.zip HTTP/1.1" 501 349 "-" Opera/9.80 (Windows NT 6.1; WOW64) Presto/2.12.388 Version/12.16
192.168.1.45 - - [23/Jun/2025:18:27:01 +0300] "PATCH /index.html HTTP/1.1" 200 2259 "-" Mozilla/5.0 (Windows NT 10.0; Win64; x64) AppleWebKit/537.36 (KHTML, like Gecko) Edge/91.0.864.67 Safari/537.36
198.51.100.14 - - [23/Jun/2025:18:27:01 +0300] "POST /contact-us HTTP/1.1" 403 507 "-" Opera/9.80 (Windows NT 6.1; WOW64) Presto/2.12.388 Version/12.16
172.16.5.3 - - [23/Jun/2025:18:27:01 +0300] "GET /products/item123 HTTP/1.1" 400 400 "-" Mozilla/5.0 (Windows NT 10.0; Win64; x64; rv:115.0) Gecko/20100101 Firefox/115.0
10.0.0.12 - - [23/Jun/2025:18:27:01 +0300] "GET /about HTTP/1.1" 201 538 "-" curl/8.1.2
172.16.5.3 - - [23/Jun/2025:18:27:01 +0300] "POST /products/item123 HTTP/1.1" 400 2263 "-" Mozilla/5.0 (Macintosh; Intel Mac OS X 12_4) AppleWebKit/605.1.15 (KHTML, like Gecko) Version/15.5 Safari/605.1.15
10.0.0.12 - - [23/Jun/2025:18:27:01 +0300] "PUT /about HTTP/1.1" 201 1421 "-" Mozilla/5.0 (X11; Linux x86_64) AppleWebKit/537.36 (KHTML, like Gecko) Chrome/117.0.0.0 Safari/537.36
62.217.190.200 - - [23/Jun/2025:18:27:01 +0300] "DELETE /download/file.zip HTTP/1.1" 501 1293 "-" curl/8.1.2
198.51.100.14 - - [23/Jun/2025:18:27:01 +0300] "POST /contact-us HTTP/1.1" 403 1001 "-" Mozilla/5.0 (X11; Linux x86_64) AppleWebKit/537.36 (KHTML, like Gecko) Chrome/117.0.0.0 Safari/537.36
62.217.190.200 - - [23/Jun/2025:18:27:01 +0300] "POST /download/file.zip HTTP/1.1" 501 814 "-" curl/8.1.2
62.217.190.200 - - [23/Jun/2025:18:27:01 +0300] "POST /download/file.zip HTTP/1.1" 501 1701 "-" curl/8.1.2
216.58.209.78 - - [23/Jun/2025:18:27:01 +0300] "DELETE /search HTTP/1.1" 500 514 "-" curl/8.1.2
192.168.1.45 - - [23/Jun/2025:18:27:01 +0300] "POST /index.html HTTP/1.1" 200 1587 "-" Mozilla/5.0 (compatible; Googlebot/2.1; +http://www.google.com/bot.html)
10.0.0.12 - - [23/Jun/2025:18:27:01 +0300] "PUT /about HTTP/1.1" 201 2071 "-" Mozilla/5.0 (Linux; Android 10; SM-G975F) AppleWebKit/537.36 (KHTML, like Gecko) Chrome/111.0.0.0 Mobile Safari/537.36
10.0.0.12 - - [23/Jun/2025:18:27:01 +0300] "PATCH /about HTTP/1.1" 201 609 "-" Mozilla/5.0 (compatible; Googlebot/2.1; +http://www.google.com/bot.html)
172.16.5.3 - - [23/Jun/2025:18:27:01 +0300] "PUT /products/item123 HTTP/1.1" 400 2366 "-" Mozilla/5.0 (Macintosh; Intel Mac OS X 12_4) AppleWebKit/605.1.15 (KHTML, like Gecko) Version/15.5 Safari/605.1.15
142.250.190.14 - - [23/Jun/2025:18:27:01 +0300] "PATCH /settings HTTP/1.1" 502 1074 "-" curl/8.1.2
62.217.190.200 - - [23/Jun/2025:18:27:01 +0300] "DELETE /download/file.zip HTTP/1.1" 501 1348 "-" Mozilla/5.0 (compatible; MSIE 10.0; Windows NT 6.1; Trident/6.0)
216.58.209.78 - - [23/Jun/2025:18:27:01 +0300] "POST /search HTTP/1.1" 500 1689 "-" Opera/9.80 (Windows NT 6.1; WOW64) Presto/2.12.388 Version/12.16
192.168.1.45 - - [23/Jun/2025:18:27:01 +0300] "PATCH /index.html HTTP/1.1" 200 2164 "-" Mozilla/5.0 (X11; Linux x86_64) AppleWebKit/537.36 (KHTML, like Gecko) Chrome/117.0.0.0 Safari/537.36
192.168.1.45 - - [23/Jun/2025:18:27:01 +0300] "DELETE /index.html HTTP/1.1" 200 829 "-" Mozilla/5.0 (Linux; Android 10; SM-G975F) AppleWebKit/537.36 (KHTML, like Gecko) Chrome/111.0.0.0 Mobile Safari/537.36
198.51.100.14 - - [23/Jun/2025:18:27:01 +0300] "GET /contact-us HTTP/1.1" 403 1691 "-" curl/8.1.2
172.16.5.3 - - [23/Jun/2025:18:27:01 +0300] "PATCH /products/item123 HTTP/1.1" 400 1144 "-" Mozilla/5.0 (X11; Linux x86_64) AppleWebKit/537.36 (KHTML, like Gecko) Chrome/117.0.0.0 Safari/537.36
203.0.113.27 - - [23/Jun/2025:18:27:01 +0300] "PATCH /api/v1/users/images/logo.png HTTP/1.1" 401 1022 "-" Mozilla/5.0 (compatible; Googlebot/2.1; +http://www.google.com/bot.html)
77.88.8.8 - - [23/Jun/2025:18:27:01 +0300] "DELETE  HTTP/1.1" 503 813 "-" Mozilla/5.0 (compatible; Googlebot/2.1; +http://www.google.com/bot.html)
216.58.209.78 - - [23/Jun/2025:18:27:01 +0300] "DELETE /search HTTP/1.1" 500 313 "-" Mozilla/5.0 (compatible; MSIE 10.0; Windows NT 6.1; Trident/6.0)
185.199.108.153 - - [23/Jun/2025:18:27:01 +0300] "GET /blog/2025/06/23/article-title HTTP/1.1" 404 788 "-" Mozilla/5.0 (Linux; Android 10; SM-G975F) AppleWebKit/537.36 (KHTML, like Gecko) Chrome/111.0.0.0 Mobile Safari/537.36
216.58.209.78 - - [23/Jun/2025:18:27:01 +0300] "POST /search HTTP/1.1" 500 1933 "-" Mozilla/5.0 (Macintosh; Intel Mac OS X 12_4) AppleWebKit/605.1.15 (KHTML, like Gecko) Version/15.5 Safari/605.1.15
77.88.8.8 - - [23/Jun/2025:18:27:01 +0300] "PATCH  HTTP/1.1" 503 713 "-" Mozilla/5.0 (Windows NT 10.0; Win64; x64) AppleWebKit/537.36 (KHTML, like Gecko) Edge/91.0.864.67 Safari/537.36
216.58.209.78 - - [23/Jun/2025:18:27:01 +0300] "GET /search HTTP/1.1" 500 1883 "-" Mozilla/5.0 (Linux; Android 10; SM-G975F) AppleWebKit/537.36 (KHTML, like Gecko) Chrome/111.0.0.0 Mobile Safari/537.36
10.0.0.12 - - [23/Jun/2025:18:27:01 +0300] "PATCH /about HTTP/1.1" 201 1455 "-" Mozilla/5.0 (compatible; MSIE 10.0; Windows NT 6.1; Trident/6.0)
198.51.100.14 - - [23/Jun/2025:18:27:01 +0300] "PUT /contact-us HTTP/1.1" 403 1291 "-" Opera/9.80 (Windows NT 6.1; WOW64) Presto/2.12.388 Version/12.16
142.250.190.14 - - [23/Jun/2025:18:27:01 +0300] "DELETE /settings HTTP/1.1" 502 407 "-" Mozilla/5.0 (compatible; MSIE 10.0; Windows NT 6.1; Trident/6.0)
198.51.100.14 - - [23/Jun/2025:18:27:01 +0300] "PATCH /contact-us HTTP/1.1" 403 2300 "-" Opera/9.80 (Windows NT 6.1; WOW64) Presto/2.12.388 Version/12.16
198.51.100.14 - - [23/Jun/2025:18:27:01 +0300] "DELETE /contact-us HTTP/1.1" 403 935 "-" Mozilla/5.0 (Linux; Android 10; SM-G975F) AppleWebKit/537.36 (KHTML, like Gecko) Chrome/111.0.0.0 Mobile Safari/537.36
203.0.113.27 - - [23/Jun/2025:18:27:01 +0300] "PATCH /api/v1/users/images/logo.png HTTP/1.1" 401 1962 "-" Opera/9.80 (Windows NT 6.1; WOW64) Presto/2.12.388 Version/12.16
203.0.113.27 - - [23/Jun/2025:18:27:01 +0300] "DELETE /api/v1/users/images/logo.png HTTP/1.1" 401 1268 "-" Mozilla/5.0 (compatible; Googlebot/2.1; +http://www.google.com/bot.html)
77.88.8.8 - - [23/Jun/2025:18:27:01 +0300] "GET  HTTP/1.1" 503 556 "-" Mozilla/5.0 (Linux; Android 10; SM-G975F) AppleWebKit/537.36 (KHTML, like Gecko) Chrome/111.0.0.0 Mobile Safari/537.36
216.58.209.78 - - [23/Jun/2025:18:27:01 +0300] "POST /search HTTP/1.1" 500 443 "-" Mozilla/5.0 (compatible; MSIE 10.0; Windows NT 6.1; Trident/6.0)
172.16.5.3 - - [23/Jun/2025:18:27:01 +0300] "PATCH /products/item123 HTTP/1.1" 400 470 "-" curl/8.1.2
62.217.190.200 - - [23/Jun/2025:18:27:01 +0300] "GET /download/file.zip HTTP/1.1" 501 1763 "-" Opera/9.80 (Windows NT 6.1; WOW64) Presto/2.12.388 Version/12.16
216.58.209.78 - - [23/Jun/2025:18:27:01 +0300] "DELETE /search HTTP/1.1" 500 591 "-" Mozilla/5.0 (Linux; Android 10; SM-G975F) AppleWebKit/537.36 (KHTML, like Gecko) Chrome/111.0.0.0 Mobile Safari/537.36
185.199.108.153 - - [23/Jun/2025:18:27:01 +0300] "PATCH /blog/2025/06/23/article-title HTTP/1.1" 404 1729 "-" Mozilla/5.0 (Windows NT 6.1; WOW64) AppleWebKit/537.36 (KHTML, like Gecko) Chrome/58.0.3029.110 Safari/537.36
203.0.113.27 - - [23/Jun/2025:18:27:02 +0300] "PUT /api/v1/users/images/logo.png HTTP/1.1" 401 486 "-" Mozilla/5.0 (Windows NT 10.0; Win64; x64; rv:115.0) Gecko/20100101 Firefox/115.0
203.0.113.27 - - [23/Jun/2025:18:27:02 +0300] "PATCH /api/v1/users/images/logo.png HTTP/1.1" 401 2017 "-" curl/8.1.2
198.51.100.14 - - [23/Jun/2025:18:27:02 +0300] "GET /contact-us HTTP/1.1" 403 2244 "-" Mozilla/5.0 (compatible; MSIE 10.0; Windows NT 6.1; Trident/6.0)
142.250.190.14 - - [23/Jun/2025:18:27:02 +0300] "PUT /settings HTTP/1.1" 502 1098 "-" Opera/9.80 (Windows NT 6.1; WOW64) Presto/2.12.388 Version/12.16
62.217.190.200 - - [23/Jun/2025:18:27:02 +0300] "PATCH /download/file.zip HTTP/1.1" 501 930 "-" Mozilla/5.0 (Windows NT 6.1; WOW64) AppleWebKit/537.36 (KHTML, like Gecko) Chrome/58.0.3029.110 Safari/537.36
172.16.5.3 - - [23/Jun/2025:18:27:02 +0300] "PATCH /products/item123 HTTP/1.1" 400 328 "-" Mozilla/5.0 (Linux; Android 10; SM-G975F) AppleWebKit/537.36 (KHTML, like Gecko) Chrome/111.0.0.0 Mobile Safari/537.36
