192.168.1.45 - - [23/Jun/2025:18:26:36 +0300] "POST /index.html HTTP/1.1" 200 1959 "-" Opera/9.80 (Windows NT 6.1; WOW64) Presto/2.12.388 Version/12.16
10.0.0.12 - - [23/Jun/2025:18:26:36 +0300] "PATCH /about HTTP/1.1" 201 1306 "-" Mozilla/5.0 (Windows NT 10.0; Win64; x64; rv:115.0) Gecko/20100101 Firefox/115.0
10.0.0.12 - - [23/Jun/2025:18:26:36 +0300] "POST /about HTTP/1.1" 201 2065 "-" Mozilla/5.0 (Windows NT 6.1; WOW64) AppleWebKit/537.36 (KHTML, like Gecko) Chrome/58.0.3029.110 Safari/537.36
172.16.5.3 - - [23/Jun/2025:18:26:36 +0300] "POST /products/item123 HTTP/1.1" 400 2423 "-" Mozilla/5.0 (Linux; Android 10; SM-G975F) AppleWebKit/537.36 (KHTML, like Gecko) Chrome/111.0.0.0 Mobile Safari/537.36
172.16.5.3 - - [23/Jun/2025:18:26:36 +0300] "POST /products/item123 HTTP/1.1" 400 1315 "-" Mozilla/5.0 (Linux; Android 10; SM-G975F) AppleWebKit/537.36 (KHTML, like Gecko) Chrome/111.0.0.0 Mobile Safari/537.36
203.0.113.27 - - [23/Jun/2025:18:26:36 +0300] "DELETE /api/v1/users/images/logo.png HTTP/1.1" 401 1480 "-" Mozilla/5.0 (Windows NT 10.0; Win64; x64; rv:115.0) Gecko/20100101 Firefox/115.0
172.16.5.3 - - [23/Jun/2025:18:26:36 +0300] "GET /products/item123 HTTP/1.1" 400 1590 "-" Opera/9.80 (Windows NT 6.1; WOW64) Presto/2.12.388 Version/12.16
185.199.108.153 - - [23/Jun/2025:18:26:36 +0300] "DELETE /blog/2025/06/23/article-title HTTP/1.1" 404 361 "-" Mozilla/5.0 (Macintosh; Intel Mac OS X 12_4) AppleWebKit/605.1.15 (KHTML, like Gecko) Version/15.5 Safari/605.1.15
10.0.0.12 - - [23/Jun/2025:18:26:36 +0300] "DELETE /about HTTP/1.1" 201 482 "-" Mozilla/5.0 (Windows NT 10.0; Win64; x64) AppleWebKit/537.36 (KHTML, like Gecko) Edge/91.0.864.67 Safari/537.36
203.0.113.27 - - [23/Jun/2025:18:26:36 +0300] "DELETE /api/v1/users/images/logo.png HTTP/1.1" 401 1456 "-" Mozilla/5.0 (compatible; Googlebot/2.1; +http://www.google.com/bot.html)
192.168.1.45 - - [23/Jun/2025:18:26:36 +0300] "GET /index.html HTTP/1.1" 200 2408 "-" Mozilla/5.0 (Windows NT 10.0; Win64; x64; rv:115.0) Gecko/20100101 Firefox/115.0
77.88.8.8 - - [23/Jun/2025:18:26:36 +0300] "DELETE  HTTP/1.1" 503 1598 "-" Opera/9.80 (Windows NT 6.1; WOW64) Presto/2.12.388 Version/12.16
185.199.108.153 - - [23/Jun/2025:18:26:36 +0300] "PATCH /blog/2025/06/23/article-title HTTP/1.1" 404 1099 "-" Mozilla/5.0 (Macintosh; Intel Mac OS X 12_4) AppleWebKit/605.1.15 (KHTML, like Gecko) Version/15.5 Safari/605.1.15
185.199.108.153 - - [23/Jun/2025:18:26:36 +0300] "PATCH /blog/2025/06/23/article-title HTTP/1.1" 404 943 "-" Mozilla/5.0 (Macintosh; Intel Mac OS X 12_4) AppleWebKit/605.1.15 (KHTML, like Gecko) Version/15.5 Safari/605.1.15
142.250.190.14 - - [23/Jun/2025:18:26:36 +0300] "GET /settings HTTP/1.1" 502 1906 "-" Opera/9.80 (Windows NT 6.1; WOW64) Presto/2.12.388 Version/12.16
10.0.0.12 - - [23/Jun/2025:18:26:36 +0300] "POST /about HTTP/1.1" 201 2226 "-" Mozilla/5.0 (Windows NT 6.1; WOW64) AppleWebKit/537.36 (KHTML, like Gecko) Chrome/58.0.3029.110 Safari/537.36
198.51.100.14 - - [23/Jun/2025:18:26:36 +0300] "GET /contact-us HTTP/1.1" 403 2045 "-" Mozilla/5.0 (X11; Linux x86_64) AppleWebKit/537.36 (KHTML, like Gecko) Chrome/117.0.0.0 Safari/537.36
192.168.1.45 - - [23/Jun/2025:18:26:36 +0300] "PATCH /index.html HTTP/1.1" 200 945 "-" Opera/9.80 (Windows NT 6.1; WOW64) Presto/2.12.388 Version/12.16
185.199.108.153 - - [23/Jun/2025:18:26:36 +0300] "POST /blog/2025/06/23/article-title HTTP/1.1" 404 1534 "-" Mozilla/5.0 (Windows NT 6.1; WOW64) AppleWebKit/537.36 (KHTML, like Gecko) Chrome/58.0.3029.110 Safari/537.36
203.0.113.27 - - [23/Jun/2025:18:26:36 +0300] "GET /api/v1/users/images/logo.png HTTP/1.1" 401 1695 "-" curl/8.1.2
198.51.100.14 - - [23/Jun/2025:18:26:36 +0300] "PATCH /contact-us HTTP/1.1" 403 620 "-" Mozilla/5.0 (Linux; Android 10; SM-G975F) AppleWebKit/537.36 (KHTML, like Gecko) Chrome/111.0.0.0 Mobile Safari/537.36
185.199.108.153 - - [23/Jun/2025:18:26:36 +0300] "GET /blog/2025/06/23/article-title HTTP/1.1" 404 1361 "-" Mozilla/5.0 (Linux; Android 10; SM-G975F) AppleWebKit/537.36 (KHTML, like Gecko) Chrome/111.0.0.0 Mobile Safari/537.36
142.250.190.14 - - [23/Jun/2025:18:26:36 +0300] "POST /settings HTTP/1.1" 502 2337 "-" Mozilla/5.0 (X11; Linux x86_64) AppleWebKit/537.36 (KHTML, like Gecko) Chrome/117.0.0.0 Safari/537.36
185.199.108.153 - - [23/Jun/2025:18:26:36 +0300] "DELETE /blog/2025/06/23/article-title HTTP/1.1" 404 641 "-" Mozilla/5.0 (Windows NT 10.0; Win64; x64) AppleWebKit/537.36 (KHTML, like Gecko) Edge/91.0.864.67 Safari/537.36
172.16.5.3 - - [23/Jun/2025:18:26:36 +0300] "PATCH /products/item123 HTTP/1.1" 400 818 "-" Mozilla/5.0 (Windows NT 6.1; WOW64) AppleWebKit/537.36 (KHTML, like Gecko) Chrome/58.0.3029.110 Safari/537.36
198.51.100.14 - - [23/Jun/2025:18:26:36 +0300] "POST /contact-us HTTP/1.1" 403 1195 "-" Opera/9.80 (Windows NT 6.1; WOW64) Presto/2.12.388 Version/12.16
172.16.5.3 - - [23/Jun/2025:18:26:36 +0300] "PATCH /products/item123 HTTP/1.1" 400 2186 "-" curl/8.1.2
77.88.8.8 - - [23/Jun/2025:18:26:36 +0300] "POST  HTTP/1.1" 503 870 "-" Opera/9.80 (Windows NT 6.1; WOW64) Presto/2.12.388 Version/12.16
198.51.100.14 - - [23/Jun/2025:18:26:36 +0300] "DELETE /contact-us HTTP/1.1" 403 2030 "-" Mozilla/5.0 (Windows NT 6.1; WOW64) AppleWebKit/537.36 (KHTML, like Gecko) Chrome/58.0.3029.110 Safari/537.36
192.168.1.45 - - [23/Jun/2025:18:26:36 +0300] "PUT /index.html HTTP/1.1" 200 1796 "-" Mozilla/5.0 (Macintosh; Intel Mac OS X 12_4) AppleWebKit/605.1.15 (KHTML, like Gecko) Version/15.5 Safari/605.1.15
77.88.8.8 - - [23/Jun/2025:18:26:36 +0300] "GET  HTTP/1.1" 503 1177 "-" Mozilla/5.0 (compatible; Googlebot/2.1; +http://www.google.com/bot.html)
77.88.8.8 - - [23/Jun/2025:18:26:36 +0300] "GET  HTTP/1.1" 503 450 "-" curl/8.1.2
10.0.0.12 - - [23/Jun/2025:18:26:36 +0300] "PATCH /about HTTP/1.1" 201 2339 "-" Mozilla/5.0 (Windows NT 10.0; Win64; x64; rv:115.0) Gecko/20100101 Firefox/115.0
192.168.1.45 - - [23/Jun/2025:18:26:36 +0300] "PUT /index.html HTTP/1.1" 200 1008 "-" Mozilla/5.0 (Windows NT 10.0; Win64; x64; rv:115.0) Gecko/20100101 Firefox/115.0
185.199.108.153 - - [23/Jun/2025:18:26:37 +0300] "GET /blog/2025/06/23/article-title HTTP/1.1" 404 2068 "-" Mozilla/5.0 (compatible; MSIE 10.0; Windows NT 6.1; Trident/6.0)
203.0.113.27 - - [23/Jun/2025:18:26:37 +0300] "PUT /api/v1/users/images/logo.png HTTP/1.1" 401 668 "-" Mozilla/5.0 (compatible; MSIE 10.0; Windows NT 6.1; Trident/6.0)
172.16.5.3 - - [23/Jun/2025:18:26:37 +0300] "PUT /products/item123 HTTP/1.1" 400 2047 "-" Mozilla/5.0 (Windows NT 10.0; Win64; x64) AppleWebKit/537.36 (KHTML, like Gecko) Edge/91.0.864.67 Safari/537.36
203.0.113.27 - - [23/Jun/2025:18:26:37 +0300] "POST /api/v1/users/images/logo.png HTTP/1.1" 401 648 "-" curl/8.1.2
77.88.8.8 - - [23/Jun/2025:18:26:37 +0300] "PUT  HTTP/1.1" 503 2238 "-" Mozilla/5.0 (Macintosh; Intel Mac OS X 12_4) AppleWebKit/605.1.15 (KHTML, like Gecko) Version/15.5 Safari/605.1.15
77.88.8.8 - - [23/Jun/2025:18:26:37 +0300] "PUT  HTTP/1.1" 503 2339 "-" Mozilla/5.0 (Windows NT 10.0; Win64; x64) AppleWebKit/537.36 (KHTML, like Gecko) Edge/91.0.864.67 Safari/537.36
142.250.190.14 - - [23/Jun/2025:18:26:37 +0300] "POST /settings HTTP/1.1" 502 2344 "-" Mozilla/5.0 (Windows NT 10.0; Win64; x64) AppleWebKit/537.36 (KHTML, like Gecko) Edge/91.0.864.67 Safari/537.36
142.250.190.14 - - [23/Jun/2025:18:26:37 +0300] "PATCH /settings HTTP/1.1" 502 564 "-" Mozilla/5.0 (Windows NT 10.0; Win64; x64; rv:115.0) Gecko/20100101 Firefox/115.0
77.88.8.8 - - [23/Jun/2025:18:26:37 +0300] "PATCH  HTTP/1.1" 503 826 "-" Mozilla/5.0 (Windows NT 10.0; Win64; x64) AppleWebKit/537.36 (KHTML, like Gecko) Edge/91.0.864.67 Safari/537.36
172.16.5.3 - - [23/Jun/2025:18:26:37 +0300] "DELETE /products/item123 HTTP/1.1" 400 434 "-" Mozilla/5.0 (Windows NT 6.1; WOW64) AppleWebKit/537.36 (KHTML, like Gecko) Chrome/58.0.3029.110 Safari/537.36
10.0.0.12 - - [23/Jun/2025:18:26:37 +0300] "PUT /about HTTP/1.1" 201 966 "-" Mozilla/5.0 (Windows NT 10.0; Win64; x64) AppleWebKit/537.36 (KHTML, like Gecko) Edge/91.0.864.67 Safari/537.36
216.58.209.78 - - [23/Jun/2025:18:26:37 +0300] "PATCH /search HTTP/1.1" 500 2057 "-" Mozilla/5.0 (compatible; MSIE 10.0; Windows NT 6.1; Trident/6.0)
216.58.209.78 - - [23/Jun/2025:18:26:37 +0300] "POST /search HTTP/1.1" 500 1194 "-" curl/8.1.2
192.168.1.45 - - [23/Jun/2025:18:26:37 +0300] "PUT /index.html HTTP/1.1" 200 338 "-" Mozilla/5.0 (X11; Linux x86_64) AppleWebKit/537.36 (KHTML, like Gecko) Chrome/117.0.0.0 Safari/537.36
62.217.190.200 - - [23/Jun/2025:18:26:37 +0300] "PATCH /download/file.zip HTTP/1.1" 501 1036 "-" Mozilla/5.0 (Windows NT 10.0; Win64; x64; rv:115.0) Gecko/20100101 Firefox/115.0
10.0.0.12 - - [23/Jun/2025:18:26:37 +0300] "GET /about HTTP/1.1" 201 925 "-" Mozilla/5.0 (compatible; MSIE 10.0; Windows NT 6.1; Trident/6.0)
62.217.190.200 - - [23/Jun/2025:18:26:37 +0300] "POST /download/file.zip HTTP/1.1" 501 330 "-" curl/8.1.2
172.16.5.3 - - [23/Jun/2025:18:26:37 +0300] "POST /products/item123 HTTP/1.1" 400 1308 "-" Mozilla/5.0 (Macintosh; Intel Mac OS X 12_4) AppleWebKit/605.1.15 (KHTML, like Gecko) Version/15.5 Safari/605.1.15
198.51.100.14 - - [23/Jun/2025:18:26:37 +0300] "PATCH /contact-us HTTP/1.1" 403 863 "-" Mozilla/5.0 (Linux; Android 10; SM-G975F) AppleWebKit/537.36 (KHTML, like Gecko) Chrome/111.0.0.0 Mobile Safari/537.36
142.250.190.14 - - [23/Jun/2025:18:26:37 +0300] "PUT /settings HTTP/1.1" 502 852 "-" Mozilla/5.0 (compatible; MSIE 10.0; Windows NT 6.1; Trident/6.0)
142.250.190.14 - - [23/Jun/2025:18:26:37 +0300] "PUT /settings HTTP/1.1" 502 2228 "-" curl/8.1.2
62.217.190.200 - - [23/Jun/2025:18:26:37 +0300] "POST /download/file.zip HTTP/1.1" 501 565 "-" Mozilla/5.0 (Windows NT 10.0; Win64; x64) AppleWebKit/537.36 (KHTML, like Gecko) Edge/91.0.864.67 Safari/537.36
172.16.5.3 - - [23/Jun/2025:18:26:37 +0300] "GET /products/item123 HTTP/1.1" 400 1587 "-" Mozilla/5.0 (Linux; Android 10; SM-G975F) AppleWebKit/537.36 (KHTML, like Gecko) Chrome/111.0.0.0 Mobile Safari/537.36
10.0.0.12 - - [23/Jun/2025:18:26:37 +0300] "DELETE /about HTTP/1.1" 201 306 "-" Opera/9.80 (Windows NT 6.1; WOW64) Presto/2.12.388 Version/12.16
203.0.113.27 - - [23/Jun/2025:18:26:37 +0300] "DELETE /api/v1/users/images/logo.png HTTP/1.1" 401 562 "-" Mozilla/5.0 (Windows NT 10.0; Win64; x64; rv:115.0) Gecko/20100101 Firefox/115.0
203.0.113.27 - - [23/Jun/2025:18:26:37 +0300] "DELETE /api/v1/users/images/logo.png HTTP/1.1" 401 444 "-" Mozilla/5.0 (X11; Linux x86_64) AppleWebKit/537.36 (KHTML, like Gecko) Chrome/117.0.0.0 Safari/537.36
192.168.1.45 - - [23/Jun/2025:18:26:37 +0300] "POST /index.html HTTP/1.1" 200 2490 "-" Mozilla/5.0 (X11; Linux x86_64) AppleWebKit/537.36 (KHTML, like Gecko) Chrome/117.0.0.0 Safari/537.36
216.58.209.78 - - [23/Jun/2025:18:26:37 +0300] "PUT /search HTTP/1.1" 500 1100 "-" Mozilla/5.0 (X11; Linux x86_64) AppleWebKit/537.36 (KHTML, like Gecko) Chrome/117.0.0.0 Safari/537.36
203.0.113.27 - - [23/Jun/2025:18:26:37 +0300] "DELETE /api/v1/users/images/logo.png HTTP/1.1" 401 1794 "-" Mozilla/5.0 (compatible; Googlebot/2.1; +http://www.google.com/bot.html)
62.217.190.200 - - [23/Jun/2025:18:26:37 +0300] "PUT /download/file.zip HTTP/1.1" 501 1826 "-" Mozilla/5.0 (X11; Linux x86_64) AppleWebKit/537.36 (KHTML, like Gecko) Chrome/117.0.0.0 Safari/537.36
62.217.190.200 - - [23/Jun/2025:18:26:37 +0300] "GET /download/file.zip HTTP/1.1" 501 1927 "-" Mozilla/5.0 (Windows NT 10.0; Win64; x64; rv:115.0) Gecko/20100101 Firefox/115.0
62.217.190.200 - - [23/Jun/2025:18:26:37 +0300] "POST /download/file.zip HTTP/1.1" 501 1418 "-" Mozilla/5.0 (Macintosh; Intel Mac OS X 12_4) AppleWebKit/605.1.15 (KHTML, like Gecko) Version/15.5 Safari/605.1.15
142.250.190.14 - - [23/Jun/2025:18:26:37 +0300] "GET /settings HTTP/1.1" 502 1943 "-" Mozilla/5.0 (Macintosh; Intel Mac OS X 12_4) AppleWebKit/605.1.15 (KHTML, like Gecko) Version/15.5 Safari/605.1.15
203.0.113.27 - - [23/Jun/2025:18:26:37 +0300] "DELETE /api/v1/users/images/logo.png HTTP/1.1" 401 503 "-" Mozilla/5.0 (Linux; Android 10; SM-G975F) AppleWebKit/537.36 (KHTML, like Gecko) Chrome/111.0.0.0 Mobile Safari/537.36
172.16.5.3 - - [23/Jun/2025:18:26:37 +0300] "PUT /products/item123 HTTP/1.1" 400 2016 "-" Mozilla/5.0 (Windows NT 10.0; Win64; x64; rv:115.0) Gecko/20100101 Firefox/115.0
192.168.1.45 - - [23/Jun/2025:18:26:37 +0300] "GET /index.html HTTP/1.1" 200 835 "-" Mozilla/5.0 (X11; Linux x86_64) AppleWebKit/537.36 (KHTML, like Gecko) Chrome/117.0.0.0 Safari/537.36
203.0.113.27 - - [23/Jun/2025:18:26:37 +0300] "DELETE /api/v1/users/images/logo.png HTTP/1.1" 401 2028 "-" curl/8.1.2
203.0.113.27 - - [23/Jun/2025:18:26:37 +0300] "PATCH /api/v1/users/images/logo.png HTTP/1.1" 401 595 "-" curl/8.1.2
62.217.190.200 - - [23/Jun/2025:18:26:37 +0300] "POST /download/file.zip HTTP/1.1" 501 1140 "-" Mozilla/5.0 (Windows NT 6.1; WOW64) AppleWebKit/537.36 (KHTML, like Gecko) Chrome/58.0.3029.110 Safari/537.36
172.16.5.3 - - [23/Jun/2025:18:26:37 +0300] "PUT /products/item123 HTTP/1.1" 400 1822 "-" Mozilla/5.0 (Macintosh; Intel Mac OS X 12_4) AppleWebKit/605.1.15 (KHTML, like Gecko) Version/15.5 Safari/605.1.15
142.250.190.14 - - [23/Jun/2025:18:26:37 +0300] "PATCH /settings HTTP/1.1" 502 2302 "-" Mozilla/5.0 (Windows NT 6.1; WOW64) AppleWebKit/537.36 (KHTML, like Gecko) Chrome/58.0.3029.110 Safari/537.36
216.58.209.78 - - [23/Jun/2025:18:26:37 +0300] "GET /search HTTP/1.1" 500 1648 "-" Mozilla/5.0 (Windows NT 6.1; WOW64) AppleWebKit/537.36 (KHTML, like Gecko) Chrome/58.0.3029.110 Safari/537.36
198.51.100.14 - - [23/Jun/2025:18:26:37 +0300] "GET /contact-us HTTP/1.1" 403 835 "-" Mozilla/5.0 (compatible; Googlebot/2.1; +http://www.google.com/bot.html)
203.0.113.27 - - [23/Jun/2025:18:26:37 +0300] "PATCH /api/v1/users/images/logo.png HTTP/1.1" 401 2147 "-" Opera/9.80 (Windows NT 6.1; WOW64) Presto/2.12.388 Version/12.16
77.88.8.8 - - [23/Jun/2025:18:26:37 +0300] "PUT  HTTP/1.1" 503 826 "-" Mozilla/5.0 (Windows NT 10.0; Win64; x64) AppleWebKit/537.36 (KHTML, like Gecko) Edge/91.0.864.67 Safari/537.36
62.217.190.200 - - [23/Jun/2025:18:26:37 +0300] "PUT /download/file.zip HTTP/1.1" 501 1775 "-" curl/8.1.2
198.51.100.14 - - [23/Jun/2025:18:26:37 +0300] "PUT /contact-us HTTP/1.1" 403 1381 "-" Mozilla/5.0 (Windows NT 10.0; Win64; x64) AppleWebKit/537.36 (KHTML, like Gecko) Edge/91.0.864.67 Safari/537.36
198.51.100.14 - - [23/Jun/2025:18:26:37 +0300] "GET /contact-us HTTP/1.1" 403 1524 "-" Mozilla/5.0 (Linux; Android 10; SM-G975F) AppleWebKit/537.36 (KHTML, like Gecko) Chrome/111.0.0.0 Mobile Safari/537.36
142.250.190.14 - - [23/Jun/2025:18:26:38 +0300] "PUT /settings HTTP/1.1" 502 2122 "-" Mozilla/5.0 (Macintosh; Intel Mac OS X 12_4) AppleWebKit/605.1.15 (KHTML, like Gecko) Version/15.5 Safari/605.1.15
172.16.5.3 - - [23/Jun/2025:18:26:38 +0300] "GET /products/item123 HTTP/1.1" 400 1157 "-" Mozilla/5.0 (Linux; Android 10; SM-G975F) AppleWebKit/537.36 (KHTML, like Gecko) Chrome/111.0.0.0 Mobile Safari/537.36
216.58.209.78 - - [23/Jun/2025:18:26:38 +0300] "PUT /search HTTP/1.1" 500 614 "-" Opera/9.80 (Windows NT 6.1; WOW64) Presto/2.12.388 Version/12.16
203.0.113.27 - - [23/Jun/2025:18:26:38 +0300] "PATCH /api/v1/users/images/logo.png HTTP/1.1" 401 779 "-" Mozilla/5.0 (Macintosh; Intel Mac OS X 12_4) AppleWebKit/605.1.15 (KHTML, like Gecko) Version/15.5 Safari/605.1.15
77.88.8.8 - - [23/Jun/2025:18:26:38 +0300] "PUT  HTTP/1.1" 503 2407 "-" Mozilla/5.0 (compatible; Googlebot/2.1; +http://www.google.com/bot.html)
62.217.190.200 - - [23/Jun/2025:18:26:38 +0300] "POST /download/file.zip HTTP/1.1" 501 1388 "-" Mozilla/5.0 (X11; Linux x86_64) AppleWebKit/537.36 (KHTML, like Gecko) Chrome/117.0.0.0 Safari/537.36
77.88.8.8 - - [23/Jun/2025:18:26:38 +0300] "DELETE  HTTP/1.1" 503 960 "-" Mozilla/5.0 (X11; Linux x86_64) AppleWebKit/537.36 (KHTML, like Gecko) Chrome/117.0.0.0 Safari/537.36
192.168.1.45 - - [23/Jun/2025:18:26:38 +0300] "PUT /index.html HTTP/1.1" 200 2418 "-" Mozilla/5.0 (compatible; MSIE 10.0; Windows NT 6.1; Trident/6.0)
216.58.209.78 - - [23/Jun/2025:18:26:38 +0300] "GET /search HTTP/1.1" 500 1516 "-" Mozilla/5.0 (compatible; Googlebot/2.1; +http://www.google.com/bot.html)
203.0.113.27 - - [23/Jun/2025:18:26:38 +0300] "DELETE /api/v1/users/images/logo.png HTTP/1.1" 401 2020 "-" Mozilla/5.0 (compatible; MSIE 10.0; Windows NT 6.1; Trident/6.0)
172.16.5.3 - - [23/Jun/2025:18:26:38 +0300] "POST /products/item123 HTTP/1.1" 400 1311 "-" curl/8.1.2
10.0.0.12 - - [23/Jun/2025:18:26:38 +0300] "POST /about HTTP/1.1" 201 2120 "-" Mozilla/5.0 (Linux; Android 10; SM-G975F) AppleWebKit/537.36 (KHTML, like Gecko) Chrome/111.0.0.0 Mobile Safari/537.36
203.0.113.27 - - [23/Jun/2025:18:26:38 +0300] "PATCH /api/v1/users/images/logo.png HTTP/1.1" 401 405 "-" Opera/9.80 (Windows NT 6.1; WOW64) Presto/2.12.388 Version/12.16
62.217.190.200 - - [23/Jun/2025:18:26:38 +0300] "POST /download/file.zip HTTP/1.1" 501 2423 "-" Mozilla/5.0 (X11; Linux x86_64) AppleWebKit/537.36 (KHTML, like Gecko) Chrome/117.0.0.0 Safari/537.36
172.16.5.3 - - [23/Jun/2025:18:26:38 +0300] "PUT /products/item123 HTTP/1.1" 400 1748 "-" Mozilla/5.0 (Windows NT 6.1; WOW64) AppleWebKit/537.36 (KHTML, like Gecko) Chrome/58.0.3029.110 Safari/537.36
216.58.209.78 - - [23/Jun/2025:18:26:38 +0300] "DELETE /search HTTP/1.1" 500 450 "-" Opera/9.80 (Windows NT 6.1; WOW64) Presto/2.12.388 Version/12.16
192.168.1.45 - - [23/Jun/2025:18:26:38 +0300] "DELETE /index.html HTTP/1.1" 200 2072 "-" Opera/9.80 (Windows NT 6.1; WOW64) Presto/2.12.388 Version/12.16
185.199.108.153 - - [23/Jun/2025:18:26:38 +0300] "PUT /blog/2025/06/23/article-title HTTP/1.1" 404 771 "-" Mozilla/5.0 (Windows NT 10.0; Win64; x64; rv:115.0) Gecko/20100101 Firefox/115.0
192.168.1.45 - - [23/Jun/2025:18:26:38 +0300] "DELETE /index.html HTTP/1.1" 200 1435 "-" Mozilla/5.0 (Linux; Android 10; SM-G975F) AppleWebKit/537.36 (KHTML, like Gecko) Chrome/111.0.0.0 Mobile Safari/537.36
172.16.5.3 - - [23/Jun/2025:18:26:38 +0300] "POST /products/item123 HTTP/1.1" 400 1593 "-" Mozilla/5.0 (Linux; Android 10; SM-G975F) AppleWebKit/537.36 (KHTML, like Gecko) Chrome/111.0.0.0 Mobile Safari/537.36
62.217.190.200 - - [23/Jun/2025:18:26:38 +0300] "PUT /download/file.zip HTTP/1.1" 501 1532 "-" Mozilla/5.0 (Windows NT 6.1; WOW64) AppleWebKit/537.36 (KHTML, like Gecko) Chrome/58.0.3029.110 Safari/537.36
172.16.5.3 - - [23/Jun/2025:18:26:38 +0300] "PATCH /products/item123 HTTP/1.1" 400 1210 "-" Mozilla/5.0 (Linux; Android 10; SM-G975F) AppleWebKit/537.36 (KHTML, like Gecko) Chrome/111.0.0.0 Mobile Safari/537.36
77.88.8.8 - - [23/Jun/2025:18:26:38 +0300] "GET  HTTP/1.1" 503 2027 "-" curl/8.1.2
62.217.190.200 - - [23/Jun/2025:18:26:38 +0300] "DELETE /download/file.zip HTTP/1.1" 501 1068 "-" Mozilla/5.0 (X11; Linux x86_64) AppleWebKit/537.36 (KHTML, like Gecko) Chrome/117.0.0.0 Safari/537.36
10.0.0.12 - - [23/Jun/2025:18:26:38 +0300] "PATCH /about HTTP/1.1" 201 670 "-" Mozilla/5.0 (compatible; Googlebot/2.1; +http://www.google.com/bot.html)
172.16.5.3 - - [23/Jun/2025:18:26:38 +0300] "PUT /products/item123 HTTP/1.1" 400 1838 "-" Mozilla/5.0 (X11; Linux x86_64) AppleWebKit/537.36 (KHTML, like Gecko) Chrome/117.0.0.0 Safari/537.36
185.199.108.153 - - [23/Jun/2025:18:26:38 +0300] "GET /blog/2025/06/23/article-title HTTP/1.1" 404 2069 "-" Opera/9.80 (Windows NT 6.1; WOW64) Presto/2.12.388 Version/12.16
77.88.8.8 - - [23/Jun/2025:18:26:38 +0300] "POST  HTTP/1.1" 503 741 "-" Mozilla/5.0 (compatible; Googlebot/2.1; +http://www.google.com/bot.html)
172.16.5.3 - - [23/Jun/2025:18:26:38 +0300] "PATCH /products/item123 HTTP/1.1" 400 1433 "-" Opera/9.80 (Windows NT 6.1; WOW64) Presto/2.12.388 Version/12.16
198.51.100.14 - - [23/Jun/2025:18:26:38 +0300] "DELETE /contact-us HTTP/1.1" 403 836 "-" Opera/9.80 (Windows NT 6.1; WOW64) Presto/2.12.388 Version/12.16
216.58.209.78 - - [23/Jun/2025:18:26:38 +0300] "GET /search HTTP/1.1" 500 484 "-" Mozilla/5.0 (compatible; MSIE 10.0; Windows NT 6.1; Trident/6.0)
142.250.190.14 - - [23/Jun/2025:18:26:38 +0300] "PATCH /settings HTTP/1.1" 502 805 "-" Mozilla/5.0 (Windows NT 10.0; Win64; x64) AppleWebKit/537.36 (KHTML, like Gecko) Edge/91.0.864.67 Safari/537.36
198.51.100.14 - - [23/Jun/2025:18:26:38 +0300] "POST /contact-us HTTP/1.1" 403 1382 "-" Mozilla/5.0 (Windows NT 6.1; WOW64) AppleWebKit/537.36 (KHTML, like Gecko) Chrome/58.0.3029.110 Safari/537.36
192.168.1.45 - - [23/Jun/2025:18:26:38 +0300] "POST /index.html HTTP/1.1" 200 1919 "-" Mozilla/5.0 (Linux; Android 10; SM-G975F) AppleWebKit/537.36 (KHTML, like Gecko) Chrome/111.0.0.0 Mobile Safari/537.36
77.88.8.8 - - [23/Jun/2025:18:26:38 +0300] "PUT  HTTP/1.1" 503 705 "-" curl/8.1.2
10.0.0.12 - - [23/Jun/2025:18:26:38 +0300] "PUT /about HTTP/1.1" 201 396 "-" Mozilla/5.0 (compatible; MSIE 10.0; Windows NT 6.1; Trident/6.0)
192.168.1.45 - - [23/Jun/2025:18:26:38 +0300] "PATCH /index.html HTTP/1.1" 200 1632 "-" Mozilla/5.0 (Windows NT 6.1; WOW64) AppleWebKit/537.36 (KHTML, like Gecko) Chrome/58.0.3029.110 Safari/537.36
216.58.209.78 - - [23/Jun/2025:18:26:38 +0300] "PUT /search HTTP/1.1" 500 1276 "-" Mozilla/5.0 (Linux; Android 10; SM-G975F) AppleWebKit/537.36 (KHTML, like Gecko) Chrome/111.0.0.0 Mobile Safari/537.36
192.168.1.45 - - [23/Jun/2025:18:26:38 +0300] "POST /index.html HTTP/1.1" 200 2005 "-" Mozilla/5.0 (compatible; MSIE 10.0; Windows NT 6.1; Trident/6.0)
62.217.190.200 - - [23/Jun/2025:18:26:38 +0300] "POST /download/file.zip HTTP/1.1" 501 811 "-" curl/8.1.2
10.0.0.12 - - [23/Jun/2025:18:26:38 +0300] "GET /about HTTP/1.1" 201 887 "-" Mozilla/5.0 (compatible; MSIE 10.0; Windows NT 6.1; Trident/6.0)
62.217.190.200 - - [23/Jun/2025:18:26:38 +0300] "DELETE /download/file.zip HTTP/1.1" 501 1021 "-" Mozilla/5.0 (X11; Linux x86_64) AppleWebKit/537.36 (KHTML, like Gecko) Chrome/117.0.0.0 Safari/537.36
172.16.5.3 - - [23/Jun/2025:18:26:38 +0300] "PUT /products/item123 HTTP/1.1" 400 1042 "-" Mozilla/5.0 (Macintosh; Intel Mac OS X 12_4) AppleWebKit/605.1.15 (KHTML, like Gecko) Version/15.5 Safari/605.1.15
10.0.0.12 - - [23/Jun/2025:18:26:38 +0300] "DELETE /about HTTP/1.1" 201 1756 "-" Mozilla/5.0 (Windows NT 10.0; Win64; x64; rv:115.0) Gecko/20100101 Firefox/115.0
203.0.113.27 - - [23/Jun/2025:18:26:38 +0300] "POST /api/v1/users/images/logo.png HTTP/1.1" 401 1375 "-" Mozilla/5.0 (Windows NT 6.1; WOW64) AppleWebKit/537.36 (KHTML, like Gecko) Chrome/58.0.3029.110 Safari/537.36
142.250.190.14 - - [23/Jun/2025:18:26:38 +0300] "POST /settings HTTP/1.1" 502 2235 "-" Mozilla/5.0 (X11; Linux x86_64) AppleWebKit/537.36 (KHTML, like Gecko) Chrome/117.0.0.0 Safari/537.36
203.0.113.27 - - [23/Jun/2025:18:26:38 +0300] "DELETE /api/v1/users/images/logo.png HTTP/1.1" 401 543 "-" curl/8.1.2
185.199.108.153 - - [23/Jun/2025:18:26:38 +0300] "PUT /blog/2025/06/23/article-title HTTP/1.1" 404 2417 "-" Mozilla/5.0 (Windows NT 6.1; WOW64) AppleWebKit/537.36 (KHTML, like Gecko) Chrome/58.0.3029.110 Safari/537.36
10.0.0.12 - - [23/Jun/2025:18:26:39 +0300] "GET /about HTTP/1.1" 201 1374 "-" Mozilla/5.0 (Linux; Android 10; SM-G975F) AppleWebKit/537.36 (KHTML, like Gecko) Chrome/111.0.0.0 Mobile Safari/537.36
172.16.5.3 - - [23/Jun/2025:18:26:39 +0300] "POST /products/item123 HTTP/1.1" 400 1699 "-" Mozilla/5.0 (compatible; MSIE 10.0; Windows NT 6.1; Trident/6.0)
77.88.8.8 - - [23/Jun/2025:18:26:39 +0300] "PATCH  HTTP/1.1" 503 1465 "-" Mozilla/5.0 (compatible; Googlebot/2.1; +http://www.google.com/bot.html)
62.217.190.200 - - [23/Jun/2025:18:26:39 +0300] "PATCH /download/file.zip HTTP/1.1" 501 906 "-" Mozilla/5.0 (Macintosh; Intel Mac OS X 12_4) AppleWebKit/605.1.15 (KHTML, like Gecko) Version/15.5 Safari/605.1.15
172.16.5.3 - - [23/Jun/2025:18:26:39 +0300] "DELETE /products/item123 HTTP/1.1" 400 1332 "-" curl/8.1.2
172.16.5.3 - - [23/Jun/2025:18:26:39 +0300] "POST /products/item123 HTTP/1.1" 400 727 "-" Mozilla/5.0 (Macintosh; Intel Mac OS X 12_4) AppleWebKit/605.1.15 (KHTML, like Gecko) Version/15.5 Safari/605.1.15
10.0.0.12 - - [23/Jun/2025:18:26:39 +0300] "DELETE /about HTTP/1.1" 201 2044 "-" Mozilla/5.0 (Windows NT 10.0; Win64; x64) AppleWebKit/537.36 (KHTML, like Gecko) Edge/91.0.864.67 Safari/537.36
192.168.1.45 - - [23/Jun/2025:18:26:39 +0300] "PUT /index.html HTTP/1.1" 200 1323 "-" Mozilla/5.0 (Windows NT 6.1; WOW64) AppleWebKit/537.36 (KHTML, like Gecko) Chrome/58.0.3029.110 Safari/537.36
203.0.113.27 - - [23/Jun/2025:18:26:39 +0300] "POST /api/v1/users/images/logo.png HTTP/1.1" 401 2219 "-" Mozilla/5.0 (Windows NT 10.0; Win64; x64; rv:115.0) Gecko/20100101 Firefox/115.0
216.58.209.78 - - [23/Jun/2025:18:26:39 +0300] "GET /search HTTP/1.1" 500 2066 "-" Opera/9.80 (Windows NT 6.1; WOW64) Presto/2.12.388 Version/12.16
62.217.190.200 - - [23/Jun/2025:18:26:39 +0300] "DELETE /download/file.zip HTTP/1.1" 501 1271 "-" Mozilla/5.0 (compatible; MSIE 10.0; Windows NT 6.1; Trident/6.0)
10.0.0.12 - - [23/Jun/2025:18:26:39 +0300] "PUT /about HTTP/1.1" 201 2254 "-" Mozilla/5.0 (X11; Linux x86_64) AppleWebKit/537.36 (KHTML, like Gecko) Chrome/117.0.0.0 Safari/537.36
203.0.113.27 - - [23/Jun/2025:18:26:39 +0300] "PUT /api/v1/users/images/logo.png HTTP/1.1" 401 482 "-" Mozilla/5.0 (Linux; Android 10; SM-G975F) AppleWebKit/537.36 (KHTML, like Gecko) Chrome/111.0.0.0 Mobile Safari/537.36
185.199.108.153 - - [23/Jun/2025:18:26:39 +0300] "PUT /blog/2025/06/23/article-title HTTP/1.1" 404 1448 "-" Mozilla/5.0 (compatible; Googlebot/2.1; +http://www.google.com/bot.html)
185.199.108.153 - - [23/Jun/2025:18:26:39 +0300] "PUT /blog/2025/06/23/article-title HTTP/1.1" 404 1516 "-" Mozilla/5.0 (compatible; Googlebot/2.1; +http://www.google.com/bot.html)
142.250.190.14 - - [23/Jun/2025:18:26:39 +0300] "DELETE /settings HTTP/1.1" 502 2220 "-" Mozilla/5.0 (X11; Linux x86_64) AppleWebKit/537.36 (KHTML, like Gecko) Chrome/117.0.0.0 Safari/537.36
192.168.1.45 - - [23/Jun/2025:18:26:39 +0300] "POST /index.html HTTP/1.1" 200 842 "-" Mozilla/5.0 (compatible; MSIE 10.0; Windows NT 6.1; Trident/6.0)
203.0.113.27 - - [23/Jun/2025:18:26:39 +0300] "GET /api/v1/users/images/logo.png HTTP/1.1" 401 2146 "-" Mozilla/5.0 (compatible; Googlebot/2.1; +http://www.google.com/bot.html)
77.88.8.8 - - [23/Jun/2025:18:26:39 +0300] "PUT  HTTP/1.1" 503 998 "-" Mozilla/5.0 (Windows NT 10.0; Win64; x64; rv:115.0) Gecko/20100101 Firefox/115.0
142.250.190.14 - - [23/Jun/2025:18:26:39 +0300] "PUT /settings HTTP/1.1" 502 1544 "-" Mozilla/5.0 (Windows NT 6.1; WOW64) AppleWebKit/537.36 (KHTML, like Gecko) Chrome/58.0.3029.110 Safari/537.36
192.168.1.45 - - [23/Jun/2025:18:26:39 +0300] "PATCH /index.html HTTP/1.1" 200 2242 "-" Mozilla/5.0 (X11; Linux x86_64) AppleWebKit/537.36 (KHTML, like Gecko) Chrome/117.0.0.0 Safari/537.36
77.88.8.8 - - [23/Jun/2025:18:26:39 +0300] "POST  HTTP/1.1" 503 1459 "-" Mozilla/5.0 (Windows NT 6.1; WOW64) AppleWebKit/537.36 (KHTML, like Gecko) Chrome/58.0.3029.110 Safari/537.36
172.16.5.3 - - [23/Jun/2025:18:26:39 +0300] "DELETE /products/item123 HTTP/1.1" 400 1723 "-" Mozilla/5.0 (Windows NT 10.0; Win64; x64; rv:115.0) Gecko/20100101 Firefox/115.0
198.51.100.14 - - [23/Jun/2025:18:26:39 +0300] "POST /contact-us HTTP/1.1" 403 2422 "-" Mozilla/5.0 (compatible; Googlebot/2.1; +http://www.google.com/bot.html)
142.250.190.14 - - [23/Jun/2025:18:26:39 +0300] "GET /settings HTTP/1.1" 502 1742 "-" Mozilla/5.0 (Windows NT 6.1; WOW64) AppleWebKit/537.36 (KHTML, like Gecko) Chrome/58.0.3029.110 Safari/537.36
10.0.0.12 - - [23/Jun/2025:18:26:39 +0300] "DELETE /about HTTP/1.1" 201 837 "-" Mozilla/5.0 (Windows NT 6.1; WOW64) AppleWebKit/537.36 (KHTML, like Gecko) Chrome/58.0.3029.110 Safari/537.36
203.0.113.27 - - [23/Jun/2025:18:26:39 +0300] "PATCH /api/v1/users/images/logo.png HTTP/1.1" 401 2326 "-" curl/8.1.2
185.199.108.153 - - [23/Jun/2025:18:26:39 +0300] "GET /blog/2025/06/23/article-title HTTP/1.1" 404 1007 "-" curl/8.1.2
77.88.8.8 - - [23/Jun/2025:18:26:39 +0300] "PUT  HTTP/1.1" 503 912 "-" Mozilla/5.0 (compatible; Googlebot/2.1; +http://www.google.com/bot.html)
185.199.108.153 - - [23/Jun/2025:18:26:39 +0300] "POST /blog/2025/06/23/article-title HTTP/1.1" 404 1382 "-" Mozilla/5.0 (compatible; MSIE 10.0; Windows NT 6.1; Trident/6.0)
10.0.0.12 - - [23/Jun/2025:18:26:39 +0300] "PUT /about HTTP/1.1" 201 506 "-" Mozilla/5.0 (Macintosh; Intel Mac OS X 12_4) AppleWebKit/605.1.15 (KHTML, like Gecko) Version/15.5 Safari/605.1.15
185.199.108.153 - - [23/Jun/2025:18:26:39 +0300] "PUT /blog/2025/06/23/article-title HTTP/1.1" 404 935 "-" Mozilla/5.0 (compatible; Googlebot/2.1; +http://www.google.com/bot.html)
203.0.113.27 - - [23/Jun/2025:18:26:39 +0300] "POST /api/v1/users/images/logo.png HTTP/1.1" 401 748 "-" Mozilla/5.0 (Windows NT 10.0; Win64; x64) AppleWebKit/537.36 (KHTML, like Gecko) Edge/91.0.864.67 Safari/537.36
142.250.190.14 - - [23/Jun/2025:18:26:39 +0300] "DELETE /settings HTTP/1.1" 502 806 "-" Mozilla/5.0 (Windows NT 10.0; Win64; x64) AppleWebKit/537.36 (KHTML, like Gecko) Edge/91.0.864.67 Safari/537.36
62.217.190.200 - - [23/Jun/2025:18:26:39 +0300] "DELETE /download/file.zip HTTP/1.1" 501 1538 "-" Mozilla/5.0 (Windows NT 10.0; Win64; x64) AppleWebKit/537.36 (KHTML, like Gecko) Edge/91.0.864.67 Safari/537.36
142.250.190.14 - - [23/Jun/2025:18:26:39 +0300] "PATCH /settings HTTP/1.1" 502 1206 "-" Opera/9.80 (Windows NT 6.1; WOW64) Presto/2.12.388 Version/12.16
77.88.8.8 - - [23/Jun/2025:18:26:39 +0300] "GET  HTTP/1.1" 503 334 "-" Mozilla/5.0 (X11; Linux x86_64) AppleWebKit/537.36 (KHTML, like Gecko) Chrome/117.0.0.0 Safari/537.36
172.16.5.3 - - [23/Jun/2025:18:26:39 +0300] "PATCH /products/item123 HTTP/1.1" 400 1492 "-" Mozilla/5.0 (Windows NT 6.1; WOW64) AppleWebKit/537.36 (KHTML, like Gecko) Chrome/58.0.3029.110 Safari/537.36
203.0.113.27 - - [23/Jun/2025:18:26:39 +0300] "GET /api/v1/users/images/logo.png HTTP/1.1" 401 1504 "-" Mozilla/5.0 (Windows NT 10.0; Win64; x64) AppleWebKit/537.36 (KHTML, like Gecko) Edge/91.0.864.67 Safari/537.36
198.51.100.14 - - [23/Jun/2025:18:26:39 +0300] "GET /contact-us HTTP/1.1" 403 1775 "-" curl/8.1.2
185.199.108.153 - - [23/Jun/2025:18:26:39 +0300] "PATCH /blog/2025/06/23/article-title HTTP/1.1" 404 640 "-" Mozilla/5.0 (Linux; Android 10; SM-G975F) AppleWebKit/537.36 (KHTML, like Gecko) Chrome/111.0.0.0 Mobile Safari/537.36
198.51.100.14 - - [23/Jun/2025:18:26:39 +0300] "GET /contact-us HTTP/1.1" 403 949 "-" Mozilla/5.0 (compatible; Googlebot/2.1; +http://www.google.com/bot.html)
192.168.1.45 - - [23/Jun/2025:18:26:39 +0300] "POST /index.html HTTP/1.1" 200 2159 "-" Mozilla/5.0 (Windows NT 10.0; Win64; x64; rv:115.0) Gecko/20100101 Firefox/115.0
198.51.100.14 - - [23/Jun/2025:18:26:39 +0300] "DELETE /contact-us HTTP/1.1" 403 1837 "-" Mozilla/5.0 (Macintosh; Intel Mac OS X 12_4) AppleWebKit/605.1.15 (KHTML, like Gecko) Version/15.5 Safari/605.1.15
77.88.8.8 - - [23/Jun/2025:18:26:39 +0300] "PUT  HTTP/1.1" 503 1822 "-" Mozilla/5.0 (Linux; Android 10; SM-G975F) AppleWebKit/537.36 (KHTML, like Gecko) Chrome/111.0.0.0 Mobile Safari/537.36
62.217.190.200 - - [23/Jun/2025:18:26:39 +0300] "DELETE /download/file.zip HTTP/1.1" 501 1577 "-" Mozilla/5.0 (Linux; Android 10; SM-G975F) AppleWebKit/537.36 (KHTML, like Gecko) Chrome/111.0.0.0 Mobile Safari/537.36
172.16.5.3 - - [23/Jun/2025:18:26:39 +0300] "GET /products/item123 HTTP/1.1" 400 1765 "-" Mozilla/5.0 (Windows NT 6.1; WOW64) AppleWebKit/537.36 (KHTML, like Gecko) Chrome/58.0.3029.110 Safari/537.36
172.16.5.3 - - [23/Jun/2025:18:26:39 +0300] "POST /products/item123 HTTP/1.1" 400 2117 "-" Mozilla/5.0 (X11; Linux x86_64) AppleWebKit/537.36 (KHTML, like Gecko) Chrome/117.0.0.0 Safari/537.36
77.88.8.8 - - [23/Jun/2025:18:26:40 +0300] "GET  HTTP/1.1" 503 534 "-" Mozilla/5.0 (Windows NT 10.0; Win64; x64; rv:115.0) Gecko/20100101 Firefox/115.0
142.250.190.14 - - [23/Jun/2025:18:26:40 +0300] "POST /settings HTTP/1.1" 502 2326 "-" Mozilla/5.0 (Windows NT 10.0; Win64; x64) AppleWebKit/537.36 (KHTML, like Gecko) Edge/91.0.864.67 Safari/537.36
77.88.8.8 - - [23/Jun/2025:18:26:40 +0300] "DELETE  HTTP/1.1" 503 1687 "-" Mozilla/5.0 (Windows NT 10.0; Win64; x64; rv:115.0) Gecko/20100101 Firefox/115.0
10.0.0.12 - - [23/Jun/2025:18:26:40 +0300] "POST /about HTTP/1.1" 201 586 "-" Mozilla/5.0 (Windows NT 10.0; Win64; x64) AppleWebKit/537.36 (KHTML, like Gecko) Edge/91.0.864.67 Safari/537.36
10.0.0.12 - - [23/Jun/2025:18:26:40 +0300] "DELETE /about HTTP/1.1" 201 1331 "-" Mozilla/5.0 (compatible; MSIE 10.0; Windows NT 6.1; Trident/6.0)
62.217.190.200 - - [23/Jun/2025:18:26:40 +0300] "GET /download/file.zip HTTP/1.1" 501 1040 "-" curl/8.1.2
62.217.190.200 - - [23/Jun/2025:18:26:40 +0300] "GET /download/file.zip HTTP/1.1" 501 2307 "-" Mozilla/5.0 (Windows NT 10.0; Win64; x64) AppleWebKit/537.36 (KHTML, like Gecko) Edge/91.0.864.67 Safari/537.36
62.217.190.200 - - [23/Jun/2025:18:26:40 +0300] "PUT /download/file.zip HTTP/1.1" 501 985 "-" Mozilla/5.0 (compatible; MSIE 10.0; Windows NT 6.1; Trident/6.0)
203.0.113.27 - - [23/Jun/2025:18:26:40 +0300] "DELETE /api/v1/users/images/logo.png HTTP/1.1" 401 1276 "-" Opera/9.80 (Windows NT 6.1; WOW64) Presto/2.12.388 Version/12.16
172.16.5.3 - - [23/Jun/2025:18:26:40 +0300] "PUT /products/item123 HTTP/1.1" 400 1254 "-" Opera/9.80 (Windows NT 6.1; WOW64) Presto/2.12.388 Version/12.16
192.168.1.45 - - [23/Jun/2025:18:26:40 +0300] "POST /index.html HTTP/1.1" 200 1541 "-" Mozilla/5.0 (compatible; MSIE 10.0; Windows NT 6.1; Trident/6.0)
62.217.190.200 - - [23/Jun/2025:18:26:40 +0300] "PATCH /download/file.zip HTTP/1.1" 501 2185 "-" Mozilla/5.0 (Macintosh; Intel Mac OS X 12_4) AppleWebKit/605.1.15 (KHTML, like Gecko) Version/15.5 Safari/605.1.15
198.51.100.14 - - [23/Jun/2025:18:26:40 +0300] "POST /contact-us HTTP/1.1" 403 1222 "-" curl/8.1.2
185.199.108.153 - - [23/Jun/2025:18:26:40 +0300] "GET /blog/2025/06/23/article-title HTTP/1.1" 404 1181 "-" Mozilla/5.0 (Linux; Android 10; SM-G975F) AppleWebKit/537.36 (KHTML, like Gecko) Chrome/111.0.0.0 Mobile Safari/537.36
203.0.113.27 - - [23/Jun/2025:18:26:40 +0300] "PATCH /api/v1/users/images/logo.png HTTP/1.1" 401 1867 "-" Opera/9.80 (Windows NT 6.1; WOW64) Presto/2.12.388 Version/12.16
77.88.8.8 - - [23/Jun/2025:18:26:40 +0300] "PATCH  HTTP/1.1" 503 916 "-" Opera/9.80 (Windows NT 6.1; WOW64) Presto/2.12.388 Version/12.16
192.168.1.45 - - [23/Jun/2025:18:26:40 +0300] "GET /index.html HTTP/1.1" 200 657 "-" Mozilla/5.0 (compatible; MSIE 10.0; Windows NT 6.1; Trident/6.0)
185.199.108.153 - - [23/Jun/2025:18:26:40 +0300] "GET /blog/2025/06/23/article-title HTTP/1.1" 404 2272 "-" Mozilla/5.0 (Windows NT 10.0; Win64; x64; rv:115.0) Gecko/20100101 Firefox/115.0
185.199.108.153 - - [23/Jun/2025:18:26:40 +0300] "PATCH /blog/2025/06/23/article-title HTTP/1.1" 404 583 "-" Mozilla/5.0 (X11; Linux x86_64) AppleWebKit/537.36 (KHTML, like Gecko) Chrome/117.0.0.0 Safari/537.36
62.217.190.200 - - [23/Jun/2025:18:26:40 +0300] "GET /download/file.zip HTTP/1.1" 501 715 "-" Mozilla/5.0 (Linux; Android 10; SM-G975F) AppleWebKit/537.36 (KHTML, like Gecko) Chrome/111.0.0.0 Mobile Safari/537.36
10.0.0.12 - - [23/Jun/2025:18:26:40 +0300] "DELETE /about HTTP/1.1" 201 1642 "-" Opera/9.80 (Windows NT 6.1; WOW64) Presto/2.12.388 Version/12.16
185.199.108.153 - - [23/Jun/2025:18:26:40 +0300] "PATCH /blog/2025/06/23/article-title HTTP/1.1" 404 1843 "-" Mozilla/5.0 (Windows NT 10.0; Win64; x64; rv:115.0) Gecko/20100101 Firefox/115.0
62.217.190.200 - - [23/Jun/2025:18:26:40 +0300] "GET /download/file.zip HTTP/1.1" 501 852 "-" Opera/9.80 (Windows NT 6.1; WOW64) Presto/2.12.388 Version/12.16
77.88.8.8 - - [23/Jun/2025:18:26:40 +0300] "PATCH  HTTP/1.1" 503 2083 "-" Mozilla/5.0 (compatible; MSIE 10.0; Windows NT 6.1; Trident/6.0)
198.51.100.14 - - [23/Jun/2025:18:26:40 +0300] "PATCH /contact-us HTTP/1.1" 403 1698 "-" curl/8.1.2
62.217.190.200 - - [23/Jun/2025:18:26:40 +0300] "PUT /download/file.zip HTTP/1.1" 501 2493 "-" curl/8.1.2
77.88.8.8 - - [23/Jun/2025:18:26:40 +0300] "PUT  HTTP/1.1" 503 1187 "-" Mozilla/5.0 (Windows NT 10.0; Win64; x64) AppleWebKit/537.36 (KHTML, like Gecko) Edge/91.0.864.67 Safari/537.36
192.168.1.45 - - [23/Jun/2025:18:26:40 +0300] "DELETE /index.html HTTP/1.1" 200 473 "-" Mozilla/5.0 (Macintosh; Intel Mac OS X 12_4) AppleWebKit/605.1.15 (KHTML, like Gecko) Version/15.5 Safari/605.1.15
203.0.113.27 - - [23/Jun/2025:18:26:40 +0300] "DELETE /api/v1/users/images/logo.png HTTP/1.1" 401 1511 "-" Mozilla/5.0 (X11; Linux x86_64) AppleWebKit/537.36 (KHTML, like Gecko) Chrome/117.0.0.0 Safari/537.36
216.58.209.78 - - [23/Jun/2025:18:26:40 +0300] "PATCH /search HTTP/1.1" 500 2109 "-" Mozilla/5.0 (compatible; Googlebot/2.1; +http://www.google.com/bot.html)
172.16.5.3 - - [23/Jun/2025:18:26:40 +0300] "PUT /products/item123 HTTP/1.1" 400 550 "-" Opera/9.80 (Windows NT 6.1; WOW64) Presto/2.12.388 Version/12.16
198.51.100.14 - - [23/Jun/2025:18:26:40 +0300] "PATCH /contact-us HTTP/1.1" 403 1110 "-" curl/8.1.2
198.51.100.14 - - [23/Jun/2025:18:26:40 +0300] "PATCH /contact-us HTTP/1.1" 403 2228 "-" curl/8.1.2
142.250.190.14 - - [23/Jun/2025:18:26:40 +0300] "DELETE /settings HTTP/1.1" 502 1738 "-" Mozilla/5.0 (Windows NT 10.0; Win64; x64) AppleWebKit/537.36 (KHTML, like Gecko) Edge/91.0.864.67 Safari/537.36
192.168.1.45 - - [23/Jun/2025:18:26:40 +0300] "POST /index.html HTTP/1.1" 200 1580 "-" curl/8.1.2
77.88.8.8 - - [23/Jun/2025:18:26:40 +0300] "PATCH  HTTP/1.1" 503 1965 "-" Mozilla/5.0 (compatible; MSIE 10.0; Windows NT 6.1; Trident/6.0)
77.88.8.8 - - [23/Jun/2025:18:26:40 +0300] "GET  HTTP/1.1" 503 447 "-" Mozilla/5.0 (compatible; MSIE 10.0; Windows NT 6.1; Trident/6.0)
203.0.113.27 - - [23/Jun/2025:18:26:40 +0300] "PUT /api/v1/users/images/logo.png HTTP/1.1" 401 2224 "-" Mozilla/5.0 (X11; Linux x86_64) AppleWebKit/537.36 (KHTML, like Gecko) Chrome/117.0.0.0 Safari/537.36
62.217.190.200 - - [23/Jun/2025:18:26:40 +0300] "GET /download/file.zip HTTP/1.1" 501 1503 "-" Mozilla/5.0 (compatible; MSIE 10.0; Windows NT 6.1; Trident/6.0)
62.217.190.200 - - [23/Jun/2025:18:26:40 +0300] "DELETE /download/file.zip HTTP/1.1" 501 2011 "-" Mozilla/5.0 (X11; Linux x86_64) AppleWebKit/537.36 (KHTML, like Gecko) Chrome/117.0.0.0 Safari/537.36
216.58.209.78 - - [23/Jun/2025:18:26:40 +0300] "GET /search HTTP/1.1" 500 2279 "-" Opera/9.80 (Windows NT 6.1; WOW64) Presto/2.12.388 Version/12.16
216.58.209.78 - - [23/Jun/2025:18:26:40 +0300] "POST /search HTTP/1.1" 500 2081 "-" Mozilla/5.0 (compatible; Googlebot/2.1; +http://www.google.com/bot.html)
77.88.8.8 - - [23/Jun/2025:18:26:40 +0300] "PUT  HTTP/1.1" 503 539 "-" Mozilla/5.0 (Linux; Android 10; SM-G975F) AppleWebKit/537.36 (KHTML, like Gecko) Chrome/111.0.0.0 Mobile Safari/537.36
142.250.190.14 - - [23/Jun/2025:18:26:40 +0300] "GET /settings HTTP/1.1" 502 547 "-" Mozilla/5.0 (compatible; Googlebot/2.1; +http://www.google.com/bot.html)
62.217.190.200 - - [23/Jun/2025:18:26:40 +0300] "POST /download/file.zip HTTP/1.1" 501 828 "-" Opera/9.80 (Windows NT 6.1; WOW64) Presto/2.12.388 Version/12.16
216.58.209.78 - - [23/Jun/2025:18:26:40 +0300] "PUT /search HTTP/1.1" 500 436 "-" Mozilla/5.0 (Linux; Android 10; SM-G975F) AppleWebKit/537.36 (KHTML, like Gecko) Chrome/111.0.0.0 Mobile Safari/537.36
216.58.209.78 - - [23/Jun/2025:18:26:40 +0300] "PATCH /search HTTP/1.1" 500 2455 "-" Mozilla/5.0 (Windows NT 6.1; WOW64) AppleWebKit/537.36 (KHTML, like Gecko) Chrome/58.0.3029.110 Safari/537.36
172.16.5.3 - - [23/Jun/2025:18:26:41 +0300] "POST /products/item123 HTTP/1.1" 400 2299 "-" Mozilla/5.0 (compatible; MSIE 10.0; Windows NT 6.1; Trident/6.0)
192.168.1.45 - - [23/Jun/2025:18:26:41 +0300] "PUT /index.html HTTP/1.1" 200 1079 "-" Mozilla/5.0 (Windows NT 10.0; Win64; x64) AppleWebKit/537.36 (KHTML, like Gecko) Edge/91.0.864.67 Safari/537.36
142.250.190.14 - - [23/Jun/2025:18:26:41 +0300] "DELETE /settings HTTP/1.1" 502 1145 "-" Mozilla/5.0 (X11; Linux x86_64) AppleWebKit/537.36 (KHTML, like Gecko) Chrome/117.0.0.0 Safari/537.36
77.88.8.8 - - [23/Jun/2025:18:26:41 +0300] "PATCH  HTTP/1.1" 503 366 "-" Mozilla/5.0 (Windows NT 10.0; Win64; x64; rv:115.0) Gecko/20100101 Firefox/115.0
10.0.0.12 - - [23/Jun/2025:18:26:41 +0300] "POST /about HTTP/1.1" 201 1519 "-" Mozilla/5.0 (X11; Linux x86_64) AppleWebKit/537.36 (KHTML, like Gecko) Chrome/117.0.0.0 Safari/537.36
77.88.8.8 - - [23/Jun/2025:18:26:41 +0300] "GET  HTTP/1.1" 503 831 "-" curl/8.1.2
172.16.5.3 - - [23/Jun/2025:18:26:41 +0300] "PATCH /products/item123 HTTP/1.1" 400 1926 "-" Mozilla/5.0 (Macintosh; Intel Mac OS X 12_4) AppleWebKit/605.1.15 (KHTML, like Gecko) Version/15.5 Safari/605.1.15
185.199.108.153 - - [23/Jun/2025:18:26:41 +0300] "PUT /blog/2025/06/23/article-title HTTP/1.1" 404 1553 "-" curl/8.1.2
77.88.8.8 - - [23/Jun/2025:18:26:41 +0300] "PATCH  HTTP/1.1" 503 1914 "-" Mozilla/5.0 (Macintosh; Intel Mac OS X 12_4) AppleWebKit/605.1.15 (KHTML, like Gecko) Version/15.5 Safari/605.1.15
142.250.190.14 - - [23/Jun/2025:18:26:41 +0300] "PUT /settings HTTP/1.1" 502 518 "-" curl/8.1.2
10.0.0.12 - - [23/Jun/2025:18:26:41 +0300] "POST /about HTTP/1.1" 201 1325 "-" Mozilla/5.0 (Windows NT 6.1; WOW64) AppleWebKit/537.36 (KHTML, like Gecko) Chrome/58.0.3029.110 Safari/537.36
62.217.190.200 - - [23/Jun/2025:18:26:41 +0300] "DELETE /download/file.zip HTTP/1.1" 501 2057 "-" Mozilla/5.0 (Macintosh; Intel Mac OS X 12_4) AppleWebKit/605.1.15 (KHTML, like Gecko) Version/15.5 Safari/605.1.15
142.250.190.14 - - [23/Jun/2025:18:26:41 +0300] "PUT /settings HTTP/1.1" 502 473 "-" Mozilla/5.0 (Windows NT 6.1; WOW64) AppleWebKit/537.36 (KHTML, like Gecko) Chrome/58.0.3029.110 Safari/537.36
172.16.5.3 - - [23/Jun/2025:18:26:41 +0300] "PUT /products/item123 HTTP/1.1" 400 1481 "-" Mozilla/5.0 (Linux; Android 10; SM-G975F) AppleWebKit/537.36 (KHTML, like Gecko) Chrome/111.0.0.0 Mobile Safari/537.36
203.0.113.27 - - [23/Jun/2025:18:26:41 +0300] "PATCH /api/v1/users/images/logo.png HTTP/1.1" 401 501 "-" Mozilla/5.0 (X11; Linux x86_64) AppleWebKit/537.36 (KHTML, like Gecko) Chrome/117.0.0.0 Safari/537.36
203.0.113.27 - - [23/Jun/2025:18:26:41 +0300] "DELETE /api/v1/users/images/logo.png HTTP/1.1" 401 1208 "-" Mozilla/5.0 (Macintosh; Intel Mac OS X 12_4) AppleWebKit/605.1.15 (KHTML, like Gecko) Version/15.5 Safari/605.1.15
192.168.1.45 - - [23/Jun/2025:18:26:41 +0300] "PUT /index.html HTTP/1.1" 200 1969 "-" Mozilla/5.0 (Windows NT 6.1; WOW64) AppleWebKit/537.36 (KHTML, like Gecko) Chrome/58.0.3029.110 Safari/537.36
216.58.209.78 - - [23/Jun/2025:18:26:41 +0300] "PUT /search HTTP/1.1" 500 1798 "-" Mozilla/5.0 (Windows NT 10.0; Win64; x64; rv:115.0) Gecko/20100101 Firefox/115.0
203.0.113.27 - - [23/Jun/2025:18:26:41 +0300] "POST /api/v1/users/images/logo.png HTTP/1.1" 401 1926 "-" Mozilla/5.0 (compatible; Googlebot/2.1; +http://www.google.com/bot.html)
203.0.113.27 - - [23/Jun/2025:18:26:41 +0300] "GET /api/v1/users/images/logo.png HTTP/1.1" 401 2341 "-" Mozilla/5.0 (Windows NT 10.0; Win64; x64) AppleWebKit/537.36 (KHTML, like Gecko) Edge/91.0.864.67 Safari/537.36
203.0.113.27 - - [23/Jun/2025:18:26:41 +0300] "POST /api/v1/users/images/logo.png HTTP/1.1" 401 935 "-" Mozilla/5.0 (Linux; Android 10; SM-G975F) AppleWebKit/537.36 (KHTML, like Gecko) Chrome/111.0.0.0 Mobile Safari/537.36
142.250.190.14 - - [23/Jun/2025:18:26:41 +0300] "PATCH /settings HTTP/1.1" 502 1762 "-" Opera/9.80 (Windows NT 6.1; WOW64) Presto/2.12.388 Version/12.16
62.217.190.200 - - [23/Jun/2025:18:26:41 +0300] "DELETE /download/file.zip HTTP/1.1" 501 746 "-" curl/8.1.2
77.88.8.8 - - [23/Jun/2025:18:26:41 +0300] "PATCH  HTTP/1.1" 503 898 "-" Mozilla/5.0 (X11; Linux x86_64) AppleWebKit/537.36 (KHTML, like Gecko) Chrome/117.0.0.0 Safari/537.36
216.58.209.78 - - [23/Jun/2025:18:26:41 +0300] "DELETE /search HTTP/1.1" 500 1673 "-" Mozilla/5.0 (Windows NT 10.0; Win64; x64) AppleWebKit/537.36 (KHTML, like Gecko) Edge/91.0.864.67 Safari/537.36
142.250.190.14 - - [23/Jun/2025:18:26:41 +0300] "PATCH /settings HTTP/1.1" 502 491 "-" Mozilla/5.0 (Windows NT 6.1; WOW64) AppleWebKit/537.36 (KHTML, like Gecko) Chrome/58.0.3029.110 Safari/537.36
172.16.5.3 - - [23/Jun/2025:18:26:41 +0300] "PATCH /products/item123 HTTP/1.1" 400 1824 "-" Mozilla/5.0 (Macintosh; Intel Mac OS X 12_4) AppleWebKit/605.1.15 (KHTML, like Gecko) Version/15.5 Safari/605.1.15
216.58.209.78 - - [23/Jun/2025:18:26:41 +0300] "GET /search HTTP/1.1" 500 464 "-" Mozilla/5.0 (compatible; Googlebot/2.1; +http://www.google.com/bot.html)
203.0.113.27 - - [23/Jun/2025:18:26:41 +0300] "PUT /api/v1/users/images/logo.png HTTP/1.1" 401 850 "-" Opera/9.80 (Windows NT 6.1; WOW64) Presto/2.12.388 Version/12.16
216.58.209.78 - - [23/Jun/2025:18:26:41 +0300] "PATCH /search HTTP/1.1" 500 1739 "-" Mozilla/5.0 (X11; Linux x86_64) AppleWebKit/537.36 (KHTML, like Gecko) Chrome/117.0.0.0 Safari/537.36
216.58.209.78 - - [23/Jun/2025:18:26:41 +0300] "GET /search HTTP/1.1" 500 468 "-" Mozilla/5.0 (compatible; Googlebot/2.1; +http://www.google.com/bot.html)
142.250.190.14 - - [23/Jun/2025:18:26:41 +0300] "GET /settings HTTP/1.1" 502 1797 "-" Mozilla/5.0 (compatible; Googlebot/2.1; +http://www.google.com/bot.html)
77.88.8.8 - - [23/Jun/2025:18:26:41 +0300] "POST  HTTP/1.1" 503 1406 "-" Mozilla/5.0 (Macintosh; Intel Mac OS X 12_4) AppleWebKit/605.1.15 (KHTML, like Gecko) Version/15.5 Safari/605.1.15
77.88.8.8 - - [23/Jun/2025:18:26:41 +0300] "GET  HTTP/1.1" 503 1076 "-" Mozilla/5.0 (Windows NT 10.0; Win64; x64; rv:115.0) Gecko/20100101 Firefox/115.0
172.16.5.3 - - [23/Jun/2025:18:26:41 +0300] "POST /products/item123 HTTP/1.1" 400 2376 "-" Mozilla/5.0 (Macintosh; Intel Mac OS X 12_4) AppleWebKit/605.1.15 (KHTML, like Gecko) Version/15.5 Safari/605.1.15
198.51.100.14 - - [23/Jun/2025:18:26:41 +0300] "GET /contact-us HTTP/1.1" 403 2188 "-" Mozilla/5.0 (compatible; Googlebot/2.1; +http://www.google.com/bot.html)
185.199.108.153 - - [23/Jun/2025:18:26:41 +0300] "GET /blog/2025/06/23/article-title HTTP/1.1" 404 1629 "-" Mozilla/5.0 (compatible; MSIE 10.0; Windows NT 6.1; Trident/6.0)
203.0.113.27 - - [23/Jun/2025:18:26:41 +0300] "POST /api/v1/users/images/logo.png HTTP/1.1" 401 1872 "-" Mozilla/5.0 (compatible; MSIE 10.0; Windows NT 6.1; Trident/6.0)
216.58.209.78 - - [23/Jun/2025:18:26:41 +0300] "PATCH /search HTTP/1.1" 500 798 "-" Mozilla/5.0 (Macintosh; Intel Mac OS X 12_4) AppleWebKit/605.1.15 (KHTML, like Gecko) Version/15.5 Safari/605.1.15
172.16.5.3 - - [23/Jun/2025:18:26:41 +0300] "POST /products/item123 HTTP/1.1" 400 2048 "-" Mozilla/5.0 (compatible; Googlebot/2.1; +http://www.google.com/bot.html)
77.88.8.8 - - [23/Jun/2025:18:26:41 +0300] "PUT  HTTP/1.1" 503 1453 "-" Mozilla/5.0 (Windows NT 6.1; WOW64) AppleWebKit/537.36 (KHTML, like Gecko) Chrome/58.0.3029.110 Safari/537.36
192.168.1.45 - - [23/Jun/2025:18:26:41 +0300] "DELETE /index.html HTTP/1.1" 200 514 "-" curl/8.1.2
77.88.8.8 - - [23/Jun/2025:18:26:41 +0300] "POST  HTTP/1.1" 503 1482 "-" Mozilla/5.0 (Windows NT 10.0; Win64; x64) AppleWebKit/537.36 (KHTML, like Gecko) Edge/91.0.864.67 Safari/537.36
10.0.0.12 - - [23/Jun/2025:18:26:41 +0300] "PATCH /about HTTP/1.1" 201 2310 "-" Mozilla/5.0 (Windows NT 6.1; WOW64) AppleWebKit/537.36 (KHTML, like Gecko) Chrome/58.0.3029.110 Safari/537.36
142.250.190.14 - - [23/Jun/2025:18:26:41 +0300] "DELETE /settings HTTP/1.1" 502 1314 "-" Mozilla/5.0 (Windows NT 10.0; Win64; x64; rv:115.0) Gecko/20100101 Firefox/115.0
203.0.113.27 - - [23/Jun/2025:18:26:41 +0300] "GET /api/v1/users/images/logo.png HTTP/1.1" 401 2047 "-" Mozilla/5.0 (compatible; MSIE 10.0; Windows NT 6.1; Trident/6.0)
203.0.113.27 - - [23/Jun/2025:18:26:41 +0300] "GET /api/v1/users/images/logo.png HTTP/1.1" 401 2184 "-" Mozilla/5.0 (compatible; Googlebot/2.1; +http://www.google.com/bot.html)
62.217.190.200 - - [23/Jun/2025:18:26:42 +0300] "PUT /download/file.zip HTTP/1.1" 501 397 "-" Mozilla/5.0 (compatible; MSIE 10.0; Windows NT 6.1; Trident/6.0)
185.199.108.153 - - [23/Jun/2025:18:26:42 +0300] "DELETE /blog/2025/06/23/article-title HTTP/1.1" 404 1061 "-" Mozilla/5.0 (Windows NT 10.0; Win64; x64) AppleWebKit/537.36 (KHTML, like Gecko) Edge/91.0.864.67 Safari/537.36
203.0.113.27 - - [23/Jun/2025:18:26:42 +0300] "DELETE /api/v1/users/images/logo.png HTTP/1.1" 401 679 "-" Mozilla/5.0 (Windows NT 10.0; Win64; x64) AppleWebKit/537.36 (KHTML, like Gecko) Edge/91.0.864.67 Safari/537.36
62.217.190.200 - - [23/Jun/2025:18:26:42 +0300] "GET /download/file.zip HTTP/1.1" 501 2472 "-" Mozilla/5.0 (Linux; Android 10; SM-G975F) AppleWebKit/537.36 (KHTML, like Gecko) Chrome/111.0.0.0 Mobile Safari/537.36
198.51.100.14 - - [23/Jun/2025:18:26:42 +0300] "DELETE /contact-us HTTP/1.1" 403 2009 "-" Mozilla/5.0 (Linux; Android 10; SM-G975F) AppleWebKit/537.36 (KHTML, like Gecko) Chrome/111.0.0.0 Mobile Safari/537.36
142.250.190.14 - - [23/Jun/2025:18:26:42 +0300] "DELETE /settings HTTP/1.1" 502 1082 "-" Mozilla/5.0 (compatible; MSIE 10.0; Windows NT 6.1; Trident/6.0)
10.0.0.12 - - [23/Jun/2025:18:26:42 +0300] "GET /about HTTP/1.1" 201 2379 "-" curl/8.1.2
77.88.8.8 - - [23/Jun/2025:18:26:42 +0300] "PATCH  HTTP/1.1" 503 1047 "-" Mozilla/5.0 (Macintosh; Intel Mac OS X 12_4) AppleWebKit/605.1.15 (KHTML, like Gecko) Version/15.5 Safari/605.1.15
10.0.0.12 - - [23/Jun/2025:18:26:42 +0300] "PUT /about HTTP/1.1" 201 2323 "-" Mozilla/5.0 (X11; Linux x86_64) AppleWebKit/537.36 (KHTML, like Gecko) Chrome/117.0.0.0 Safari/537.36
172.16.5.3 - - [23/Jun/2025:18:26:42 +0300] "GET /products/item123 HTTP/1.1" 400 943 "-" Opera/9.80 (Windows NT 6.1; WOW64) Presto/2.12.388 Version/12.16
10.0.0.12 - - [23/Jun/2025:18:26:42 +0300] "PUT /about HTTP/1.1" 201 2496 "-" Mozilla/5.0 (Windows NT 10.0; Win64; x64; rv:115.0) Gecko/20100101 Firefox/115.0
62.217.190.200 - - [23/Jun/2025:18:26:42 +0300] "PUT /download/file.zip HTTP/1.1" 501 2058 "-" Mozilla/5.0 (compatible; MSIE 10.0; Windows NT 6.1; Trident/6.0)
185.199.108.153 - - [23/Jun/2025:18:26:42 +0300] "GET /blog/2025/06/23/article-title HTTP/1.1" 404 944 "-" Opera/9.80 (Windows NT 6.1; WOW64) Presto/2.12.388 Version/12.16
203.0.113.27 - - [23/Jun/2025:18:26:42 +0300] "PATCH /api/v1/users/images/logo.png HTTP/1.1" 401 1404 "-" Mozilla/5.0 (Windows NT 6.1; WOW64) AppleWebKit/537.36 (KHTML, like Gecko) Chrome/58.0.3029.110 Safari/537.36
216.58.209.78 - - [23/Jun/2025:18:26:42 +0300] "PUT /search HTTP/1.1" 500 1733 "-" Mozilla/5.0 (Macintosh; Intel Mac OS X 12_4) AppleWebKit/605.1.15 (KHTML, like Gecko) Version/15.5 Safari/605.1.15
