216.58.209.78 - - [23/Jun/2025:18:26:52 +0300] "PATCH /search HTTP/1.1" 500 937 "-" Mozilla/5.0 (Windows NT 6.1; WOW64) AppleWebKit/537.36 (KHTML, like Gecko) Chrome/58.0.3029.110 Safari/537.36
142.250.190.14 - - [23/Jun/2025:18:26:52 +0300] "PUT /settings HTTP/1.1" 502 826 "-" Mozilla/5.0 (Windows NT 10.0; Win64; x64; rv:115.0) Gecko/20100101 Firefox/115.0
198.51.100.14 - - [23/Jun/2025:18:26:52 +0300] "DELETE /contact-us HTTP/1.1" 403 1325 "-" Mozilla/5.0 (compatible; MSIE 10.0; Windows NT 6.1; Trident/6.0)
216.58.209.78 - - [23/Jun/2025:18:26:52 +0300] "PATCH /search HTTP/1.1" 500 2146 "-" Mozilla/5.0 (X11; Linux x86_64) AppleWebKit/537.36 (KHTML, like Gecko) Chrome/117.0.0.0 Safari/537.36
172.16.5.3 - - [23/Jun/2025:18:26:52 +0300] "PUT /products/item123 HTTP/1.1" 400 2220 "-" Opera/9.80 (Windows NT 6.1; WOW64) Presto/2.12.388 Version/12.16
62.217.190.200 - - [23/Jun/2025:18:26:52 +0300] "DELETE /download/file.zip HTTP/1.1" 501 765 "-" Mozilla/5.0 (X11; Linux x86_64) AppleWebKit/537.36 (KHTML, like Gecko) Chrome/117.0.0.0 Safari/537.36
142.250.190.14 - - [23/Jun/2025:18:26:52 +0300] "DELETE /settings HTTP/1.1" 502 2398 "-" Opera/9.80 (Windows NT 6.1; WOW64) Presto/2.12.388 Version/12.16
198.51.100.14 - - [23/Jun/2025:18:26:52 +0300] "PATCH /contact-us HTTP/1.1" 403 858 "-" Mozilla/5.0 (Macintosh; Intel Mac OS X 12_4) AppleWebKit/605.1.15 (KHTML, like Gecko) Version/15.5 Safari/605.1.15
77.88.8.8 - - [23/Jun/2025:18:26:52 +0300] "GET  HTTP/1.1" 503 1144 "-" Mozilla/5.0 (Windows NT 10.0; Win64; x64; rv:115.0) Gecko/20100101 Firefox/115.0
10.0.0.12 - - [23/Jun/2025:18:26:52 +0300] "DELETE /about HTTP/1.1" 201 620 "-" Mozilla/5.0 (Windows NT 10.0; Win64; x64) AppleWebKit/537.36 (KHTML, like Gecko) Edge/91.0.864.67 Safari/537.36
192.168.1.45 - - [23/Jun/2025:18:26:52 +0300] "PATCH /index.html HTTP/1.1" 200 1388 "-" Mozilla/5.0 (Macintosh; Intel Mac OS X 12_4) AppleWebKit/605.1.15 (KHTML, like Gecko) Version/15.5 Safari/605.1.15
142.250.190.14 - - [23/Jun/2025:18:26:52 +0300] "PATCH /settings HTTP/1.1" 502 1552 "-" Opera/9.80 (Windows NT 6.1; WOW64) Presto/2.12.388 Version/12.16
192.168.1.45 - - [23/Jun/2025:18:26:52 +0300] "PUT /index.html HTTP/1.1" 200 1647 "-" curl/8.1.2
142.250.190.14 - - [23/Jun/2025:18:26:52 +0300] "GET /settings HTTP/1.1" 502 1834 "-" Mozilla/5.0 (Macintosh; Intel Mac OS X 12_4) AppleWebKit/605.1.15 (KHTML, like Gecko) Version/15.5 Safari/605.1.15
185.199.108.153 - - [23/Jun/2025:18:26:52 +0300] "PUT /blog/2025/06/23/article-title HTTP/1.1" 404 1690 "-" Mozilla/5.0 (X11; Linux x86_64) AppleWebKit/537.36 (KHTML, like Gecko) Chrome/117.0.0.0 Safari/537.36
172.16.5.3 - - [23/Jun/2025:18:26:52 +0300] "GET /products/item123 HTTP/1.1" 400 1472 "-" Mozilla/5.0 (X11; Linux x86_64) AppleWebKit/537.36 (KHTML, like Gecko) Chrome/117.0.0.0 Safari/537.36
142.250.190.14 - - [23/Jun/2025:18:26:52 +0300] "GET /settings HTTP/1.1" 502 342 "-" Mozilla/5.0 (Windows NT 10.0; Win64; x64; rv:115.0) Gecko/20100101 Firefox/115.0
198.51.100.14 - - [23/Jun/2025:18:26:52 +0300] "POST /contact-us HTTP/1.1" 403 2412 "-" Mozilla/5.0 (Linux; Android 10; SM-G975F) AppleWebKit/537.36 (KHTML, like Gecko) Chrome/111.0.0.0 Mobile Safari/537.36
203.0.113.27 - - [23/Jun/2025:18:26:52 +0300] "GET /api/v1/users/images/logo.png HTTP/1.1" 401 1628 "-" Mozilla/5.0 (X11; Linux x86_64) AppleWebKit/537.36 (KHTML, like Gecko) Chrome/117.0.0.0 Safari/537.36
62.217.190.200 - - [23/Jun/2025:18:26:52 +0300] "PUT /download/file.zip HTTP/1.1" 501 917 "-" Mozilla/5.0 (Windows NT 6.1; WOW64) AppleWebKit/537.36 (KHTML, like Gecko) Chrome/58.0.3029.110 Safari/537.36
192.168.1.45 - - [23/Jun/2025:18:26:52 +0300] "GET /index.html HTTP/1.1" 200 735 "-" Mozilla/5.0 (Windows NT 6.1; WOW64) AppleWebKit/537.36 (KHTML, like Gecko) Chrome/58.0.3029.110 Safari/537.36
142.250.190.14 - - [23/Jun/2025:18:26:52 +0300] "PATCH /settings HTTP/1.1" 502 2350 "-" Mozilla/5.0 (compatible; Googlebot/2.1; +http://www.google.com/bot.html)
192.168.1.45 - - [23/Jun/2025:18:26:52 +0300] "POST /index.html HTTP/1.1" 200 916 "-" Mozilla/5.0 (Windows NT 10.0; Win64; x64; rv:115.0) Gecko/20100101 Firefox/115.0
192.168.1.45 - - [23/Jun/2025:18:26:52 +0300] "DELETE /index.html HTTP/1.1" 200 2114 "-" curl/8.1.2
203.0.113.27 - - [23/Jun/2025:18:26:52 +0300] "PATCH /api/v1/users/images/logo.png HTTP/1.1" 401 584 "-" Mozilla/5.0 (Linux; Android 10; SM-G975F) AppleWebKit/537.36 (KHTML, like Gecko) Chrome/111.0.0.0 Mobile Safari/537.36
142.250.190.14 - - [23/Jun/2025:18:26:52 +0300] "GET /settings HTTP/1.1" 502 1712 "-" Mozilla/5.0 (Linux; Android 10; SM-G975F) AppleWebKit/537.36 (KHTML, like Gecko) Chrome/111.0.0.0 Mobile Safari/537.36
185.199.108.153 - - [23/Jun/2025:18:26:52 +0300] "GET /blog/2025/06/23/article-title HTTP/1.1" 404 552 "-" Mozilla/5.0 (Windows NT 6.1; WOW64) AppleWebKit/537.36 (KHTML, like Gecko) Chrome/58.0.3029.110 Safari/537.36
77.88.8.8 - - [23/Jun/2025:18:26:52 +0300] "PUT  HTTP/1.1" 503 1000 "-" Mozilla/5.0 (X11; Linux x86_64) AppleWebKit/537.36 (KHTML, like Gecko) Chrome/117.0.0.0 Safari/537.36
192.168.1.45 - - [23/Jun/2025:18:26:52 +0300] "DELETE /index.html HTTP/1.1" 200 1092 "-" Mozilla/5.0 (X11; Linux x86_64) AppleWebKit/537.36 (KHTML, like Gecko) Chrome/117.0.0.0 Safari/537.36
77.88.8.8 - - [23/Jun/2025:18:26:52 +0300] "DELETE  HTTP/1.1" 503 533 "-" Mozilla/5.0 (Linux; Android 10; SM-G975F) AppleWebKit/537.36 (KHTML, like Gecko) Chrome/111.0.0.0 Mobile Safari/537.36
185.199.108.153 - - [23/Jun/2025:18:26:52 +0300] "PUT /blog/2025/06/23/article-title HTTP/1.1" 404 854 "-" curl/8.1.2
10.0.0.12 - - [23/Jun/2025:18:26:52 +0300] "POST /about HTTP/1.1" 201 1190 "-" Mozilla/5.0 (Windows NT 10.0; Win64; x64) AppleWebKit/537.36 (KHTML, like Gecko) Edge/91.0.864.67 Safari/537.36
77.88.8.8 - - [23/Jun/2025:18:26:52 +0300] "PATCH  HTTP/1.1" 503 1254 "-" Mozilla/5.0 (Windows NT 10.0; Win64; x64; rv:115.0) Gecko/20100101 Firefox/115.0
142.250.190.14 - - [23/Jun/2025:18:26:52 +0300] "DELETE /settings HTTP/1.1" 502 2268 "-" Mozilla/5.0 (X11; Linux x86_64) AppleWebKit/537.36 (KHTML, like Gecko) Chrome/117.0.0.0 Safari/537.36
172.16.5.3 - - [23/Jun/2025:18:26:52 +0300] "PUT /products/item123 HTTP/1.1" 400 769 "-" Mozilla/5.0 (Windows NT 10.0; Win64; x64) AppleWebKit/537.36 (KHTML, like Gecko) Edge/91.0.864.67 Safari/537.36
203.0.113.27 - - [23/Jun/2025:18:26:52 +0300] "PATCH /api/v1/users/images/logo.png HTTP/1.1" 401 1543 "-" Mozilla/5.0 (Linux; Android 10; SM-G975F) AppleWebKit/537.36 (KHTML, like Gecko) Chrome/111.0.0.0 Mobile Safari/537.36
185.199.108.153 - - [23/Jun/2025:18:26:53 +0300] "PUT /blog/2025/06/23/article-title HTTP/1.1" 404 1036 "-" curl/8.1.2
203.0.113.27 - - [23/Jun/2025:18:26:53 +0300] "GET /api/v1/users/images/logo.png HTTP/1.1" 401 1205 "-" Mozilla/5.0 (Windows NT 6.1; WOW64) AppleWebKit/537.36 (KHTML, like Gecko) Chrome/58.0.3029.110 Safari/537.36
10.0.0.12 - - [23/Jun/2025:18:26:53 +0300] "POST /about HTTP/1.1" 201 2285 "-" Opera/9.80 (Windows NT 6.1; WOW64) Presto/2.12.388 Version/12.16
192.168.1.45 - - [23/Jun/2025:18:26:53 +0300] "PATCH /index.html HTTP/1.1" 200 1361 "-" Mozilla/5.0 (compatible; MSIE 10.0; Windows NT 6.1; Trident/6.0)
172.16.5.3 - - [23/Jun/2025:18:26:53 +0300] "PATCH /products/item123 HTTP/1.1" 400 306 "-" Mozilla/5.0 (X11; Linux x86_64) AppleWebKit/537.36 (KHTML, like Gecko) Chrome/117.0.0.0 Safari/537.36
216.58.209.78 - - [23/Jun/2025:18:26:53 +0300] "POST /search HTTP/1.1" 500 1487 "-" Mozilla/5.0 (Windows NT 10.0; Win64; x64) AppleWebKit/537.36 (KHTML, like Gecko) Edge/91.0.864.67 Safari/537.36
62.217.190.200 - - [23/Jun/2025:18:26:53 +0300] "PUT /download/file.zip HTTP/1.1" 501 1233 "-" Opera/9.80 (Windows NT 6.1; WOW64) Presto/2.12.388 Version/12.16
142.250.190.14 - - [23/Jun/2025:18:26:53 +0300] "PUT /settings HTTP/1.1" 502 817 "-" Mozilla/5.0 (Windows NT 10.0; Win64; x64) AppleWebKit/537.36 (KHTML, like Gecko) Edge/91.0.864.67 Safari/537.36
216.58.209.78 - - [23/Jun/2025:18:26:53 +0300] "GET /search HTTP/1.1" 500 368 "-" Mozilla/5.0 (Macintosh; Intel Mac OS X 12_4) AppleWebKit/605.1.15 (KHTML, like Gecko) Version/15.5 Safari/605.1.15
203.0.113.27 - - [23/Jun/2025:18:26:53 +0300] "GET /api/v1/users/images/logo.png HTTP/1.1" 401 1969 "-" Mozilla/5.0 (X11; Linux x86_64) AppleWebKit/537.36 (KHTML, like Gecko) Chrome/117.0.0.0 Safari/537.36
216.58.209.78 - - [23/Jun/2025:18:26:53 +0300] "POST /search HTTP/1.1" 500 1856 "-" Mozilla/5.0 (X11; Linux x86_64) AppleWebKit/537.36 (KHTML, like Gecko) Chrome/117.0.0.0 Safari/537.36
172.16.5.3 - - [23/Jun/2025:18:26:53 +0300] "PUT /products/item123 HTTP/1.1" 400 2438 "-" Mozilla/5.0 (X11; Linux x86_64) AppleWebKit/537.36 (KHTML, like Gecko) Chrome/117.0.0.0 Safari/537.36
62.217.190.200 - - [23/Jun/2025:18:26:53 +0300] "PUT /download/file.zip HTTP/1.1" 501 2159 "-" Opera/9.80 (Windows NT 6.1; WOW64) Presto/2.12.388 Version/12.16
77.88.8.8 - - [23/Jun/2025:18:26:53 +0300] "DELETE  HTTP/1.1" 503 2358 "-" Mozilla/5.0 (Macintosh; Intel Mac OS X 12_4) AppleWebKit/605.1.15 (KHTML, like Gecko) Version/15.5 Safari/605.1.15
185.199.108.153 - - [23/Jun/2025:18:26:53 +0300] "PATCH /blog/2025/06/23/article-title HTTP/1.1" 404 1497 "-" Mozilla/5.0 (Linux; Android 10; SM-G975F) AppleWebKit/537.36 (KHTML, like Gecko) Chrome/111.0.0.0 Mobile Safari/537.36
203.0.113.27 - - [23/Jun/2025:18:26:53 +0300] "DELETE /api/v1/users/images/logo.png HTTP/1.1" 401 1097 "-" Mozilla/5.0 (Macintosh; Intel Mac OS X 12_4) AppleWebKit/605.1.15 (KHTML, like Gecko) Version/15.5 Safari/605.1.15
172.16.5.3 - - [23/Jun/2025:18:26:53 +0300] "PUT /products/item123 HTTP/1.1" 400 2096 "-" Mozilla/5.0 (X11; Linux x86_64) AppleWebKit/537.36 (KHTML, like Gecko) Chrome/117.0.0.0 Safari/537.36
203.0.113.27 - - [23/Jun/2025:18:26:53 +0300] "GET /api/v1/users/images/logo.png HTTP/1.1" 401 798 "-" Mozilla/5.0 (X11; Linux x86_64) AppleWebKit/537.36 (KHTML, like Gecko) Chrome/117.0.0.0 Safari/537.36
10.0.0.12 - - [23/Jun/2025:18:26:53 +0300] "GET /about HTTP/1.1" 201 2445 "-" Mozilla/5.0 (Linux; Android 10; SM-G975F) AppleWebKit/537.36 (KHTML, like Gecko) Chrome/111.0.0.0 Mobile Safari/537.36
10.0.0.12 - - [23/Jun/2025:18:26:53 +0300] "DELETE /about HTTP/1.1" 201 523 "-" curl/8.1.2
172.16.5.3 - - [23/Jun/2025:18:26:53 +0300] "DELETE /products/item123 HTTP/1.1" 400 428 "-" Mozilla/5.0 (Windows NT 10.0; Win64; x64; rv:115.0) Gecko/20100101 Firefox/115.0
10.0.0.12 - - [23/Jun/2025:18:26:53 +0300] "PUT /about HTTP/1.1" 201 508 "-" Mozilla/5.0 (X11; Linux x86_64) AppleWebKit/537.36 (KHTML, like Gecko) Chrome/117.0.0.0 Safari/537.36
10.0.0.12 - - [23/Jun/2025:18:26:53 +0300] "POST /about HTTP/1.1" 201 2261 "-" Opera/9.80 (Windows NT 6.1; WOW64) Presto/2.12.388 Version/12.16
192.168.1.45 - - [23/Jun/2025:18:26:53 +0300] "POST /index.html HTTP/1.1" 200 692 "-" curl/8.1.2
142.250.190.14 - - [23/Jun/2025:18:26:53 +0300] "DELETE /settings HTTP/1.1" 502 537 "-" Mozilla/5.0 (Windows NT 6.1; WOW64) AppleWebKit/537.36 (KHTML, like Gecko) Chrome/58.0.3029.110 Safari/537.36
192.168.1.45 - - [23/Jun/2025:18:26:53 +0300] "GET /index.html HTTP/1.1" 200 1121 "-" curl/8.1.2
62.217.190.200 - - [23/Jun/2025:18:26:53 +0300] "GET /download/file.zip HTTP/1.1" 501 686 "-" Mozilla/5.0 (compatible; Googlebot/2.1; +http://www.google.com/bot.html)
198.51.100.14 - - [23/Jun/2025:18:26:53 +0300] "DELETE /contact-us HTTP/1.1" 403 2395 "-" Mozilla/5.0 (X11; Linux x86_64) AppleWebKit/537.36 (KHTML, like Gecko) Chrome/117.0.0.0 Safari/537.36
185.199.108.153 - - [23/Jun/2025:18:26:53 +0300] "GET /blog/2025/06/23/article-title HTTP/1.1" 404 853 "-" Mozilla/5.0 (Windows NT 6.1; WOW64) AppleWebKit/537.36 (KHTML, like Gecko) Chrome/58.0.3029.110 Safari/537.36
77.88.8.8 - - [23/Jun/2025:18:26:53 +0300] "POST  HTTP/1.1" 503 1319 "-" Mozilla/5.0 (Windows NT 10.0; Win64; x64; rv:115.0) Gecko/20100101 Firefox/115.0
192.168.1.45 - - [23/Jun/2025:18:26:53 +0300] "PATCH /index.html HTTP/1.1" 200 2254 "-" Mozilla/5.0 (Linux; Android 10; SM-G975F) AppleWebKit/537.36 (KHTML, like Gecko) Chrome/111.0.0.0 Mobile Safari/537.36
142.250.190.14 - - [23/Jun/2025:18:26:53 +0300] "POST /settings HTTP/1.1" 502 909 "-" Mozilla/5.0 (Macintosh; Intel Mac OS X 12_4) AppleWebKit/605.1.15 (KHTML, like Gecko) Version/15.5 Safari/605.1.15
142.250.190.14 - - [23/Jun/2025:18:26:53 +0300] "PATCH /settings HTTP/1.1" 502 1073 "-" Mozilla/5.0 (compatible; MSIE 10.0; Windows NT 6.1; Trident/6.0)
62.217.190.200 - - [23/Jun/2025:18:26:53 +0300] "PUT /download/file.zip HTTP/1.1" 501 2472 "-" Mozilla/5.0 (compatible; Googlebot/2.1; +http://www.google.com/bot.html)
172.16.5.3 - - [23/Jun/2025:18:26:53 +0300] "GET /products/item123 HTTP/1.1" 400 765 "-" Opera/9.80 (Windows NT 6.1; WOW64) Presto/2.12.388 Version/12.16
192.168.1.45 - - [23/Jun/2025:18:26:53 +0300] "PATCH /index.html HTTP/1.1" 200 2471 "-" Mozilla/5.0 (Windows NT 10.0; Win64; x64) AppleWebKit/537.36 (KHTML, like Gecko) Edge/91.0.864.67 Safari/537.36
62.217.190.200 - - [23/Jun/2025:18:26:53 +0300] "GET /download/file.zip HTTP/1.1" 501 1671 "-" Mozilla/5.0 (Linux; Android 10; SM-G975F) AppleWebKit/537.36 (KHTML, like Gecko) Chrome/111.0.0.0 Mobile Safari/537.36
198.51.100.14 - - [23/Jun/2025:18:26:53 +0300] "PATCH /contact-us HTTP/1.1" 403 945 "-" Mozilla/5.0 (compatible; Googlebot/2.1; +http://www.google.com/bot.html)
172.16.5.3 - - [23/Jun/2025:18:26:53 +0300] "PATCH /products/item123 HTTP/1.1" 400 1367 "-" Mozilla/5.0 (Windows NT 6.1; WOW64) AppleWebKit/537.36 (KHTML, like Gecko) Chrome/58.0.3029.110 Safari/537.36
62.217.190.200 - - [23/Jun/2025:18:26:53 +0300] "DELETE /download/file.zip HTTP/1.1" 501 2104 "-" Opera/9.80 (Windows NT 6.1; WOW64) Presto/2.12.388 Version/12.16
77.88.8.8 - - [23/Jun/2025:18:26:53 +0300] "PATCH  HTTP/1.1" 503 735 "-" Mozilla/5.0 (X11; Linux x86_64) AppleWebKit/537.36 (KHTML, like Gecko) Chrome/117.0.0.0 Safari/537.36
62.217.190.200 - - [23/Jun/2025:18:26:53 +0300] "PUT /download/file.zip HTTP/1.1" 501 340 "-" Opera/9.80 (Windows NT 6.1; WOW64) Presto/2.12.388 Version/12.16
198.51.100.14 - - [23/Jun/2025:18:26:53 +0300] "GET /contact-us HTTP/1.1" 403 1924 "-" Opera/9.80 (Windows NT 6.1; WOW64) Presto/2.12.388 Version/12.16
62.217.190.200 - - [23/Jun/2025:18:26:53 +0300] "PATCH /download/file.zip HTTP/1.1" 501 1961 "-" Mozilla/5.0 (X11; Linux x86_64) AppleWebKit/537.36 (KHTML, like Gecko) Chrome/117.0.0.0 Safari/537.36
198.51.100.14 - - [23/Jun/2025:18:26:53 +0300] "PATCH /contact-us HTTP/1.1" 403 1479 "-" Mozilla/5.0 (Windows NT 10.0; Win64; x64) AppleWebKit/537.36 (KHTML, like Gecko) Edge/91.0.864.67 Safari/537.36
192.168.1.45 - - [23/Jun/2025:18:26:53 +0300] "PUT /index.html HTTP/1.1" 200 1211 "-" Mozilla/5.0 (Windows NT 6.1; WOW64) AppleWebKit/537.36 (KHTML, like Gecko) Chrome/58.0.3029.110 Safari/537.36
192.168.1.45 - - [23/Jun/2025:18:26:53 +0300] "POST /index.html HTTP/1.1" 200 1796 "-" Mozilla/5.0 (compatible; MSIE 10.0; Windows NT 6.1; Trident/6.0)
192.168.1.45 - - [23/Jun/2025:18:26:54 +0300] "POST /index.html HTTP/1.1" 200 1081 "-" Mozilla/5.0 (compatible; MSIE 10.0; Windows NT 6.1; Trident/6.0)
172.16.5.3 - - [23/Jun/2025:18:26:54 +0300] "PATCH /products/item123 HTTP/1.1" 400 835 "-" Mozilla/5.0 (compatible; MSIE 10.0; Windows NT 6.1; Trident/6.0)
172.16.5.3 - - [23/Jun/2025:18:26:54 +0300] "DELETE /products/item123 HTTP/1.1" 400 1429 "-" Mozilla/5.0 (compatible; Googlebot/2.1; +http://www.google.com/bot.html)
10.0.0.12 - - [23/Jun/2025:18:26:54 +0300] "DELETE /about HTTP/1.1" 201 1224 "-" curl/8.1.2
142.250.190.14 - - [23/Jun/2025:18:26:54 +0300] "PATCH /settings HTTP/1.1" 502 769 "-" Mozilla/5.0 (Windows NT 10.0; Win64; x64; rv:115.0) Gecko/20100101 Firefox/115.0
10.0.0.12 - - [23/Jun/2025:18:26:54 +0300] "PATCH /about HTTP/1.1" 201 838 "-" Mozilla/5.0 (Windows NT 10.0; Win64; x64) AppleWebKit/537.36 (KHTML, like Gecko) Edge/91.0.864.67 Safari/537.36
62.217.190.200 - - [23/Jun/2025:18:26:54 +0300] "PUT /download/file.zip HTTP/1.1" 501 1207 "-" Mozilla/5.0 (Windows NT 6.1; WOW64) AppleWebKit/537.36 (KHTML, like Gecko) Chrome/58.0.3029.110 Safari/537.36
172.16.5.3 - - [23/Jun/2025:18:26:54 +0300] "PATCH /products/item123 HTTP/1.1" 400 797 "-" Mozilla/5.0 (X11; Linux x86_64) AppleWebKit/537.36 (KHTML, like Gecko) Chrome/117.0.0.0 Safari/537.36
10.0.0.12 - - [23/Jun/2025:18:26:54 +0300] "PUT /about HTTP/1.1" 201 1307 "-" curl/8.1.2
10.0.0.12 - - [23/Jun/2025:18:26:54 +0300] "PUT /about HTTP/1.1" 201 1208 "-" Mozilla/5.0 (X11; Linux x86_64) AppleWebKit/537.36 (KHTML, like Gecko) Chrome/117.0.0.0 Safari/537.36
62.217.190.200 - - [23/Jun/2025:18:26:54 +0300] "PUT /download/file.zip HTTP/1.1" 501 949 "-" Mozilla/5.0 (Windows NT 10.0; Win64; x64) AppleWebKit/537.36 (KHTML, like Gecko) Edge/91.0.864.67 Safari/537.36
142.250.190.14 - - [23/Jun/2025:18:26:54 +0300] "DELETE /settings HTTP/1.1" 502 1001 "-" Mozilla/5.0 (Windows NT 10.0; Win64; x64) AppleWebKit/537.36 (KHTML, like Gecko) Edge/91.0.864.67 Safari/537.36
172.16.5.3 - - [23/Jun/2025:18:26:54 +0300] "PATCH /products/item123 HTTP/1.1" 400 1536 "-" Mozilla/5.0 (Linux; Android 10; SM-G975F) AppleWebKit/537.36 (KHTML, like Gecko) Chrome/111.0.0.0 Mobile Safari/537.36
142.250.190.14 - - [23/Jun/2025:18:26:54 +0300] "PUT /settings HTTP/1.1" 502 823 "-" Opera/9.80 (Windows NT 6.1; WOW64) Presto/2.12.388 Version/12.16
77.88.8.8 - - [23/Jun/2025:18:26:54 +0300] "GET  HTTP/1.1" 503 1397 "-" Mozilla/5.0 (X11; Linux x86_64) AppleWebKit/537.36 (KHTML, like Gecko) Chrome/117.0.0.0 Safari/537.36
172.16.5.3 - - [23/Jun/2025:18:26:54 +0300] "PATCH /products/item123 HTTP/1.1" 400 2308 "-" Mozilla/5.0 (Linux; Android 10; SM-G975F) AppleWebKit/537.36 (KHTML, like Gecko) Chrome/111.0.0.0 Mobile Safari/537.36
142.250.190.14 - - [23/Jun/2025:18:26:54 +0300] "PATCH /settings HTTP/1.1" 502 524 "-" Mozilla/5.0 (Windows NT 10.0; Win64; x64; rv:115.0) Gecko/20100101 Firefox/115.0
77.88.8.8 - - [23/Jun/2025:18:26:54 +0300] "GET  HTTP/1.1" 503 1945 "-" Mozilla/5.0 (Macintosh; Intel Mac OS X 12_4) AppleWebKit/605.1.15 (KHTML, like Gecko) Version/15.5 Safari/605.1.15
198.51.100.14 - - [23/Jun/2025:18:26:54 +0300] "PUT /contact-us HTTP/1.1" 403 2128 "-" curl/8.1.2
192.168.1.45 - - [23/Jun/2025:18:26:54 +0300] "DELETE /index.html HTTP/1.1" 200 1180 "-" curl/8.1.2
203.0.113.27 - - [23/Jun/2025:18:26:54 +0300] "PUT /api/v1/users/images/logo.png HTTP/1.1" 401 338 "-" Mozilla/5.0 (X11; Linux x86_64) AppleWebKit/537.36 (KHTML, like Gecko) Chrome/117.0.0.0 Safari/537.36
185.199.108.153 - - [23/Jun/2025:18:26:54 +0300] "POST /blog/2025/06/23/article-title HTTP/1.1" 404 1946 "-" curl/8.1.2
77.88.8.8 - - [23/Jun/2025:18:26:54 +0300] "GET  HTTP/1.1" 503 1911 "-" Mozilla/5.0 (Linux; Android 10; SM-G975F) AppleWebKit/537.36 (KHTML, like Gecko) Chrome/111.0.0.0 Mobile Safari/537.36
198.51.100.14 - - [23/Jun/2025:18:26:54 +0300] "PATCH /contact-us HTTP/1.1" 403 739 "-" Mozilla/5.0 (Windows NT 10.0; Win64; x64; rv:115.0) Gecko/20100101 Firefox/115.0
198.51.100.14 - - [23/Jun/2025:18:26:54 +0300] "PATCH /contact-us HTTP/1.1" 403 665 "-" Mozilla/5.0 (compatible; MSIE 10.0; Windows NT 6.1; Trident/6.0)
198.51.100.14 - - [23/Jun/2025:18:26:54 +0300] "DELETE /contact-us HTTP/1.1" 403 645 "-" Mozilla/5.0 (Windows NT 10.0; Win64; x64) AppleWebKit/537.36 (KHTML, like Gecko) Edge/91.0.864.67 Safari/537.36
203.0.113.27 - - [23/Jun/2025:18:26:54 +0300] "DELETE /api/v1/users/images/logo.png HTTP/1.1" 401 1197 "-" Mozilla/5.0 (Windows NT 6.1; WOW64) AppleWebKit/537.36 (KHTML, like Gecko) Chrome/58.0.3029.110 Safari/537.36
216.58.209.78 - - [23/Jun/2025:18:26:54 +0300] "DELETE /search HTTP/1.1" 500 550 "-" curl/8.1.2
203.0.113.27 - - [23/Jun/2025:18:26:54 +0300] "POST /api/v1/users/images/logo.png HTTP/1.1" 401 2015 "-" Mozilla/5.0 (Linux; Android 10; SM-G975F) AppleWebKit/537.36 (KHTML, like Gecko) Chrome/111.0.0.0 Mobile Safari/537.36
172.16.5.3 - - [23/Jun/2025:18:26:54 +0300] "POST /products/item123 HTTP/1.1" 400 451 "-" Mozilla/5.0 (compatible; Googlebot/2.1; +http://www.google.com/bot.html)
172.16.5.3 - - [23/Jun/2025:18:26:54 +0300] "GET /products/item123 HTTP/1.1" 400 2137 "-" Mozilla/5.0 (compatible; MSIE 10.0; Windows NT 6.1; Trident/6.0)
77.88.8.8 - - [23/Jun/2025:18:26:54 +0300] "DELETE  HTTP/1.1" 503 902 "-" Mozilla/5.0 (Macintosh; Intel Mac OS X 12_4) AppleWebKit/605.1.15 (KHTML, like Gecko) Version/15.5 Safari/605.1.15
192.168.1.45 - - [23/Jun/2025:18:26:54 +0300] "DELETE /index.html HTTP/1.1" 200 1008 "-" Mozilla/5.0 (Windows NT 10.0; Win64; x64) AppleWebKit/537.36 (KHTML, like Gecko) Edge/91.0.864.67 Safari/537.36
203.0.113.27 - - [23/Jun/2025:18:26:54 +0300] "DELETE /api/v1/users/images/logo.png HTTP/1.1" 401 1710 "-" Mozilla/5.0 (compatible; Googlebot/2.1; +http://www.google.com/bot.html)
77.88.8.8 - - [23/Jun/2025:18:26:54 +0300] "GET  HTTP/1.1" 503 688 "-" Opera/9.80 (Windows NT 6.1; WOW64) Presto/2.12.388 Version/12.16
203.0.113.27 - - [23/Jun/2025:18:26:54 +0300] "PATCH /api/v1/users/images/logo.png HTTP/1.1" 401 2007 "-" Mozilla/5.0 (Macintosh; Intel Mac OS X 12_4) AppleWebKit/605.1.15 (KHTML, like Gecko) Version/15.5 Safari/605.1.15
198.51.100.14 - - [23/Jun/2025:18:26:54 +0300] "DELETE /contact-us HTTP/1.1" 403 919 "-" Mozilla/5.0 (X11; Linux x86_64) AppleWebKit/537.36 (KHTML, like Gecko) Chrome/117.0.0.0 Safari/537.36
172.16.5.3 - - [23/Jun/2025:18:26:54 +0300] "PUT /products/item123 HTTP/1.1" 400 1174 "-" Mozilla/5.0 (Windows NT 10.0; Win64; x64) AppleWebKit/537.36 (KHTML, like Gecko) Edge/91.0.864.67 Safari/537.36
185.199.108.153 - - [23/Jun/2025:18:26:54 +0300] "DELETE /blog/2025/06/23/article-title HTTP/1.1" 404 2123 "-" Opera/9.80 (Windows NT 6.1; WOW64) Presto/2.12.388 Version/12.16
216.58.209.78 - - [23/Jun/2025:18:26:54 +0300] "DELETE /search HTTP/1.1" 500 560 "-" Mozilla/5.0 (X11; Linux x86_64) AppleWebKit/537.36 (KHTML, like Gecko) Chrome/117.0.0.0 Safari/537.36
172.16.5.3 - - [23/Jun/2025:18:26:54 +0300] "POST /products/item123 HTTP/1.1" 400 2159 "-" Mozilla/5.0 (Linux; Android 10; SM-G975F) AppleWebKit/537.36 (KHTML, like Gecko) Chrome/111.0.0.0 Mobile Safari/537.36
62.217.190.200 - - [23/Jun/2025:18:26:54 +0300] "POST /download/file.zip HTTP/1.1" 501 2233 "-" Mozilla/5.0 (Windows NT 10.0; Win64; x64) AppleWebKit/537.36 (KHTML, like Gecko) Edge/91.0.864.67 Safari/537.36
185.199.108.153 - - [23/Jun/2025:18:26:54 +0300] "DELETE /blog/2025/06/23/article-title HTTP/1.1" 404 865 "-" Mozilla/5.0 (Macintosh; Intel Mac OS X 12_4) AppleWebKit/605.1.15 (KHTML, like Gecko) Version/15.5 Safari/605.1.15
203.0.113.27 - - [23/Jun/2025:18:26:54 +0300] "DELETE /api/v1/users/images/logo.png HTTP/1.1" 401 1508 "-" Mozilla/5.0 (Macintosh; Intel Mac OS X 12_4) AppleWebKit/605.1.15 (KHTML, like Gecko) Version/15.5 Safari/605.1.15
62.217.190.200 - - [23/Jun/2025:18:26:54 +0300] "PATCH /download/file.zip HTTP/1.1" 501 2256 "-" Mozilla/5.0 (compatible; Googlebot/2.1; +http://www.google.com/bot.html)
142.250.190.14 - - [23/Jun/2025:18:26:54 +0300] "PUT /settings HTTP/1.1" 502 1970 "-" Mozilla/5.0 (Windows NT 10.0; Win64; x64) AppleWebKit/537.36 (KHTML, like Gecko) Edge/91.0.864.67 Safari/537.36
216.58.209.78 - - [23/Jun/2025:18:26:54 +0300] "GET /search HTTP/1.1" 500 325 "-" Mozilla/5.0 (Linux; Android 10; SM-G975F) AppleWebKit/537.36 (KHTML, like Gecko) Chrome/111.0.0.0 Mobile Safari/537.36
62.217.190.200 - - [23/Jun/2025:18:26:55 +0300] "DELETE /download/file.zip HTTP/1.1" 501 2299 "-" Mozilla/5.0 (Macintosh; Intel Mac OS X 12_4) AppleWebKit/605.1.15 (KHTML, like Gecko) Version/15.5 Safari/605.1.15
185.199.108.153 - - [23/Jun/2025:18:26:55 +0300] "POST /blog/2025/06/23/article-title HTTP/1.1" 404 1881 "-" Mozilla/5.0 (Windows NT 6.1; WOW64) AppleWebKit/537.36 (KHTML, like Gecko) Chrome/58.0.3029.110 Safari/537.36
216.58.209.78 - - [23/Jun/2025:18:26:55 +0300] "PUT /search HTTP/1.1" 500 2441 "-" Mozilla/5.0 (Linux; Android 10; SM-G975F) AppleWebKit/537.36 (KHTML, like Gecko) Chrome/111.0.0.0 Mobile Safari/537.36
62.217.190.200 - - [23/Jun/2025:18:26:55 +0300] "POST /download/file.zip HTTP/1.1" 501 1291 "-" Mozilla/5.0 (compatible; Googlebot/2.1; +http://www.google.com/bot.html)
203.0.113.27 - - [23/Jun/2025:18:26:55 +0300] "GET /api/v1/users/images/logo.png HTTP/1.1" 401 1482 "-" Mozilla/5.0 (Windows NT 6.1; WOW64) AppleWebKit/537.36 (KHTML, like Gecko) Chrome/58.0.3029.110 Safari/537.36
203.0.113.27 - - [23/Jun/2025:18:26:55 +0300] "POST /api/v1/users/images/logo.png HTTP/1.1" 401 1632 "-" Mozilla/5.0 (compatible; MSIE 10.0; Windows NT 6.1; Trident/6.0)
142.250.190.14 - - [23/Jun/2025:18:26:55 +0300] "PATCH /settings HTTP/1.1" 502 2372 "-" Opera/9.80 (Windows NT 6.1; WOW64) Presto/2.12.388 Version/12.16
216.58.209.78 - - [23/Jun/2025:18:26:55 +0300] "DELETE /search HTTP/1.1" 500 2259 "-" Mozilla/5.0 (Windows NT 10.0; Win64; x64) AppleWebKit/537.36 (KHTML, like Gecko) Edge/91.0.864.67 Safari/537.36
142.250.190.14 - - [23/Jun/2025:18:26:55 +0300] "POST /settings HTTP/1.1" 502 376 "-" Opera/9.80 (Windows NT 6.1; WOW64) Presto/2.12.388 Version/12.16
185.199.108.153 - - [23/Jun/2025:18:26:55 +0300] "PUT /blog/2025/06/23/article-title HTTP/1.1" 404 2317 "-" Mozilla/5.0 (Macintosh; Intel Mac OS X 12_4) AppleWebKit/605.1.15 (KHTML, like Gecko) Version/15.5 Safari/605.1.15
203.0.113.27 - - [23/Jun/2025:18:26:55 +0300] "PUT /api/v1/users/images/logo.png HTTP/1.1" 401 989 "-" Mozilla/5.0 (X11; Linux x86_64) AppleWebKit/537.36 (KHTML, like Gecko) Chrome/117.0.0.0 Safari/537.36
198.51.100.14 - - [23/Jun/2025:18:26:55 +0300] "POST /contact-us HTTP/1.1" 403 427 "-" Mozilla/5.0 (Macintosh; Intel Mac OS X 12_4) AppleWebKit/605.1.15 (KHTML, like Gecko) Version/15.5 Safari/605.1.15
77.88.8.8 - - [23/Jun/2025:18:26:55 +0300] "PUT  HTTP/1.1" 503 2322 "-" Mozilla/5.0 (Windows NT 10.0; Win64; x64) AppleWebKit/537.36 (KHTML, like Gecko) Edge/91.0.864.67 Safari/537.36
77.88.8.8 - - [23/Jun/2025:18:26:55 +0300] "GET  HTTP/1.1" 503 1588 "-" Mozilla/5.0 (compatible; Googlebot/2.1; +http://www.google.com/bot.html)
142.250.190.14 - - [23/Jun/2025:18:26:55 +0300] "GET /settings HTTP/1.1" 502 1683 "-" curl/8.1.2
192.168.1.45 - - [23/Jun/2025:18:26:55 +0300] "PATCH /index.html HTTP/1.1" 200 927 "-" curl/8.1.2
192.168.1.45 - - [23/Jun/2025:18:26:55 +0300] "PUT /index.html HTTP/1.1" 200 942 "-" Mozilla/5.0 (Macintosh; Intel Mac OS X 12_4) AppleWebKit/605.1.15 (KHTML, like Gecko) Version/15.5 Safari/605.1.15
172.16.5.3 - - [23/Jun/2025:18:26:55 +0300] "GET /products/item123 HTTP/1.1" 400 2256 "-" Mozilla/5.0 (Windows NT 6.1; WOW64) AppleWebKit/537.36 (KHTML, like Gecko) Chrome/58.0.3029.110 Safari/537.36
198.51.100.14 - - [23/Jun/2025:18:26:55 +0300] "GET /contact-us HTTP/1.1" 403 2016 "-" Mozilla/5.0 (compatible; Googlebot/2.1; +http://www.google.com/bot.html)
77.88.8.8 - - [23/Jun/2025:18:26:55 +0300] "DELETE  HTTP/1.1" 503 1407 "-" Mozilla/5.0 (compatible; Googlebot/2.1; +http://www.google.com/bot.html)
216.58.209.78 - - [23/Jun/2025:18:26:55 +0300] "POST /search HTTP/1.1" 500 1144 "-" Mozilla/5.0 (Linux; Android 10; SM-G975F) AppleWebKit/537.36 (KHTML, like Gecko) Chrome/111.0.0.0 Mobile Safari/537.36
198.51.100.14 - - [23/Jun/2025:18:26:55 +0300] "POST /contact-us HTTP/1.1" 403 1342 "-" Mozilla/5.0 (Windows NT 10.0; Win64; x64; rv:115.0) Gecko/20100101 Firefox/115.0
10.0.0.12 - - [23/Jun/2025:18:26:55 +0300] "PUT /about HTTP/1.1" 201 1355 "-" Mozilla/5.0 (X11; Linux x86_64) AppleWebKit/537.36 (KHTML, like Gecko) Chrome/117.0.0.0 Safari/537.36
142.250.190.14 - - [23/Jun/2025:18:26:55 +0300] "PUT /settings HTTP/1.1" 502 1062 "-" Mozilla/5.0 (Macintosh; Intel Mac OS X 12_4) AppleWebKit/605.1.15 (KHTML, like Gecko) Version/15.5 Safari/605.1.15
203.0.113.27 - - [23/Jun/2025:18:26:55 +0300] "POST /api/v1/users/images/logo.png HTTP/1.1" 401 1621 "-" Mozilla/5.0 (Windows NT 10.0; Win64; x64) AppleWebKit/537.36 (KHTML, like Gecko) Edge/91.0.864.67 Safari/537.36
142.250.190.14 - - [23/Jun/2025:18:26:55 +0300] "DELETE /settings HTTP/1.1" 502 1947 "-" Mozilla/5.0 (Macintosh; Intel Mac OS X 12_4) AppleWebKit/605.1.15 (KHTML, like Gecko) Version/15.5 Safari/605.1.15
62.217.190.200 - - [23/Jun/2025:18:26:55 +0300] "POST /download/file.zip HTTP/1.1" 501 1600 "-" Mozilla/5.0 (Linux; Android 10; SM-G975F) AppleWebKit/537.36 (KHTML, like Gecko) Chrome/111.0.0.0 Mobile Safari/537.36
10.0.0.12 - - [23/Jun/2025:18:26:55 +0300] "GET /about HTTP/1.1" 201 1254 "-" Mozilla/5.0 (X11; Linux x86_64) AppleWebKit/537.36 (KHTML, like Gecko) Chrome/117.0.0.0 Safari/537.36
192.168.1.45 - - [23/Jun/2025:18:26:55 +0300] "PUT /index.html HTTP/1.1" 200 660 "-" Mozilla/5.0 (X11; Linux x86_64) AppleWebKit/537.36 (KHTML, like Gecko) Chrome/117.0.0.0 Safari/537.36
10.0.0.12 - - [23/Jun/2025:18:26:55 +0300] "DELETE /about HTTP/1.1" 201 1068 "-" Mozilla/5.0 (Windows NT 10.0; Win64; x64) AppleWebKit/537.36 (KHTML, like Gecko) Edge/91.0.864.67 Safari/537.36
203.0.113.27 - - [23/Jun/2025:18:26:55 +0300] "GET /api/v1/users/images/logo.png HTTP/1.1" 401 2447 "-" Mozilla/5.0 (Windows NT 6.1; WOW64) AppleWebKit/537.36 (KHTML, like Gecko) Chrome/58.0.3029.110 Safari/537.36
