203.0.113.27 - - [23/Jun/2025:18:27:04 +0300] "DELETE /api/v1/users/images/logo.png HTTP/1.1" 401 470 "-" Opera/9.80 (Windows NT 6.1; WOW64) Presto/2.12.388 Version/12.16
216.58.209.78 - - [23/Jun/2025:18:27:04 +0300] "PATCH /search HTTP/1.1" 500 1486 "-" Mozilla/5.0 (compatible; Googlebot/2.1; +http://www.google.com/bot.html)
77.88.8.8 - - [23/Jun/2025:18:27:04 +0300] "DELETE  HTTP/1.1" 503 1131 "-" Mozilla/5.0 (compatible; Googlebot/2.1; +http://www.google.com/bot.html)
198.51.100.14 - - [23/Jun/2025:18:27:04 +0300] "GET /contact-us HTTP/1.1" 403 2310 "-" curl/8.1.2
216.58.209.78 - - [23/Jun/2025:18:27:04 +0300] "DELETE /search HTTP/1.1" 500 1976 "-" Mozilla/5.0 (Windows NT 10.0; Win64; x64; rv:115.0) Gecko/20100101 Firefox/115.0
77.88.8.8 - - [23/Jun/2025:18:27:04 +0300] "GET  HTTP/1.1" 503 1594 "-" Mozilla/5.0 (compatible; Googlebot/2.1; +http://www.google.com/bot.html)
62.217.190.200 - - [23/Jun/2025:18:27:04 +0300] "POST /download/file.zip HTTP/1.1" 501 547 "-" Mozilla/5.0 (X11; Linux x86_64) AppleWebKit/537.36 (KHTML, like Gecko) Chrome/117.0.0.0 Safari/537.36
172.16.5.3 - - [23/Jun/2025:18:27:04 +0300] "PUT /products/item123 HTTP/1.1" 400 1874 "-" curl/8.1.2
77.88.8.8 - - [23/Jun/2025:18:27:04 +0300] "POST  HTTP/1.1" 503 2217 "-" Mozilla/5.0 (compatible; MSIE 10.0; Windows NT 6.1; Trident/6.0)
172.16.5.3 - - [23/Jun/2025:18:27:04 +0300] "POST /products/item123 HTTP/1.1" 400 1729 "-" Mozilla/5.0 (Windows NT 10.0; Win64; x64) AppleWebKit/537.36 (KHTML, like Gecko) Edge/91.0.864.67 Safari/537.36
77.88.8.8 - - [23/Jun/2025:18:27:04 +0300] "PATCH  HTTP/1.1" 503 1040 "-" Opera/9.80 (Windows NT 6.1; WOW64) Presto/2.12.388 Version/12.16
142.250.190.14 - - [23/Jun/2025:18:27:04 +0300] "PUT /settings HTTP/1.1" 502 929 "-" curl/8.1.2
185.199.108.153 - - [23/Jun/2025:18:27:04 +0300] "GET /blog/2025/06/23/article-title HTTP/1.1" 404 948 "-" Mozilla/5.0 (Linux; Android 10; SM-G975F) AppleWebKit/537.36 (KHTML, like Gecko) Chrome/111.0.0.0 Mobile Safari/537.36
142.250.190.14 - - [23/Jun/2025:18:27:04 +0300] "DELETE /settings HTTP/1.1" 502 1171 "-" Mozilla/5.0 (Macintosh; Intel Mac OS X 12_4) AppleWebKit/605.1.15 (KHTML, like Gecko) Version/15.5 Safari/605.1.15
172.16.5.3 - - [23/Jun/2025:18:27:04 +0300] "GET /products/item123 HTTP/1.1" 400 1326 "-" Opera/9.80 (Windows NT 6.1; WOW64) Presto/2.12.388 Version/12.16
62.217.190.200 - - [23/Jun/2025:18:27:04 +0300] "PATCH /download/file.zip HTTP/1.1" 501 1443 "-" Mozilla/5.0 (Macintosh; Intel Mac OS X 12_4) AppleWebKit/605.1.15 (KHTML, like Gecko) Version/15.5 Safari/605.1.15
142.250.190.14 - - [23/Jun/2025:18:27:04 +0300] "GET /settings HTTP/1.1" 502 499 "-" Mozilla/5.0 (Windows NT 10.0; Win64; x64) AppleWebKit/537.36 (KHTML, like Gecko) Edge/91.0.864.67 Safari/537.36
10.0.0.12 - - [23/Jun/2025:18:27:04 +0300] "DELETE /about HTTP/1.1" 201 1769 "-" Mozilla/5.0 (Linux; Android 10; SM-G975F) AppleWebKit/537.36 (KHTML, like Gecko) Chrome/111.0.0.0 Mobile Safari/537.36
216.58.209.78 - - [23/Jun/2025:18:27:04 +0300] "PUT /search HTTP/1.1" 500 1633 "-" Opera/9.80 (Windows NT 6.1; WOW64) Presto/2.12.388 Version/12.16
62.217.190.200 - - [23/Jun/2025:18:27:04 +0300] "PATCH /download/file.zip HTTP/1.1" 501 1467 "-" Mozilla/5.0 (Linux; Android 10; SM-G975F) AppleWebKit/537.36 (KHTML, like Gecko) Chrome/111.0.0.0 Mobile Safari/537.36
198.51.100.14 - - [23/Jun/2025:18:27:04 +0300] "PUT /contact-us HTTP/1.1" 403 1924 "-" curl/8.1.2
216.58.209.78 - - [23/Jun/2025:18:27:04 +0300] "GET /search HTTP/1.1" 500 414 "-" Mozilla/5.0 (Macintosh; Intel Mac OS X 12_4) AppleWebKit/605.1.15 (KHTML, like Gecko) Version/15.5 Safari/605.1.15
203.0.113.27 - - [23/Jun/2025:18:27:04 +0300] "GET /api/v1/users/images/logo.png HTTP/1.1" 401 1200 "-" Mozilla/5.0 (Windows NT 10.0; Win64; x64; rv:115.0) Gecko/20100101 Firefox/115.0
10.0.0.12 - - [23/Jun/2025:18:27:04 +0300] "POST /about HTTP/1.1" 201 540 "-" Mozilla/5.0 (X11; Linux x86_64) AppleWebKit/537.36 (KHTML, like Gecko) Chrome/117.0.0.0 Safari/537.36
198.51.100.14 - - [23/Jun/2025:18:27:04 +0300] "POST /contact-us HTTP/1.1" 403 1962 "-" Opera/9.80 (Windows NT 6.1; WOW64) Presto/2.12.388 Version/12.16
203.0.113.27 - - [23/Jun/2025:18:27:04 +0300] "PATCH /api/v1/users/images/logo.png HTTP/1.1" 401 995 "-" Mozilla/5.0 (X11; Linux x86_64) AppleWebKit/537.36 (KHTML, like Gecko) Chrome/117.0.0.0 Safari/537.36
142.250.190.14 - - [23/Jun/2025:18:27:04 +0300] "POST /settings HTTP/1.1" 502 2469 "-" Mozilla/5.0 (Windows NT 6.1; WOW64) AppleWebKit/537.36 (KHTML, like Gecko) Chrome/58.0.3029.110 Safari/537.36
62.217.190.200 - - [23/Jun/2025:18:27:04 +0300] "DELETE /download/file.zip HTTP/1.1" 501 1701 "-" Mozilla/5.0 (Windows NT 10.0; Win64; x64; rv:115.0) Gecko/20100101 Firefox/115.0
203.0.113.27 - - [23/Jun/2025:18:27:04 +0300] "GET /api/v1/users/images/logo.png HTTP/1.1" 401 2063 "-" Mozilla/5.0 (Linux; Android 10; SM-G975F) AppleWebKit/537.36 (KHTML, like Gecko) Chrome/111.0.0.0 Mobile Safari/537.36
198.51.100.14 - - [23/Jun/2025:18:27:04 +0300] "GET /contact-us HTTP/1.1" 403 1277 "-" curl/8.1.2
216.58.209.78 - - [23/Jun/2025:18:27:04 +0300] "PUT /search HTTP/1.1" 500 1921 "-" Mozilla/5.0 (X11; Linux x86_64) AppleWebKit/537.36 (KHTML, like Gecko) Chrome/117.0.0.0 Safari/537.36
77.88.8.8 - - [23/Jun/2025:18:27:04 +0300] "PATCH  HTTP/1.1" 503 1503 "-" Mozilla/5.0 (Macintosh; Intel Mac OS X 12_4) AppleWebKit/605.1.15 (KHTML, like Gecko) Version/15.5 Safari/605.1.15
185.199.108.153 - - [23/Jun/2025:18:27:04 +0300] "PUT /blog/2025/06/23/article-title HTTP/1.1" 404 311 "-" Mozilla/5.0 (Windows NT 10.0; Win64; x64; rv:115.0) Gecko/20100101 Firefox/115.0
192.168.1.45 - - [23/Jun/2025:18:27:04 +0300] "GET /index.html HTTP/1.1" 200 2438 "-" Mozilla/5.0 (Macintosh; Intel Mac OS X 12_4) AppleWebKit/605.1.15 (KHTML, like Gecko) Version/15.5 Safari/605.1.15
203.0.113.27 - - [23/Jun/2025:18:27:04 +0300] "DELETE /api/v1/users/images/logo.png HTTP/1.1" 401 2167 "-" Mozilla/5.0 (compatible; Googlebot/2.1; +http://www.google.com/bot.html)
77.88.8.8 - - [23/Jun/2025:18:27:04 +0300] "PUT  HTTP/1.1" 503 2266 "-" Mozilla/5.0 (Linux; Android 10; SM-G975F) AppleWebKit/537.36 (KHTML, like Gecko) Chrome/111.0.0.0 Mobile Safari/537.36
185.199.108.153 - - [23/Jun/2025:18:27:04 +0300] "DELETE /blog/2025/06/23/article-title HTTP/1.1" 404 2390 "-" curl/8.1.2
172.16.5.3 - - [23/Jun/2025:18:27:04 +0300] "PATCH /products/item123 HTTP/1.1" 400 1322 "-" Mozilla/5.0 (Windows NT 6.1; WOW64) AppleWebKit/537.36 (KHTML, like Gecko) Chrome/58.0.3029.110 Safari/537.36
185.199.108.153 - - [23/Jun/2025:18:27:04 +0300] "PATCH /blog/2025/06/23/article-title HTTP/1.1" 404 698 "-" Mozilla/5.0 (Windows NT 6.1; WOW64) AppleWebKit/537.36 (KHTML, like Gecko) Chrome/58.0.3029.110 Safari/537.36
172.16.5.3 - - [23/Jun/2025:18:27:04 +0300] "POST /products/item123 HTTP/1.1" 400 2334 "-" Mozilla/5.0 (Windows NT 10.0; Win64; x64; rv:115.0) Gecko/20100101 Firefox/115.0
172.16.5.3 - - [23/Jun/2025:18:27:04 +0300] "POST /products/item123 HTTP/1.1" 400 1394 "-" Mozilla/5.0 (Macintosh; Intel Mac OS X 12_4) AppleWebKit/605.1.15 (KHTML, like Gecko) Version/15.5 Safari/605.1.15
10.0.0.12 - - [23/Jun/2025:18:27:04 +0300] "GET /about HTTP/1.1" 201 311 "-" Mozilla/5.0 (Windows NT 10.0; Win64; x64; rv:115.0) Gecko/20100101 Firefox/115.0
62.217.190.200 - - [23/Jun/2025:18:27:04 +0300] "PUT /download/file.zip HTTP/1.1" 501 2141 "-" Mozilla/5.0 (Macintosh; Intel Mac OS X 12_4) AppleWebKit/605.1.15 (KHTML, like Gecko) Version/15.5 Safari/605.1.15
10.0.0.12 - - [23/Jun/2025:18:27:04 +0300] "PATCH /about HTTP/1.1" 201 1100 "-" Mozilla/5.0 (compatible; MSIE 10.0; Windows NT 6.1; Trident/6.0)
185.199.108.153 - - [23/Jun/2025:18:27:05 +0300] "DELETE /blog/2025/06/23/article-title HTTP/1.1" 404 906 "-" Opera/9.80 (Windows NT 6.1; WOW64) Presto/2.12.388 Version/12.16
142.250.190.14 - - [23/Jun/2025:18:27:05 +0300] "POST /settings HTTP/1.1" 502 1122 "-" Mozilla/5.0 (Windows NT 6.1; WOW64) AppleWebKit/537.36 (KHTML, like Gecko) Chrome/58.0.3029.110 Safari/537.36
216.58.209.78 - - [23/Jun/2025:18:27:05 +0300] "POST /search HTTP/1.1" 500 1668 "-" Mozilla/5.0 (Macintosh; Intel Mac OS X 12_4) AppleWebKit/605.1.15 (KHTML, like Gecko) Version/15.5 Safari/605.1.15
142.250.190.14 - - [23/Jun/2025:18:27:05 +0300] "PATCH /settings HTTP/1.1" 502 672 "-" Mozilla/5.0 (Windows NT 6.1; WOW64) AppleWebKit/537.36 (KHTML, like Gecko) Chrome/58.0.3029.110 Safari/537.36
142.250.190.14 - - [23/Jun/2025:18:27:05 +0300] "DELETE /settings HTTP/1.1" 502 910 "-" Mozilla/5.0 (Windows NT 10.0; Win64; x64; rv:115.0) Gecko/20100101 Firefox/115.0
142.250.190.14 - - [23/Jun/2025:18:27:05 +0300] "PATCH /settings HTTP/1.1" 502 926 "-" Opera/9.80 (Windows NT 6.1; WOW64) Presto/2.12.388 Version/12.16
203.0.113.27 - - [23/Jun/2025:18:27:05 +0300] "PUT /api/v1/users/images/logo.png HTTP/1.1" 401 311 "-" Mozilla/5.0 (X11; Linux x86_64) AppleWebKit/537.36 (KHTML, like Gecko) Chrome/117.0.0.0 Safari/537.36
203.0.113.27 - - [23/Jun/2025:18:27:05 +0300] "POST /api/v1/users/images/logo.png HTTP/1.1" 401 851 "-" Mozilla/5.0 (Windows NT 10.0; Win64; x64) AppleWebKit/537.36 (KHTML, like Gecko) Edge/91.0.864.67 Safari/537.36
62.217.190.200 - - [23/Jun/2025:18:27:05 +0300] "POST /download/file.zip HTTP/1.1" 501 1583 "-" Mozilla/5.0 (compatible; Googlebot/2.1; +http://www.google.com/bot.html)
77.88.8.8 - - [23/Jun/2025:18:27:05 +0300] "PATCH  HTTP/1.1" 503 2394 "-" Mozilla/5.0 (Linux; Android 10; SM-G975F) AppleWebKit/537.36 (KHTML, like Gecko) Chrome/111.0.0.0 Mobile Safari/537.36
62.217.190.200 - - [23/Jun/2025:18:27:05 +0300] "PUT /download/file.zip HTTP/1.1" 501 2063 "-" Mozilla/5.0 (compatible; Googlebot/2.1; +http://www.google.com/bot.html)
62.217.190.200 - - [23/Jun/2025:18:27:05 +0300] "POST /download/file.zip HTTP/1.1" 501 1541 "-" Mozilla/5.0 (Windows NT 10.0; Win64; x64) AppleWebKit/537.36 (KHTML, like Gecko) Edge/91.0.864.67 Safari/537.36
62.217.190.200 - - [23/Jun/2025:18:27:05 +0300] "POST /download/file.zip HTTP/1.1" 501 760 "-" Opera/9.80 (Windows NT 6.1; WOW64) Presto/2.12.388 Version/12.16
172.16.5.3 - - [23/Jun/2025:18:27:05 +0300] "DELETE /products/item123 HTTP/1.1" 400 1488 "-" Mozilla/5.0 (X11; Linux x86_64) AppleWebKit/537.36 (KHTML, like Gecko) Chrome/117.0.0.0 Safari/537.36
77.88.8.8 - - [23/Jun/2025:18:27:05 +0300] "PATCH  HTTP/1.1" 503 642 "-" Mozilla/5.0 (Windows NT 6.1; WOW64) AppleWebKit/537.36 (KHTML, like Gecko) Chrome/58.0.3029.110 Safari/537.36
216.58.209.78 - - [23/Jun/2025:18:27:05 +0300] "GET /search HTTP/1.1" 500 778 "-" Mozilla/5.0 (Windows NT 10.0; Win64; x64; rv:115.0) Gecko/20100101 Firefox/115.0
192.168.1.45 - - [23/Jun/2025:18:27:05 +0300] "GET /index.html HTTP/1.1" 200 2121 "-" Mozilla/5.0 (compatible; Googlebot/2.1; +http://www.google.com/bot.html)
172.16.5.3 - - [23/Jun/2025:18:27:05 +0300] "PATCH /products/item123 HTTP/1.1" 400 1640 "-" Mozilla/5.0 (Windows NT 6.1; WOW64) AppleWebKit/537.36 (KHTML, like Gecko) Chrome/58.0.3029.110 Safari/537.36
185.199.108.153 - - [23/Jun/2025:18:27:05 +0300] "DELETE /blog/2025/06/23/article-title HTTP/1.1" 404 517 "-" curl/8.1.2
216.58.209.78 - - [23/Jun/2025:18:27:05 +0300] "DELETE /search HTTP/1.1" 500 1748 "-" Mozilla/5.0 (Windows NT 10.0; Win64; x64; rv:115.0) Gecko/20100101 Firefox/115.0
216.58.209.78 - - [23/Jun/2025:18:27:05 +0300] "PATCH /search HTTP/1.1" 500 1032 "-" Mozilla/5.0 (Windows NT 10.0; Win64; x64) AppleWebKit/537.36 (KHTML, like Gecko) Edge/91.0.864.67 Safari/537.36
185.199.108.153 - - [23/Jun/2025:18:27:05 +0300] "PUT /blog/2025/06/23/article-title HTTP/1.1" 404 706 "-" Mozilla/5.0 (X11; Linux x86_64) AppleWebKit/537.36 (KHTML, like Gecko) Chrome/117.0.0.0 Safari/537.36
203.0.113.27 - - [23/Jun/2025:18:27:05 +0300] "POST /api/v1/users/images/logo.png HTTP/1.1" 401 317 "-" Mozilla/5.0 (Macintosh; Intel Mac OS X 12_4) AppleWebKit/605.1.15 (KHTML, like Gecko) Version/15.5 Safari/605.1.15
10.0.0.12 - - [23/Jun/2025:18:27:05 +0300] "POST /about HTTP/1.1" 201 683 "-" Opera/9.80 (Windows NT 6.1; WOW64) Presto/2.12.388 Version/12.16
192.168.1.45 - - [23/Jun/2025:18:27:05 +0300] "POST /index.html HTTP/1.1" 200 507 "-" Mozilla/5.0 (Windows NT 10.0; Win64; x64) AppleWebKit/537.36 (KHTML, like Gecko) Edge/91.0.864.67 Safari/537.36
203.0.113.27 - - [23/Jun/2025:18:27:05 +0300] "PATCH /api/v1/users/images/logo.png HTTP/1.1" 401 1333 "-" Mozilla/5.0 (compatible; Googlebot/2.1; +http://www.google.com/bot.html)
216.58.209.78 - - [23/Jun/2025:18:27:05 +0300] "DELETE /search HTTP/1.1" 500 979 "-" curl/8.1.2
185.199.108.153 - - [23/Jun/2025:18:27:05 +0300] "GET /blog/2025/06/23/article-title HTTP/1.1" 404 2307 "-" Mozilla/5.0 (compatible; Googlebot/2.1; +http://www.google.com/bot.html)
172.16.5.3 - - [23/Jun/2025:18:27:05 +0300] "POST /products/item123 HTTP/1.1" 400 542 "-" Opera/9.80 (Windows NT 6.1; WOW64) Presto/2.12.388 Version/12.16
198.51.100.14 - - [23/Jun/2025:18:27:05 +0300] "PUT /contact-us HTTP/1.1" 403 324 "-" Mozilla/5.0 (Windows NT 10.0; Win64; x64; rv:115.0) Gecko/20100101 Firefox/115.0
185.199.108.153 - - [23/Jun/2025:18:27:05 +0300] "GET /blog/2025/06/23/article-title HTTP/1.1" 404 2098 "-" Mozilla/5.0 (compatible; MSIE 10.0; Windows NT 6.1; Trident/6.0)
142.250.190.14 - - [23/Jun/2025:18:27:05 +0300] "PATCH /settings HTTP/1.1" 502 353 "-" Mozilla/5.0 (compatible; MSIE 10.0; Windows NT 6.1; Trident/6.0)
10.0.0.12 - - [23/Jun/2025:18:27:05 +0300] "GET /about HTTP/1.1" 201 602 "-" Mozilla/5.0 (compatible; Googlebot/2.1; +http://www.google.com/bot.html)
10.0.0.12 - - [23/Jun/2025:18:27:05 +0300] "DELETE /about HTTP/1.1" 201 576 "-" Mozilla/5.0 (X11; Linux x86_64) AppleWebKit/537.36 (KHTML, like Gecko) Chrome/117.0.0.0 Safari/537.36
216.58.209.78 - - [23/Jun/2025:18:27:05 +0300] "GET /search HTTP/1.1" 500 985 "-" Mozilla/5.0 (Windows NT 10.0; Win64; x64; rv:115.0) Gecko/20100101 Firefox/115.0
10.0.0.12 - - [23/Jun/2025:18:27:05 +0300] "DELETE /about HTTP/1.1" 201 1283 "-" Mozilla/5.0 (compatible; Googlebot/2.1; +http://www.google.com/bot.html)
203.0.113.27 - - [23/Jun/2025:18:27:05 +0300] "POST /api/v1/users/images/logo.png HTTP/1.1" 401 945 "-" Mozilla/5.0 (Macintosh; Intel Mac OS X 12_4) AppleWebKit/605.1.15 (KHTML, like Gecko) Version/15.5 Safari/605.1.15
198.51.100.14 - - [23/Jun/2025:18:27:05 +0300] "GET /contact-us HTTP/1.1" 403 777 "-" Mozilla/5.0 (Macintosh; Intel Mac OS X 12_4) AppleWebKit/605.1.15 (KHTML, like Gecko) Version/15.5 Safari/605.1.15
203.0.113.27 - - [23/Jun/2025:18:27:05 +0300] "PUT /api/v1/users/images/logo.png HTTP/1.1" 401 2069 "-" Mozilla/5.0 (compatible; MSIE 10.0; Windows NT 6.1; Trident/6.0)
216.58.209.78 - - [23/Jun/2025:18:27:05 +0300] "POST /search HTTP/1.1" 500 2026 "-" Mozilla/5.0 (Windows NT 10.0; Win64; x64; rv:115.0) Gecko/20100101 Firefox/115.0
172.16.5.3 - - [23/Jun/2025:18:27:05 +0300] "GET /products/item123 HTTP/1.1" 400 1822 "-" Opera/9.80 (Windows NT 6.1; WOW64) Presto/2.12.388 Version/12.16
62.217.190.200 - - [23/Jun/2025:18:27:05 +0300] "POST /download/file.zip HTTP/1.1" 501 964 "-" Mozilla/5.0 (Macintosh; Intel Mac OS X 12_4) AppleWebKit/605.1.15 (KHTML, like Gecko) Version/15.5 Safari/605.1.15
192.168.1.45 - - [23/Jun/2025:18:27:05 +0300] "DELETE /index.html HTTP/1.1" 200 2342 "-" Opera/9.80 (Windows NT 6.1; WOW64) Presto/2.12.388 Version/12.16
62.217.190.200 - - [23/Jun/2025:18:27:05 +0300] "POST /download/file.zip HTTP/1.1" 501 1965 "-" curl/8.1.2
77.88.8.8 - - [23/Jun/2025:18:27:05 +0300] "POST  HTTP/1.1" 503 2104 "-" Mozilla/5.0 (Macintosh; Intel Mac OS X 12_4) AppleWebKit/605.1.15 (KHTML, like Gecko) Version/15.5 Safari/605.1.15
192.168.1.45 - - [23/Jun/2025:18:27:05 +0300] "PUT /index.html HTTP/1.1" 200 1696 "-" Mozilla/5.0 (X11; Linux x86_64) AppleWebKit/537.36 (KHTML, like Gecko) Chrome/117.0.0.0 Safari/537.36
198.51.100.14 - - [23/Jun/2025:18:27:06 +0300] "POST /contact-us HTTP/1.1" 403 423 "-" Mozilla/5.0 (X11; Linux x86_64) AppleWebKit/537.36 (KHTML, like Gecko) Chrome/117.0.0.0 Safari/537.36
198.51.100.14 - - [23/Jun/2025:18:27:06 +0300] "DELETE /contact-us HTTP/1.1" 403 2220 "-" Mozilla/5.0 (X11; Linux x86_64) AppleWebKit/537.36 (KHTML, like Gecko) Chrome/117.0.0.0 Safari/537.36
77.88.8.8 - - [23/Jun/2025:18:27:06 +0300] "POST  HTTP/1.1" 503 2132 "-" Mozilla/5.0 (Windows NT 10.0; Win64; x64; rv:115.0) Gecko/20100101 Firefox/115.0
185.199.108.153 - - [23/Jun/2025:18:27:06 +0300] "PATCH /blog/2025/06/23/article-title HTTP/1.1" 404 2368 "-" Mozilla/5.0 (Linux; Android 10; SM-G975F) AppleWebKit/537.36 (KHTML, like Gecko) Chrome/111.0.0.0 Mobile Safari/537.36
203.0.113.27 - - [23/Jun/2025:18:27:06 +0300] "PUT /api/v1/users/images/logo.png HTTP/1.1" 401 1898 "-" curl/8.1.2
185.199.108.153 - - [23/Jun/2025:18:27:06 +0300] "PATCH /blog/2025/06/23/article-title HTTP/1.1" 404 2186 "-" Mozilla/5.0 (compatible; MSIE 10.0; Windows NT 6.1; Trident/6.0)
203.0.113.27 - - [23/Jun/2025:18:27:06 +0300] "GET /api/v1/users/images/logo.png HTTP/1.1" 401 1679 "-" Mozilla/5.0 (Windows NT 6.1; WOW64) AppleWebKit/537.36 (KHTML, like Gecko) Chrome/58.0.3029.110 Safari/537.36
185.199.108.153 - - [23/Jun/2025:18:27:06 +0300] "GET /blog/2025/06/23/article-title HTTP/1.1" 404 1316 "-" Mozilla/5.0 (Windows NT 6.1; WOW64) AppleWebKit/537.36 (KHTML, like Gecko) Chrome/58.0.3029.110 Safari/537.36
77.88.8.8 - - [23/Jun/2025:18:27:06 +0300] "PUT  HTTP/1.1" 503 1467 "-" Mozilla/5.0 (Macintosh; Intel Mac OS X 12_4) AppleWebKit/605.1.15 (KHTML, like Gecko) Version/15.5 Safari/605.1.15
10.0.0.12 - - [23/Jun/2025:18:27:06 +0300] "PUT /about HTTP/1.1" 201 2454 "-" Opera/9.80 (Windows NT 6.1; WOW64) Presto/2.12.388 Version/12.16
172.16.5.3 - - [23/Jun/2025:18:27:06 +0300] "DELETE /products/item123 HTTP/1.1" 400 1904 "-" Mozilla/5.0 (Windows NT 10.0; Win64; x64; rv:115.0) Gecko/20100101 Firefox/115.0
77.88.8.8 - - [23/Jun/2025:18:27:06 +0300] "GET  HTTP/1.1" 503 859 "-" Mozilla/5.0 (Windows NT 10.0; Win64; x64) AppleWebKit/537.36 (KHTML, like Gecko) Edge/91.0.864.67 Safari/537.36
10.0.0.12 - - [23/Jun/2025:18:27:06 +0300] "POST /about HTTP/1.1" 201 928 "-" Mozilla/5.0 (Windows NT 10.0; Win64; x64) AppleWebKit/537.36 (KHTML, like Gecko) Edge/91.0.864.67 Safari/537.36
192.168.1.45 - - [23/Jun/2025:18:27:06 +0300] "PUT /index.html HTTP/1.1" 200 1723 "-" Mozilla/5.0 (X11; Linux x86_64) AppleWebKit/537.36 (KHTML, like Gecko) Chrome/117.0.0.0 Safari/537.36
10.0.0.12 - - [23/Jun/2025:18:27:06 +0300] "DELETE /about HTTP/1.1" 201 455 "-" Mozilla/5.0 (Macintosh; Intel Mac OS X 12_4) AppleWebKit/605.1.15 (KHTML, like Gecko) Version/15.5 Safari/605.1.15
216.58.209.78 - - [23/Jun/2025:18:27:06 +0300] "PUT /search HTTP/1.1" 500 416 "-" Mozilla/5.0 (compatible; Googlebot/2.1; +http://www.google.com/bot.html)
185.199.108.153 - - [23/Jun/2025:18:27:06 +0300] "PATCH /blog/2025/06/23/article-title HTTP/1.1" 404 631 "-" Opera/9.80 (Windows NT 6.1; WOW64) Presto/2.12.388 Version/12.16
172.16.5.3 - - [23/Jun/2025:18:27:06 +0300] "PUT /products/item123 HTTP/1.1" 400 2369 "-" Mozilla/5.0 (X11; Linux x86_64) AppleWebKit/537.36 (KHTML, like Gecko) Chrome/117.0.0.0 Safari/537.36
172.16.5.3 - - [23/Jun/2025:18:27:06 +0300] "POST /products/item123 HTTP/1.1" 400 2478 "-" Mozilla/5.0 (Windows NT 10.0; Win64; x64; rv:115.0) Gecko/20100101 Firefox/115.0
198.51.100.14 - - [23/Jun/2025:18:27:06 +0300] "GET /contact-us HTTP/1.1" 403 1044 "-" Mozilla/5.0 (Windows NT 10.0; Win64; x64; rv:115.0) Gecko/20100101 Firefox/115.0
216.58.209.78 - - [23/Jun/2025:18:27:06 +0300] "DELETE /search HTTP/1.1" 500 1417 "-" Mozilla/5.0 (compatible; Googlebot/2.1; +http://www.google.com/bot.html)
77.88.8.8 - - [23/Jun/2025:18:27:06 +0300] "DELETE  HTTP/1.1" 503 1324 "-" Mozilla/5.0 (Windows NT 6.1; WOW64) AppleWebKit/537.36 (KHTML, like Gecko) Chrome/58.0.3029.110 Safari/537.36
216.58.209.78 - - [23/Jun/2025:18:27:06 +0300] "POST /search HTTP/1.1" 500 1448 "-" curl/8.1.2
10.0.0.12 - - [23/Jun/2025:18:27:06 +0300] "DELETE /about HTTP/1.1" 201 1849 "-" Mozilla/5.0 (compatible; Googlebot/2.1; +http://www.google.com/bot.html)
172.16.5.3 - - [23/Jun/2025:18:27:06 +0300] "POST /products/item123 HTTP/1.1" 400 810 "-" Mozilla/5.0 (Windows NT 6.1; WOW64) AppleWebKit/537.36 (KHTML, like Gecko) Chrome/58.0.3029.110 Safari/537.36
77.88.8.8 - - [23/Jun/2025:18:27:06 +0300] "POST  HTTP/1.1" 503 367 "-" Mozilla/5.0 (Windows NT 10.0; Win64; x64; rv:115.0) Gecko/20100101 Firefox/115.0
172.16.5.3 - - [23/Jun/2025:18:27:06 +0300] "GET /products/item123 HTTP/1.1" 400 1739 "-" Mozilla/5.0 (Windows NT 10.0; Win64; x64) AppleWebKit/537.36 (KHTML, like Gecko) Edge/91.0.864.67 Safari/537.36
172.16.5.3 - - [23/Jun/2025:18:27:06 +0300] "DELETE /products/item123 HTTP/1.1" 400 2499 "-" Mozilla/5.0 (Windows NT 10.0; Win64; x64; rv:115.0) Gecko/20100101 Firefox/115.0
10.0.0.12 - - [23/Jun/2025:18:27:06 +0300] "GET /about HTTP/1.1" 201 2414 "-" Mozilla/5.0 (Linux; Android 10; SM-G975F) AppleWebKit/537.36 (KHTML, like Gecko) Chrome/111.0.0.0 Mobile Safari/537.36
192.168.1.45 - - [23/Jun/2025:18:27:06 +0300] "PUT /index.html HTTP/1.1" 200 367 "-" Opera/9.80 (Windows NT 6.1; WOW64) Presto/2.12.388 Version/12.16
216.58.209.78 - - [23/Jun/2025:18:27:06 +0300] "DELETE /search HTTP/1.1" 500 2100 "-" Opera/9.80 (Windows NT 6.1; WOW64) Presto/2.12.388 Version/12.16
198.51.100.14 - - [23/Jun/2025:18:27:06 +0300] "DELETE /contact-us HTTP/1.1" 403 1222 "-" Mozilla/5.0 (Windows NT 10.0; Win64; x64; rv:115.0) Gecko/20100101 Firefox/115.0
216.58.209.78 - - [23/Jun/2025:18:27:06 +0300] "PATCH /search HTTP/1.1" 500 1551 "-" Mozilla/5.0 (Linux; Android 10; SM-G975F) AppleWebKit/537.36 (KHTML, like Gecko) Chrome/111.0.0.0 Mobile Safari/537.36
192.168.1.45 - - [23/Jun/2025:18:27:06 +0300] "PUT /index.html HTTP/1.1" 200 924 "-" Opera/9.80 (Windows NT 6.1; WOW64) Presto/2.12.388 Version/12.16
185.199.108.153 - - [23/Jun/2025:18:27:06 +0300] "PUT /blog/2025/06/23/article-title HTTP/1.1" 404 1505 "-" curl/8.1.2
185.199.108.153 - - [23/Jun/2025:18:27:06 +0300] "DELETE /blog/2025/06/23/article-title HTTP/1.1" 404 2127 "-" Mozilla/5.0 (Linux; Android 10; SM-G975F) AppleWebKit/537.36 (KHTML, like Gecko) Chrome/111.0.0.0 Mobile Safari/537.36
192.168.1.45 - - [23/Jun/2025:18:27:06 +0300] "DELETE /index.html HTTP/1.1" 200 681 "-" Mozilla/5.0 (Windows NT 6.1; WOW64) AppleWebKit/537.36 (KHTML, like Gecko) Chrome/58.0.3029.110 Safari/537.36
172.16.5.3 - - [23/Jun/2025:18:27:06 +0300] "PATCH /products/item123 HTTP/1.1" 400 2339 "-" Mozilla/5.0 (Windows NT 6.1; WOW64) AppleWebKit/537.36 (KHTML, like Gecko) Chrome/58.0.3029.110 Safari/537.36
172.16.5.3 - - [23/Jun/2025:18:27:06 +0300] "POST /products/item123 HTTP/1.1" 400 314 "-" Mozilla/5.0 (Macintosh; Intel Mac OS X 12_4) AppleWebKit/605.1.15 (KHTML, like Gecko) Version/15.5 Safari/605.1.15
216.58.209.78 - - [23/Jun/2025:18:27:06 +0300] "DELETE /search HTTP/1.1" 500 755 "-" Mozilla/5.0 (Windows NT 10.0; Win64; x64; rv:115.0) Gecko/20100101 Firefox/115.0
216.58.209.78 - - [23/Jun/2025:18:27:06 +0300] "PUT /search HTTP/1.1" 500 916 "-" Mozilla/5.0 (Windows NT 10.0; Win64; x64) AppleWebKit/537.36 (KHTML, like Gecko) Edge/91.0.864.67 Safari/537.36
142.250.190.14 - - [23/Jun/2025:18:27:06 +0300] "DELETE /settings HTTP/1.1" 502 1012 "-" Mozilla/5.0 (Macintosh; Intel Mac OS X 12_4) AppleWebKit/605.1.15 (KHTML, like Gecko) Version/15.5 Safari/605.1.15
198.51.100.14 - - [23/Jun/2025:18:27:06 +0300] "GET /contact-us HTTP/1.1" 403 2470 "-" Mozilla/5.0 (X11; Linux x86_64) AppleWebKit/537.36 (KHTML, like Gecko) Chrome/117.0.0.0 Safari/537.36
192.168.1.45 - - [23/Jun/2025:18:27:06 +0300] "GET /index.html HTTP/1.1" 200 2160 "-" Mozilla/5.0 (Linux; Android 10; SM-G975F) AppleWebKit/537.36 (KHTML, like Gecko) Chrome/111.0.0.0 Mobile Safari/537.36
192.168.1.45 - - [23/Jun/2025:18:27:06 +0300] "PATCH /index.html HTTP/1.1" 200 1999 "-" Opera/9.80 (Windows NT 6.1; WOW64) Presto/2.12.388 Version/12.16
216.58.209.78 - - [23/Jun/2025:18:27:06 +0300] "GET /search HTTP/1.1" 500 457 "-" curl/8.1.2
172.16.5.3 - - [23/Jun/2025:18:27:07 +0300] "GET /products/item123 HTTP/1.1" 400 1873 "-" Mozilla/5.0 (X11; Linux x86_64) AppleWebKit/537.36 (KHTML, like Gecko) Chrome/117.0.0.0 Safari/537.36
185.199.108.153 - - [23/Jun/2025:18:27:07 +0300] "DELETE /blog/2025/06/23/article-title HTTP/1.1" 404 1522 "-" Mozilla/5.0 (Macintosh; Intel Mac OS X 12_4) AppleWebKit/605.1.15 (KHTML, like Gecko) Version/15.5 Safari/605.1.15
216.58.209.78 - - [23/Jun/2025:18:27:07 +0300] "GET /search HTTP/1.1" 500 1599 "-" Mozilla/5.0 (compatible; Googlebot/2.1; +http://www.google.com/bot.html)
216.58.209.78 - - [23/Jun/2025:18:27:07 +0300] "POST /search HTTP/1.1" 500 2437 "-" Mozilla/5.0 (Windows NT 10.0; Win64; x64) AppleWebKit/537.36 (KHTML, like Gecko) Edge/91.0.864.67 Safari/537.36
142.250.190.14 - - [23/Jun/2025:18:27:07 +0300] "GET /settings HTTP/1.1" 502 319 "-" Mozilla/5.0 (compatible; MSIE 10.0; Windows NT 6.1; Trident/6.0)
185.199.108.153 - - [23/Jun/2025:18:27:07 +0300] "DELETE /blog/2025/06/23/article-title HTTP/1.1" 404 1704 "-" Mozilla/5.0 (Windows NT 6.1; WOW64) AppleWebKit/537.36 (KHTML, like Gecko) Chrome/58.0.3029.110 Safari/537.36
203.0.113.27 - - [23/Jun/2025:18:27:07 +0300] "PUT /api/v1/users/images/logo.png HTTP/1.1" 401 1531 "-" Mozilla/5.0 (Linux; Android 10; SM-G975F) AppleWebKit/537.36 (KHTML, like Gecko) Chrome/111.0.0.0 Mobile Safari/537.36
10.0.0.12 - - [23/Jun/2025:18:27:07 +0300] "PUT /about HTTP/1.1" 201 1223 "-" Opera/9.80 (Windows NT 6.1; WOW64) Presto/2.12.388 Version/12.16
10.0.0.12 - - [23/Jun/2025:18:27:07 +0300] "DELETE /about HTTP/1.1" 201 926 "-" Opera/9.80 (Windows NT 6.1; WOW64) Presto/2.12.388 Version/12.16
185.199.108.153 - - [23/Jun/2025:18:27:07 +0300] "GET /blog/2025/06/23/article-title HTTP/1.1" 404 880 "-" Mozilla/5.0 (Linux; Android 10; SM-G975F) AppleWebKit/537.36 (KHTML, like Gecko) Chrome/111.0.0.0 Mobile Safari/537.36
10.0.0.12 - - [23/Jun/2025:18:27:07 +0300] "POST /about HTTP/1.1" 201 2144 "-" Mozilla/5.0 (compatible; Googlebot/2.1; +http://www.google.com/bot.html)
216.58.209.78 - - [23/Jun/2025:18:27:07 +0300] "PATCH /search HTTP/1.1" 500 2007 "-" Mozilla/5.0 (X11; Linux x86_64) AppleWebKit/537.36 (KHTML, like Gecko) Chrome/117.0.0.0 Safari/537.36
172.16.5.3 - - [23/Jun/2025:18:27:07 +0300] "PATCH /products/item123 HTTP/1.1" 400 2217 "-" Mozilla/5.0 (X11; Linux x86_64) AppleWebKit/537.36 (KHTML, like Gecko) Chrome/117.0.0.0 Safari/537.36
203.0.113.27 - - [23/Jun/2025:18:27:07 +0300] "POST /api/v1/users/images/logo.png HTTP/1.1" 401 464 "-" Mozilla/5.0 (Windows NT 10.0; Win64; x64) AppleWebKit/537.36 (KHTML, like Gecko) Edge/91.0.864.67 Safari/537.36
77.88.8.8 - - [23/Jun/2025:18:27:07 +0300] "POST  HTTP/1.1" 503 388 "-" Mozilla/5.0 (Windows NT 10.0; Win64; x64) AppleWebKit/537.36 (KHTML, like Gecko) Edge/91.0.864.67 Safari/537.36
142.250.190.14 - - [23/Jun/2025:18:27:07 +0300] "PATCH /settings HTTP/1.1" 502 1416 "-" Mozilla/5.0 (Macintosh; Intel Mac OS X 12_4) AppleWebKit/605.1.15 (KHTML, like Gecko) Version/15.5 Safari/605.1.15
142.250.190.14 - - [23/Jun/2025:18:27:07 +0300] "GET /settings HTTP/1.1" 502 991 "-" Mozilla/5.0 (Macintosh; Intel Mac OS X 12_4) AppleWebKit/605.1.15 (KHTML, like Gecko) Version/15.5 Safari/605.1.15
216.58.209.78 - - [23/Jun/2025:18:27:07 +0300] "GET /search HTTP/1.1" 500 1304 "-" Mozilla/5.0 (compatible; MSIE 10.0; Windows NT 6.1; Trident/6.0)
172.16.5.3 - - [23/Jun/2025:18:27:07 +0300] "DELETE /products/item123 HTTP/1.1" 400 2012 "-" Mozilla/5.0 (compatible; MSIE 10.0; Windows NT 6.1; Trident/6.0)
77.88.8.8 - - [23/Jun/2025:18:27:07 +0300] "POST  HTTP/1.1" 503 308 "-" Mozilla/5.0 (Macintosh; Intel Mac OS X 12_4) AppleWebKit/605.1.15 (KHTML, like Gecko) Version/15.5 Safari/605.1.15
62.217.190.200 - - [23/Jun/2025:18:27:07 +0300] "PUT /download/file.zip HTTP/1.1" 501 2317 "-" curl/8.1.2
216.58.209.78 - - [23/Jun/2025:18:27:07 +0300] "GET /search HTTP/1.1" 500 2390 "-" Mozilla/5.0 (compatible; Googlebot/2.1; +http://www.google.com/bot.html)
172.16.5.3 - - [23/Jun/2025:18:27:07 +0300] "PUT /products/item123 HTTP/1.1" 400 612 "-" Mozilla/5.0 (compatible; MSIE 10.0; Windows NT 6.1; Trident/6.0)
172.16.5.3 - - [23/Jun/2025:18:27:07 +0300] "POST /products/item123 HTTP/1.1" 400 804 "-" Opera/9.80 (Windows NT 6.1; WOW64) Presto/2.12.388 Version/12.16
203.0.113.27 - - [23/Jun/2025:18:27:07 +0300] "PUT /api/v1/users/images/logo.png HTTP/1.1" 401 2040 "-" Mozilla/5.0 (Windows NT 10.0; Win64; x64) AppleWebKit/537.36 (KHTML, like Gecko) Edge/91.0.864.67 Safari/537.36
10.0.0.12 - - [23/Jun/2025:18:27:07 +0300] "DELETE /about HTTP/1.1" 201 2140 "-" curl/8.1.2
77.88.8.8 - - [23/Jun/2025:18:27:07 +0300] "PATCH  HTTP/1.1" 503 1336 "-" Mozilla/5.0 (compatible; Googlebot/2.1; +http://www.google.com/bot.html)
192.168.1.45 - - [23/Jun/2025:18:27:07 +0300] "GET /index.html HTTP/1.1" 200 504 "-" Mozilla/5.0 (X11; Linux x86_64) AppleWebKit/537.36 (KHTML, like Gecko) Chrome/117.0.0.0 Safari/537.36
77.88.8.8 - - [23/Jun/2025:18:27:07 +0300] "PATCH  HTTP/1.1" 503 456 "-" Mozilla/5.0 (compatible; MSIE 10.0; Windows NT 6.1; Trident/6.0)
172.16.5.3 - - [23/Jun/2025:18:27:07 +0300] "GET /products/item123 HTTP/1.1" 400 1411 "-" Mozilla/5.0 (Macintosh; Intel Mac OS X 12_4) AppleWebKit/605.1.15 (KHTML, like Gecko) Version/15.5 Safari/605.1.15
77.88.8.8 - - [23/Jun/2025:18:27:07 +0300] "PATCH  HTTP/1.1" 503 487 "-" Mozilla/5.0 (Windows NT 6.1; WOW64) AppleWebKit/537.36 (KHTML, like Gecko) Chrome/58.0.3029.110 Safari/537.36
185.199.108.153 - - [23/Jun/2025:18:27:07 +0300] "PATCH /blog/2025/06/23/article-title HTTP/1.1" 404 2034 "-" Mozilla/5.0 (compatible; Googlebot/2.1; +http://www.google.com/bot.html)
203.0.113.27 - - [23/Jun/2025:18:27:07 +0300] "GET /api/v1/users/images/logo.png HTTP/1.1" 401 705 "-" Mozilla/5.0 (Linux; Android 10; SM-G975F) AppleWebKit/537.36 (KHTML, like Gecko) Chrome/111.0.0.0 Mobile Safari/537.36
198.51.100.14 - - [23/Jun/2025:18:27:07 +0300] "PUT /contact-us HTTP/1.1" 403 1127 "-" Mozilla/5.0 (Windows NT 10.0; Win64; x64; rv:115.0) Gecko/20100101 Firefox/115.0
198.51.100.14 - - [23/Jun/2025:18:27:07 +0300] "DELETE /contact-us HTTP/1.1" 403 1633 "-" Opera/9.80 (Windows NT 6.1; WOW64) Presto/2.12.388 Version/12.16
142.250.190.14 - - [23/Jun/2025:18:27:07 +0300] "PATCH /settings HTTP/1.1" 502 637 "-" Mozilla/5.0 (compatible; Googlebot/2.1; +http://www.google.com/bot.html)
10.0.0.12 - - [23/Jun/2025:18:27:07 +0300] "PUT /about HTTP/1.1" 201 1306 "-" Mozilla/5.0 (Windows NT 6.1; WOW64) AppleWebKit/537.36 (KHTML, like Gecko) Chrome/58.0.3029.110 Safari/537.36
203.0.113.27 - - [23/Jun/2025:18:27:07 +0300] "PUT /api/v1/users/images/logo.png HTTP/1.1" 401 888 "-" Mozilla/5.0 (compatible; MSIE 10.0; Windows NT 6.1; Trident/6.0)
192.168.1.45 - - [23/Jun/2025:18:27:07 +0300] "POST /index.html HTTP/1.1" 200 1260 "-" Mozilla/5.0 (Windows NT 10.0; Win64; x64) AppleWebKit/537.36 (KHTML, like Gecko) Edge/91.0.864.67 Safari/537.36
203.0.113.27 - - [23/Jun/2025:18:27:07 +0300] "PUT /api/v1/users/images/logo.png HTTP/1.1" 401 1668 "-" Opera/9.80 (Windows NT 6.1; WOW64) Presto/2.12.388 Version/12.16
192.168.1.45 - - [23/Jun/2025:18:27:07 +0300] "PATCH /index.html HTTP/1.1" 200 2165 "-" Mozilla/5.0 (X11; Linux x86_64) AppleWebKit/537.36 (KHTML, like Gecko) Chrome/117.0.0.0 Safari/537.36
10.0.0.12 - - [23/Jun/2025:18:27:07 +0300] "PATCH /about HTTP/1.1" 201 1430 "-" Mozilla/5.0 (Windows NT 6.1; WOW64) AppleWebKit/537.36 (KHTML, like Gecko) Chrome/58.0.3029.110 Safari/537.36
77.88.8.8 - - [23/Jun/2025:18:27:07 +0300] "POST  HTTP/1.1" 503 1001 "-" Mozilla/5.0 (Macintosh; Intel Mac OS X 12_4) AppleWebKit/605.1.15 (KHTML, like Gecko) Version/15.5 Safari/605.1.15
216.58.209.78 - - [23/Jun/2025:18:27:07 +0300] "DELETE /search HTTP/1.1" 500 1978 "-" Mozilla/5.0 (Macintosh; Intel Mac OS X 12_4) AppleWebKit/605.1.15 (KHTML, like Gecko) Version/15.5 Safari/605.1.15
77.88.8.8 - - [23/Jun/2025:18:27:07 +0300] "PATCH  HTTP/1.1" 503 1606 "-" Mozilla/5.0 (Macintosh; Intel Mac OS X 12_4) AppleWebKit/605.1.15 (KHTML, like Gecko) Version/15.5 Safari/605.1.15
198.51.100.14 - - [23/Jun/2025:18:27:08 +0300] "GET /contact-us HTTP/1.1" 403 1491 "-" Mozilla/5.0 (Windows NT 10.0; Win64; x64) AppleWebKit/537.36 (KHTML, like Gecko) Edge/91.0.864.67 Safari/537.36
198.51.100.14 - - [23/Jun/2025:18:27:08 +0300] "POST /contact-us HTTP/1.1" 403 1097 "-" Mozilla/5.0 (Windows NT 10.0; Win64; x64; rv:115.0) Gecko/20100101 Firefox/115.0
62.217.190.200 - - [23/Jun/2025:18:27:08 +0300] "DELETE /download/file.zip HTTP/1.1" 501 650 "-" Mozilla/5.0 (compatible; Googlebot/2.1; +http://www.google.com/bot.html)
185.199.108.153 - - [23/Jun/2025:18:27:08 +0300] "PATCH /blog/2025/06/23/article-title HTTP/1.1" 404 1429 "-" Opera/9.80 (Windows NT 6.1; WOW64) Presto/2.12.388 Version/12.16
172.16.5.3 - - [23/Jun/2025:18:27:08 +0300] "GET /products/item123 HTTP/1.1" 400 1557 "-" Mozilla/5.0 (X11; Linux x86_64) AppleWebKit/537.36 (KHTML, like Gecko) Chrome/117.0.0.0 Safari/537.36
185.199.108.153 - - [23/Jun/2025:18:27:08 +0300] "PATCH /blog/2025/06/23/article-title HTTP/1.1" 404 856 "-" Mozilla/5.0 (Windows NT 6.1; WOW64) AppleWebKit/537.36 (KHTML, like Gecko) Chrome/58.0.3029.110 Safari/537.36
10.0.0.12 - - [23/Jun/2025:18:27:08 +0300] "GET /about HTTP/1.1" 201 1545 "-" Mozilla/5.0 (Windows NT 10.0; Win64; x64; rv:115.0) Gecko/20100101 Firefox/115.0
10.0.0.12 - - [23/Jun/2025:18:27:08 +0300] "PATCH /about HTTP/1.1" 201 1224 "-" Mozilla/5.0 (Windows NT 10.0; Win64; x64) AppleWebKit/537.36 (KHTML, like Gecko) Edge/91.0.864.67 Safari/537.36
192.168.1.45 - - [23/Jun/2025:18:27:08 +0300] "PATCH /index.html HTTP/1.1" 200 1449 "-" Mozilla/5.0 (Linux; Android 10; SM-G975F) AppleWebKit/537.36 (KHTML, like Gecko) Chrome/111.0.0.0 Mobile Safari/537.36
77.88.8.8 - - [23/Jun/2025:18:27:08 +0300] "PATCH  HTTP/1.1" 503 1852 "-" Mozilla/5.0 (Linux; Android 10; SM-G975F) AppleWebKit/537.36 (KHTML, like Gecko) Chrome/111.0.0.0 Mobile Safari/537.36
185.199.108.153 - - [23/Jun/2025:18:27:08 +0300] "PATCH /blog/2025/06/23/article-title HTTP/1.1" 404 1172 "-" Mozilla/5.0 (Windows NT 10.0; Win64; x64) AppleWebKit/537.36 (KHTML, like Gecko) Edge/91.0.864.67 Safari/537.36
192.168.1.45 - - [23/Jun/2025:18:27:08 +0300] "POST /index.html HTTP/1.1" 200 1040 "-" Mozilla/5.0 (Windows NT 10.0; Win64; x64) AppleWebKit/537.36 (KHTML, like Gecko) Edge/91.0.864.67 Safari/537.36
216.58.209.78 - - [23/Jun/2025:18:27:08 +0300] "PUT /search HTTP/1.1" 500 1634 "-" Mozilla/5.0 (Windows NT 6.1; WOW64) AppleWebKit/537.36 (KHTML, like Gecko) Chrome/58.0.3029.110 Safari/537.36
142.250.190.14 - - [23/Jun/2025:18:27:08 +0300] "PATCH /settings HTTP/1.1" 502 1753 "-" Mozilla/5.0 (Windows NT 6.1; WOW64) AppleWebKit/537.36 (KHTML, like Gecko) Chrome/58.0.3029.110 Safari/537.36
62.217.190.200 - - [23/Jun/2025:18:27:08 +0300] "PUT /download/file.zip HTTP/1.1" 501 1629 "-" Mozilla/5.0 (compatible; Googlebot/2.1; +http://www.google.com/bot.html)
216.58.209.78 - - [23/Jun/2025:18:27:08 +0300] "GET /search HTTP/1.1" 500 1301 "-" Mozilla/5.0 (X11; Linux x86_64) AppleWebKit/537.36 (KHTML, like Gecko) Chrome/117.0.0.0 Safari/537.36
192.168.1.45 - - [23/Jun/2025:18:27:08 +0300] "PATCH /index.html HTTP/1.1" 200 330 "-" Mozilla/5.0 (Windows NT 10.0; Win64; x64) AppleWebKit/537.36 (KHTML, like Gecko) Edge/91.0.864.67 Safari/537.36
77.88.8.8 - - [23/Jun/2025:18:27:08 +0300] "POST  HTTP/1.1" 503 2477 "-" Mozilla/5.0 (Macintosh; Intel Mac OS X 12_4) AppleWebKit/605.1.15 (KHTML, like Gecko) Version/15.5 Safari/605.1.15
142.250.190.14 - - [23/Jun/2025:18:27:08 +0300] "DELETE /settings HTTP/1.1" 502 916 "-" Mozilla/5.0 (Macintosh; Intel Mac OS X 12_4) AppleWebKit/605.1.15 (KHTML, like Gecko) Version/15.5 Safari/605.1.15
192.168.1.45 - - [23/Jun/2025:18:27:08 +0300] "PATCH /index.html HTTP/1.1" 200 702 "-" Mozilla/5.0 (Windows NT 10.0; Win64; x64) AppleWebKit/537.36 (KHTML, like Gecko) Edge/91.0.864.67 Safari/537.36
198.51.100.14 - - [23/Jun/2025:18:27:08 +0300] "PATCH /contact-us HTTP/1.1" 403 584 "-" Mozilla/5.0 (Linux; Android 10; SM-G975F) AppleWebKit/537.36 (KHTML, like Gecko) Chrome/111.0.0.0 Mobile Safari/537.36
198.51.100.14 - - [23/Jun/2025:18:27:08 +0300] "PATCH /contact-us HTTP/1.1" 403 1742 "-" curl/8.1.2
216.58.209.78 - - [23/Jun/2025:18:27:08 +0300] "PATCH /search HTTP/1.1" 500 2474 "-" Opera/9.80 (Windows NT 6.1; WOW64) Presto/2.12.388 Version/12.16
192.168.1.45 - - [23/Jun/2025:18:27:08 +0300] "GET /index.html HTTP/1.1" 200 997 "-" Opera/9.80 (Windows NT 6.1; WOW64) Presto/2.12.388 Version/12.16
198.51.100.14 - - [23/Jun/2025:18:27:08 +0300] "PUT /contact-us HTTP/1.1" 403 2432 "-" Mozilla/5.0 (Macintosh; Intel Mac OS X 12_4) AppleWebKit/605.1.15 (KHTML, like Gecko) Version/15.5 Safari/605.1.15
62.217.190.200 - - [23/Jun/2025:18:27:08 +0300] "POST /download/file.zip HTTP/1.1" 501 1869 "-" Mozilla/5.0 (X11; Linux x86_64) AppleWebKit/537.36 (KHTML, like Gecko) Chrome/117.0.0.0 Safari/537.36
185.199.108.153 - - [23/Jun/2025:18:27:08 +0300] "PATCH /blog/2025/06/23/article-title HTTP/1.1" 404 618 "-" Mozilla/5.0 (compatible; MSIE 10.0; Windows NT 6.1; Trident/6.0)
192.168.1.45 - - [23/Jun/2025:18:27:08 +0300] "DELETE /index.html HTTP/1.1" 200 1798 "-" Mozilla/5.0 (X11; Linux x86_64) AppleWebKit/537.36 (KHTML, like Gecko) Chrome/117.0.0.0 Safari/537.36
216.58.209.78 - - [23/Jun/2025:18:27:08 +0300] "PATCH /search HTTP/1.1" 500 1318 "-" curl/8.1.2
192.168.1.45 - - [23/Jun/2025:18:27:08 +0300] "GET /index.html HTTP/1.1" 200 1728 "-" Mozilla/5.0 (Windows NT 6.1; WOW64) AppleWebKit/537.36 (KHTML, like Gecko) Chrome/58.0.3029.110 Safari/537.36
185.199.108.153 - - [23/Jun/2025:18:27:08 +0300] "GET /blog/2025/06/23/article-title HTTP/1.1" 404 2390 "-" Opera/9.80 (Windows NT 6.1; WOW64) Presto/2.12.388 Version/12.16
10.0.0.12 - - [23/Jun/2025:18:27:08 +0300] "GET /about HTTP/1.1" 201 865 "-" Mozilla/5.0 (Windows NT 10.0; Win64; x64) AppleWebKit/537.36 (KHTML, like Gecko) Edge/91.0.864.67 Safari/537.36
77.88.8.8 - - [23/Jun/2025:18:27:08 +0300] "DELETE  HTTP/1.1" 503 1709 "-" Mozilla/5.0 (compatible; MSIE 10.0; Windows NT 6.1; Trident/6.0)
10.0.0.12 - - [23/Jun/2025:18:27:08 +0300] "GET /about HTTP/1.1" 201 775 "-" Mozilla/5.0 (compatible; MSIE 10.0; Windows NT 6.1; Trident/6.0)
203.0.113.27 - - [23/Jun/2025:18:27:08 +0300] "PATCH /api/v1/users/images/logo.png HTTP/1.1" 401 1159 "-" Mozilla/5.0 (X11; Linux x86_64) AppleWebKit/537.36 (KHTML, like Gecko) Chrome/117.0.0.0 Safari/537.36
203.0.113.27 - - [23/Jun/2025:18:27:08 +0300] "GET /api/v1/users/images/logo.png HTTP/1.1" 401 1654 "-" Mozilla/5.0 (X11; Linux x86_64) AppleWebKit/537.36 (KHTML, like Gecko) Chrome/117.0.0.0 Safari/537.36
62.217.190.200 - - [23/Jun/2025:18:27:08 +0300] "GET /download/file.zip HTTP/1.1" 501 2357 "-" Mozilla/5.0 (Windows NT 6.1; WOW64) AppleWebKit/537.36 (KHTML, like Gecko) Chrome/58.0.3029.110 Safari/537.36
172.16.5.3 - - [23/Jun/2025:18:27:08 +0300] "DELETE /products/item123 HTTP/1.1" 400 1668 "-" Mozilla/5.0 (X11; Linux x86_64) AppleWebKit/537.36 (KHTML, like Gecko) Chrome/117.0.0.0 Safari/537.36
185.199.108.153 - - [23/Jun/2025:18:27:08 +0300] "PUT /blog/2025/06/23/article-title HTTP/1.1" 404 1964 "-" Mozilla/5.0 (Linux; Android 10; SM-G975F) AppleWebKit/537.36 (KHTML, like Gecko) Chrome/111.0.0.0 Mobile Safari/537.36
192.168.1.45 - - [23/Jun/2025:18:27:08 +0300] "GET /index.html HTTP/1.1" 200 2095 "-" Mozilla/5.0 (Windows NT 10.0; Win64; x64) AppleWebKit/537.36 (KHTML, like Gecko) Edge/91.0.864.67 Safari/537.36
10.0.0.12 - - [23/Jun/2025:18:27:08 +0300] "GET /about HTTP/1.1" 201 381 "-" curl/8.1.2
203.0.113.27 - - [23/Jun/2025:18:27:08 +0300] "POST /api/v1/users/images/logo.png HTTP/1.1" 401 1868 "-" Mozilla/5.0 (Linux; Android 10; SM-G975F) AppleWebKit/537.36 (KHTML, like Gecko) Chrome/111.0.0.0 Mobile Safari/537.36
198.51.100.14 - - [23/Jun/2025:18:27:08 +0300] "DELETE /contact-us HTTP/1.1" 403 833 "-" Mozilla/5.0 (compatible; Googlebot/2.1; +http://www.google.com/bot.html)
62.217.190.200 - - [23/Jun/2025:18:27:08 +0300] "DELETE /download/file.zip HTTP/1.1" 501 502 "-" Mozilla/5.0 (Windows NT 6.1; WOW64) AppleWebKit/537.36 (KHTML, like Gecko) Chrome/58.0.3029.110 Safari/537.36
142.250.190.14 - - [23/Jun/2025:18:27:08 +0300] "DELETE /settings HTTP/1.1" 502 1123 "-" Mozilla/5.0 (compatible; MSIE 10.0; Windows NT 6.1; Trident/6.0)
10.0.0.12 - - [23/Jun/2025:18:27:08 +0300] "PATCH /about HTTP/1.1" 201 1255 "-" Mozilla/5.0 (Linux; Android 10; SM-G975F) AppleWebKit/537.36 (KHTML, like Gecko) Chrome/111.0.0.0 Mobile Safari/537.36
142.250.190.14 - - [23/Jun/2025:18:27:09 +0300] "PUT /settings HTTP/1.1" 502 495 "-" curl/8.1.2
172.16.5.3 - - [23/Jun/2025:18:27:09 +0300] "PATCH /products/item123 HTTP/1.1" 400 406 "-" Mozilla/5.0 (Windows NT 10.0; Win64; x64) AppleWebKit/537.36 (KHTML, like Gecko) Edge/91.0.864.67 Safari/537.36
185.199.108.153 - - [23/Jun/2025:18:27:09 +0300] "GET /blog/2025/06/23/article-title HTTP/1.1" 404 1022 "-" Opera/9.80 (Windows NT 6.1; WOW64) Presto/2.12.388 Version/12.16
77.88.8.8 - - [23/Jun/2025:18:27:09 +0300] "GET  HTTP/1.1" 503 1735 "-" Mozilla/5.0 (Linux; Android 10; SM-G975F) AppleWebKit/537.36 (KHTML, like Gecko) Chrome/111.0.0.0 Mobile Safari/537.36
216.58.209.78 - - [23/Jun/2025:18:27:09 +0300] "GET /search HTTP/1.1" 500 1573 "-" Opera/9.80 (Windows NT 6.1; WOW64) Presto/2.12.388 Version/12.16
10.0.0.12 - - [23/Jun/2025:18:27:09 +0300] "GET /about HTTP/1.1" 201 1460 "-" Mozilla/5.0 (X11; Linux x86_64) AppleWebKit/537.36 (KHTML, like Gecko) Chrome/117.0.0.0 Safari/537.36
185.199.108.153 - - [23/Jun/2025:18:27:09 +0300] "DELETE /blog/2025/06/23/article-title HTTP/1.1" 404 1110 "-" Mozilla/5.0 (X11; Linux x86_64) AppleWebKit/537.36 (KHTML, like Gecko) Chrome/117.0.0.0 Safari/537.36
172.16.5.3 - - [23/Jun/2025:18:27:09 +0300] "DELETE /products/item123 HTTP/1.1" 400 2338 "-" Mozilla/5.0 (compatible; MSIE 10.0; Windows NT 6.1; Trident/6.0)
185.199.108.153 - - [23/Jun/2025:18:27:09 +0300] "GET /blog/2025/06/23/article-title HTTP/1.1" 404 931 "-" Mozilla/5.0 (Windows NT 10.0; Win64; x64; rv:115.0) Gecko/20100101 Firefox/115.0
216.58.209.78 - - [23/Jun/2025:18:27:09 +0300] "PATCH /search HTTP/1.1" 500 346 "-" Mozilla/5.0 (Macintosh; Intel Mac OS X 12_4) AppleWebKit/605.1.15 (KHTML, like Gecko) Version/15.5 Safari/605.1.15
62.217.190.200 - - [23/Jun/2025:18:27:09 +0300] "PATCH /download/file.zip HTTP/1.1" 501 2170 "-" Mozilla/5.0 (Windows NT 10.0; Win64; x64; rv:115.0) Gecko/20100101 Firefox/115.0
216.58.209.78 - - [23/Jun/2025:18:27:09 +0300] "PATCH /search HTTP/1.1" 500 2307 "-" Mozilla/5.0 (Linux; Android 10; SM-G975F) AppleWebKit/537.36 (KHTML, like Gecko) Chrome/111.0.0.0 Mobile Safari/537.36
198.51.100.14 - - [23/Jun/2025:18:27:09 +0300] "GET /contact-us HTTP/1.1" 403 1169 "-" Mozilla/5.0 (compatible; Googlebot/2.1; +http://www.google.com/bot.html)
77.88.8.8 - - [23/Jun/2025:18:27:09 +0300] "GET  HTTP/1.1" 503 1251 "-" Mozilla/5.0 (Linux; Android 10; SM-G975F) AppleWebKit/537.36 (KHTML, like Gecko) Chrome/111.0.0.0 Mobile Safari/537.36
185.199.108.153 - - [23/Jun/2025:18:27:09 +0300] "PUT /blog/2025/06/23/article-title HTTP/1.1" 404 1181 "-" Mozilla/5.0 (Windows NT 10.0; Win64; x64) AppleWebKit/537.36 (KHTML, like Gecko) Edge/91.0.864.67 Safari/537.36
185.199.108.153 - - [23/Jun/2025:18:27:09 +0300] "POST /blog/2025/06/23/article-title HTTP/1.1" 404 688 "-" Mozilla/5.0 (compatible; MSIE 10.0; Windows NT 6.1; Trident/6.0)
192.168.1.45 - - [23/Jun/2025:18:27:09 +0300] "PUT /index.html HTTP/1.1" 200 2185 "-" Mozilla/5.0 (Macintosh; Intel Mac OS X 12_4) AppleWebKit/605.1.15 (KHTML, like Gecko) Version/15.5 Safari/605.1.15
172.16.5.3 - - [23/Jun/2025:18:27:09 +0300] "DELETE /products/item123 HTTP/1.1" 400 731 "-" Mozilla/5.0 (Windows NT 10.0; Win64; x64; rv:115.0) Gecko/20100101 Firefox/115.0
142.250.190.14 - - [23/Jun/2025:18:27:09 +0300] "PATCH /settings HTTP/1.1" 502 363 "-" Mozilla/5.0 (Windows NT 6.1; WOW64) AppleWebKit/537.36 (KHTML, like Gecko) Chrome/58.0.3029.110 Safari/537.36
198.51.100.14 - - [23/Jun/2025:18:27:09 +0300] "GET /contact-us HTTP/1.1" 403 2226 "-" Mozilla/5.0 (Windows NT 10.0; Win64; x64; rv:115.0) Gecko/20100101 Firefox/115.0
10.0.0.12 - - [23/Jun/2025:18:27:09 +0300] "POST /about HTTP/1.1" 201 686 "-" Mozilla/5.0 (X11; Linux x86_64) AppleWebKit/537.36 (KHTML, like Gecko) Chrome/117.0.0.0 Safari/537.36
62.217.190.200 - - [23/Jun/2025:18:27:09 +0300] "PATCH /download/file.zip HTTP/1.1" 501 2033 "-" Mozilla/5.0 (X11; Linux x86_64) AppleWebKit/537.36 (KHTML, like Gecko) Chrome/117.0.0.0 Safari/537.36
192.168.1.45 - - [23/Jun/2025:18:27:09 +0300] "PUT /index.html HTTP/1.1" 200 2309 "-" Mozilla/5.0 (Windows NT 10.0; Win64; x64) AppleWebKit/537.36 (KHTML, like Gecko) Edge/91.0.864.67 Safari/537.36
198.51.100.14 - - [23/Jun/2025:18:27:09 +0300] "PUT /contact-us HTTP/1.1" 403 977 "-" Mozilla/5.0 (compatible; MSIE 10.0; Windows NT 6.1; Trident/6.0)
203.0.113.27 - - [23/Jun/2025:18:27:09 +0300] "GET /api/v1/users/images/logo.png HTTP/1.1" 401 1808 "-" Opera/9.80 (Windows NT 6.1; WOW64) Presto/2.12.388 Version/12.16
203.0.113.27 - - [23/Jun/2025:18:27:09 +0300] "POST /api/v1/users/images/logo.png HTTP/1.1" 401 1174 "-" Mozilla/5.0 (compatible; Googlebot/2.1; +http://www.google.com/bot.html)
203.0.113.27 - - [23/Jun/2025:18:27:09 +0300] "DELETE /api/v1/users/images/logo.png HTTP/1.1" 401 346 "-" Mozilla/5.0 (X11; Linux x86_64) AppleWebKit/537.36 (KHTML, like Gecko) Chrome/117.0.0.0 Safari/537.36
77.88.8.8 - - [23/Jun/2025:18:27:09 +0300] "POST  HTTP/1.1" 503 1663 "-" Opera/9.80 (Windows NT 6.1; WOW64) Presto/2.12.388 Version/12.16
216.58.209.78 - - [23/Jun/2025:18:27:09 +0300] "PUT /search HTTP/1.1" 500 1868 "-" Mozilla/5.0 (X11; Linux x86_64) AppleWebKit/537.36 (KHTML, like Gecko) Chrome/117.0.0.0 Safari/537.36
203.0.113.27 - - [23/Jun/2025:18:27:09 +0300] "POST /api/v1/users/images/logo.png HTTP/1.1" 401 2277 "-" Mozilla/5.0 (Linux; Android 10; SM-G975F) AppleWebKit/537.36 (KHTML, like Gecko) Chrome/111.0.0.0 Mobile Safari/537.36
10.0.0.12 - - [23/Jun/2025:18:27:09 +0300] "PATCH /about HTTP/1.1" 201 2270 "-" Mozilla/5.0 (Windows NT 10.0; Win64; x64) AppleWebKit/537.36 (KHTML, like Gecko) Edge/91.0.864.67 Safari/537.36
62.217.190.200 - - [23/Jun/2025:18:27:09 +0300] "PATCH /download/file.zip HTTP/1.1" 501 492 "-" Mozilla/5.0 (X11; Linux x86_64) AppleWebKit/537.36 (KHTML, like Gecko) Chrome/117.0.0.0 Safari/537.36
172.16.5.3 - - [23/Jun/2025:18:27:09 +0300] "PUT /products/item123 HTTP/1.1" 400 452 "-" Mozilla/5.0 (Windows NT 10.0; Win64; x64; rv:115.0) Gecko/20100101 Firefox/115.0
198.51.100.14 - - [23/Jun/2025:18:27:09 +0300] "PUT /contact-us HTTP/1.1" 403 1933 "-" Mozilla/5.0 (Windows NT 10.0; Win64; x64) AppleWebKit/537.36 (KHTML, like Gecko) Edge/91.0.864.67 Safari/537.36
10.0.0.12 - - [23/Jun/2025:18:27:09 +0300] "GET /about HTTP/1.1" 201 1743 "-" Mozilla/5.0 (Windows NT 6.1; WOW64) AppleWebKit/537.36 (KHTML, like Gecko) Chrome/58.0.3029.110 Safari/537.36
216.58.209.78 - - [23/Jun/2025:18:27:09 +0300] "PATCH /search HTTP/1.1" 500 1431 "-" Mozilla/5.0 (X11; Linux x86_64) AppleWebKit/537.36 (KHTML, like Gecko) Chrome/117.0.0.0 Safari/537.36
198.51.100.14 - - [23/Jun/2025:18:27:09 +0300] "PUT /contact-us HTTP/1.1" 403 704 "-" curl/8.1.2
77.88.8.8 - - [23/Jun/2025:18:27:09 +0300] "PATCH  HTTP/1.1" 503 662 "-" curl/8.1.2
62.217.190.200 - - [23/Jun/2025:18:27:09 +0300] "PATCH /download/file.zip HTTP/1.1" 501 1101 "-" Mozilla/5.0 (X11; Linux x86_64) AppleWebKit/537.36 (KHTML, like Gecko) Chrome/117.0.0.0 Safari/537.36
203.0.113.27 - - [23/Jun/2025:18:27:09 +0300] "PUT /api/v1/users/images/logo.png HTTP/1.1" 401 317 "-" Mozilla/5.0 (Windows NT 10.0; Win64; x64) AppleWebKit/537.36 (KHTML, like Gecko) Edge/91.0.864.67 Safari/537.36
203.0.113.27 - - [23/Jun/2025:18:27:09 +0300] "PUT /api/v1/users/images/logo.png HTTP/1.1" 401 2192 "-" Mozilla/5.0 (X11; Linux x86_64) AppleWebKit/537.36 (KHTML, like Gecko) Chrome/117.0.0.0 Safari/537.36
77.88.8.8 - - [23/Jun/2025:18:27:09 +0300] "POST  HTTP/1.1" 503 1569 "-" curl/8.1.2
185.199.108.153 - - [23/Jun/2025:18:27:09 +0300] "DELETE /blog/2025/06/23/article-title HTTP/1.1" 404 1474 "-" curl/8.1.2
192.168.1.45 - - [23/Jun/2025:18:27:09 +0300] "GET /index.html HTTP/1.1" 200 1260 "-" Mozilla/5.0 (Linux; Android 10; SM-G975F) AppleWebKit/537.36 (KHTML, like Gecko) Chrome/111.0.0.0 Mobile Safari/537.36
142.250.190.14 - - [23/Jun/2025:18:27:09 +0300] "DELETE /settings HTTP/1.1" 502 663 "-" Mozilla/5.0 (X11; Linux x86_64) AppleWebKit/537.36 (KHTML, like Gecko) Chrome/117.0.0.0 Safari/537.36
185.199.108.153 - - [23/Jun/2025:18:27:10 +0300] "POST /blog/2025/06/23/article-title HTTP/1.1" 404 2325 "-" Mozilla/5.0 (compatible; Googlebot/2.1; +http://www.google.com/bot.html)
185.199.108.153 - - [23/Jun/2025:18:27:10 +0300] "PUT /blog/2025/06/23/article-title HTTP/1.1" 404 1884 "-" Mozilla/5.0 (compatible; Googlebot/2.1; +http://www.google.com/bot.html)
198.51.100.14 - - [23/Jun/2025:18:27:10 +0300] "PUT /contact-us HTTP/1.1" 403 729 "-" Mozilla/5.0 (Macintosh; Intel Mac OS X 12_4) AppleWebKit/605.1.15 (KHTML, like Gecko) Version/15.5 Safari/605.1.15
198.51.100.14 - - [23/Jun/2025:18:27:10 +0300] "PATCH /contact-us HTTP/1.1" 403 616 "-" Mozilla/5.0 (Windows NT 10.0; Win64; x64; rv:115.0) Gecko/20100101 Firefox/115.0
198.51.100.14 - - [23/Jun/2025:18:27:10 +0300] "POST /contact-us HTTP/1.1" 403 1412 "-" curl/8.1.2
198.51.100.14 - - [23/Jun/2025:18:27:10 +0300] "GET /contact-us HTTP/1.1" 403 310 "-" Mozilla/5.0 (Windows NT 6.1; WOW64) AppleWebKit/537.36 (KHTML, like Gecko) Chrome/58.0.3029.110 Safari/537.36
198.51.100.14 - - [23/Jun/2025:18:27:10 +0300] "PUT /contact-us HTTP/1.1" 403 1859 "-" Mozilla/5.0 (Macintosh; Intel Mac OS X 12_4) AppleWebKit/605.1.15 (KHTML, like Gecko) Version/15.5 Safari/605.1.15
77.88.8.8 - - [23/Jun/2025:18:27:10 +0300] "DELETE  HTTP/1.1" 503 627 "-" Mozilla/5.0 (Macintosh; Intel Mac OS X 12_4) AppleWebKit/605.1.15 (KHTML, like Gecko) Version/15.5 Safari/605.1.15
10.0.0.12 - - [23/Jun/2025:18:27:10 +0300] "POST /about HTTP/1.1" 201 1863 "-" Mozilla/5.0 (Windows NT 6.1; WOW64) AppleWebKit/537.36 (KHTML, like Gecko) Chrome/58.0.3029.110 Safari/537.36
142.250.190.14 - - [23/Jun/2025:18:27:10 +0300] "POST /settings HTTP/1.1" 502 1878 "-" Mozilla/5.0 (X11; Linux x86_64) AppleWebKit/537.36 (KHTML, like Gecko) Chrome/117.0.0.0 Safari/537.36
