77.88.8.8 - - [23/Jun/2025:18:27:13 +0300] "POST  HTTP/1.1" 503 1100 "-" Mozilla/5.0 (Macintosh; Intel Mac OS X 12_4) AppleWebKit/605.1.15 (KHTML, like Gecko) Version/15.5 Safari/605.1.15
192.168.1.45 - - [23/Jun/2025:18:27:13 +0300] "POST /index.html HTTP/1.1" 200 639 "-" Mozilla/5.0 (compatible; Googlebot/2.1; +http://www.google.com/bot.html)
185.199.108.153 - - [23/Jun/2025:18:27:13 +0300] "POST /blog/2025/06/23/article-title HTTP/1.1" 404 432 "-" Opera/9.80 (Windows NT 6.1; WOW64) Presto/2.12.388 Version/12.16
192.168.1.45 - - [23/Jun/2025:18:27:13 +0300] "DELETE /index.html HTTP/1.1" 200 1432 "-" Mozilla/5.0 (Linux; Android 10; SM-G975F) AppleWebKit/537.36 (KHTML, like Gecko) Chrome/111.0.0.0 Mobile Safari/537.36
77.88.8.8 - - [23/Jun/2025:18:27:13 +0300] "PATCH  HTTP/1.1" 503 1132 "-" Mozilla/5.0 (Linux; Android 10; SM-G975F) AppleWebKit/537.36 (KHTML, like Gecko) Chrome/111.0.0.0 Mobile Safari/537.36
142.250.190.14 - - [23/Jun/2025:18:27:13 +0300] "POST /settings HTTP/1.1" 502 811 "-" Mozilla/5.0 (Linux; Android 10; SM-G975F) AppleWebKit/537.36 (KHTML, like Gecko) Chrome/111.0.0.0 Mobile Safari/537.36
192.168.1.45 - - [23/Jun/2025:18:27:13 +0300] "GET /index.html HTTP/1.1" 200 2242 "-" Mozilla/5.0 (Macintosh; Intel Mac OS X 12_4) AppleWebKit/605.1.15 (KHTML, like Gecko) Version/15.5 Safari/605.1.15
203.0.113.27 - - [23/Jun/2025:18:27:13 +0300] "DELETE /api/v1/users/images/logo.png HTTP/1.1" 401 1157 "-" Mozilla/5.0 (compatible; Googlebot/2.1; +http://www.google.com/bot.html)
185.199.108.153 - - [23/Jun/2025:18:27:13 +0300] "PATCH /blog/2025/06/23/article-title HTTP/1.1" 404 1397 "-" Opera/9.80 (Windows NT 6.1; WOW64) Presto/2.12.388 Version/12.16
192.168.1.45 - - [23/Jun/2025:18:27:13 +0300] "DELETE /index.html HTTP/1.1" 200 1917 "-" Mozilla/5.0 (X11; Linux x86_64) AppleWebKit/537.36 (KHTML, like Gecko) Chrome/117.0.0.0 Safari/537.36
192.168.1.45 - - [23/Jun/2025:18:27:13 +0300] "GET /index.html HTTP/1.1" 200 1888 "-" Mozilla/5.0 (Windows NT 6.1; WOW64) AppleWebKit/537.36 (KHTML, like Gecko) Chrome/58.0.3029.110 Safari/537.36
216.58.209.78 - - [23/Jun/2025:18:27:13 +0300] "DELETE /search HTTP/1.1" 500 349 "-" Mozilla/5.0 (Windows NT 10.0; Win64; x64) AppleWebKit/537.36 (KHTML, like Gecko) Edge/91.0.864.67 Safari/537.36
198.51.100.14 - - [23/Jun/2025:18:27:13 +0300] "PUT /contact-us HTTP/1.1" 403 812 "-" curl/8.1.2
198.51.100.14 - - [23/Jun/2025:18:27:13 +0300] "DELETE /contact-us HTTP/1.1" 403 540 "-" Mozilla/5.0 (Windows NT 6.1; WOW64) AppleWebKit/537.36 (KHTML, like Gecko) Chrome/58.0.3029.110 Safari/537.36
62.217.190.200 - - [23/Jun/2025:18:27:13 +0300] "PATCH /download/file.zip HTTP/1.1" 501 1620 "-" Mozilla/5.0 (Linux; Android 10; SM-G975F) AppleWebKit/537.36 (KHTML, like Gecko) Chrome/111.0.0.0 Mobile Safari/537.36
142.250.190.14 - - [23/Jun/2025:18:27:13 +0300] "POST /settings HTTP/1.1" 502 952 "-" Mozilla/5.0 (compatible; Googlebot/2.1; +http://www.google.com/bot.html)
142.250.190.14 - - [23/Jun/2025:18:27:13 +0300] "PATCH /settings HTTP/1.1" 502 2122 "-" Mozilla/5.0 (X11; Linux x86_64) AppleWebKit/537.36 (KHTML, like Gecko) Chrome/117.0.0.0 Safari/537.36
216.58.209.78 - - [23/Jun/2025:18:27:13 +0300] "PUT /search HTTP/1.1" 500 2419 "-" Opera/9.80 (Windows NT 6.1; WOW64) Presto/2.12.388 Version/12.16
216.58.209.78 - - [23/Jun/2025:18:27:14 +0300] "PATCH /search HTTP/1.1" 500 2230 "-" Mozilla/5.0 (compatible; Googlebot/2.1; +http://www.google.com/bot.html)
198.51.100.14 - - [23/Jun/2025:18:27:14 +0300] "GET /contact-us HTTP/1.1" 403 590 "-" Mozilla/5.0 (Macintosh; Intel Mac OS X 12_4) AppleWebKit/605.1.15 (KHTML, like Gecko) Version/15.5 Safari/605.1.15
198.51.100.14 - - [23/Jun/2025:18:27:14 +0300] "POST /contact-us HTTP/1.1" 403 1035 "-" Mozilla/5.0 (compatible; MSIE 10.0; Windows NT 6.1; Trident/6.0)
62.217.190.200 - - [23/Jun/2025:18:27:14 +0300] "PATCH /download/file.zip HTTP/1.1" 501 1294 "-" Mozilla/5.0 (Windows NT 10.0; Win64; x64; rv:115.0) Gecko/20100101 Firefox/115.0
62.217.190.200 - - [23/Jun/2025:18:27:14 +0300] "POST /download/file.zip HTTP/1.1" 501 2198 "-" Mozilla/5.0 (Windows NT 10.0; Win64; x64; rv:115.0) Gecko/20100101 Firefox/115.0
77.88.8.8 - - [23/Jun/2025:18:27:14 +0300] "POST  HTTP/1.1" 503 1419 "-" Mozilla/5.0 (Windows NT 10.0; Win64; x64; rv:115.0) Gecko/20100101 Firefox/115.0
172.16.5.3 - - [23/Jun/2025:18:27:14 +0300] "DELETE /products/item123 HTTP/1.1" 400 2313 "-" Mozilla/5.0 (Windows NT 10.0; Win64; x64; rv:115.0) Gecko/20100101 Firefox/115.0
203.0.113.27 - - [23/Jun/2025:18:27:14 +0300] "POST /api/v1/users/images/logo.png HTTP/1.1" 401 752 "-" Mozilla/5.0 (X11; Linux x86_64) AppleWebKit/537.36 (KHTML, like Gecko) Chrome/117.0.0.0 Safari/537.36
185.199.108.153 - - [23/Jun/2025:18:27:14 +0300] "GET /blog/2025/06/23/article-title HTTP/1.1" 404 418 "-" Mozilla/5.0 (Windows NT 10.0; Win64; x64) AppleWebKit/537.36 (KHTML, like Gecko) Edge/91.0.864.67 Safari/537.36
142.250.190.14 - - [23/Jun/2025:18:27:14 +0300] "GET /settings HTTP/1.1" 502 1182 "-" Mozilla/5.0 (Windows NT 6.1; WOW64) AppleWebKit/537.36 (KHTML, like Gecko) Chrome/58.0.3029.110 Safari/537.36
185.199.108.153 - - [23/Jun/2025:18:27:14 +0300] "DELETE /blog/2025/06/23/article-title HTTP/1.1" 404 333 "-" Mozilla/5.0 (Linux; Android 10; SM-G975F) AppleWebKit/537.36 (KHTML, like Gecko) Chrome/111.0.0.0 Mobile Safari/537.36
172.16.5.3 - - [23/Jun/2025:18:27:14 +0300] "PATCH /products/item123 HTTP/1.1" 400 790 "-" Mozilla/5.0 (Windows NT 6.1; WOW64) AppleWebKit/537.36 (KHTML, like Gecko) Chrome/58.0.3029.110 Safari/537.36
172.16.5.3 - - [23/Jun/2025:18:27:14 +0300] "POST /products/item123 HTTP/1.1" 400 421 "-" Mozilla/5.0 (Windows NT 10.0; Win64; x64) AppleWebKit/537.36 (KHTML, like Gecko) Edge/91.0.864.67 Safari/537.36
203.0.113.27 - - [23/Jun/2025:18:27:14 +0300] "DELETE /api/v1/users/images/logo.png HTTP/1.1" 401 1033 "-" curl/8.1.2
62.217.190.200 - - [23/Jun/2025:18:27:14 +0300] "PUT /download/file.zip HTTP/1.1" 501 1413 "-" Mozilla/5.0 (Macintosh; Intel Mac OS X 12_4) AppleWebKit/605.1.15 (KHTML, like Gecko) Version/15.5 Safari/605.1.15
198.51.100.14 - - [23/Jun/2025:18:27:14 +0300] "PATCH /contact-us HTTP/1.1" 403 1922 "-" Mozilla/5.0 (Windows NT 10.0; Win64; x64) AppleWebKit/537.36 (KHTML, like Gecko) Edge/91.0.864.67 Safari/537.36
77.88.8.8 - - [23/Jun/2025:18:27:14 +0300] "POST  HTTP/1.1" 503 955 "-" Mozilla/5.0 (compatible; Googlebot/2.1; +http://www.google.com/bot.html)
216.58.209.78 - - [23/Jun/2025:18:27:14 +0300] "GET /search HTTP/1.1" 500 1925 "-" Mozilla/5.0 (compatible; MSIE 10.0; Windows NT 6.1; Trident/6.0)
172.16.5.3 - - [23/Jun/2025:18:27:14 +0300] "POST /products/item123 HTTP/1.1" 400 2357 "-" Mozilla/5.0 (Macintosh; Intel Mac OS X 12_4) AppleWebKit/605.1.15 (KHTML, like Gecko) Version/15.5 Safari/605.1.15
203.0.113.27 - - [23/Jun/2025:18:27:14 +0300] "DELETE /api/v1/users/images/logo.png HTTP/1.1" 401 1452 "-" Mozilla/5.0 (compatible; MSIE 10.0; Windows NT 6.1; Trident/6.0)
62.217.190.200 - - [23/Jun/2025:18:27:14 +0300] "DELETE /download/file.zip HTTP/1.1" 501 1800 "-" Mozilla/5.0 (compatible; Googlebot/2.1; +http://www.google.com/bot.html)
172.16.5.3 - - [23/Jun/2025:18:27:14 +0300] "GET /products/item123 HTTP/1.1" 400 2402 "-" Mozilla/5.0 (Windows NT 10.0; Win64; x64; rv:115.0) Gecko/20100101 Firefox/115.0
192.168.1.45 - - [23/Jun/2025:18:27:14 +0300] "PATCH /index.html HTTP/1.1" 200 1510 "-" Mozilla/5.0 (Windows NT 10.0; Win64; x64) AppleWebKit/537.36 (KHTML, like Gecko) Edge/91.0.864.67 Safari/537.36
203.0.113.27 - - [23/Jun/2025:18:27:14 +0300] "POST /api/v1/users/images/logo.png HTTP/1.1" 401 321 "-" Mozilla/5.0 (Linux; Android 10; SM-G975F) AppleWebKit/537.36 (KHTML, like Gecko) Chrome/111.0.0.0 Mobile Safari/537.36
10.0.0.12 - - [23/Jun/2025:18:27:14 +0300] "PUT /about HTTP/1.1" 201 555 "-" Opera/9.80 (Windows NT 6.1; WOW64) Presto/2.12.388 Version/12.16
185.199.108.153 - - [23/Jun/2025:18:27:14 +0300] "GET /blog/2025/06/23/article-title HTTP/1.1" 404 519 "-" Mozilla/5.0 (X11; Linux x86_64) AppleWebKit/537.36 (KHTML, like Gecko) Chrome/117.0.0.0 Safari/537.36
216.58.209.78 - - [23/Jun/2025:18:27:14 +0300] "DELETE /search HTTP/1.1" 500 2248 "-" Mozilla/5.0 (Windows NT 10.0; Win64; x64; rv:115.0) Gecko/20100101 Firefox/115.0
203.0.113.27 - - [23/Jun/2025:18:27:14 +0300] "POST /api/v1/users/images/logo.png HTTP/1.1" 401 2376 "-" Mozilla/5.0 (Windows NT 10.0; Win64; x64) AppleWebKit/537.36 (KHTML, like Gecko) Edge/91.0.864.67 Safari/537.36
203.0.113.27 - - [23/Jun/2025:18:27:14 +0300] "PATCH /api/v1/users/images/logo.png HTTP/1.1" 401 1199 "-" Mozilla/5.0 (compatible; Googlebot/2.1; +http://www.google.com/bot.html)
172.16.5.3 - - [23/Jun/2025:18:27:14 +0300] "POST /products/item123 HTTP/1.1" 400 812 "-" Mozilla/5.0 (Macintosh; Intel Mac OS X 12_4) AppleWebKit/605.1.15 (KHTML, like Gecko) Version/15.5 Safari/605.1.15
203.0.113.27 - - [23/Jun/2025:18:27:14 +0300] "PUT /api/v1/users/images/logo.png HTTP/1.1" 401 1476 "-" Mozilla/5.0 (compatible; Googlebot/2.1; +http://www.google.com/bot.html)
142.250.190.14 - - [23/Jun/2025:18:27:14 +0300] "PUT /settings HTTP/1.1" 502 1875 "-" Opera/9.80 (Windows NT 6.1; WOW64) Presto/2.12.388 Version/12.16
185.199.108.153 - - [23/Jun/2025:18:27:14 +0300] "PATCH /blog/2025/06/23/article-title HTTP/1.1" 404 977 "-" Mozilla/5.0 (compatible; Googlebot/2.1; +http://www.google.com/bot.html)
142.250.190.14 - - [23/Jun/2025:18:27:14 +0300] "DELETE /settings HTTP/1.1" 502 740 "-" Mozilla/5.0 (Linux; Android 10; SM-G975F) AppleWebKit/537.36 (KHTML, like Gecko) Chrome/111.0.0.0 Mobile Safari/537.36
172.16.5.3 - - [23/Jun/2025:18:27:14 +0300] "GET /products/item123 HTTP/1.1" 400 906 "-" Mozilla/5.0 (Windows NT 6.1; WOW64) AppleWebKit/537.36 (KHTML, like Gecko) Chrome/58.0.3029.110 Safari/537.36
10.0.0.12 - - [23/Jun/2025:18:27:14 +0300] "DELETE /about HTTP/1.1" 201 1337 "-" Opera/9.80 (Windows NT 6.1; WOW64) Presto/2.12.388 Version/12.16
216.58.209.78 - - [23/Jun/2025:18:27:14 +0300] "GET /search HTTP/1.1" 500 1436 "-" Mozilla/5.0 (compatible; MSIE 10.0; Windows NT 6.1; Trident/6.0)
142.250.190.14 - - [23/Jun/2025:18:27:14 +0300] "GET /settings HTTP/1.1" 502 1726 "-" Mozilla/5.0 (Windows NT 10.0; Win64; x64; rv:115.0) Gecko/20100101 Firefox/115.0
203.0.113.27 - - [23/Jun/2025:18:27:14 +0300] "PATCH /api/v1/users/images/logo.png HTTP/1.1" 401 1623 "-" Mozilla/5.0 (Windows NT 6.1; WOW64) AppleWebKit/537.36 (KHTML, like Gecko) Chrome/58.0.3029.110 Safari/537.36
142.250.190.14 - - [23/Jun/2025:18:27:14 +0300] "PUT /settings HTTP/1.1" 502 2112 "-" Opera/9.80 (Windows NT 6.1; WOW64) Presto/2.12.388 Version/12.16
192.168.1.45 - - [23/Jun/2025:18:27:14 +0300] "DELETE /index.html HTTP/1.1" 200 341 "-" curl/8.1.2
198.51.100.14 - - [23/Jun/2025:18:27:14 +0300] "GET /contact-us HTTP/1.1" 403 1178 "-" Mozilla/5.0 (Windows NT 6.1; WOW64) AppleWebKit/537.36 (KHTML, like Gecko) Chrome/58.0.3029.110 Safari/537.36
185.199.108.153 - - [23/Jun/2025:18:27:14 +0300] "DELETE /blog/2025/06/23/article-title HTTP/1.1" 404 1946 "-" Opera/9.80 (Windows NT 6.1; WOW64) Presto/2.12.388 Version/12.16
203.0.113.27 - - [23/Jun/2025:18:27:14 +0300] "POST /api/v1/users/images/logo.png HTTP/1.1" 401 2307 "-" curl/8.1.2
216.58.209.78 - - [23/Jun/2025:18:27:14 +0300] "DELETE /search HTTP/1.1" 500 889 "-" Mozilla/5.0 (Linux; Android 10; SM-G975F) AppleWebKit/537.36 (KHTML, like Gecko) Chrome/111.0.0.0 Mobile Safari/537.36
62.217.190.200 - - [23/Jun/2025:18:27:14 +0300] "GET /download/file.zip HTTP/1.1" 501 1012 "-" Mozilla/5.0 (Windows NT 6.1; WOW64) AppleWebKit/537.36 (KHTML, like Gecko) Chrome/58.0.3029.110 Safari/537.36
77.88.8.8 - - [23/Jun/2025:18:27:15 +0300] "PUT  HTTP/1.1" 503 1435 "-" Mozilla/5.0 (Macintosh; Intel Mac OS X 12_4) AppleWebKit/605.1.15 (KHTML, like Gecko) Version/15.5 Safari/605.1.15
77.88.8.8 - - [23/Jun/2025:18:27:15 +0300] "PUT  HTTP/1.1" 503 441 "-" Mozilla/5.0 (Windows NT 10.0; Win64; x64; rv:115.0) Gecko/20100101 Firefox/115.0
77.88.8.8 - - [23/Jun/2025:18:27:15 +0300] "PATCH  HTTP/1.1" 503 360 "-" Mozilla/5.0 (X11; Linux x86_64) AppleWebKit/537.36 (KHTML, like Gecko) Chrome/117.0.0.0 Safari/537.36
62.217.190.200 - - [23/Jun/2025:18:27:15 +0300] "POST /download/file.zip HTTP/1.1" 501 1895 "-" curl/8.1.2
203.0.113.27 - - [23/Jun/2025:18:27:15 +0300] "GET /api/v1/users/images/logo.png HTTP/1.1" 401 1472 "-" Opera/9.80 (Windows NT 6.1; WOW64) Presto/2.12.388 Version/12.16
185.199.108.153 - - [23/Jun/2025:18:27:15 +0300] "PATCH /blog/2025/06/23/article-title HTTP/1.1" 404 1598 "-" Mozilla/5.0 (compatible; Googlebot/2.1; +http://www.google.com/bot.html)
142.250.190.14 - - [23/Jun/2025:18:27:15 +0300] "PUT /settings HTTP/1.1" 502 615 "-" Mozilla/5.0 (X11; Linux x86_64) AppleWebKit/537.36 (KHTML, like Gecko) Chrome/117.0.0.0 Safari/537.36
203.0.113.27 - - [23/Jun/2025:18:27:15 +0300] "GET /api/v1/users/images/logo.png HTTP/1.1" 401 826 "-" Mozilla/5.0 (X11; Linux x86_64) AppleWebKit/537.36 (KHTML, like Gecko) Chrome/117.0.0.0 Safari/537.36
198.51.100.14 - - [23/Jun/2025:18:27:15 +0300] "PUT /contact-us HTTP/1.1" 403 2495 "-" Mozilla/5.0 (Windows NT 10.0; Win64; x64; rv:115.0) Gecko/20100101 Firefox/115.0
172.16.5.3 - - [23/Jun/2025:18:27:15 +0300] "DELETE /products/item123 HTTP/1.1" 400 456 "-" Mozilla/5.0 (Windows NT 10.0; Win64; x64; rv:115.0) Gecko/20100101 Firefox/115.0
198.51.100.14 - - [23/Jun/2025:18:27:15 +0300] "POST /contact-us HTTP/1.1" 403 1206 "-" curl/8.1.2
62.217.190.200 - - [23/Jun/2025:18:27:15 +0300] "DELETE /download/file.zip HTTP/1.1" 501 442 "-" Mozilla/5.0 (compatible; MSIE 10.0; Windows NT 6.1; Trident/6.0)
10.0.0.12 - - [23/Jun/2025:18:27:15 +0300] "PUT /about HTTP/1.1" 201 1021 "-" curl/8.1.2
198.51.100.14 - - [23/Jun/2025:18:27:15 +0300] "GET /contact-us HTTP/1.1" 403 338 "-" Mozilla/5.0 (Linux; Android 10; SM-G975F) AppleWebKit/537.36 (KHTML, like Gecko) Chrome/111.0.0.0 Mobile Safari/537.36
62.217.190.200 - - [23/Jun/2025:18:27:15 +0300] "DELETE /download/file.zip HTTP/1.1" 501 1760 "-" Mozilla/5.0 (X11; Linux x86_64) AppleWebKit/537.36 (KHTML, like Gecko) Chrome/117.0.0.0 Safari/537.36
203.0.113.27 - - [23/Jun/2025:18:27:15 +0300] "POST /api/v1/users/images/logo.png HTTP/1.1" 401 963 "-" Opera/9.80 (Windows NT 6.1; WOW64) Presto/2.12.388 Version/12.16
203.0.113.27 - - [23/Jun/2025:18:27:15 +0300] "GET /api/v1/users/images/logo.png HTTP/1.1" 401 683 "-" Mozilla/5.0 (compatible; MSIE 10.0; Windows NT 6.1; Trident/6.0)
172.16.5.3 - - [23/Jun/2025:18:27:15 +0300] "PATCH /products/item123 HTTP/1.1" 400 1304 "-" Mozilla/5.0 (compatible; Googlebot/2.1; +http://www.google.com/bot.html)
203.0.113.27 - - [23/Jun/2025:18:27:15 +0300] "PATCH /api/v1/users/images/logo.png HTTP/1.1" 401 2250 "-" Mozilla/5.0 (Windows NT 6.1; WOW64) AppleWebKit/537.36 (KHTML, like Gecko) Chrome/58.0.3029.110 Safari/537.36
77.88.8.8 - - [23/Jun/2025:18:27:15 +0300] "PATCH  HTTP/1.1" 503 736 "-" Mozilla/5.0 (Linux; Android 10; SM-G975F) AppleWebKit/537.36 (KHTML, like Gecko) Chrome/111.0.0.0 Mobile Safari/537.36
216.58.209.78 - - [23/Jun/2025:18:27:15 +0300] "PUT /search HTTP/1.1" 500 831 "-" Mozilla/5.0 (Windows NT 6.1; WOW64) AppleWebKit/537.36 (KHTML, like Gecko) Chrome/58.0.3029.110 Safari/537.36
142.250.190.14 - - [23/Jun/2025:18:27:15 +0300] "PUT /settings HTTP/1.1" 502 1687 "-" Mozilla/5.0 (Macintosh; Intel Mac OS X 12_4) AppleWebKit/605.1.15 (KHTML, like Gecko) Version/15.5 Safari/605.1.15
203.0.113.27 - - [23/Jun/2025:18:27:15 +0300] "DELETE /api/v1/users/images/logo.png HTTP/1.1" 401 438 "-" Mozilla/5.0 (Linux; Android 10; SM-G975F) AppleWebKit/537.36 (KHTML, like Gecko) Chrome/111.0.0.0 Mobile Safari/537.36
142.250.190.14 - - [23/Jun/2025:18:27:15 +0300] "GET /settings HTTP/1.1" 502 366 "-" Mozilla/5.0 (Windows NT 6.1; WOW64) AppleWebKit/537.36 (KHTML, like Gecko) Chrome/58.0.3029.110 Safari/537.36
62.217.190.200 - - [23/Jun/2025:18:27:15 +0300] "POST /download/file.zip HTTP/1.1" 501 1772 "-" Mozilla/5.0 (Windows NT 10.0; Win64; x64; rv:115.0) Gecko/20100101 Firefox/115.0
77.88.8.8 - - [23/Jun/2025:18:27:15 +0300] "DELETE  HTTP/1.1" 503 2144 "-" Mozilla/5.0 (X11; Linux x86_64) AppleWebKit/537.36 (KHTML, like Gecko) Chrome/117.0.0.0 Safari/537.36
172.16.5.3 - - [23/Jun/2025:18:27:15 +0300] "GET /products/item123 HTTP/1.1" 400 1365 "-" Mozilla/5.0 (Windows NT 10.0; Win64; x64; rv:115.0) Gecko/20100101 Firefox/115.0
62.217.190.200 - - [23/Jun/2025:18:27:15 +0300] "GET /download/file.zip HTTP/1.1" 501 579 "-" Mozilla/5.0 (Linux; Android 10; SM-G975F) AppleWebKit/537.36 (KHTML, like Gecko) Chrome/111.0.0.0 Mobile Safari/537.36
172.16.5.3 - - [23/Jun/2025:18:27:15 +0300] "DELETE /products/item123 HTTP/1.1" 400 1039 "-" Mozilla/5.0 (Macintosh; Intel Mac OS X 12_4) AppleWebKit/605.1.15 (KHTML, like Gecko) Version/15.5 Safari/605.1.15
203.0.113.27 - - [23/Jun/2025:18:27:15 +0300] "GET /api/v1/users/images/logo.png HTTP/1.1" 401 1715 "-" Mozilla/5.0 (Windows NT 10.0; Win64; x64) AppleWebKit/537.36 (KHTML, like Gecko) Edge/91.0.864.67 Safari/537.36
10.0.0.12 - - [23/Jun/2025:18:27:15 +0300] "GET /about HTTP/1.1" 201 2468 "-" Mozilla/5.0 (Linux; Android 10; SM-G975F) AppleWebKit/537.36 (KHTML, like Gecko) Chrome/111.0.0.0 Mobile Safari/537.36
203.0.113.27 - - [23/Jun/2025:18:27:15 +0300] "GET /api/v1/users/images/logo.png HTTP/1.1" 401 1099 "-" Mozilla/5.0 (Windows NT 10.0; Win64; x64) AppleWebKit/537.36 (KHTML, like Gecko) Edge/91.0.864.67 Safari/537.36
10.0.0.12 - - [23/Jun/2025:18:27:15 +0300] "PATCH /about HTTP/1.1" 201 1315 "-" Mozilla/5.0 (Linux; Android 10; SM-G975F) AppleWebKit/537.36 (KHTML, like Gecko) Chrome/111.0.0.0 Mobile Safari/537.36
192.168.1.45 - - [23/Jun/2025:18:27:15 +0300] "DELETE /index.html HTTP/1.1" 200 1409 "-" Mozilla/5.0 (Windows NT 10.0; Win64; x64) AppleWebKit/537.36 (KHTML, like Gecko) Edge/91.0.864.67 Safari/537.36
185.199.108.153 - - [23/Jun/2025:18:27:15 +0300] "POST /blog/2025/06/23/article-title HTTP/1.1" 404 2000 "-" Mozilla/5.0 (Windows NT 10.0; Win64; x64) AppleWebKit/537.36 (KHTML, like Gecko) Edge/91.0.864.67 Safari/537.36
203.0.113.27 - - [23/Jun/2025:18:27:15 +0300] "DELETE /api/v1/users/images/logo.png HTTP/1.1" 401 1476 "-" Mozilla/5.0 (X11; Linux x86_64) AppleWebKit/537.36 (KHTML, like Gecko) Chrome/117.0.0.0 Safari/537.36
62.217.190.200 - - [23/Jun/2025:18:27:15 +0300] "PATCH /download/file.zip HTTP/1.1" 501 2212 "-" Opera/9.80 (Windows NT 6.1; WOW64) Presto/2.12.388 Version/12.16
192.168.1.45 - - [23/Jun/2025:18:27:15 +0300] "GET /index.html HTTP/1.1" 200 838 "-" Mozilla/5.0 (X11; Linux x86_64) AppleWebKit/537.36 (KHTML, like Gecko) Chrome/117.0.0.0 Safari/537.36
203.0.113.27 - - [23/Jun/2025:18:27:15 +0300] "POST /api/v1/users/images/logo.png HTTP/1.1" 401 425 "-" Mozilla/5.0 (Windows NT 6.1; WOW64) AppleWebKit/537.36 (KHTML, like Gecko) Chrome/58.0.3029.110 Safari/537.36
77.88.8.8 - - [23/Jun/2025:18:27:15 +0300] "GET  HTTP/1.1" 503 1408 "-" curl/8.1.2
203.0.113.27 - - [23/Jun/2025:18:27:15 +0300] "DELETE /api/v1/users/images/logo.png HTTP/1.1" 401 1376 "-" Mozilla/5.0 (Windows NT 10.0; Win64; x64; rv:115.0) Gecko/20100101 Firefox/115.0
198.51.100.14 - - [23/Jun/2025:18:27:15 +0300] "POST /contact-us HTTP/1.1" 403 1442 "-" Mozilla/5.0 (Macintosh; Intel Mac OS X 12_4) AppleWebKit/605.1.15 (KHTML, like Gecko) Version/15.5 Safari/605.1.15
192.168.1.45 - - [23/Jun/2025:18:27:15 +0300] "PATCH /index.html HTTP/1.1" 200 848 "-" Opera/9.80 (Windows NT 6.1; WOW64) Presto/2.12.388 Version/12.16
216.58.209.78 - - [23/Jun/2025:18:27:15 +0300] "PUT /search HTTP/1.1" 500 946 "-" Mozilla/5.0 (Windows NT 10.0; Win64; x64) AppleWebKit/537.36 (KHTML, like Gecko) Edge/91.0.864.67 Safari/537.36
216.58.209.78 - - [23/Jun/2025:18:27:15 +0300] "POST /search HTTP/1.1" 500 996 "-" Mozilla/5.0 (Windows NT 10.0; Win64; x64) AppleWebKit/537.36 (KHTML, like Gecko) Edge/91.0.864.67 Safari/537.36
185.199.108.153 - - [23/Jun/2025:18:27:16 +0300] "PUT /blog/2025/06/23/article-title HTTP/1.1" 404 1230 "-" Opera/9.80 (Windows NT 6.1; WOW64) Presto/2.12.388 Version/12.16
216.58.209.78 - - [23/Jun/2025:18:27:16 +0300] "GET /search HTTP/1.1" 500 1560 "-" Mozilla/5.0 (Windows NT 10.0; Win64; x64) AppleWebKit/537.36 (KHTML, like Gecko) Edge/91.0.864.67 Safari/537.36
192.168.1.45 - - [23/Jun/2025:18:27:16 +0300] "GET /index.html HTTP/1.1" 200 1986 "-" Mozilla/5.0 (Windows NT 10.0; Win64; x64; rv:115.0) Gecko/20100101 Firefox/115.0
192.168.1.45 - - [23/Jun/2025:18:27:16 +0300] "POST /index.html HTTP/1.1" 200 646 "-" Mozilla/5.0 (Windows NT 10.0; Win64; x64; rv:115.0) Gecko/20100101 Firefox/115.0
77.88.8.8 - - [23/Jun/2025:18:27:16 +0300] "PATCH  HTTP/1.1" 503 1662 "-" Mozilla/5.0 (X11; Linux x86_64) AppleWebKit/537.36 (KHTML, like Gecko) Chrome/117.0.0.0 Safari/537.36
172.16.5.3 - - [23/Jun/2025:18:27:16 +0300] "GET /products/item123 HTTP/1.1" 400 2131 "-" Mozilla/5.0 (X11; Linux x86_64) AppleWebKit/537.36 (KHTML, like Gecko) Chrome/117.0.0.0 Safari/537.36
172.16.5.3 - - [23/Jun/2025:18:27:16 +0300] "PUT /products/item123 HTTP/1.1" 400 1878 "-" Opera/9.80 (Windows NT 6.1; WOW64) Presto/2.12.388 Version/12.16
216.58.209.78 - - [23/Jun/2025:18:27:16 +0300] "GET /search HTTP/1.1" 500 2170 "-" Mozilla/5.0 (compatible; MSIE 10.0; Windows NT 6.1; Trident/6.0)
203.0.113.27 - - [23/Jun/2025:18:27:16 +0300] "PATCH /api/v1/users/images/logo.png HTTP/1.1" 401 1222 "-" curl/8.1.2
62.217.190.200 - - [23/Jun/2025:18:27:16 +0300] "POST /download/file.zip HTTP/1.1" 501 1487 "-" Mozilla/5.0 (X11; Linux x86_64) AppleWebKit/537.36 (KHTML, like Gecko) Chrome/117.0.0.0 Safari/537.36
10.0.0.12 - - [23/Jun/2025:18:27:16 +0300] "POST /about HTTP/1.1" 201 1266 "-" Mozilla/5.0 (Windows NT 6.1; WOW64) AppleWebKit/537.36 (KHTML, like Gecko) Chrome/58.0.3029.110 Safari/537.36
203.0.113.27 - - [23/Jun/2025:18:27:16 +0300] "POST /api/v1/users/images/logo.png HTTP/1.1" 401 1430 "-" Opera/9.80 (Windows NT 6.1; WOW64) Presto/2.12.388 Version/12.16
185.199.108.153 - - [23/Jun/2025:18:27:16 +0300] "PUT /blog/2025/06/23/article-title HTTP/1.1" 404 440 "-" curl/8.1.2
198.51.100.14 - - [23/Jun/2025:18:27:16 +0300] "GET /contact-us HTTP/1.1" 403 807 "-" Opera/9.80 (Windows NT 6.1; WOW64) Presto/2.12.388 Version/12.16
185.199.108.153 - - [23/Jun/2025:18:27:16 +0300] "GET /blog/2025/06/23/article-title HTTP/1.1" 404 1488 "-" Mozilla/5.0 (compatible; MSIE 10.0; Windows NT 6.1; Trident/6.0)
142.250.190.14 - - [23/Jun/2025:18:27:16 +0300] "PUT /settings HTTP/1.1" 502 681 "-" Mozilla/5.0 (Windows NT 6.1; WOW64) AppleWebKit/537.36 (KHTML, like Gecko) Chrome/58.0.3029.110 Safari/537.36
192.168.1.45 - - [23/Jun/2025:18:27:16 +0300] "PATCH /index.html HTTP/1.1" 200 1816 "-" Mozilla/5.0 (X11; Linux x86_64) AppleWebKit/537.36 (KHTML, like Gecko) Chrome/117.0.0.0 Safari/537.36
185.199.108.153 - - [23/Jun/2025:18:27:16 +0300] "GET /blog/2025/06/23/article-title HTTP/1.1" 404 2477 "-" Mozilla/5.0 (Windows NT 6.1; WOW64) AppleWebKit/537.36 (KHTML, like Gecko) Chrome/58.0.3029.110 Safari/537.36
216.58.209.78 - - [23/Jun/2025:18:27:16 +0300] "GET /search HTTP/1.1" 500 317 "-" Mozilla/5.0 (compatible; MSIE 10.0; Windows NT 6.1; Trident/6.0)
185.199.108.153 - - [23/Jun/2025:18:27:16 +0300] "PUT /blog/2025/06/23/article-title HTTP/1.1" 404 1239 "-" Mozilla/5.0 (Macintosh; Intel Mac OS X 12_4) AppleWebKit/605.1.15 (KHTML, like Gecko) Version/15.5 Safari/605.1.15
198.51.100.14 - - [23/Jun/2025:18:27:16 +0300] "PATCH /contact-us HTTP/1.1" 403 2157 "-" Mozilla/5.0 (X11; Linux x86_64) AppleWebKit/537.36 (KHTML, like Gecko) Chrome/117.0.0.0 Safari/537.36
192.168.1.45 - - [23/Jun/2025:18:27:16 +0300] "DELETE /index.html HTTP/1.1" 200 1201 "-" Mozilla/5.0 (X11; Linux x86_64) AppleWebKit/537.36 (KHTML, like Gecko) Chrome/117.0.0.0 Safari/537.36
198.51.100.14 - - [23/Jun/2025:18:27:16 +0300] "PUT /contact-us HTTP/1.1" 403 2053 "-" Mozilla/5.0 (compatible; MSIE 10.0; Windows NT 6.1; Trident/6.0)
172.16.5.3 - - [23/Jun/2025:18:27:16 +0300] "POST /products/item123 HTTP/1.1" 400 2030 "-" Mozilla/5.0 (Macintosh; Intel Mac OS X 12_4) AppleWebKit/605.1.15 (KHTML, like Gecko) Version/15.5 Safari/605.1.15
185.199.108.153 - - [23/Jun/2025:18:27:16 +0300] "PUT /blog/2025/06/23/article-title HTTP/1.1" 404 1655 "-" curl/8.1.2
198.51.100.14 - - [23/Jun/2025:18:27:16 +0300] "GET /contact-us HTTP/1.1" 403 2317 "-" Mozilla/5.0 (Windows NT 10.0; Win64; x64) AppleWebKit/537.36 (KHTML, like Gecko) Edge/91.0.864.67 Safari/537.36
142.250.190.14 - - [23/Jun/2025:18:27:16 +0300] "DELETE /settings HTTP/1.1" 502 568 "-" Mozilla/5.0 (X11; Linux x86_64) AppleWebKit/537.36 (KHTML, like Gecko) Chrome/117.0.0.0 Safari/537.36
216.58.209.78 - - [23/Jun/2025:18:27:16 +0300] "DELETE /search HTTP/1.1" 500 577 "-" Mozilla/5.0 (Windows NT 6.1; WOW64) AppleWebKit/537.36 (KHTML, like Gecko) Chrome/58.0.3029.110 Safari/537.36
172.16.5.3 - - [23/Jun/2025:18:27:16 +0300] "PATCH /products/item123 HTTP/1.1" 400 2022 "-" Opera/9.80 (Windows NT 6.1; WOW64) Presto/2.12.388 Version/12.16
216.58.209.78 - - [23/Jun/2025:18:27:16 +0300] "DELETE /search HTTP/1.1" 500 2307 "-" Mozilla/5.0 (Windows NT 10.0; Win64; x64) AppleWebKit/537.36 (KHTML, like Gecko) Edge/91.0.864.67 Safari/537.36
192.168.1.45 - - [23/Jun/2025:18:27:16 +0300] "PUT /index.html HTTP/1.1" 200 1234 "-" Mozilla/5.0 (compatible; Googlebot/2.1; +http://www.google.com/bot.html)
10.0.0.12 - - [23/Jun/2025:18:27:16 +0300] "GET /about HTTP/1.1" 201 318 "-" curl/8.1.2
216.58.209.78 - - [23/Jun/2025:18:27:16 +0300] "POST /search HTTP/1.1" 500 967 "-" Mozilla/5.0 (X11; Linux x86_64) AppleWebKit/537.36 (KHTML, like Gecko) Chrome/117.0.0.0 Safari/537.36
185.199.108.153 - - [23/Jun/2025:18:27:16 +0300] "PATCH /blog/2025/06/23/article-title HTTP/1.1" 404 1399 "-" Mozilla/5.0 (Windows NT 6.1; WOW64) AppleWebKit/537.36 (KHTML, like Gecko) Chrome/58.0.3029.110 Safari/537.36
77.88.8.8 - - [23/Jun/2025:18:27:16 +0300] "GET  HTTP/1.1" 503 2005 "-" Opera/9.80 (Windows NT 6.1; WOW64) Presto/2.12.388 Version/12.16
185.199.108.153 - - [23/Jun/2025:18:27:16 +0300] "PUT /blog/2025/06/23/article-title HTTP/1.1" 404 2494 "-" Mozilla/5.0 (compatible; MSIE 10.0; Windows NT 6.1; Trident/6.0)
77.88.8.8 - - [23/Jun/2025:18:27:16 +0300] "DELETE  HTTP/1.1" 503 1104 "-" Mozilla/5.0 (Macintosh; Intel Mac OS X 12_4) AppleWebKit/605.1.15 (KHTML, like Gecko) Version/15.5 Safari/605.1.15
198.51.100.14 - - [23/Jun/2025:18:27:16 +0300] "PATCH /contact-us HTTP/1.1" 403 839 "-" Opera/9.80 (Windows NT 6.1; WOW64) Presto/2.12.388 Version/12.16
198.51.100.14 - - [23/Jun/2025:18:27:16 +0300] "POST /contact-us HTTP/1.1" 403 1748 "-" Mozilla/5.0 (Windows NT 10.0; Win64; x64; rv:115.0) Gecko/20100101 Firefox/115.0
192.168.1.45 - - [23/Jun/2025:18:27:16 +0300] "PATCH /index.html HTTP/1.1" 200 1443 "-" Mozilla/5.0 (compatible; MSIE 10.0; Windows NT 6.1; Trident/6.0)
172.16.5.3 - - [23/Jun/2025:18:27:16 +0300] "PUT /products/item123 HTTP/1.1" 400 1512 "-" Mozilla/5.0 (Windows NT 10.0; Win64; x64; rv:115.0) Gecko/20100101 Firefox/115.0
172.16.5.3 - - [23/Jun/2025:18:27:16 +0300] "PATCH /products/item123 HTTP/1.1" 400 696 "-" Mozilla/5.0 (Linux; Android 10; SM-G975F) AppleWebKit/537.36 (KHTML, like Gecko) Chrome/111.0.0.0 Mobile Safari/537.36
172.16.5.3 - - [23/Jun/2025:18:27:16 +0300] "PUT /products/item123 HTTP/1.1" 400 1251 "-" Mozilla/5.0 (Macintosh; Intel Mac OS X 12_4) AppleWebKit/605.1.15 (KHTML, like Gecko) Version/15.5 Safari/605.1.15
192.168.1.45 - - [23/Jun/2025:18:27:16 +0300] "POST /index.html HTTP/1.1" 200 2119 "-" Mozilla/5.0 (Windows NT 6.1; WOW64) AppleWebKit/537.36 (KHTML, like Gecko) Chrome/58.0.3029.110 Safari/537.36
192.168.1.45 - - [23/Jun/2025:18:27:16 +0300] "PATCH /index.html HTTP/1.1" 200 524 "-" Mozilla/5.0 (compatible; Googlebot/2.1; +http://www.google.com/bot.html)
198.51.100.14 - - [23/Jun/2025:18:27:16 +0300] "PUT /contact-us HTTP/1.1" 403 1688 "-" Mozilla/5.0 (Windows NT 10.0; Win64; x64; rv:115.0) Gecko/20100101 Firefox/115.0
172.16.5.3 - - [23/Jun/2025:18:27:16 +0300] "PUT /products/item123 HTTP/1.1" 400 1100 "-" Mozilla/5.0 (Windows NT 6.1; WOW64) AppleWebKit/537.36 (KHTML, like Gecko) Chrome/58.0.3029.110 Safari/537.36
142.250.190.14 - - [23/Jun/2025:18:27:17 +0300] "GET /settings HTTP/1.1" 502 982 "-" Mozilla/5.0 (Linux; Android 10; SM-G975F) AppleWebKit/537.36 (KHTML, like Gecko) Chrome/111.0.0.0 Mobile Safari/537.36
62.217.190.200 - - [23/Jun/2025:18:27:17 +0300] "PUT /download/file.zip HTTP/1.1" 501 1246 "-" Mozilla/5.0 (Windows NT 10.0; Win64; x64) AppleWebKit/537.36 (KHTML, like Gecko) Edge/91.0.864.67 Safari/537.36
203.0.113.27 - - [23/Jun/2025:18:27:17 +0300] "DELETE /api/v1/users/images/logo.png HTTP/1.1" 401 1717 "-" Mozilla/5.0 (Windows NT 6.1; WOW64) AppleWebKit/537.36 (KHTML, like Gecko) Chrome/58.0.3029.110 Safari/537.36
77.88.8.8 - - [23/Jun/2025:18:27:17 +0300] "PATCH  HTTP/1.1" 503 755 "-" Mozilla/5.0 (Linux; Android 10; SM-G975F) AppleWebKit/537.36 (KHTML, like Gecko) Chrome/111.0.0.0 Mobile Safari/537.36
142.250.190.14 - - [23/Jun/2025:18:27:17 +0300] "POST /settings HTTP/1.1" 502 668 "-" Opera/9.80 (Windows NT 6.1; WOW64) Presto/2.12.388 Version/12.16
198.51.100.14 - - [23/Jun/2025:18:27:17 +0300] "PATCH /contact-us HTTP/1.1" 403 1551 "-" Mozilla/5.0 (Windows NT 6.1; WOW64) AppleWebKit/537.36 (KHTML, like Gecko) Chrome/58.0.3029.110 Safari/537.36
185.199.108.153 - - [23/Jun/2025:18:27:17 +0300] "DELETE /blog/2025/06/23/article-title HTTP/1.1" 404 556 "-" curl/8.1.2
77.88.8.8 - - [23/Jun/2025:18:27:17 +0300] "PATCH  HTTP/1.1" 503 1120 "-" Mozilla/5.0 (Macintosh; Intel Mac OS X 12_4) AppleWebKit/605.1.15 (KHTML, like Gecko) Version/15.5 Safari/605.1.15
62.217.190.200 - - [23/Jun/2025:18:27:17 +0300] "PATCH /download/file.zip HTTP/1.1" 501 2270 "-" Mozilla/5.0 (Windows NT 10.0; Win64; x64) AppleWebKit/537.36 (KHTML, like Gecko) Edge/91.0.864.67 Safari/537.36
10.0.0.12 - - [23/Jun/2025:18:27:17 +0300] "GET /about HTTP/1.1" 201 1846 "-" Mozilla/5.0 (compatible; MSIE 10.0; Windows NT 6.1; Trident/6.0)
172.16.5.3 - - [23/Jun/2025:18:27:17 +0300] "PUT /products/item123 HTTP/1.1" 400 1323 "-" Mozilla/5.0 (Linux; Android 10; SM-G975F) AppleWebKit/537.36 (KHTML, like Gecko) Chrome/111.0.0.0 Mobile Safari/537.36
203.0.113.27 - - [23/Jun/2025:18:27:17 +0300] "POST /api/v1/users/images/logo.png HTTP/1.1" 401 846 "-" Mozilla/5.0 (Linux; Android 10; SM-G975F) AppleWebKit/537.36 (KHTML, like Gecko) Chrome/111.0.0.0 Mobile Safari/537.36
77.88.8.8 - - [23/Jun/2025:18:27:17 +0300] "PATCH  HTTP/1.1" 503 1598 "-" Mozilla/5.0 (compatible; MSIE 10.0; Windows NT 6.1; Trident/6.0)
62.217.190.200 - - [23/Jun/2025:18:27:17 +0300] "DELETE /download/file.zip HTTP/1.1" 501 2372 "-" Mozilla/5.0 (Windows NT 10.0; Win64; x64; rv:115.0) Gecko/20100101 Firefox/115.0
198.51.100.14 - - [23/Jun/2025:18:27:17 +0300] "PATCH /contact-us HTTP/1.1" 403 1904 "-" Mozilla/5.0 (X11; Linux x86_64) AppleWebKit/537.36 (KHTML, like Gecko) Chrome/117.0.0.0 Safari/537.36
62.217.190.200 - - [23/Jun/2025:18:27:17 +0300] "PATCH /download/file.zip HTTP/1.1" 501 1856 "-" curl/8.1.2
192.168.1.45 - - [23/Jun/2025:18:27:17 +0300] "PATCH /index.html HTTP/1.1" 200 1430 "-" Mozilla/5.0 (Linux; Android 10; SM-G975F) AppleWebKit/537.36 (KHTML, like Gecko) Chrome/111.0.0.0 Mobile Safari/537.36
198.51.100.14 - - [23/Jun/2025:18:27:17 +0300] "POST /contact-us HTTP/1.1" 403 1486 "-" Opera/9.80 (Windows NT 6.1; WOW64) Presto/2.12.388 Version/12.16
172.16.5.3 - - [23/Jun/2025:18:27:17 +0300] "POST /products/item123 HTTP/1.1" 400 714 "-" Mozilla/5.0 (X11; Linux x86_64) AppleWebKit/537.36 (KHTML, like Gecko) Chrome/117.0.0.0 Safari/537.36
185.199.108.153 - - [23/Jun/2025:18:27:17 +0300] "PATCH /blog/2025/06/23/article-title HTTP/1.1" 404 2466 "-" Mozilla/5.0 (Windows NT 6.1; WOW64) AppleWebKit/537.36 (KHTML, like Gecko) Chrome/58.0.3029.110 Safari/537.36
77.88.8.8 - - [23/Jun/2025:18:27:17 +0300] "PATCH  HTTP/1.1" 503 1869 "-" Mozilla/5.0 (Linux; Android 10; SM-G975F) AppleWebKit/537.36 (KHTML, like Gecko) Chrome/111.0.0.0 Mobile Safari/537.36
203.0.113.27 - - [23/Jun/2025:18:27:17 +0300] "PUT /api/v1/users/images/logo.png HTTP/1.1" 401 1275 "-" Mozilla/5.0 (compatible; MSIE 10.0; Windows NT 6.1; Trident/6.0)
185.199.108.153 - - [23/Jun/2025:18:27:17 +0300] "PUT /blog/2025/06/23/article-title HTTP/1.1" 404 1912 "-" Mozilla/5.0 (Windows NT 6.1; WOW64) AppleWebKit/537.36 (KHTML, like Gecko) Chrome/58.0.3029.110 Safari/537.36
10.0.0.12 - - [23/Jun/2025:18:27:17 +0300] "PATCH /about HTTP/1.1" 201 635 "-" curl/8.1.2
185.199.108.153 - - [23/Jun/2025:18:27:17 +0300] "POST /blog/2025/06/23/article-title HTTP/1.1" 404 1911 "-" Mozilla/5.0 (X11; Linux x86_64) AppleWebKit/537.36 (KHTML, like Gecko) Chrome/117.0.0.0 Safari/537.36
142.250.190.14 - - [23/Jun/2025:18:27:17 +0300] "GET /settings HTTP/1.1" 502 1260 "-" Mozilla/5.0 (Windows NT 10.0; Win64; x64) AppleWebKit/537.36 (KHTML, like Gecko) Edge/91.0.864.67 Safari/537.36
77.88.8.8 - - [23/Jun/2025:18:27:17 +0300] "PATCH  HTTP/1.1" 503 1649 "-" Opera/9.80 (Windows NT 6.1; WOW64) Presto/2.12.388 Version/12.16
192.168.1.45 - - [23/Jun/2025:18:27:17 +0300] "POST /index.html HTTP/1.1" 200 468 "-" Mozilla/5.0 (Macintosh; Intel Mac OS X 12_4) AppleWebKit/605.1.15 (KHTML, like Gecko) Version/15.5 Safari/605.1.15
172.16.5.3 - - [23/Jun/2025:18:27:17 +0300] "GET /products/item123 HTTP/1.1" 400 1180 "-" Mozilla/5.0 (Macintosh; Intel Mac OS X 12_4) AppleWebKit/605.1.15 (KHTML, like Gecko) Version/15.5 Safari/605.1.15
77.88.8.8 - - [23/Jun/2025:18:27:17 +0300] "PUT  HTTP/1.1" 503 539 "-" Mozilla/5.0 (Macintosh; Intel Mac OS X 12_4) AppleWebKit/605.1.15 (KHTML, like Gecko) Version/15.5 Safari/605.1.15
198.51.100.14 - - [23/Jun/2025:18:27:17 +0300] "DELETE /contact-us HTTP/1.1" 403 1069 "-" Mozilla/5.0 (Macintosh; Intel Mac OS X 12_4) AppleWebKit/605.1.15 (KHTML, like Gecko) Version/15.5 Safari/605.1.15
185.199.108.153 - - [23/Jun/2025:18:27:17 +0300] "PUT /blog/2025/06/23/article-title HTTP/1.1" 404 553 "-" Opera/9.80 (Windows NT 6.1; WOW64) Presto/2.12.388 Version/12.16
172.16.5.3 - - [23/Jun/2025:18:27:17 +0300] "GET /products/item123 HTTP/1.1" 400 388 "-" Opera/9.80 (Windows NT 6.1; WOW64) Presto/2.12.388 Version/12.16
62.217.190.200 - - [23/Jun/2025:18:27:17 +0300] "PATCH /download/file.zip HTTP/1.1" 501 725 "-" Mozilla/5.0 (compatible; Googlebot/2.1; +http://www.google.com/bot.html)
203.0.113.27 - - [23/Jun/2025:18:27:17 +0300] "PUT /api/v1/users/images/logo.png HTTP/1.1" 401 1870 "-" Mozilla/5.0 (Windows NT 6.1; WOW64) AppleWebKit/537.36 (KHTML, like Gecko) Chrome/58.0.3029.110 Safari/537.36
10.0.0.12 - - [23/Jun/2025:18:27:17 +0300] "DELETE /about HTTP/1.1" 201 1473 "-" Mozilla/5.0 (Windows NT 10.0; Win64; x64; rv:115.0) Gecko/20100101 Firefox/115.0
77.88.8.8 - - [23/Jun/2025:18:27:17 +0300] "GET  HTTP/1.1" 503 1185 "-" Mozilla/5.0 (compatible; Googlebot/2.1; +http://www.google.com/bot.html)
192.168.1.45 - - [23/Jun/2025:18:27:17 +0300] "PUT /index.html HTTP/1.1" 200 1614 "-" Opera/9.80 (Windows NT 6.1; WOW64) Presto/2.12.388 Version/12.16
185.199.108.153 - - [23/Jun/2025:18:27:17 +0300] "DELETE /blog/2025/06/23/article-title HTTP/1.1" 404 2013 "-" Mozilla/5.0 (compatible; MSIE 10.0; Windows NT 6.1; Trident/6.0)
203.0.113.27 - - [23/Jun/2025:18:27:17 +0300] "POST /api/v1/users/images/logo.png HTTP/1.1" 401 1435 "-" Mozilla/5.0 (Linux; Android 10; SM-G975F) AppleWebKit/537.36 (KHTML, like Gecko) Chrome/111.0.0.0 Mobile Safari/537.36
77.88.8.8 - - [23/Jun/2025:18:27:17 +0300] "POST  HTTP/1.1" 503 1542 "-" Mozilla/5.0 (X11; Linux x86_64) AppleWebKit/537.36 (KHTML, like Gecko) Chrome/117.0.0.0 Safari/537.36
10.0.0.12 - - [23/Jun/2025:18:27:17 +0300] "POST /about HTTP/1.1" 201 723 "-" Opera/9.80 (Windows NT 6.1; WOW64) Presto/2.12.388 Version/12.16
172.16.5.3 - - [23/Jun/2025:18:27:17 +0300] "PUT /products/item123 HTTP/1.1" 400 1629 "-" Mozilla/5.0 (Macintosh; Intel Mac OS X 12_4) AppleWebKit/605.1.15 (KHTML, like Gecko) Version/15.5 Safari/605.1.15
203.0.113.27 - - [23/Jun/2025:18:27:17 +0300] "POST /api/v1/users/images/logo.png HTTP/1.1" 401 1910 "-" Mozilla/5.0 (Windows NT 10.0; Win64; x64; rv:115.0) Gecko/20100101 Firefox/115.0
203.0.113.27 - - [23/Jun/2025:18:27:17 +0300] "POST /api/v1/users/images/logo.png HTTP/1.1" 401 1038 "-" Mozilla/5.0 (Linux; Android 10; SM-G975F) AppleWebKit/537.36 (KHTML, like Gecko) Chrome/111.0.0.0 Mobile Safari/537.36
198.51.100.14 - - [23/Jun/2025:18:27:17 +0300] "GET /contact-us HTTP/1.1" 403 1158 "-" Opera/9.80 (Windows NT 6.1; WOW64) Presto/2.12.388 Version/12.16
77.88.8.8 - - [23/Jun/2025:18:27:18 +0300] "PUT  HTTP/1.1" 503 928 "-" Mozilla/5.0 (X11; Linux x86_64) AppleWebKit/537.36 (KHTML, like Gecko) Chrome/117.0.0.0 Safari/537.36
142.250.190.14 - - [23/Jun/2025:18:27:18 +0300] "PUT /settings HTTP/1.1" 502 735 "-" Mozilla/5.0 (compatible; Googlebot/2.1; +http://www.google.com/bot.html)
198.51.100.14 - - [23/Jun/2025:18:27:18 +0300] "POST /contact-us HTTP/1.1" 403 523 "-" Mozilla/5.0 (Linux; Android 10; SM-G975F) AppleWebKit/537.36 (KHTML, like Gecko) Chrome/111.0.0.0 Mobile Safari/537.36
203.0.113.27 - - [23/Jun/2025:18:27:18 +0300] "POST /api/v1/users/images/logo.png HTTP/1.1" 401 511 "-" Mozilla/5.0 (Macintosh; Intel Mac OS X 12_4) AppleWebKit/605.1.15 (KHTML, like Gecko) Version/15.5 Safari/605.1.15
192.168.1.45 - - [23/Jun/2025:18:27:18 +0300] "POST /index.html HTTP/1.1" 200 1072 "-" Mozilla/5.0 (Linux; Android 10; SM-G975F) AppleWebKit/537.36 (KHTML, like Gecko) Chrome/111.0.0.0 Mobile Safari/537.36
62.217.190.200 - - [23/Jun/2025:18:27:18 +0300] "PATCH /download/file.zip HTTP/1.1" 501 2401 "-" curl/8.1.2
216.58.209.78 - - [23/Jun/2025:18:27:18 +0300] "POST /search HTTP/1.1" 500 1748 "-" Opera/9.80 (Windows NT 6.1; WOW64) Presto/2.12.388 Version/12.16
10.0.0.12 - - [23/Jun/2025:18:27:18 +0300] "GET /about HTTP/1.1" 201 446 "-" Mozilla/5.0 (compatible; Googlebot/2.1; +http://www.google.com/bot.html)
172.16.5.3 - - [23/Jun/2025:18:27:18 +0300] "DELETE /products/item123 HTTP/1.1" 400 827 "-" Mozilla/5.0 (compatible; MSIE 10.0; Windows NT 6.1; Trident/6.0)
216.58.209.78 - - [23/Jun/2025:18:27:18 +0300] "PUT /search HTTP/1.1" 500 1124 "-" Mozilla/5.0 (compatible; MSIE 10.0; Windows NT 6.1; Trident/6.0)
185.199.108.153 - - [23/Jun/2025:18:27:18 +0300] "PUT /blog/2025/06/23/article-title HTTP/1.1" 404 1484 "-" curl/8.1.2
62.217.190.200 - - [23/Jun/2025:18:27:18 +0300] "PATCH /download/file.zip HTTP/1.1" 501 1922 "-" curl/8.1.2
62.217.190.200 - - [23/Jun/2025:18:27:18 +0300] "PUT /download/file.zip HTTP/1.1" 501 1807 "-" Mozilla/5.0 (X11; Linux x86_64) AppleWebKit/537.36 (KHTML, like Gecko) Chrome/117.0.0.0 Safari/537.36
10.0.0.12 - - [23/Jun/2025:18:27:18 +0300] "PUT /about HTTP/1.1" 201 502 "-" Mozilla/5.0 (compatible; Googlebot/2.1; +http://www.google.com/bot.html)
185.199.108.153 - - [23/Jun/2025:18:27:18 +0300] "GET /blog/2025/06/23/article-title HTTP/1.1" 404 950 "-" Mozilla/5.0 (Macintosh; Intel Mac OS X 12_4) AppleWebKit/605.1.15 (KHTML, like Gecko) Version/15.5 Safari/605.1.15
77.88.8.8 - - [23/Jun/2025:18:27:18 +0300] "PATCH  HTTP/1.1" 503 2165 "-" Mozilla/5.0 (Windows NT 6.1; WOW64) AppleWebKit/537.36 (KHTML, like Gecko) Chrome/58.0.3029.110 Safari/537.36
142.250.190.14 - - [23/Jun/2025:18:27:18 +0300] "PATCH /settings HTTP/1.1" 502 754 "-" Mozilla/5.0 (compatible; Googlebot/2.1; +http://www.google.com/bot.html)
203.0.113.27 - - [23/Jun/2025:18:27:18 +0300] "PATCH /api/v1/users/images/logo.png HTTP/1.1" 401 1285 "-" curl/8.1.2
216.58.209.78 - - [23/Jun/2025:18:27:18 +0300] "PUT /search HTTP/1.1" 500 1274 "-" Mozilla/5.0 (Windows NT 10.0; Win64; x64) AppleWebKit/537.36 (KHTML, like Gecko) Edge/91.0.864.67 Safari/537.36
185.199.108.153 - - [23/Jun/2025:18:27:18 +0300] "GET /blog/2025/06/23/article-title HTTP/1.1" 404 425 "-" Mozilla/5.0 (Windows NT 6.1; WOW64) AppleWebKit/537.36 (KHTML, like Gecko) Chrome/58.0.3029.110 Safari/537.36
10.0.0.12 - - [23/Jun/2025:18:27:18 +0300] "DELETE /about HTTP/1.1" 201 1817 "-" Mozilla/5.0 (compatible; MSIE 10.0; Windows NT 6.1; Trident/6.0)
172.16.5.3 - - [23/Jun/2025:18:27:18 +0300] "GET /products/item123 HTTP/1.1" 400 1450 "-" Mozilla/5.0 (Windows NT 6.1; WOW64) AppleWebKit/537.36 (KHTML, like Gecko) Chrome/58.0.3029.110 Safari/537.36
172.16.5.3 - - [23/Jun/2025:18:27:18 +0300] "DELETE /products/item123 HTTP/1.1" 400 1344 "-" Mozilla/5.0 (Linux; Android 10; SM-G975F) AppleWebKit/537.36 (KHTML, like Gecko) Chrome/111.0.0.0 Mobile Safari/537.36
192.168.1.45 - - [23/Jun/2025:18:27:18 +0300] "DELETE /index.html HTTP/1.1" 200 2325 "-" curl/8.1.2
192.168.1.45 - - [23/Jun/2025:18:27:18 +0300] "GET /index.html HTTP/1.1" 200 1772 "-" Mozilla/5.0 (Macintosh; Intel Mac OS X 12_4) AppleWebKit/605.1.15 (KHTML, like Gecko) Version/15.5 Safari/605.1.15
142.250.190.14 - - [23/Jun/2025:18:27:18 +0300] "PUT /settings HTTP/1.1" 502 1066 "-" Opera/9.80 (Windows NT 6.1; WOW64) Presto/2.12.388 Version/12.16
62.217.190.200 - - [23/Jun/2025:18:27:18 +0300] "GET /download/file.zip HTTP/1.1" 501 2245 "-" Mozilla/5.0 (Windows NT 6.1; WOW64) AppleWebKit/537.36 (KHTML, like Gecko) Chrome/58.0.3029.110 Safari/537.36
192.168.1.45 - - [23/Jun/2025:18:27:18 +0300] "DELETE /index.html HTTP/1.1" 200 1324 "-" Mozilla/5.0 (X11; Linux x86_64) AppleWebKit/537.36 (KHTML, like Gecko) Chrome/117.0.0.0 Safari/537.36
185.199.108.153 - - [23/Jun/2025:18:27:18 +0300] "DELETE /blog/2025/06/23/article-title HTTP/1.1" 404 830 "-" Mozilla/5.0 (Windows NT 10.0; Win64; x64; rv:115.0) Gecko/20100101 Firefox/115.0
192.168.1.45 - - [23/Jun/2025:18:27:18 +0300] "PUT /index.html HTTP/1.1" 200 1343 "-" Mozilla/5.0 (Windows NT 10.0; Win64; x64) AppleWebKit/537.36 (KHTML, like Gecko) Edge/91.0.864.67 Safari/537.36
203.0.113.27 - - [23/Jun/2025:18:27:18 +0300] "DELETE /api/v1/users/images/logo.png HTTP/1.1" 401 1971 "-" Mozilla/5.0 (Windows NT 6.1; WOW64) AppleWebKit/537.36 (KHTML, like Gecko) Chrome/58.0.3029.110 Safari/537.36
172.16.5.3 - - [23/Jun/2025:18:27:18 +0300] "PUT /products/item123 HTTP/1.1" 400 1184 "-" Mozilla/5.0 (Windows NT 10.0; Win64; x64) AppleWebKit/537.36 (KHTML, like Gecko) Edge/91.0.864.67 Safari/537.36
142.250.190.14 - - [23/Jun/2025:18:27:18 +0300] "PUT /settings HTTP/1.1" 502 516 "-" Mozilla/5.0 (Windows NT 6.1; WOW64) AppleWebKit/537.36 (KHTML, like Gecko) Chrome/58.0.3029.110 Safari/537.36
62.217.190.200 - - [23/Jun/2025:18:27:18 +0300] "DELETE /download/file.zip HTTP/1.1" 501 1930 "-" Mozilla/5.0 (compatible; Googlebot/2.1; +http://www.google.com/bot.html)
198.51.100.14 - - [23/Jun/2025:18:27:18 +0300] "GET /contact-us HTTP/1.1" 403 1644 "-" Mozilla/5.0 (Windows NT 10.0; Win64; x64) AppleWebKit/537.36 (KHTML, like Gecko) Edge/91.0.864.67 Safari/537.36
172.16.5.3 - - [23/Jun/2025:18:27:18 +0300] "PUT /products/item123 HTTP/1.1" 400 694 "-" Opera/9.80 (Windows NT 6.1; WOW64) Presto/2.12.388 Version/12.16
10.0.0.12 - - [23/Jun/2025:18:27:18 +0300] "GET /about HTTP/1.1" 201 461 "-" curl/8.1.2
62.217.190.200 - - [23/Jun/2025:18:27:18 +0300] "PATCH /download/file.zip HTTP/1.1" 501 491 "-" Mozilla/5.0 (Windows NT 6.1; WOW64) AppleWebKit/537.36 (KHTML, like Gecko) Chrome/58.0.3029.110 Safari/537.36
10.0.0.12 - - [23/Jun/2025:18:27:18 +0300] "PUT /about HTTP/1.1" 201 448 "-" curl/8.1.2
203.0.113.27 - - [23/Jun/2025:18:27:18 +0300] "PATCH /api/v1/users/images/logo.png HTTP/1.1" 401 2085 "-" Mozilla/5.0 (X11; Linux x86_64) AppleWebKit/537.36 (KHTML, like Gecko) Chrome/117.0.0.0 Safari/537.36
198.51.100.14 - - [23/Jun/2025:18:27:18 +0300] "GET /contact-us HTTP/1.1" 403 2145 "-" Mozilla/5.0 (Macintosh; Intel Mac OS X 12_4) AppleWebKit/605.1.15 (KHTML, like Gecko) Version/15.5 Safari/605.1.15
192.168.1.45 - - [23/Jun/2025:18:27:18 +0300] "GET /index.html HTTP/1.1" 200 1412 "-" Mozilla/5.0 (compatible; Googlebot/2.1; +http://www.google.com/bot.html)
172.16.5.3 - - [23/Jun/2025:18:27:18 +0300] "DELETE /products/item123 HTTP/1.1" 400 1629 "-" Mozilla/5.0 (Windows NT 10.0; Win64; x64) AppleWebKit/537.36 (KHTML, like Gecko) Edge/91.0.864.67 Safari/537.36
10.0.0.12 - - [23/Jun/2025:18:27:18 +0300] "PATCH /about HTTP/1.1" 201 899 "-" Mozilla/5.0 (Windows NT 10.0; Win64; x64; rv:115.0) Gecko/20100101 Firefox/115.0
172.16.5.3 - - [23/Jun/2025:18:27:18 +0300] "POST /products/item123 HTTP/1.1" 400 2130 "-" curl/8.1.2
77.88.8.8 - - [23/Jun/2025:18:27:19 +0300] "DELETE  HTTP/1.1" 503 2269 "-" curl/8.1.2
198.51.100.14 - - [23/Jun/2025:18:27:19 +0300] "PUT /contact-us HTTP/1.1" 403 1086 "-" Mozilla/5.0 (Linux; Android 10; SM-G975F) AppleWebKit/537.36 (KHTML, like Gecko) Chrome/111.0.0.0 Mobile Safari/537.36
216.58.209.78 - - [23/Jun/2025:18:27:19 +0300] "PUT /search HTTP/1.1" 500 2027 "-" Mozilla/5.0 (X11; Linux x86_64) AppleWebKit/537.36 (KHTML, like Gecko) Chrome/117.0.0.0 Safari/537.36
172.16.5.3 - - [23/Jun/2025:18:27:19 +0300] "POST /products/item123 HTTP/1.1" 400 2494 "-" curl/8.1.2
172.16.5.3 - - [23/Jun/2025:18:27:19 +0300] "GET /products/item123 HTTP/1.1" 400 619 "-" Mozilla/5.0 (Macintosh; Intel Mac OS X 12_4) AppleWebKit/605.1.15 (KHTML, like Gecko) Version/15.5 Safari/605.1.15
172.16.5.3 - - [23/Jun/2025:18:27:19 +0300] "POST /products/item123 HTTP/1.1" 400 1064 "-" Mozilla/5.0 (compatible; Googlebot/2.1; +http://www.google.com/bot.html)
192.168.1.45 - - [23/Jun/2025:18:27:19 +0300] "DELETE /index.html HTTP/1.1" 200 1846 "-" Mozilla/5.0 (Windows NT 10.0; Win64; x64) AppleWebKit/537.36 (KHTML, like Gecko) Edge/91.0.864.67 Safari/537.36
10.0.0.12 - - [23/Jun/2025:18:27:19 +0300] "POST /about HTTP/1.1" 201 2226 "-" Mozilla/5.0 (Windows NT 10.0; Win64; x64) AppleWebKit/537.36 (KHTML, like Gecko) Edge/91.0.864.67 Safari/537.36
185.199.108.153 - - [23/Jun/2025:18:27:19 +0300] "GET /blog/2025/06/23/article-title HTTP/1.1" 404 1739 "-" curl/8.1.2
185.199.108.153 - - [23/Jun/2025:18:27:19 +0300] "GET /blog/2025/06/23/article-title HTTP/1.1" 404 1414 "-" Mozilla/5.0 (Windows NT 10.0; Win64; x64) AppleWebKit/537.36 (KHTML, like Gecko) Edge/91.0.864.67 Safari/537.36
203.0.113.27 - - [23/Jun/2025:18:27:19 +0300] "GET /api/v1/users/images/logo.png HTTP/1.1" 401 529 "-" Mozilla/5.0 (Windows NT 10.0; Win64; x64) AppleWebKit/537.36 (KHTML, like Gecko) Edge/91.0.864.67 Safari/537.36
192.168.1.45 - - [23/Jun/2025:18:27:19 +0300] "PUT /index.html HTTP/1.1" 200 2310 "-" Mozilla/5.0 (Macintosh; Intel Mac OS X 12_4) AppleWebKit/605.1.15 (KHTML, like Gecko) Version/15.5 Safari/605.1.15
185.199.108.153 - - [23/Jun/2025:18:27:19 +0300] "PATCH /blog/2025/06/23/article-title HTTP/1.1" 404 2063 "-" Opera/9.80 (Windows NT 6.1; WOW64) Presto/2.12.388 Version/12.16
216.58.209.78 - - [23/Jun/2025:18:27:19 +0300] "GET /search HTTP/1.1" 500 1786 "-" Mozilla/5.0 (compatible; Googlebot/2.1; +http://www.google.com/bot.html)
192.168.1.45 - - [23/Jun/2025:18:27:19 +0300] "POST /index.html HTTP/1.1" 200 1092 "-" Mozilla/5.0 (Windows NT 10.0; Win64; x64; rv:115.0) Gecko/20100101 Firefox/115.0
172.16.5.3 - - [23/Jun/2025:18:27:19 +0300] "DELETE /products/item123 HTTP/1.1" 400 1102 "-" Mozilla/5.0 (compatible; MSIE 10.0; Windows NT 6.1; Trident/6.0)
185.199.108.153 - - [23/Jun/2025:18:27:19 +0300] "POST /blog/2025/06/23/article-title HTTP/1.1" 404 1116 "-" Mozilla/5.0 (Windows NT 10.0; Win64; x64; rv:115.0) Gecko/20100101 Firefox/115.0
142.250.190.14 - - [23/Jun/2025:18:27:19 +0300] "GET /settings HTTP/1.1" 502 513 "-" Opera/9.80 (Windows NT 6.1; WOW64) Presto/2.12.388 Version/12.16
62.217.190.200 - - [23/Jun/2025:18:27:19 +0300] "GET /download/file.zip HTTP/1.1" 501 1319 "-" Opera/9.80 (Windows NT 6.1; WOW64) Presto/2.12.388 Version/12.16
192.168.1.45 - - [23/Jun/2025:18:27:19 +0300] "PATCH /index.html HTTP/1.1" 200 2288 "-" Opera/9.80 (Windows NT 6.1; WOW64) Presto/2.12.388 Version/12.16
62.217.190.200 - - [23/Jun/2025:18:27:19 +0300] "PUT /download/file.zip HTTP/1.1" 501 546 "-" curl/8.1.2
77.88.8.8 - - [23/Jun/2025:18:27:19 +0300] "GET  HTTP/1.1" 503 1307 "-" Mozilla/5.0 (Linux; Android 10; SM-G975F) AppleWebKit/537.36 (KHTML, like Gecko) Chrome/111.0.0.0 Mobile Safari/537.36
192.168.1.45 - - [23/Jun/2025:18:27:19 +0300] "PATCH /index.html HTTP/1.1" 200 1728 "-" Mozilla/5.0 (compatible; Googlebot/2.1; +http://www.google.com/bot.html)
192.168.1.45 - - [23/Jun/2025:18:27:19 +0300] "PUT /index.html HTTP/1.1" 200 1002 "-" Mozilla/5.0 (compatible; MSIE 10.0; Windows NT 6.1; Trident/6.0)
77.88.8.8 - - [23/Jun/2025:18:27:19 +0300] "PUT  HTTP/1.1" 503 1846 "-" Mozilla/5.0 (Windows NT 6.1; WOW64) AppleWebKit/537.36 (KHTML, like Gecko) Chrome/58.0.3029.110 Safari/537.36
172.16.5.3 - - [23/Jun/2025:18:27:19 +0300] "GET /products/item123 HTTP/1.1" 400 1168 "-" Mozilla/5.0 (Windows NT 10.0; Win64; x64) AppleWebKit/537.36 (KHTML, like Gecko) Edge/91.0.864.67 Safari/537.36
10.0.0.12 - - [23/Jun/2025:18:27:19 +0300] "DELETE /about HTTP/1.1" 201 1064 "-" Mozilla/5.0 (Macintosh; Intel Mac OS X 12_4) AppleWebKit/605.1.15 (KHTML, like Gecko) Version/15.5 Safari/605.1.15
192.168.1.45 - - [23/Jun/2025:18:27:19 +0300] "PATCH /index.html HTTP/1.1" 200 2112 "-" Mozilla/5.0 (compatible; MSIE 10.0; Windows NT 6.1; Trident/6.0)
142.250.190.14 - - [23/Jun/2025:18:27:19 +0300] "DELETE /settings HTTP/1.1" 502 1576 "-" Opera/9.80 (Windows NT 6.1; WOW64) Presto/2.12.388 Version/12.16
10.0.0.12 - - [23/Jun/2025:18:27:19 +0300] "GET /about HTTP/1.1" 201 1635 "-" curl/8.1.2
198.51.100.14 - - [23/Jun/2025:18:27:19 +0300] "PATCH /contact-us HTTP/1.1" 403 1125 "-" curl/8.1.2
185.199.108.153 - - [23/Jun/2025:18:27:19 +0300] "PATCH /blog/2025/06/23/article-title HTTP/1.1" 404 1648 "-" curl/8.1.2
142.250.190.14 - - [23/Jun/2025:18:27:19 +0300] "PATCH /settings HTTP/1.1" 502 1518 "-" Mozilla/5.0 (Windows NT 6.1; WOW64) AppleWebKit/537.36 (KHTML, like Gecko) Chrome/58.0.3029.110 Safari/537.36
172.16.5.3 - - [23/Jun/2025:18:27:19 +0300] "PATCH /products/item123 HTTP/1.1" 400 1062 "-" Mozilla/5.0 (Windows NT 10.0; Win64; x64; rv:115.0) Gecko/20100101 Firefox/115.0
216.58.209.78 - - [23/Jun/2025:18:27:19 +0300] "POST /search HTTP/1.1" 500 1301 "-" Mozilla/5.0 (Windows NT 6.1; WOW64) AppleWebKit/537.36 (KHTML, like Gecko) Chrome/58.0.3029.110 Safari/537.36
216.58.209.78 - - [23/Jun/2025:18:27:19 +0300] "DELETE /search HTTP/1.1" 500 2092 "-" curl/8.1.2
142.250.190.14 - - [23/Jun/2025:18:27:19 +0300] "DELETE /settings HTTP/1.1" 502 2404 "-" Mozilla/5.0 (compatible; Googlebot/2.1; +http://www.google.com/bot.html)
