10.0.0.12 - - [23/Jun/2025:18:26:48 +0300] "POST /about HTTP/1.1" 201 424 "-" Mozilla/5.0 (Windows NT 10.0; Win64; x64) AppleWebKit/537.36 (KHTML, like Gecko) Edge/91.0.864.67 Safari/537.36
10.0.0.12 - - [23/Jun/2025:18:26:48 +0300] "PATCH /about HTTP/1.1" 201 1175 "-" Opera/9.80 (Windows NT 6.1; WOW64) Presto/2.12.388 Version/12.16
203.0.113.27 - - [23/Jun/2025:18:26:48 +0300] "PUT /api/v1/users/images/logo.png HTTP/1.1" 401 1263 "-" Mozilla/5.0 (Macintosh; Intel Mac OS X 12_4) AppleWebKit/605.1.15 (KHTML, like Gecko) Version/15.5 Safari/605.1.15
142.250.190.14 - - [23/Jun/2025:18:26:48 +0300] "POST /settings HTTP/1.1" 502 343 "-" Mozilla/5.0 (Macintosh; Intel Mac OS X 12_4) AppleWebKit/605.1.15 (KHTML, like Gecko) Version/15.5 Safari/605.1.15
10.0.0.12 - - [23/Jun/2025:18:26:48 +0300] "DELETE /about HTTP/1.1" 201 857 "-" Mozilla/5.0 (Linux; Android 10; SM-G975F) AppleWebKit/537.36 (KHTML, like Gecko) Chrome/111.0.0.0 Mobile Safari/537.36
198.51.100.14 - - [23/Jun/2025:18:26:48 +0300] "POST /contact-us HTTP/1.1" 403 2386 "-" Mozilla/5.0 (X11; Linux x86_64) AppleWebKit/537.36 (KHTML, like Gecko) Chrome/117.0.0.0 Safari/537.36
77.88.8.8 - - [23/Jun/2025:18:26:48 +0300] "POST  HTTP/1.1" 503 440 "-" curl/8.1.2
185.199.108.153 - - [23/Jun/2025:18:26:48 +0300] "DELETE /blog/2025/06/23/article-title HTTP/1.1" 404 1937 "-" Mozilla/5.0 (Windows NT 6.1; WOW64) AppleWebKit/537.36 (KHTML, like Gecko) Chrome/58.0.3029.110 Safari/537.36
62.217.190.200 - - [23/Jun/2025:18:26:48 +0300] "PATCH /download/file.zip HTTP/1.1" 501 988 "-" curl/8.1.2
142.250.190.14 - - [23/Jun/2025:18:26:48 +0300] "PATCH /settings HTTP/1.1" 502 2473 "-" Mozilla/5.0 (Windows NT 10.0; Win64; x64) AppleWebKit/537.36 (KHTML, like Gecko) Edge/91.0.864.67 Safari/537.36
185.199.108.153 - - [23/Jun/2025:18:26:48 +0300] "POST /blog/2025/06/23/article-title HTTP/1.1" 404 1932 "-" Mozilla/5.0 (Windows NT 10.0; Win64; x64; rv:115.0) Gecko/20100101 Firefox/115.0
142.250.190.14 - - [23/Jun/2025:18:26:48 +0300] "POST /settings HTTP/1.1" 502 1330 "-" Opera/9.80 (Windows NT 6.1; WOW64) Presto/2.12.388 Version/12.16
216.58.209.78 - - [23/Jun/2025:18:26:48 +0300] "PUT /search HTTP/1.1" 500 1607 "-" Mozilla/5.0 (Macintosh; Intel Mac OS X 12_4) AppleWebKit/605.1.15 (KHTML, like Gecko) Version/15.5 Safari/605.1.15
192.168.1.45 - - [23/Jun/2025:18:26:48 +0300] "PATCH /index.html HTTP/1.1" 200 1796 "-" Mozilla/5.0 (Linux; Android 10; SM-G975F) AppleWebKit/537.36 (KHTML, like Gecko) Chrome/111.0.0.0 Mobile Safari/537.36
198.51.100.14 - - [23/Jun/2025:18:26:48 +0300] "GET /contact-us HTTP/1.1" 403 1742 "-" Mozilla/5.0 (X11; Linux x86_64) AppleWebKit/537.36 (KHTML, like Gecko) Chrome/117.0.0.0 Safari/537.36
203.0.113.27 - - [23/Jun/2025:18:26:48 +0300] "GET /api/v1/users/images/logo.png HTTP/1.1" 401 925 "-" Opera/9.80 (Windows NT 6.1; WOW64) Presto/2.12.388 Version/12.16
185.199.108.153 - - [23/Jun/2025:18:26:48 +0300] "PUT /blog/2025/06/23/article-title HTTP/1.1" 404 1643 "-" Mozilla/5.0 (compatible; MSIE 10.0; Windows NT 6.1; Trident/6.0)
198.51.100.14 - - [23/Jun/2025:18:26:48 +0300] "PUT /contact-us HTTP/1.1" 403 1161 "-" Mozilla/5.0 (Windows NT 10.0; Win64; x64) AppleWebKit/537.36 (KHTML, like Gecko) Edge/91.0.864.67 Safari/537.36
77.88.8.8 - - [23/Jun/2025:18:26:48 +0300] "DELETE  HTTP/1.1" 503 577 "-" Mozilla/5.0 (X11; Linux x86_64) AppleWebKit/537.36 (KHTML, like Gecko) Chrome/117.0.0.0 Safari/537.36
62.217.190.200 - - [23/Jun/2025:18:26:48 +0300] "PATCH /download/file.zip HTTP/1.1" 501 1958 "-" Mozilla/5.0 (X11; Linux x86_64) AppleWebKit/537.36 (KHTML, like Gecko) Chrome/117.0.0.0 Safari/537.36
185.199.108.153 - - [23/Jun/2025:18:26:48 +0300] "PUT /blog/2025/06/23/article-title HTTP/1.1" 404 2196 "-" Opera/9.80 (Windows NT 6.1; WOW64) Presto/2.12.388 Version/12.16
62.217.190.200 - - [23/Jun/2025:18:26:48 +0300] "PATCH /download/file.zip HTTP/1.1" 501 2452 "-" Mozilla/5.0 (Windows NT 10.0; Win64; x64; rv:115.0) Gecko/20100101 Firefox/115.0
172.16.5.3 - - [23/Jun/2025:18:26:48 +0300] "PATCH /products/item123 HTTP/1.1" 400 666 "-" Mozilla/5.0 (compatible; Googlebot/2.1; +http://www.google.com/bot.html)
77.88.8.8 - - [23/Jun/2025:18:26:48 +0300] "PATCH  HTTP/1.1" 503 835 "-" Mozilla/5.0 (compatible; MSIE 10.0; Windows NT 6.1; Trident/6.0)
198.51.100.14 - - [23/Jun/2025:18:26:48 +0300] "PATCH /contact-us HTTP/1.1" 403 1323 "-" Mozilla/5.0 (Windows NT 10.0; Win64; x64; rv:115.0) Gecko/20100101 Firefox/115.0
77.88.8.8 - - [23/Jun/2025:18:26:48 +0300] "PUT  HTTP/1.1" 503 2212 "-" Mozilla/5.0 (Windows NT 10.0; Win64; x64; rv:115.0) Gecko/20100101 Firefox/115.0
192.168.1.45 - - [23/Jun/2025:18:26:48 +0300] "DELETE /index.html HTTP/1.1" 200 2230 "-" curl/8.1.2
10.0.0.12 - - [23/Jun/2025:18:26:48 +0300] "DELETE /about HTTP/1.1" 201 318 "-" curl/8.1.2
142.250.190.14 - - [23/Jun/2025:18:26:48 +0300] "POST /settings HTTP/1.1" 502 930 "-" Mozilla/5.0 (Windows NT 6.1; WOW64) AppleWebKit/537.36 (KHTML, like Gecko) Chrome/58.0.3029.110 Safari/537.36
142.250.190.14 - - [23/Jun/2025:18:26:48 +0300] "GET /settings HTTP/1.1" 502 2354 "-" curl/8.1.2
185.199.108.153 - - [23/Jun/2025:18:26:48 +0300] "POST /blog/2025/06/23/article-title HTTP/1.1" 404 1659 "-" curl/8.1.2
172.16.5.3 - - [23/Jun/2025:18:26:49 +0300] "GET /products/item123 HTTP/1.1" 400 517 "-" Mozilla/5.0 (Windows NT 6.1; WOW64) AppleWebKit/537.36 (KHTML, like Gecko) Chrome/58.0.3029.110 Safari/537.36
172.16.5.3 - - [23/Jun/2025:18:26:49 +0300] "POST /products/item123 HTTP/1.1" 400 2002 "-" curl/8.1.2
216.58.209.78 - - [23/Jun/2025:18:26:49 +0300] "GET /search HTTP/1.1" 500 1984 "-" Opera/9.80 (Windows NT 6.1; WOW64) Presto/2.12.388 Version/12.16
185.199.108.153 - - [23/Jun/2025:18:26:49 +0300] "DELETE /blog/2025/06/23/article-title HTTP/1.1" 404 1540 "-" curl/8.1.2
62.217.190.200 - - [23/Jun/2025:18:26:49 +0300] "GET /download/file.zip HTTP/1.1" 501 1680 "-" Mozilla/5.0 (Macintosh; Intel Mac OS X 12_4) AppleWebKit/605.1.15 (KHTML, like Gecko) Version/15.5 Safari/605.1.15
62.217.190.200 - - [23/Jun/2025:18:26:49 +0300] "PUT /download/file.zip HTTP/1.1" 501 2240 "-" Mozilla/5.0 (Windows NT 6.1; WOW64) AppleWebKit/537.36 (KHTML, like Gecko) Chrome/58.0.3029.110 Safari/537.36
77.88.8.8 - - [23/Jun/2025:18:26:49 +0300] "PUT  HTTP/1.1" 503 2093 "-" curl/8.1.2
203.0.113.27 - - [23/Jun/2025:18:26:49 +0300] "PATCH /api/v1/users/images/logo.png HTTP/1.1" 401 1877 "-" Mozilla/5.0 (Linux; Android 10; SM-G975F) AppleWebKit/537.36 (KHTML, like Gecko) Chrome/111.0.0.0 Mobile Safari/537.36
172.16.5.3 - - [23/Jun/2025:18:26:49 +0300] "GET /products/item123 HTTP/1.1" 400 1434 "-" Mozilla/5.0 (compatible; MSIE 10.0; Windows NT 6.1; Trident/6.0)
62.217.190.200 - - [23/Jun/2025:18:26:49 +0300] "PUT /download/file.zip HTTP/1.1" 501 1154 "-" Mozilla/5.0 (Windows NT 10.0; Win64; x64; rv:115.0) Gecko/20100101 Firefox/115.0
216.58.209.78 - - [23/Jun/2025:18:26:49 +0300] "PATCH /search HTTP/1.1" 500 1247 "-" Mozilla/5.0 (Windows NT 10.0; Win64; x64; rv:115.0) Gecko/20100101 Firefox/115.0
10.0.0.12 - - [23/Jun/2025:18:26:49 +0300] "POST /about HTTP/1.1" 201 803 "-" Mozilla/5.0 (compatible; MSIE 10.0; Windows NT 6.1; Trident/6.0)
10.0.0.12 - - [23/Jun/2025:18:26:49 +0300] "PATCH /about HTTP/1.1" 201 925 "-" Mozilla/5.0 (compatible; Googlebot/2.1; +http://www.google.com/bot.html)
198.51.100.14 - - [23/Jun/2025:18:26:49 +0300] "PATCH /contact-us HTTP/1.1" 403 1143 "-" Mozilla/5.0 (Macintosh; Intel Mac OS X 12_4) AppleWebKit/605.1.15 (KHTML, like Gecko) Version/15.5 Safari/605.1.15
203.0.113.27 - - [23/Jun/2025:18:26:49 +0300] "DELETE /api/v1/users/images/logo.png HTTP/1.1" 401 2267 "-" Mozilla/5.0 (Windows NT 6.1; WOW64) AppleWebKit/537.36 (KHTML, like Gecko) Chrome/58.0.3029.110 Safari/537.36
185.199.108.153 - - [23/Jun/2025:18:26:49 +0300] "PATCH /blog/2025/06/23/article-title HTTP/1.1" 404 415 "-" Mozilla/5.0 (compatible; MSIE 10.0; Windows NT 6.1; Trident/6.0)
172.16.5.3 - - [23/Jun/2025:18:26:49 +0300] "POST /products/item123 HTTP/1.1" 400 1380 "-" Mozilla/5.0 (Windows NT 6.1; WOW64) AppleWebKit/537.36 (KHTML, like Gecko) Chrome/58.0.3029.110 Safari/537.36
185.199.108.153 - - [23/Jun/2025:18:26:49 +0300] "PUT /blog/2025/06/23/article-title HTTP/1.1" 404 1729 "-" Mozilla/5.0 (Windows NT 6.1; WOW64) AppleWebKit/537.36 (KHTML, like Gecko) Chrome/58.0.3029.110 Safari/537.36
198.51.100.14 - - [23/Jun/2025:18:26:49 +0300] "GET /contact-us HTTP/1.1" 403 1247 "-" Mozilla/5.0 (Windows NT 10.0; Win64; x64) AppleWebKit/537.36 (KHTML, like Gecko) Edge/91.0.864.67 Safari/537.36
192.168.1.45 - - [23/Jun/2025:18:26:49 +0300] "POST /index.html HTTP/1.1" 200 320 "-" Opera/9.80 (Windows NT 6.1; WOW64) Presto/2.12.388 Version/12.16
198.51.100.14 - - [23/Jun/2025:18:26:49 +0300] "PATCH /contact-us HTTP/1.1" 403 663 "-" Mozilla/5.0 (Windows NT 6.1; WOW64) AppleWebKit/537.36 (KHTML, like Gecko) Chrome/58.0.3029.110 Safari/537.36
77.88.8.8 - - [23/Jun/2025:18:26:49 +0300] "DELETE  HTTP/1.1" 503 2146 "-" Mozilla/5.0 (Windows NT 6.1; WOW64) AppleWebKit/537.36 (KHTML, like Gecko) Chrome/58.0.3029.110 Safari/537.36
62.217.190.200 - - [23/Jun/2025:18:26:49 +0300] "PATCH /download/file.zip HTTP/1.1" 501 2032 "-" Mozilla/5.0 (Linux; Android 10; SM-G975F) AppleWebKit/537.36 (KHTML, like Gecko) Chrome/111.0.0.0 Mobile Safari/537.36
185.199.108.153 - - [23/Jun/2025:18:26:49 +0300] "GET /blog/2025/06/23/article-title HTTP/1.1" 404 1066 "-" Mozilla/5.0 (Linux; Android 10; SM-G975F) AppleWebKit/537.36 (KHTML, like Gecko) Chrome/111.0.0.0 Mobile Safari/537.36
142.250.190.14 - - [23/Jun/2025:18:26:49 +0300] "PUT /settings HTTP/1.1" 502 1860 "-" Mozilla/5.0 (compatible; Googlebot/2.1; +http://www.google.com/bot.html)
216.58.209.78 - - [23/Jun/2025:18:26:49 +0300] "POST /search HTTP/1.1" 500 613 "-" Mozilla/5.0 (Linux; Android 10; SM-G975F) AppleWebKit/537.36 (KHTML, like Gecko) Chrome/111.0.0.0 Mobile Safari/537.36
203.0.113.27 - - [23/Jun/2025:18:26:49 +0300] "DELETE /api/v1/users/images/logo.png HTTP/1.1" 401 1697 "-" Mozilla/5.0 (Macintosh; Intel Mac OS X 12_4) AppleWebKit/605.1.15 (KHTML, like Gecko) Version/15.5 Safari/605.1.15
198.51.100.14 - - [23/Jun/2025:18:26:49 +0300] "PUT /contact-us HTTP/1.1" 403 621 "-" Mozilla/5.0 (Windows NT 6.1; WOW64) AppleWebKit/537.36 (KHTML, like Gecko) Chrome/58.0.3029.110 Safari/537.36
77.88.8.8 - - [23/Jun/2025:18:26:49 +0300] "PATCH  HTTP/1.1" 503 887 "-" Mozilla/5.0 (Macintosh; Intel Mac OS X 12_4) AppleWebKit/605.1.15 (KHTML, like Gecko) Version/15.5 Safari/605.1.15
185.199.108.153 - - [23/Jun/2025:18:26:49 +0300] "PATCH /blog/2025/06/23/article-title HTTP/1.1" 404 1569 "-" Mozilla/5.0 (X11; Linux x86_64) AppleWebKit/537.36 (KHTML, like Gecko) Chrome/117.0.0.0 Safari/537.36
216.58.209.78 - - [23/Jun/2025:18:26:49 +0300] "POST /search HTTP/1.1" 500 452 "-" Mozilla/5.0 (compatible; Googlebot/2.1; +http://www.google.com/bot.html)
62.217.190.200 - - [23/Jun/2025:18:26:49 +0300] "GET /download/file.zip HTTP/1.1" 501 804 "-" Opera/9.80 (Windows NT 6.1; WOW64) Presto/2.12.388 Version/12.16
172.16.5.3 - - [23/Jun/2025:18:26:49 +0300] "GET /products/item123 HTTP/1.1" 400 2413 "-" Opera/9.80 (Windows NT 6.1; WOW64) Presto/2.12.388 Version/12.16
10.0.0.12 - - [23/Jun/2025:18:26:49 +0300] "POST /about HTTP/1.1" 201 1636 "-" Mozilla/5.0 (Linux; Android 10; SM-G975F) AppleWebKit/537.36 (KHTML, like Gecko) Chrome/111.0.0.0 Mobile Safari/537.36
216.58.209.78 - - [23/Jun/2025:18:26:49 +0300] "DELETE /search HTTP/1.1" 500 2164 "-" Mozilla/5.0 (compatible; MSIE 10.0; Windows NT 6.1; Trident/6.0)
62.217.190.200 - - [23/Jun/2025:18:26:49 +0300] "DELETE /download/file.zip HTTP/1.1" 501 1791 "-" Opera/9.80 (Windows NT 6.1; WOW64) Presto/2.12.388 Version/12.16
172.16.5.3 - - [23/Jun/2025:18:26:49 +0300] "GET /products/item123 HTTP/1.1" 400 813 "-" Mozilla/5.0 (X11; Linux x86_64) AppleWebKit/537.36 (KHTML, like Gecko) Chrome/117.0.0.0 Safari/537.36
62.217.190.200 - - [23/Jun/2025:18:26:49 +0300] "PUT /download/file.zip HTTP/1.1" 501 393 "-" curl/8.1.2
172.16.5.3 - - [23/Jun/2025:18:26:49 +0300] "GET /products/item123 HTTP/1.1" 400 1587 "-" Mozilla/5.0 (X11; Linux x86_64) AppleWebKit/537.36 (KHTML, like Gecko) Chrome/117.0.0.0 Safari/537.36
192.168.1.45 - - [23/Jun/2025:18:26:49 +0300] "GET /index.html HTTP/1.1" 200 1610 "-" Mozilla/5.0 (Windows NT 10.0; Win64; x64; rv:115.0) Gecko/20100101 Firefox/115.0
185.199.108.153 - - [23/Jun/2025:18:26:49 +0300] "PATCH /blog/2025/06/23/article-title HTTP/1.1" 404 1397 "-" Mozilla/5.0 (compatible; MSIE 10.0; Windows NT 6.1; Trident/6.0)
198.51.100.14 - - [23/Jun/2025:18:26:49 +0300] "PATCH /contact-us HTTP/1.1" 403 2118 "-" Mozilla/5.0 (Linux; Android 10; SM-G975F) AppleWebKit/537.36 (KHTML, like Gecko) Chrome/111.0.0.0 Mobile Safari/537.36
142.250.190.14 - - [23/Jun/2025:18:26:49 +0300] "PUT /settings HTTP/1.1" 502 523 "-" Mozilla/5.0 (compatible; Googlebot/2.1; +http://www.google.com/bot.html)
142.250.190.14 - - [23/Jun/2025:18:26:49 +0300] "POST /settings HTTP/1.1" 502 2269 "-" Mozilla/5.0 (Windows NT 6.1; WOW64) AppleWebKit/537.36 (KHTML, like Gecko) Chrome/58.0.3029.110 Safari/537.36
142.250.190.14 - - [23/Jun/2025:18:26:49 +0300] "GET /settings HTTP/1.1" 502 442 "-" Opera/9.80 (Windows NT 6.1; WOW64) Presto/2.12.388 Version/12.16
185.199.108.153 - - [23/Jun/2025:18:26:49 +0300] "GET /blog/2025/06/23/article-title HTTP/1.1" 404 1571 "-" curl/8.1.2
172.16.5.3 - - [23/Jun/2025:18:26:50 +0300] "DELETE /products/item123 HTTP/1.1" 400 2256 "-" Mozilla/5.0 (X11; Linux x86_64) AppleWebKit/537.36 (KHTML, like Gecko) Chrome/117.0.0.0 Safari/537.36
172.16.5.3 - - [23/Jun/2025:18:26:50 +0300] "PUT /products/item123 HTTP/1.1" 400 1587 "-" Mozilla/5.0 (X11; Linux x86_64) AppleWebKit/537.36 (KHTML, like Gecko) Chrome/117.0.0.0 Safari/537.36
192.168.1.45 - - [23/Jun/2025:18:26:50 +0300] "PUT /index.html HTTP/1.1" 200 2060 "-" Mozilla/5.0 (Linux; Android 10; SM-G975F) AppleWebKit/537.36 (KHTML, like Gecko) Chrome/111.0.0.0 Mobile Safari/537.36
216.58.209.78 - - [23/Jun/2025:18:26:50 +0300] "PUT /search HTTP/1.1" 500 402 "-" Mozilla/5.0 (X11; Linux x86_64) AppleWebKit/537.36 (KHTML, like Gecko) Chrome/117.0.0.0 Safari/537.36
142.250.190.14 - - [23/Jun/2025:18:26:50 +0300] "GET /settings HTTP/1.1" 502 1685 "-" Mozilla/5.0 (Windows NT 10.0; Win64; x64; rv:115.0) Gecko/20100101 Firefox/115.0
198.51.100.14 - - [23/Jun/2025:18:26:50 +0300] "DELETE /contact-us HTTP/1.1" 403 2374 "-" Mozilla/5.0 (compatible; Googlebot/2.1; +http://www.google.com/bot.html)
203.0.113.27 - - [23/Jun/2025:18:26:50 +0300] "PUT /api/v1/users/images/logo.png HTTP/1.1" 401 2301 "-" Mozilla/5.0 (Windows NT 10.0; Win64; x64; rv:115.0) Gecko/20100101 Firefox/115.0
185.199.108.153 - - [23/Jun/2025:18:26:50 +0300] "DELETE /blog/2025/06/23/article-title HTTP/1.1" 404 516 "-" Mozilla/5.0 (Windows NT 10.0; Win64; x64) AppleWebKit/537.36 (KHTML, like Gecko) Edge/91.0.864.67 Safari/537.36
77.88.8.8 - - [23/Jun/2025:18:26:50 +0300] "DELETE  HTTP/1.1" 503 858 "-" Mozilla/5.0 (Macintosh; Intel Mac OS X 12_4) AppleWebKit/605.1.15 (KHTML, like Gecko) Version/15.5 Safari/605.1.15
185.199.108.153 - - [23/Jun/2025:18:26:50 +0300] "GET /blog/2025/06/23/article-title HTTP/1.1" 404 1806 "-" Mozilla/5.0 (Windows NT 10.0; Win64; x64; rv:115.0) Gecko/20100101 Firefox/115.0
142.250.190.14 - - [23/Jun/2025:18:26:50 +0300] "GET /settings HTTP/1.1" 502 2397 "-" curl/8.1.2
172.16.5.3 - - [23/Jun/2025:18:26:50 +0300] "DELETE /products/item123 HTTP/1.1" 400 1115 "-" Mozilla/5.0 (Macintosh; Intel Mac OS X 12_4) AppleWebKit/605.1.15 (KHTML, like Gecko) Version/15.5 Safari/605.1.15
172.16.5.3 - - [23/Jun/2025:18:26:50 +0300] "POST /products/item123 HTTP/1.1" 400 971 "-" Mozilla/5.0 (Linux; Android 10; SM-G975F) AppleWebKit/537.36 (KHTML, like Gecko) Chrome/111.0.0.0 Mobile Safari/537.36
198.51.100.14 - - [23/Jun/2025:18:26:50 +0300] "POST /contact-us HTTP/1.1" 403 1184 "-" Mozilla/5.0 (compatible; Googlebot/2.1; +http://www.google.com/bot.html)
216.58.209.78 - - [23/Jun/2025:18:26:50 +0300] "POST /search HTTP/1.1" 500 500 "-" Mozilla/5.0 (Windows NT 6.1; WOW64) AppleWebKit/537.36 (KHTML, like Gecko) Chrome/58.0.3029.110 Safari/537.36
203.0.113.27 - - [23/Jun/2025:18:26:50 +0300] "PATCH /api/v1/users/images/logo.png HTTP/1.1" 401 714 "-" Mozilla/5.0 (compatible; Googlebot/2.1; +http://www.google.com/bot.html)
185.199.108.153 - - [23/Jun/2025:18:26:50 +0300] "DELETE /blog/2025/06/23/article-title HTTP/1.1" 404 688 "-" Mozilla/5.0 (Windows NT 10.0; Win64; x64; rv:115.0) Gecko/20100101 Firefox/115.0
198.51.100.14 - - [23/Jun/2025:18:26:50 +0300] "GET /contact-us HTTP/1.1" 403 2019 "-" Mozilla/5.0 (Linux; Android 10; SM-G975F) AppleWebKit/537.36 (KHTML, like Gecko) Chrome/111.0.0.0 Mobile Safari/537.36
172.16.5.3 - - [23/Jun/2025:18:26:50 +0300] "DELETE /products/item123 HTTP/1.1" 400 2148 "-" Mozilla/5.0 (compatible; MSIE 10.0; Windows NT 6.1; Trident/6.0)
198.51.100.14 - - [23/Jun/2025:18:26:50 +0300] "GET /contact-us HTTP/1.1" 403 1283 "-" Mozilla/5.0 (Macintosh; Intel Mac OS X 12_4) AppleWebKit/605.1.15 (KHTML, like Gecko) Version/15.5 Safari/605.1.15
192.168.1.45 - - [23/Jun/2025:18:26:50 +0300] "POST /index.html HTTP/1.1" 200 568 "-" Opera/9.80 (Windows NT 6.1; WOW64) Presto/2.12.388 Version/12.16
142.250.190.14 - - [23/Jun/2025:18:26:50 +0300] "POST /settings HTTP/1.1" 502 854 "-" Mozilla/5.0 (Windows NT 10.0; Win64; x64; rv:115.0) Gecko/20100101 Firefox/115.0
10.0.0.12 - - [23/Jun/2025:18:26:50 +0300] "GET /about HTTP/1.1" 201 1536 "-" Mozilla/5.0 (Windows NT 10.0; Win64; x64) AppleWebKit/537.36 (KHTML, like Gecko) Edge/91.0.864.67 Safari/537.36
198.51.100.14 - - [23/Jun/2025:18:26:50 +0300] "POST /contact-us HTTP/1.1" 403 1974 "-" Mozilla/5.0 (Windows NT 6.1; WOW64) AppleWebKit/537.36 (KHTML, like Gecko) Chrome/58.0.3029.110 Safari/537.36
62.217.190.200 - - [23/Jun/2025:18:26:50 +0300] "GET /download/file.zip HTTP/1.1" 501 964 "-" Mozilla/5.0 (Windows NT 10.0; Win64; x64; rv:115.0) Gecko/20100101 Firefox/115.0
185.199.108.153 - - [23/Jun/2025:18:26:50 +0300] "GET /blog/2025/06/23/article-title HTTP/1.1" 404 2168 "-" Mozilla/5.0 (Windows NT 6.1; WOW64) AppleWebKit/537.36 (KHTML, like Gecko) Chrome/58.0.3029.110 Safari/537.36
203.0.113.27 - - [23/Jun/2025:18:26:50 +0300] "PUT /api/v1/users/images/logo.png HTTP/1.1" 401 813 "-" curl/8.1.2
142.250.190.14 - - [23/Jun/2025:18:26:50 +0300] "PATCH /settings HTTP/1.1" 502 819 "-" curl/8.1.2
77.88.8.8 - - [23/Jun/2025:18:26:50 +0300] "PATCH  HTTP/1.1" 503 422 "-" Mozilla/5.0 (compatible; Googlebot/2.1; +http://www.google.com/bot.html)
142.250.190.14 - - [23/Jun/2025:18:26:50 +0300] "PUT /settings HTTP/1.1" 502 1390 "-" Mozilla/5.0 (Windows NT 10.0; Win64; x64) AppleWebKit/537.36 (KHTML, like Gecko) Edge/91.0.864.67 Safari/537.36
172.16.5.3 - - [23/Jun/2025:18:26:50 +0300] "GET /products/item123 HTTP/1.1" 400 1410 "-" Mozilla/5.0 (Windows NT 10.0; Win64; x64) AppleWebKit/537.36 (KHTML, like Gecko) Edge/91.0.864.67 Safari/537.36
216.58.209.78 - - [23/Jun/2025:18:26:50 +0300] "PATCH /search HTTP/1.1" 500 364 "-" Mozilla/5.0 (Windows NT 10.0; Win64; x64) AppleWebKit/537.36 (KHTML, like Gecko) Edge/91.0.864.67 Safari/537.36
10.0.0.12 - - [23/Jun/2025:18:26:50 +0300] "PUT /about HTTP/1.1" 201 1124 "-" Mozilla/5.0 (Windows NT 10.0; Win64; x64) AppleWebKit/537.36 (KHTML, like Gecko) Edge/91.0.864.67 Safari/537.36
142.250.190.14 - - [23/Jun/2025:18:26:50 +0300] "POST /settings HTTP/1.1" 502 1151 "-" Mozilla/5.0 (X11; Linux x86_64) AppleWebKit/537.36 (KHTML, like Gecko) Chrome/117.0.0.0 Safari/537.36
62.217.190.200 - - [23/Jun/2025:18:26:50 +0300] "PATCH /download/file.zip HTTP/1.1" 501 1318 "-" Mozilla/5.0 (Macintosh; Intel Mac OS X 12_4) AppleWebKit/605.1.15 (KHTML, like Gecko) Version/15.5 Safari/605.1.15
172.16.5.3 - - [23/Jun/2025:18:26:50 +0300] "POST /products/item123 HTTP/1.1" 400 481 "-" Opera/9.80 (Windows NT 6.1; WOW64) Presto/2.12.388 Version/12.16
203.0.113.27 - - [23/Jun/2025:18:26:50 +0300] "POST /api/v1/users/images/logo.png HTTP/1.1" 401 724 "-" Mozilla/5.0 (Windows NT 10.0; Win64; x64) AppleWebKit/537.36 (KHTML, like Gecko) Edge/91.0.864.67 Safari/537.36
62.217.190.200 - - [23/Jun/2025:18:26:50 +0300] "PUT /download/file.zip HTTP/1.1" 501 1995 "-" Mozilla/5.0 (Macintosh; Intel Mac OS X 12_4) AppleWebKit/605.1.15 (KHTML, like Gecko) Version/15.5 Safari/605.1.15
198.51.100.14 - - [23/Jun/2025:18:26:50 +0300] "GET /contact-us HTTP/1.1" 403 547 "-" Mozilla/5.0 (Windows NT 6.1; WOW64) AppleWebKit/537.36 (KHTML, like Gecko) Chrome/58.0.3029.110 Safari/537.36
172.16.5.3 - - [23/Jun/2025:18:26:50 +0300] "PATCH /products/item123 HTTP/1.1" 400 752 "-" curl/8.1.2
216.58.209.78 - - [23/Jun/2025:18:26:50 +0300] "PATCH /search HTTP/1.1" 500 2343 "-" Mozilla/5.0 (Macintosh; Intel Mac OS X 12_4) AppleWebKit/605.1.15 (KHTML, like Gecko) Version/15.5 Safari/605.1.15
192.168.1.45 - - [23/Jun/2025:18:26:50 +0300] "GET /index.html HTTP/1.1" 200 338 "-" Mozilla/5.0 (X11; Linux x86_64) AppleWebKit/537.36 (KHTML, like Gecko) Chrome/117.0.0.0 Safari/537.36
192.168.1.45 - - [23/Jun/2025:18:26:50 +0300] "GET /index.html HTTP/1.1" 200 2477 "-" curl/8.1.2
216.58.209.78 - - [23/Jun/2025:18:26:50 +0300] "DELETE /search HTTP/1.1" 500 1645 "-" Mozilla/5.0 (Linux; Android 10; SM-G975F) AppleWebKit/537.36 (KHTML, like Gecko) Chrome/111.0.0.0 Mobile Safari/537.36
172.16.5.3 - - [23/Jun/2025:18:26:50 +0300] "DELETE /products/item123 HTTP/1.1" 400 1305 "-" Mozilla/5.0 (Macintosh; Intel Mac OS X 12_4) AppleWebKit/605.1.15 (KHTML, like Gecko) Version/15.5 Safari/605.1.15
198.51.100.14 - - [23/Jun/2025:18:26:50 +0300] "GET /contact-us HTTP/1.1" 403 1722 "-" Mozilla/5.0 (Windows NT 10.0; Win64; x64; rv:115.0) Gecko/20100101 Firefox/115.0
172.16.5.3 - - [23/Jun/2025:18:26:50 +0300] "PATCH /products/item123 HTTP/1.1" 400 360 "-" Mozilla/5.0 (compatible; Googlebot/2.1; +http://www.google.com/bot.html)
192.168.1.45 - - [23/Jun/2025:18:26:50 +0300] "DELETE /index.html HTTP/1.1" 200 1393 "-" Mozilla/5.0 (Windows NT 10.0; Win64; x64) AppleWebKit/537.36 (KHTML, like Gecko) Edge/91.0.864.67 Safari/537.36
172.16.5.3 - - [23/Jun/2025:18:26:51 +0300] "POST /products/item123 HTTP/1.1" 400 1033 "-" Mozilla/5.0 (compatible; Googlebot/2.1; +http://www.google.com/bot.html)
203.0.113.27 - - [23/Jun/2025:18:26:51 +0300] "GET /api/v1/users/images/logo.png HTTP/1.1" 401 1272 "-" Mozilla/5.0 (Linux; Android 10; SM-G975F) AppleWebKit/537.36 (KHTML, like Gecko) Chrome/111.0.0.0 Mobile Safari/537.36
62.217.190.200 - - [23/Jun/2025:18:26:51 +0300] "PATCH /download/file.zip HTTP/1.1" 501 1801 "-" Mozilla/5.0 (compatible; MSIE 10.0; Windows NT 6.1; Trident/6.0)
172.16.5.3 - - [23/Jun/2025:18:26:51 +0300] "DELETE /products/item123 HTTP/1.1" 400 1386 "-" curl/8.1.2
192.168.1.45 - - [23/Jun/2025:18:26:51 +0300] "POST /index.html HTTP/1.1" 200 635 "-" Mozilla/5.0 (compatible; MSIE 10.0; Windows NT 6.1; Trident/6.0)
185.199.108.153 - - [23/Jun/2025:18:26:51 +0300] "DELETE /blog/2025/06/23/article-title HTTP/1.1" 404 1950 "-" Mozilla/5.0 (Windows NT 10.0; Win64; x64) AppleWebKit/537.36 (KHTML, like Gecko) Edge/91.0.864.67 Safari/537.36
216.58.209.78 - - [23/Jun/2025:18:26:51 +0300] "GET /search HTTP/1.1" 500 2328 "-" Mozilla/5.0 (Windows NT 10.0; Win64; x64) AppleWebKit/537.36 (KHTML, like Gecko) Edge/91.0.864.67 Safari/537.36
185.199.108.153 - - [23/Jun/2025:18:26:51 +0300] "GET /blog/2025/06/23/article-title HTTP/1.1" 404 730 "-" Mozilla/5.0 (compatible; MSIE 10.0; Windows NT 6.1; Trident/6.0)
185.199.108.153 - - [23/Jun/2025:18:26:51 +0300] "DELETE /blog/2025/06/23/article-title HTTP/1.1" 404 303 "-" Mozilla/5.0 (X11; Linux x86_64) AppleWebKit/537.36 (KHTML, like Gecko) Chrome/117.0.0.0 Safari/537.36
62.217.190.200 - - [23/Jun/2025:18:26:51 +0300] "PATCH /download/file.zip HTTP/1.1" 501 969 "-" Mozilla/5.0 (Windows NT 10.0; Win64; x64) AppleWebKit/537.36 (KHTML, like Gecko) Edge/91.0.864.67 Safari/537.36
62.217.190.200 - - [23/Jun/2025:18:26:51 +0300] "PATCH /download/file.zip HTTP/1.1" 501 2191 "-" Mozilla/5.0 (Windows NT 10.0; Win64; x64) AppleWebKit/537.36 (KHTML, like Gecko) Edge/91.0.864.67 Safari/537.36
198.51.100.14 - - [23/Jun/2025:18:26:51 +0300] "PATCH /contact-us HTTP/1.1" 403 437 "-" Mozilla/5.0 (Linux; Android 10; SM-G975F) AppleWebKit/537.36 (KHTML, like Gecko) Chrome/111.0.0.0 Mobile Safari/537.36
198.51.100.14 - - [23/Jun/2025:18:26:51 +0300] "POST /contact-us HTTP/1.1" 403 1106 "-" Opera/9.80 (Windows NT 6.1; WOW64) Presto/2.12.388 Version/12.16
10.0.0.12 - - [23/Jun/2025:18:26:51 +0300] "POST /about HTTP/1.1" 201 2041 "-" Mozilla/5.0 (X11; Linux x86_64) AppleWebKit/537.36 (KHTML, like Gecko) Chrome/117.0.0.0 Safari/537.36
142.250.190.14 - - [23/Jun/2025:18:26:51 +0300] "DELETE /settings HTTP/1.1" 502 1467 "-" curl/8.1.2
185.199.108.153 - - [23/Jun/2025:18:26:51 +0300] "DELETE /blog/2025/06/23/article-title HTTP/1.1" 404 577 "-" Mozilla/5.0 (Linux; Android 10; SM-G975F) AppleWebKit/537.36 (KHTML, like Gecko) Chrome/111.0.0.0 Mobile Safari/537.36
216.58.209.78 - - [23/Jun/2025:18:26:51 +0300] "POST /search HTTP/1.1" 500 2051 "-" Mozilla/5.0 (Windows NT 10.0; Win64; x64) AppleWebKit/537.36 (KHTML, like Gecko) Edge/91.0.864.67 Safari/537.36
216.58.209.78 - - [23/Jun/2025:18:26:51 +0300] "POST /search HTTP/1.1" 500 1084 "-" Mozilla/5.0 (Macintosh; Intel Mac OS X 12_4) AppleWebKit/605.1.15 (KHTML, like Gecko) Version/15.5 Safari/605.1.15
62.217.190.200 - - [23/Jun/2025:18:26:51 +0300] "POST /download/file.zip HTTP/1.1" 501 312 "-" Mozilla/5.0 (compatible; Googlebot/2.1; +http://www.google.com/bot.html)
203.0.113.27 - - [23/Jun/2025:18:26:51 +0300] "GET /api/v1/users/images/logo.png HTTP/1.1" 401 482 "-" Mozilla/5.0 (Macintosh; Intel Mac OS X 12_4) AppleWebKit/605.1.15 (KHTML, like Gecko) Version/15.5 Safari/605.1.15
62.217.190.200 - - [23/Jun/2025:18:26:51 +0300] "POST /download/file.zip HTTP/1.1" 501 2401 "-" Mozilla/5.0 (Windows NT 10.0; Win64; x64; rv:115.0) Gecko/20100101 Firefox/115.0
192.168.1.45 - - [23/Jun/2025:18:26:51 +0300] "POST /index.html HTTP/1.1" 200 603 "-" Mozilla/5.0 (compatible; Googlebot/2.1; +http://www.google.com/bot.html)
203.0.113.27 - - [23/Jun/2025:18:26:51 +0300] "PUT /api/v1/users/images/logo.png HTTP/1.1" 401 844 "-" Mozilla/5.0 (compatible; MSIE 10.0; Windows NT 6.1; Trident/6.0)
142.250.190.14 - - [23/Jun/2025:18:26:51 +0300] "GET /settings HTTP/1.1" 502 2222 "-" Mozilla/5.0 (Linux; Android 10; SM-G975F) AppleWebKit/537.36 (KHTML, like Gecko) Chrome/111.0.0.0 Mobile Safari/537.36
62.217.190.200 - - [23/Jun/2025:18:26:51 +0300] "PATCH /download/file.zip HTTP/1.1" 501 1738 "-" curl/8.1.2
198.51.100.14 - - [23/Jun/2025:18:26:51 +0300] "POST /contact-us HTTP/1.1" 403 393 "-" Mozilla/5.0 (compatible; Googlebot/2.1; +http://www.google.com/bot.html)
185.199.108.153 - - [23/Jun/2025:18:26:51 +0300] "DELETE /blog/2025/06/23/article-title HTTP/1.1" 404 2067 "-" Mozilla/5.0 (compatible; Googlebot/2.1; +http://www.google.com/bot.html)
198.51.100.14 - - [23/Jun/2025:18:26:51 +0300] "DELETE /contact-us HTTP/1.1" 403 1775 "-" Opera/9.80 (Windows NT 6.1; WOW64) Presto/2.12.388 Version/12.16
198.51.100.14 - - [23/Jun/2025:18:26:51 +0300] "PATCH /contact-us HTTP/1.1" 403 1891 "-" Mozilla/5.0 (Windows NT 6.1; WOW64) AppleWebKit/537.36 (KHTML, like Gecko) Chrome/58.0.3029.110 Safari/537.36
142.250.190.14 - - [23/Jun/2025:18:26:51 +0300] "PUT /settings HTTP/1.1" 502 791 "-" Mozilla/5.0 (compatible; MSIE 10.0; Windows NT 6.1; Trident/6.0)
185.199.108.153 - - [23/Jun/2025:18:26:51 +0300] "DELETE /blog/2025/06/23/article-title HTTP/1.1" 404 781 "-" Mozilla/5.0 (Windows NT 10.0; Win64; x64; rv:115.0) Gecko/20100101 Firefox/115.0
172.16.5.3 - - [23/Jun/2025:18:26:51 +0300] "PATCH /products/item123 HTTP/1.1" 400 1650 "-" Mozilla/5.0 (compatible; MSIE 10.0; Windows NT 6.1; Trident/6.0)
172.16.5.3 - - [23/Jun/2025:18:26:51 +0300] "PUT /products/item123 HTTP/1.1" 400 540 "-" Mozilla/5.0 (compatible; Googlebot/2.1; +http://www.google.com/bot.html)
192.168.1.45 - - [23/Jun/2025:18:26:51 +0300] "PATCH /index.html HTTP/1.1" 200 1871 "-" Mozilla/5.0 (Windows NT 10.0; Win64; x64; rv:115.0) Gecko/20100101 Firefox/115.0
62.217.190.200 - - [23/Jun/2025:18:26:51 +0300] "PUT /download/file.zip HTTP/1.1" 501 1755 "-" curl/8.1.2
172.16.5.3 - - [23/Jun/2025:18:26:51 +0300] "PUT /products/item123 HTTP/1.1" 400 1475 "-" Mozilla/5.0 (Windows NT 6.1; WOW64) AppleWebKit/537.36 (KHTML, like Gecko) Chrome/58.0.3029.110 Safari/537.36
198.51.100.14 - - [23/Jun/2025:18:26:51 +0300] "PATCH /contact-us HTTP/1.1" 403 1518 "-" Mozilla/5.0 (X11; Linux x86_64) AppleWebKit/537.36 (KHTML, like Gecko) Chrome/117.0.0.0 Safari/537.36
62.217.190.200 - - [23/Jun/2025:18:26:51 +0300] "DELETE /download/file.zip HTTP/1.1" 501 2297 "-" Mozilla/5.0 (compatible; MSIE 10.0; Windows NT 6.1; Trident/6.0)
172.16.5.3 - - [23/Jun/2025:18:26:51 +0300] "GET /products/item123 HTTP/1.1" 400 2111 "-" Mozilla/5.0 (Macintosh; Intel Mac OS X 12_4) AppleWebKit/605.1.15 (KHTML, like Gecko) Version/15.5 Safari/605.1.15
192.168.1.45 - - [23/Jun/2025:18:26:51 +0300] "PUT /index.html HTTP/1.1" 200 794 "-" Mozilla/5.0 (Windows NT 6.1; WOW64) AppleWebKit/537.36 (KHTML, like Gecko) Chrome/58.0.3029.110 Safari/537.36
216.58.209.78 - - [23/Jun/2025:18:26:51 +0300] "DELETE /search HTTP/1.1" 500 2228 "-" Mozilla/5.0 (X11; Linux x86_64) AppleWebKit/537.36 (KHTML, like Gecko) Chrome/117.0.0.0 Safari/537.36
192.168.1.45 - - [23/Jun/2025:18:26:51 +0300] "GET /index.html HTTP/1.1" 200 1192 "-" Mozilla/5.0 (X11; Linux x86_64) AppleWebKit/537.36 (KHTML, like Gecko) Chrome/117.0.0.0 Safari/537.36
198.51.100.14 - - [23/Jun/2025:18:26:51 +0300] "PATCH /contact-us HTTP/1.1" 403 1781 "-" Mozilla/5.0 (Windows NT 6.1; WOW64) AppleWebKit/537.36 (KHTML, like Gecko) Chrome/58.0.3029.110 Safari/537.36
10.0.0.12 - - [23/Jun/2025:18:26:51 +0300] "GET /about HTTP/1.1" 201 1473 "-" Mozilla/5.0 (compatible; Googlebot/2.1; +http://www.google.com/bot.html)
77.88.8.8 - - [23/Jun/2025:18:26:51 +0300] "POST  HTTP/1.1" 503 793 "-" curl/8.1.2
77.88.8.8 - - [23/Jun/2025:18:26:52 +0300] "PATCH  HTTP/1.1" 503 607 "-" curl/8.1.2
172.16.5.3 - - [23/Jun/2025:18:26:52 +0300] "PATCH /products/item123 HTTP/1.1" 400 2257 "-" Mozilla/5.0 (Linux; Android 10; SM-G975F) AppleWebKit/537.36 (KHTML, like Gecko) Chrome/111.0.0.0 Mobile Safari/537.36
77.88.8.8 - - [23/Jun/2025:18:26:52 +0300] "GET  HTTP/1.1" 503 2106 "-" Opera/9.80 (Windows NT 6.1; WOW64) Presto/2.12.388 Version/12.16
192.168.1.45 - - [23/Jun/2025:18:26:52 +0300] "POST /index.html HTTP/1.1" 200 1983 "-" Mozilla/5.0 (compatible; Googlebot/2.1; +http://www.google.com/bot.html)
142.250.190.14 - - [23/Jun/2025:18:26:52 +0300] "DELETE /settings HTTP/1.1" 502 1938 "-" Mozilla/5.0 (compatible; MSIE 10.0; Windows NT 6.1; Trident/6.0)
172.16.5.3 - - [23/Jun/2025:18:26:52 +0300] "DELETE /products/item123 HTTP/1.1" 400 1672 "-" Mozilla/5.0 (X11; Linux x86_64) AppleWebKit/537.36 (KHTML, like Gecko) Chrome/117.0.0.0 Safari/537.36
185.199.108.153 - - [23/Jun/2025:18:26:52 +0300] "POST /blog/2025/06/23/article-title HTTP/1.1" 404 2387 "-" Mozilla/5.0 (Windows NT 10.0; Win64; x64; rv:115.0) Gecko/20100101 Firefox/115.0
172.16.5.3 - - [23/Jun/2025:18:26:52 +0300] "GET /products/item123 HTTP/1.1" 400 1442 "-" Mozilla/5.0 (Linux; Android 10; SM-G975F) AppleWebKit/537.36 (KHTML, like Gecko) Chrome/111.0.0.0 Mobile Safari/537.36
203.0.113.27 - - [23/Jun/2025:18:26:52 +0300] "GET /api/v1/users/images/logo.png HTTP/1.1" 401 2205 "-" Mozilla/5.0 (Windows NT 10.0; Win64; x64) AppleWebKit/537.36 (KHTML, like Gecko) Edge/91.0.864.67 Safari/537.36
10.0.0.12 - - [23/Jun/2025:18:26:52 +0300] "POST /about HTTP/1.1" 201 1207 "-" Mozilla/5.0 (Windows NT 6.1; WOW64) AppleWebKit/537.36 (KHTML, like Gecko) Chrome/58.0.3029.110 Safari/537.36
198.51.100.14 - - [23/Jun/2025:18:26:52 +0300] "POST /contact-us HTTP/1.1" 403 1466 "-" Mozilla/5.0 (X11; Linux x86_64) AppleWebKit/537.36 (KHTML, like Gecko) Chrome/117.0.0.0 Safari/537.36
10.0.0.12 - - [23/Jun/2025:18:26:52 +0300] "POST /about HTTP/1.1" 201 691 "-" Opera/9.80 (Windows NT 6.1; WOW64) Presto/2.12.388 Version/12.16
198.51.100.14 - - [23/Jun/2025:18:26:52 +0300] "DELETE /contact-us HTTP/1.1" 403 1884 "-" Mozilla/5.0 (Macintosh; Intel Mac OS X 12_4) AppleWebKit/605.1.15 (KHTML, like Gecko) Version/15.5 Safari/605.1.15
192.168.1.45 - - [23/Jun/2025:18:26:52 +0300] "POST /index.html HTTP/1.1" 200 1600 "-" Mozilla/5.0 (Windows NT 10.0; Win64; x64) AppleWebKit/537.36 (KHTML, like Gecko) Edge/91.0.864.67 Safari/537.36
198.51.100.14 - - [23/Jun/2025:18:26:52 +0300] "PATCH /contact-us HTTP/1.1" 403 865 "-" curl/8.1.2
10.0.0.12 - - [23/Jun/2025:18:26:52 +0300] "GET /about HTTP/1.1" 201 1782 "-" Mozilla/5.0 (compatible; Googlebot/2.1; +http://www.google.com/bot.html)
